nohup: 忽略输入
/data5/store1/wry-u22/anaconda3/envs/py311/lib/python3.11/site-packages/torch_geometric/deprecation.py:26: UserWarning: 'data.DataLoader' is deprecated, use 'loader.DataLoader' instead
  warnings.warn(out)
cuda
Epoch   1 | Loss: 1417.397659
Epoch   2 | Loss: 1416.533524
Epoch   3 | Loss: 1412.964691
Epoch   4 | Loss: 1414.174149
Epoch   5 | Loss: 1409.971786
Epoch   6 | Loss: 1411.901627
Epoch   7 | Loss: 1415.910675
Epoch   8 | Loss: 1409.845428
Epoch   9 | Loss: 1413.804077
Epoch  10 | Loss: 1409.492706
Epoch  11 | Loss: 1405.905823
Epoch  12 | Loss: 1408.204422
Epoch  13 | Loss: 1408.986816
Epoch  14 | Loss: 1410.690262
Epoch  15 | Loss: 1409.323730
Epoch  16 | Loss: 1408.840485
Epoch  17 | Loss: 1406.623474
Epoch  18 | Loss: 1408.054047
Epoch  19 | Loss: 1403.089935
Epoch  20 | Loss: 1394.967163
Epoch  21 | Loss: 1384.435608
Epoch  22 | Loss: 1366.847519
Epoch  23 | Loss: 1327.137741
Epoch  24 | Loss: 1256.854111
Epoch  25 | Loss: 1144.812149
Epoch  26 | Loss: 1007.104477
Epoch  27 | Loss: 909.253525
Epoch  28 | Loss: 856.073860
Epoch  29 | Loss: 821.722015
Epoch  30 | Loss: 787.704315
Epoch  31 | Loss: 766.934479
Epoch  32 | Loss: 758.343246
Epoch  33 | Loss: 738.891220
Epoch  34 | Loss: 717.187263
Epoch  35 | Loss: 700.491959
Epoch  36 | Loss: 683.747475
Epoch  37 | Loss: 664.703957
Epoch  38 | Loss: 649.720848
Epoch  39 | Loss: 628.448433
Epoch  40 | Loss: 603.155289
Epoch  41 | Loss: 587.933502
Epoch  42 | Loss: 564.411789
Epoch  43 | Loss: 543.955551
Epoch  44 | Loss: 522.929691
Epoch  45 | Loss: 506.794842
Epoch  46 | Loss: 491.564175
Epoch  47 | Loss: 464.632462
Epoch  48 | Loss: 456.499023
Epoch  49 | Loss: 434.838951
Epoch  50 | Loss: 424.020084
Epoch  51 | Loss: 421.485073
Epoch  52 | Loss: 411.009624
Epoch  53 | Loss: 399.123821
Epoch  54 | Loss: 398.118759
Epoch  55 | Loss: 399.705040
Epoch  56 | Loss: 395.412888
Epoch  57 | Loss: 399.864838
Epoch  58 | Loss: 385.541409
Epoch  59 | Loss: 384.013611
Epoch  60 | Loss: 372.181896
Epoch  61 | Loss: 371.536304
Epoch  62 | Loss: 368.565422
Epoch  63 | Loss: 366.627640
Epoch  64 | Loss: 370.483395
Epoch  65 | Loss: 361.275219
Epoch  66 | Loss: 363.130135
Epoch  67 | Loss: 364.720745
Epoch  68 | Loss: 353.996029
Epoch  69 | Loss: 351.890572
Epoch  70 | Loss: 357.929081
Epoch  71 | Loss: 355.176331
Epoch  72 | Loss: 358.693256
Epoch  73 | Loss: 346.177193
Epoch  74 | Loss: 344.735538
Epoch  75 | Loss: 346.339764
Epoch  76 | Loss: 340.755310
Epoch  77 | Loss: 337.922035
Epoch  78 | Loss: 335.317631
Epoch  79 | Loss: 337.306419
Epoch  80 | Loss: 334.805466
Epoch  81 | Loss: 333.742981
Epoch  82 | Loss: 332.993046
Epoch  83 | Loss: 328.094021
Epoch  84 | Loss: 332.992416
Epoch  85 | Loss: 332.263512
Epoch  86 | Loss: 325.933182
Epoch  87 | Loss: 321.267830
Epoch  88 | Loss: 321.639690
Epoch  89 | Loss: 319.355026
Epoch  90 | Loss: 317.966068
Epoch  91 | Loss: 314.794327
Epoch  92 | Loss: 312.558075
Epoch  93 | Loss: 312.246983
Epoch  94 | Loss: 312.280231
Epoch  95 | Loss: 308.416718
Epoch  96 | Loss: 308.446030
Epoch  97 | Loss: 309.567551
Epoch  98 | Loss: 306.716412
Epoch  99 | Loss: 301.407356
Epoch 100 | Loss: 306.122593
Epoch 101 | Loss: 299.533791
Epoch 102 | Loss: 298.058170
Epoch 103 | Loss: 295.745823
Epoch 104 | Loss: 296.711334
Epoch 105 | Loss: 294.771267
Epoch 106 | Loss: 292.611378
Epoch 107 | Loss: 290.610233
Epoch 108 | Loss: 288.676178
Epoch 109 | Loss: 288.562527
Epoch 110 | Loss: 285.322243
Epoch 111 | Loss: 283.312613
Epoch 112 | Loss: 282.656940
Epoch 113 | Loss: 284.872177
Epoch 114 | Loss: 284.929686
Epoch 115 | Loss: 293.232613
Epoch 116 | Loss: 280.608572
Epoch 117 | Loss: 277.279037
Epoch 118 | Loss: 276.730911
Epoch 119 | Loss: 276.518532
Epoch 120 | Loss: 274.542959
Epoch 121 | Loss: 276.776367
Epoch 122 | Loss: 278.728611
Epoch 123 | Loss: 276.677883
Epoch 124 | Loss: 272.796614
Epoch 125 | Loss: 271.767738
Epoch 126 | Loss: 275.079636
Epoch 127 | Loss: 269.512386
Epoch 128 | Loss: 265.552065
Epoch 129 | Loss: 267.301142
Epoch 130 | Loss: 265.225063
Epoch 131 | Loss: 262.408377
Epoch 132 | Loss: 262.761047
Epoch 133 | Loss: 262.928062
Epoch 134 | Loss: 266.696608
Epoch 135 | Loss: 264.813509
Epoch 136 | Loss: 258.768028
Epoch 137 | Loss: 265.674868
Epoch 138 | Loss: 262.261557
Epoch 139 | Loss: 257.544617
Epoch 140 | Loss: 256.092766
Epoch 141 | Loss: 262.884523
Epoch 142 | Loss: 262.484022
Epoch 143 | Loss: 261.260084
Epoch 144 | Loss: 260.365927
Epoch 145 | Loss: 253.162985
Epoch 146 | Loss: 251.418213
Epoch 147 | Loss: 257.110435
Epoch 148 | Loss: 257.942692
Epoch 149 | Loss: 253.109961
Epoch 150 | Loss: 254.336033
Epoch 151 | Loss: 249.501751
Epoch 152 | Loss: 247.701336
Epoch 153 | Loss: 248.901722
Epoch 154 | Loss: 246.813780
Epoch 155 | Loss: 245.241980
Epoch 156 | Loss: 246.686829
Epoch 157 | Loss: 244.839399
Epoch 158 | Loss: 242.975798
Epoch 159 | Loss: 242.140070
Epoch 160 | Loss: 241.979921
Epoch 161 | Loss: 241.152958
Epoch 162 | Loss: 239.442226
Epoch 163 | Loss: 242.407282
Epoch 164 | Loss: 241.431000
Epoch 165 | Loss: 240.230597
Epoch 166 | Loss: 241.026648
Epoch 167 | Loss: 242.189148
Epoch 168 | Loss: 235.981710
Epoch 169 | Loss: 236.001640
Epoch 170 | Loss: 237.099293
Epoch 171 | Loss: 236.710415
Epoch 172 | Loss: 235.450514
Epoch 173 | Loss: 234.261087
Epoch 174 | Loss: 236.007811
Epoch 175 | Loss: 233.088907
Epoch 176 | Loss: 234.584078
Epoch 177 | Loss: 234.477602
Epoch 178 | Loss: 232.485325
Epoch 179 | Loss: 231.939508
Epoch 180 | Loss: 235.893942
Epoch 181 | Loss: 230.767923
Epoch 182 | Loss: 235.413942
Epoch 183 | Loss: 235.159801
Epoch 184 | Loss: 231.388741
Epoch 185 | Loss: 228.091713
Epoch 186 | Loss: 228.804361
Epoch 187 | Loss: 227.224468
Epoch 188 | Loss: 231.895399
Epoch 189 | Loss: 231.871685
Epoch 190 | Loss: 230.386019
Epoch 191 | Loss: 230.195702
Epoch 192 | Loss: 225.907244
Epoch 193 | Loss: 225.678438
Epoch 194 | Loss: 226.591200
Epoch 195 | Loss: 225.375263
Epoch 196 | Loss: 224.562304
Epoch 197 | Loss: 225.549282
Epoch 198 | Loss: 227.379408
Epoch 199 | Loss: 228.610514
Epoch 200 | Loss: 226.394409
Epoch 201 | Loss: 224.762875
Epoch 202 | Loss: 221.812403
Epoch 203 | Loss: 221.511402
Epoch 204 | Loss: 220.983507
Epoch 205 | Loss: 220.577583
Epoch 206 | Loss: 220.993473
Epoch 207 | Loss: 222.463680
Epoch 208 | Loss: 220.372437
Epoch 209 | Loss: 218.487997
Epoch 210 | Loss: 223.115589
Epoch 211 | Loss: 224.998878
Epoch 212 | Loss: 223.264593
Epoch 213 | Loss: 218.388657
Epoch 214 | Loss: 216.932848
Epoch 215 | Loss: 219.311428
Epoch 216 | Loss: 221.084490
Epoch 217 | Loss: 217.141174
Epoch 218 | Loss: 227.741501
Epoch 219 | Loss: 231.166039
Epoch 220 | Loss: 224.934965
Epoch 221 | Loss: 220.828291
Epoch 222 | Loss: 218.551317
Epoch 223 | Loss: 218.313534
Epoch 224 | Loss: 224.310389
Epoch 225 | Loss: 232.551474
Epoch 226 | Loss: 224.734707
Epoch 227 | Loss: 216.710928
Epoch 228 | Loss: 214.454052
Epoch 229 | Loss: 214.832743
Epoch 230 | Loss: 212.770102
Epoch 231 | Loss: 212.805498
Epoch 232 | Loss: 213.185732
Epoch 233 | Loss: 219.068703
Epoch 234 | Loss: 218.544212
Epoch 235 | Loss: 212.310406
Epoch 236 | Loss: 211.281256
Epoch 237 | Loss: 210.809530
Epoch 238 | Loss: 211.522444
Epoch 239 | Loss: 211.168024
Epoch 240 | Loss: 211.090443
Epoch 241 | Loss: 211.552982
Epoch 242 | Loss: 212.054438
Epoch 243 | Loss: 211.532795
Epoch 244 | Loss: 215.020536
Epoch 245 | Loss: 209.617426
Epoch 246 | Loss: 211.288576
Epoch 247 | Loss: 213.866764
Epoch 248 | Loss: 208.647831
Epoch 249 | Loss: 210.104599
Epoch 250 | Loss: 211.902102
Epoch 251 | Loss: 210.937349
Epoch 252 | Loss: 209.486629
Epoch 253 | Loss: 209.507668
Epoch 254 | Loss: 207.522736
Epoch 255 | Loss: 207.735815
Epoch 256 | Loss: 211.832264
Epoch 257 | Loss: 211.349831
Epoch 258 | Loss: 209.701544
Epoch 259 | Loss: 205.258326
Epoch 260 | Loss: 206.805645
Epoch 261 | Loss: 208.435970
Epoch 262 | Loss: 210.274748
Epoch 263 | Loss: 206.778353
Epoch 264 | Loss: 204.702633
Epoch 265 | Loss: 204.457108
Epoch 266 | Loss: 207.335993
Epoch 267 | Loss: 209.322569
Epoch 268 | Loss: 204.941872
Epoch 269 | Loss: 204.293566
Epoch 270 | Loss: 204.829538
Epoch 271 | Loss: 203.769089
Epoch 272 | Loss: 203.292219
Epoch 273 | Loss: 203.079407
Epoch 274 | Loss: 205.716311
Epoch 275 | Loss: 202.150415
Epoch 276 | Loss: 205.640314
Epoch 277 | Loss: 205.496651
Epoch 278 | Loss: 203.376387
Epoch 279 | Loss: 206.345240
Epoch 280 | Loss: 211.383965
Epoch 281 | Loss: 207.615152
Epoch 282 | Loss: 201.290979
Epoch 283 | Loss: 204.354734
Epoch 284 | Loss: 201.731365
Epoch 285 | Loss: 200.388252
Epoch 286 | Loss: 201.713068
Epoch 287 | Loss: 201.577723
Epoch 288 | Loss: 200.137678
Epoch 289 | Loss: 201.238695
Epoch 290 | Loss: 202.736176
Epoch 291 | Loss: 200.432180
Epoch 292 | Loss: 202.266829
Epoch 293 | Loss: 198.711159
Epoch 294 | Loss: 199.820745
Epoch 295 | Loss: 204.725058
Epoch 296 | Loss: 198.915264
Epoch 297 | Loss: 201.210001
Epoch 298 | Loss: 198.473999
Epoch 299 | Loss: 198.511086
Epoch 300 | Loss: 197.584291
Epoch 301 | Loss: 199.156569
Epoch 302 | Loss: 197.792681
Epoch 303 | Loss: 198.067104
Epoch 304 | Loss: 198.394543
Epoch 305 | Loss: 197.780989
Epoch 306 | Loss: 196.133253
Epoch 307 | Loss: 196.404415
Epoch 308 | Loss: 198.246605
Epoch 309 | Loss: 198.469427
Epoch 310 | Loss: 203.340345
Epoch 311 | Loss: 196.797688
Epoch 312 | Loss: 199.682676
Epoch 313 | Loss: 196.652245
Epoch 314 | Loss: 199.329334
Epoch 315 | Loss: 196.818441
Epoch 316 | Loss: 195.467962
Epoch 317 | Loss: 198.883348
Epoch 318 | Loss: 199.269705
Epoch 319 | Loss: 196.048847
Epoch 320 | Loss: 194.578619
Epoch 321 | Loss: 194.461658
Epoch 322 | Loss: 194.369913
Epoch 323 | Loss: 194.530674
Epoch 324 | Loss: 194.112637
Epoch 325 | Loss: 193.604624
Epoch 326 | Loss: 193.151310
Epoch 327 | Loss: 192.868185
Epoch 328 | Loss: 192.131506
Epoch 329 | Loss: 192.453001
Epoch 330 | Loss: 193.978052
Epoch 331 | Loss: 196.740829
Epoch 332 | Loss: 193.365009
Epoch 333 | Loss: 196.798958
Epoch 334 | Loss: 193.589123
Epoch 335 | Loss: 193.784548
Epoch 336 | Loss: 196.134808
Epoch 337 | Loss: 195.362793
Epoch 338 | Loss: 195.377020
Epoch 339 | Loss: 192.317028
Epoch 340 | Loss: 191.295675
Epoch 341 | Loss: 191.391216
Epoch 342 | Loss: 195.343185
Epoch 343 | Loss: 191.077820
Epoch 344 | Loss: 191.157091
Epoch 345 | Loss: 190.585417
Epoch 346 | Loss: 190.577709
Epoch 347 | Loss: 191.719467
Epoch 348 | Loss: 189.582754
Epoch 349 | Loss: 189.338894
Epoch 350 | Loss: 191.921953
Epoch 351 | Loss: 197.693405
Epoch 352 | Loss: 193.893328
Epoch 353 | Loss: 190.474297
Epoch 354 | Loss: 188.176620
Epoch 355 | Loss: 192.205189
Epoch 356 | Loss: 197.052094
Epoch 357 | Loss: 198.930817
Epoch 358 | Loss: 195.918648
Epoch 359 | Loss: 193.449594
Epoch 360 | Loss: 188.837435
Epoch 361 | Loss: 187.717564
Epoch 362 | Loss: 186.841814
Epoch 363 | Loss: 189.033327
Epoch 364 | Loss: 190.304401
Epoch 365 | Loss: 193.053915
Epoch 366 | Loss: 191.345509
Epoch 367 | Loss: 187.369328
Epoch 368 | Loss: 186.102633
Epoch 369 | Loss: 189.334343
Epoch 370 | Loss: 187.664881
Epoch 371 | Loss: 187.028601
Epoch 372 | Loss: 190.077770
Epoch 373 | Loss: 187.568052
Epoch 374 | Loss: 188.700186
Epoch 375 | Loss: 191.194515
Epoch 376 | Loss: 187.484930
Epoch 377 | Loss: 188.993961
Epoch 378 | Loss: 193.058542
Epoch 379 | Loss: 190.474289
Epoch 380 | Loss: 190.927568
Epoch 381 | Loss: 188.197807
Epoch 382 | Loss: 186.059288
Epoch 383 | Loss: 186.448633
Epoch 384 | Loss: 185.383995
Epoch 385 | Loss: 185.450607
Epoch 386 | Loss: 187.039877
Epoch 387 | Loss: 184.974878
Epoch 388 | Loss: 185.288488
Epoch 389 | Loss: 183.979877
Epoch 390 | Loss: 185.716085
Epoch 391 | Loss: 183.295584
Epoch 392 | Loss: 184.689718
Epoch 393 | Loss: 183.704769
Epoch 394 | Loss: 183.372345
Epoch 395 | Loss: 187.470919
Epoch 396 | Loss: 185.424307
Epoch 397 | Loss: 186.565311
Epoch 398 | Loss: 190.356783
Epoch 399 | Loss: 187.776814
Epoch 400 | Loss: 184.312231
Epoch 401 | Loss: 182.303713
Epoch 402 | Loss: 183.704905
Epoch 403 | Loss: 184.470123
Epoch 404 | Loss: 183.362221
Epoch 405 | Loss: 183.992975
Epoch 406 | Loss: 180.860315
Epoch 407 | Loss: 182.550392
Epoch 408 | Loss: 183.957239
Epoch 409 | Loss: 183.746477
Epoch 410 | Loss: 182.057072
Epoch 411 | Loss: 182.909834
Epoch 412 | Loss: 180.394947
Epoch 413 | Loss: 181.268087
Epoch 414 | Loss: 180.771822
Epoch 415 | Loss: 180.106056
Epoch 416 | Loss: 181.155582
Epoch 417 | Loss: 180.605938
Epoch 418 | Loss: 180.324440
Epoch 419 | Loss: 179.793694
Epoch 420 | Loss: 181.877422
Epoch 421 | Loss: 179.477446
Epoch 422 | Loss: 185.125135
Epoch 423 | Loss: 187.156113
Epoch 424 | Loss: 182.476519
Epoch 425 | Loss: 178.902525
Epoch 426 | Loss: 180.880314
Epoch 427 | Loss: 179.794668
Epoch 428 | Loss: 179.224810
Epoch 429 | Loss: 178.907337
Epoch 430 | Loss: 179.275799
Epoch 431 | Loss: 180.735109
Epoch 432 | Loss: 184.581442
Epoch 433 | Loss: 182.343067
Epoch 434 | Loss: 184.633795
Epoch 435 | Loss: 179.960148
Epoch 436 | Loss: 177.892172
Epoch 437 | Loss: 178.132994
Epoch 438 | Loss: 177.750231
Epoch 439 | Loss: 177.887360
Epoch 440 | Loss: 177.194387
Epoch 441 | Loss: 177.344322
Epoch 442 | Loss: 176.542480
Epoch 443 | Loss: 178.012419
Epoch 444 | Loss: 178.898735
Epoch 445 | Loss: 180.762592
Epoch 446 | Loss: 177.885841
Epoch 447 | Loss: 177.224516
Epoch 448 | Loss: 175.913582
Epoch 449 | Loss: 179.115215
Epoch 450 | Loss: 178.811249
Epoch 451 | Loss: 177.192165
Epoch 452 | Loss: 178.642693
Epoch 453 | Loss: 175.994623
Epoch 454 | Loss: 175.671585
Epoch 455 | Loss: 176.169867
Epoch 456 | Loss: 176.739281
Epoch 457 | Loss: 175.429840
Epoch 458 | Loss: 175.445797
Epoch 459 | Loss: 174.907181
Epoch 460 | Loss: 174.605120
Epoch 461 | Loss: 174.804790
Epoch 462 | Loss: 179.317293
Epoch 463 | Loss: 180.793953
Epoch 464 | Loss: 179.825832
Epoch 465 | Loss: 173.978809
Epoch 466 | Loss: 175.796528
Epoch 467 | Loss: 176.241207
Epoch 468 | Loss: 176.533611
Epoch 469 | Loss: 178.604506
Epoch 470 | Loss: 176.758841
Epoch 471 | Loss: 175.222935
Epoch 472 | Loss: 175.530146
Epoch 473 | Loss: 175.008781
Epoch 474 | Loss: 174.384155
Epoch 475 | Loss: 172.855659
Epoch 476 | Loss: 172.613394
Epoch 477 | Loss: 172.582434
Epoch 478 | Loss: 173.532574
Epoch 479 | Loss: 176.797819
Epoch 480 | Loss: 175.438763
Epoch 481 | Loss: 177.511723
Epoch 482 | Loss: 176.566256
Epoch 483 | Loss: 179.316319
Epoch 484 | Loss: 176.772202
Epoch 485 | Loss: 174.729771
Epoch 486 | Loss: 174.987696
Epoch 487 | Loss: 173.598833
Epoch 488 | Loss: 175.502716
Epoch 489 | Loss: 179.826006
Epoch 490 | Loss: 173.166994
Epoch 491 | Loss: 171.933367
Epoch 492 | Loss: 172.778301
Epoch 493 | Loss: 172.099865
Epoch 494 | Loss: 171.039171
Epoch 495 | Loss: 172.693811
Epoch 496 | Loss: 171.592228
Epoch 497 | Loss: 172.060408
Epoch 498 | Loss: 171.143450
Epoch 499 | Loss: 169.869057
Epoch 500 | Loss: 173.771559
Epoch 501 | Loss: 173.018066
Epoch 502 | Loss: 172.012465
Epoch 503 | Loss: 170.295374
Epoch 504 | Loss: 173.193911
Epoch 505 | Loss: 172.976620
Epoch 506 | Loss: 171.397078
Epoch 507 | Loss: 170.195396
Epoch 508 | Loss: 170.272486
Epoch 509 | Loss: 169.407579
Epoch 510 | Loss: 171.299068
Epoch 511 | Loss: 170.837500
Epoch 512 | Loss: 169.667286
Epoch 513 | Loss: 169.709763
Epoch 514 | Loss: 169.737164
Epoch 515 | Loss: 169.852909
Epoch 516 | Loss: 171.839588
Epoch 517 | Loss: 172.943827
Epoch 518 | Loss: 172.536983
Epoch 519 | Loss: 169.119715
Epoch 520 | Loss: 168.628454
Epoch 521 | Loss: 171.775187
Epoch 522 | Loss: 174.708111
Epoch 523 | Loss: 175.812305
Epoch 524 | Loss: 167.584320
Epoch 525 | Loss: 167.323580
Epoch 526 | Loss: 166.818705
Epoch 527 | Loss: 167.166157
Epoch 528 | Loss: 168.424763
Epoch 529 | Loss: 166.980711
Epoch 530 | Loss: 167.105274
Epoch 531 | Loss: 169.219452
Epoch 532 | Loss: 169.000374
Epoch 533 | Loss: 166.996840
Epoch 534 | Loss: 172.500439
Epoch 535 | Loss: 169.864162
Epoch 536 | Loss: 166.845098
Epoch 537 | Loss: 166.973347
Epoch 538 | Loss: 165.468618
Epoch 539 | Loss: 165.951563
Epoch 540 | Loss: 165.555984
Epoch 541 | Loss: 165.092701
Epoch 542 | Loss: 165.137171
Epoch 543 | Loss: 166.318056
Epoch 544 | Loss: 165.906067
Epoch 545 | Loss: 170.030474
Epoch 546 | Loss: 166.427740
Epoch 547 | Loss: 166.883543
Epoch 548 | Loss: 166.311323
Epoch 549 | Loss: 163.804987
Epoch 550 | Loss: 163.852427
Epoch 551 | Loss: 163.983620
Epoch 552 | Loss: 166.711508
Epoch 553 | Loss: 164.692396
Epoch 554 | Loss: 163.228559
Epoch 555 | Loss: 163.470585
Epoch 556 | Loss: 163.850584
Epoch 557 | Loss: 163.403166
Epoch 558 | Loss: 163.895893
Epoch 559 | Loss: 163.440733
Epoch 560 | Loss: 163.128489
Epoch 561 | Loss: 162.394976
Epoch 562 | Loss: 163.132816
Epoch 563 | Loss: 162.275408
Epoch 564 | Loss: 164.135483
Epoch 565 | Loss: 167.180157
Epoch 566 | Loss: 169.369776
Epoch 567 | Loss: 170.411951
Epoch 568 | Loss: 168.161589
Epoch 569 | Loss: 163.670355
Epoch 570 | Loss: 162.421188
Epoch 571 | Loss: 162.369984
Epoch 572 | Loss: 162.999846
Epoch 573 | Loss: 163.240320
Epoch 574 | Loss: 163.377062
Epoch 575 | Loss: 162.138359
Epoch 576 | Loss: 162.024599
Epoch 577 | Loss: 165.595861
Epoch 578 | Loss: 164.625811
Epoch 579 | Loss: 162.774616
Epoch 580 | Loss: 163.196907
Epoch 581 | Loss: 162.820354
Epoch 582 | Loss: 160.940439
Epoch 583 | Loss: 161.335629
Epoch 584 | Loss: 160.049709
Epoch 585 | Loss: 160.232035
Epoch 586 | Loss: 159.292944
Epoch 587 | Loss: 160.502462
Epoch 588 | Loss: 159.849188
Epoch 589 | Loss: 160.714394
Epoch 590 | Loss: 159.506887
Epoch 591 | Loss: 159.606853
Epoch 592 | Loss: 160.054159
Epoch 593 | Loss: 159.253502
Epoch 594 | Loss: 158.605141
Epoch 595 | Loss: 159.806334
Epoch 596 | Loss: 160.019033
Epoch 597 | Loss: 159.133444
Epoch 598 | Loss: 159.958263
Epoch 599 | Loss: 160.034971
Epoch 600 | Loss: 159.752771
/data5/store1/wry-u22/anaconda3/envs/py311/lib/python3.11/site-packages/torch_geometric/deprecation.py:26: UserWarning: 'data.DataLoader' is deprecated, use 'loader.DataLoader' instead
  warnings.warn(out)

Test Results:
  MAE Energy Loss: 0.020344
  MAE Force Loss : 0.085828
