nohup: 忽略输入
/data5/store1/wry-u22/anaconda3/envs/py311/lib/python3.11/site-packages/torch_geometric/deprecation.py:26: UserWarning: 'data.DataLoader' is deprecated, use 'loader.DataLoader' instead
  warnings.warn(out)
cuda
Epoch   1 | Loss: 1216.291275
Epoch   2 | Loss: 1217.452698
Epoch   3 | Loss: 1217.021133
Epoch   4 | Loss: 1214.810944
Epoch   5 | Loss: 1214.733276
Epoch   6 | Loss: 1213.962997
Epoch   7 | Loss: 1218.768692
Epoch   8 | Loss: 1218.363556
Epoch   9 | Loss: 1214.860031
Epoch  10 | Loss: 1215.177261
Epoch  11 | Loss: 1215.784027
Epoch  12 | Loss: 1216.283234
Epoch  13 | Loss: 1214.790070
Epoch  14 | Loss: 1214.087967
Epoch  15 | Loss: 1216.789993
Epoch  16 | Loss: 1214.564697
Epoch  17 | Loss: 1213.553070
Epoch  18 | Loss: 1214.444199
Epoch  19 | Loss: 1213.462952
Epoch  20 | Loss: 1209.679184
Epoch  21 | Loss: 1207.548904
Epoch  22 | Loss: 1201.193954
Epoch  23 | Loss: 1192.037292
Epoch  24 | Loss: 1187.275269
Epoch  25 | Loss: 1175.684540
Epoch  26 | Loss: 1162.727142
Epoch  27 | Loss: 1154.914154
Epoch  28 | Loss: 1128.755493
Epoch  29 | Loss: 1077.018372
Epoch  30 | Loss: 1025.059769
Epoch  31 | Loss: 990.572334
Epoch  32 | Loss: 966.824463
Epoch  33 | Loss: 945.342857
Epoch  34 | Loss: 928.922684
Epoch  35 | Loss: 927.953735
Epoch  36 | Loss: 920.618912
Epoch  37 | Loss: 906.863564
Epoch  38 | Loss: 881.932861
Epoch  39 | Loss: 866.172661
Epoch  40 | Loss: 852.391045
Epoch  41 | Loss: 836.510880
Epoch  42 | Loss: 826.706360
Epoch  43 | Loss: 807.657684
Epoch  44 | Loss: 792.019730
Epoch  45 | Loss: 775.567177
Epoch  46 | Loss: 758.754951
Epoch  47 | Loss: 745.111008
Epoch  48 | Loss: 728.767525
Epoch  49 | Loss: 712.922279
Epoch  50 | Loss: 705.637810
Epoch  51 | Loss: 688.385117
Epoch  52 | Loss: 673.409622
Epoch  53 | Loss: 662.605751
Epoch  54 | Loss: 650.089638
Epoch  55 | Loss: 636.197006
Epoch  56 | Loss: 627.381027
Epoch  57 | Loss: 616.797256
Epoch  58 | Loss: 612.757736
Epoch  59 | Loss: 603.240875
Epoch  60 | Loss: 590.349907
Epoch  61 | Loss: 588.282440
Epoch  62 | Loss: 576.499512
Epoch  63 | Loss: 581.505852
Epoch  64 | Loss: 594.087990
Epoch  65 | Loss: 573.302628
Epoch  66 | Loss: 558.411850
Epoch  67 | Loss: 551.574028
Epoch  68 | Loss: 550.030586
Epoch  69 | Loss: 544.566727
Epoch  70 | Loss: 535.035988
Epoch  71 | Loss: 533.830078
Epoch  72 | Loss: 533.050587
Epoch  73 | Loss: 522.391418
Epoch  74 | Loss: 520.363907
Epoch  75 | Loss: 513.843491
Epoch  76 | Loss: 511.944370
Epoch  77 | Loss: 505.526447
Epoch  78 | Loss: 504.648155
Epoch  79 | Loss: 502.988491
Epoch  80 | Loss: 501.918331
Epoch  81 | Loss: 501.042313
Epoch  82 | Loss: 500.130741
Epoch  83 | Loss: 494.916065
Epoch  84 | Loss: 487.600254
Epoch  85 | Loss: 482.594727
Epoch  86 | Loss: 475.851562
Epoch  87 | Loss: 474.862244
Epoch  88 | Loss: 476.178902
Epoch  89 | Loss: 466.447933
Epoch  90 | Loss: 463.385471
Epoch  91 | Loss: 467.047028
Epoch  92 | Loss: 465.509598
Epoch  93 | Loss: 455.133343
Epoch  94 | Loss: 451.414055
Epoch  95 | Loss: 448.573833
Epoch  96 | Loss: 447.259121
Epoch  97 | Loss: 445.318428
Epoch  98 | Loss: 438.768494
Epoch  99 | Loss: 440.267773
Epoch 100 | Loss: 435.149036
Epoch 101 | Loss: 427.862118
Epoch 102 | Loss: 423.390396
Epoch 103 | Loss: 421.254635
Epoch 104 | Loss: 430.194126
Epoch 105 | Loss: 431.439316
Epoch 106 | Loss: 413.358768
Epoch 107 | Loss: 414.671852
Epoch 108 | Loss: 415.503983
Epoch 109 | Loss: 413.457760
Epoch 110 | Loss: 405.570400
Epoch 111 | Loss: 404.128819
Epoch 112 | Loss: 399.904484
Epoch 113 | Loss: 399.058239
Epoch 114 | Loss: 400.391659
Epoch 115 | Loss: 395.559753
Epoch 116 | Loss: 392.055637
Epoch 117 | Loss: 390.728127
Epoch 118 | Loss: 389.530315
Epoch 119 | Loss: 387.980980
Epoch 120 | Loss: 387.520203
Epoch 121 | Loss: 386.771015
Epoch 122 | Loss: 387.140835
Epoch 123 | Loss: 388.101013
Epoch 124 | Loss: 381.770889
Epoch 125 | Loss: 379.558502
Epoch 126 | Loss: 377.262268
Epoch 127 | Loss: 376.277905
Epoch 128 | Loss: 373.352707
Epoch 129 | Loss: 371.786488
Epoch 130 | Loss: 371.713112
Epoch 131 | Loss: 369.767879
Epoch 132 | Loss: 372.913910
Epoch 133 | Loss: 374.200600
Epoch 134 | Loss: 366.465595
Epoch 135 | Loss: 367.574821
Epoch 136 | Loss: 366.519741
Epoch 137 | Loss: 366.861660
Epoch 138 | Loss: 364.413544
Epoch 139 | Loss: 375.739574
Epoch 140 | Loss: 368.837158
Epoch 141 | Loss: 357.137363
Epoch 142 | Loss: 355.789444
Epoch 143 | Loss: 357.276920
Epoch 144 | Loss: 354.771072
Epoch 145 | Loss: 353.361485
Epoch 146 | Loss: 352.285042
Epoch 147 | Loss: 357.534496
Epoch 148 | Loss: 353.861023
Epoch 149 | Loss: 350.025906
Epoch 150 | Loss: 348.443493
Epoch 151 | Loss: 350.186069
Epoch 152 | Loss: 347.640816
Epoch 153 | Loss: 347.051094
Epoch 154 | Loss: 346.898121
Epoch 155 | Loss: 348.485168
Epoch 156 | Loss: 354.518322
Epoch 157 | Loss: 347.943699
Epoch 158 | Loss: 340.990307
Epoch 159 | Loss: 339.202061
Epoch 160 | Loss: 339.047554
Epoch 161 | Loss: 343.181835
Epoch 162 | Loss: 340.813847
Epoch 163 | Loss: 338.469521
Epoch 164 | Loss: 335.586021
Epoch 165 | Loss: 336.811520
Epoch 166 | Loss: 336.208504
Epoch 167 | Loss: 335.775570
Epoch 168 | Loss: 334.309879
Epoch 169 | Loss: 334.997372
Epoch 170 | Loss: 332.428860
Epoch 171 | Loss: 331.134872
Epoch 172 | Loss: 331.502571
Epoch 173 | Loss: 334.966568
Epoch 174 | Loss: 335.624214
Epoch 175 | Loss: 336.184196
Epoch 176 | Loss: 331.137047
Epoch 177 | Loss: 329.356602
Epoch 178 | Loss: 326.524216
Epoch 179 | Loss: 325.191910
Epoch 180 | Loss: 326.074818
Epoch 181 | Loss: 326.192001
Epoch 182 | Loss: 323.651756
Epoch 183 | Loss: 323.963829
Epoch 184 | Loss: 324.758106
Epoch 185 | Loss: 325.347622
Epoch 186 | Loss: 325.930458
Epoch 187 | Loss: 326.872025
Epoch 188 | Loss: 322.408684
Epoch 189 | Loss: 319.336472
Epoch 190 | Loss: 319.252937
Epoch 191 | Loss: 318.990810
Epoch 192 | Loss: 318.716324
Epoch 193 | Loss: 317.490467
Epoch 194 | Loss: 318.197964
Epoch 195 | Loss: 315.534199
Epoch 196 | Loss: 315.386368
Epoch 197 | Loss: 318.120502
Epoch 198 | Loss: 317.159367
Epoch 199 | Loss: 314.572502
Epoch 200 | Loss: 314.624611
Epoch 201 | Loss: 313.043659
Epoch 202 | Loss: 316.074741
Epoch 203 | Loss: 317.722145
Epoch 204 | Loss: 312.953678
Epoch 205 | Loss: 313.905338
Epoch 206 | Loss: 310.230244
Epoch 207 | Loss: 309.996384
Epoch 208 | Loss: 310.106045
Epoch 209 | Loss: 308.229572
Epoch 210 | Loss: 311.048889
Epoch 211 | Loss: 309.049389
Epoch 212 | Loss: 311.558468
Epoch 213 | Loss: 306.728844
Epoch 214 | Loss: 306.832119
Epoch 215 | Loss: 310.698780
Epoch 216 | Loss: 311.814228
Epoch 217 | Loss: 307.577286
Epoch 218 | Loss: 307.752262
Epoch 219 | Loss: 305.774300
Epoch 220 | Loss: 303.680908
Epoch 221 | Loss: 309.064884
Epoch 222 | Loss: 305.201134
Epoch 223 | Loss: 302.034473
Epoch 224 | Loss: 303.272438
Epoch 225 | Loss: 303.018116
Epoch 226 | Loss: 304.122715
Epoch 227 | Loss: 301.582680
Epoch 228 | Loss: 301.714161
Epoch 229 | Loss: 299.974121
Epoch 230 | Loss: 300.972824
Epoch 231 | Loss: 298.783100
Epoch 232 | Loss: 297.944592
Epoch 233 | Loss: 298.588833
Epoch 234 | Loss: 297.493736
Epoch 235 | Loss: 298.179008
Epoch 236 | Loss: 299.106384
Epoch 237 | Loss: 297.673897
Epoch 238 | Loss: 296.572964
Epoch 239 | Loss: 296.238544
Epoch 240 | Loss: 295.749672
Epoch 241 | Loss: 296.775780
Epoch 242 | Loss: 293.928928
Epoch 243 | Loss: 295.197960
Epoch 244 | Loss: 295.990372
Epoch 245 | Loss: 295.280590
Epoch 246 | Loss: 304.102116
Epoch 247 | Loss: 299.601341
Epoch 248 | Loss: 299.275509
Epoch 249 | Loss: 296.347755
Epoch 250 | Loss: 300.852077
Epoch 251 | Loss: 294.204521
Epoch 252 | Loss: 290.492836
Epoch 253 | Loss: 291.149158
Epoch 254 | Loss: 290.987091
Epoch 255 | Loss: 289.745049
Epoch 256 | Loss: 289.414169
Epoch 257 | Loss: 289.610573
Epoch 258 | Loss: 291.060738
Epoch 259 | Loss: 288.426338
Epoch 260 | Loss: 287.945118
Epoch 261 | Loss: 288.570148
Epoch 262 | Loss: 291.432186
Epoch 263 | Loss: 292.471638
Epoch 264 | Loss: 288.962933
Epoch 265 | Loss: 287.175068
Epoch 266 | Loss: 287.864342
Epoch 267 | Loss: 288.611725
Epoch 268 | Loss: 286.424053
Epoch 269 | Loss: 285.902569
Epoch 270 | Loss: 285.134754
Epoch 271 | Loss: 287.238770
Epoch 272 | Loss: 284.820023
Epoch 273 | Loss: 284.407616
Epoch 274 | Loss: 287.418751
Epoch 275 | Loss: 286.990028
Epoch 276 | Loss: 285.210785
Epoch 277 | Loss: 283.614456
Epoch 278 | Loss: 286.139023
Epoch 279 | Loss: 284.996944
Epoch 280 | Loss: 282.683750
Epoch 281 | Loss: 281.869011
Epoch 282 | Loss: 288.572639
Epoch 283 | Loss: 284.959644
Epoch 284 | Loss: 283.039825
Epoch 285 | Loss: 280.689907
Epoch 286 | Loss: 283.638500
Epoch 287 | Loss: 281.573868
Epoch 288 | Loss: 281.508709
Epoch 289 | Loss: 281.592850
Epoch 290 | Loss: 282.656685
Epoch 291 | Loss: 281.374672
Epoch 292 | Loss: 282.146954
Epoch 293 | Loss: 278.853329
Epoch 294 | Loss: 278.478413
Epoch 295 | Loss: 279.448921
Epoch 296 | Loss: 280.323845
Epoch 297 | Loss: 281.191822
Epoch 298 | Loss: 278.738178
Epoch 299 | Loss: 277.004276
Epoch 300 | Loss: 276.170979
Epoch 301 | Loss: 277.101791
Epoch 302 | Loss: 276.657475
Epoch 303 | Loss: 277.315483
Epoch 304 | Loss: 276.459946
Epoch 305 | Loss: 277.123577
Epoch 306 | Loss: 275.813030
Epoch 307 | Loss: 277.264523
Epoch 308 | Loss: 276.634541
Epoch 309 | Loss: 277.637897
Epoch 310 | Loss: 274.944248
Epoch 311 | Loss: 275.168037
Epoch 312 | Loss: 274.633957
Epoch 313 | Loss: 274.595036
Epoch 314 | Loss: 276.176819
Epoch 315 | Loss: 278.782211
Epoch 316 | Loss: 278.060066
Epoch 317 | Loss: 276.011761
Epoch 318 | Loss: 274.277252
Epoch 319 | Loss: 273.953953
Epoch 320 | Loss: 274.241673
Epoch 321 | Loss: 272.430908
Epoch 322 | Loss: 272.497971
Epoch 323 | Loss: 271.681664
Epoch 324 | Loss: 276.950253
Epoch 325 | Loss: 274.922859
Epoch 326 | Loss: 270.918629
Epoch 327 | Loss: 271.575642
Epoch 328 | Loss: 272.152115
Epoch 329 | Loss: 272.315224
Epoch 330 | Loss: 269.404366
Epoch 331 | Loss: 268.930340
Epoch 332 | Loss: 269.868837
Epoch 333 | Loss: 269.135864
Epoch 334 | Loss: 270.282803
Epoch 335 | Loss: 269.746191
Epoch 336 | Loss: 269.142036
Epoch 337 | Loss: 273.383972
Epoch 338 | Loss: 275.130543
Epoch 339 | Loss: 268.529629
Epoch 340 | Loss: 270.009068
Epoch 341 | Loss: 270.405338
Epoch 342 | Loss: 274.358730
Epoch 343 | Loss: 269.998043
Epoch 344 | Loss: 273.126148
Epoch 345 | Loss: 270.610620
Epoch 346 | Loss: 268.033089
Epoch 347 | Loss: 269.093006
Epoch 348 | Loss: 265.382721
Epoch 349 | Loss: 266.124897
Epoch 350 | Loss: 265.668474
Epoch 351 | Loss: 265.731323
Epoch 352 | Loss: 266.470543
Epoch 353 | Loss: 270.146671
Epoch 354 | Loss: 264.941864
Epoch 355 | Loss: 265.194790
Epoch 356 | Loss: 263.995697
Epoch 357 | Loss: 263.984251
Epoch 358 | Loss: 265.254040
Epoch 359 | Loss: 265.436264
Epoch 360 | Loss: 264.238773
Epoch 361 | Loss: 266.405632
Epoch 362 | Loss: 267.605074
Epoch 363 | Loss: 268.622837
Epoch 364 | Loss: 266.170734
Epoch 365 | Loss: 265.752474
Epoch 366 | Loss: 269.022202
Epoch 367 | Loss: 265.803566
Epoch 368 | Loss: 262.278774
Epoch 369 | Loss: 263.181263
Epoch 370 | Loss: 262.791103
Epoch 371 | Loss: 261.640285
Epoch 372 | Loss: 262.032965
Epoch 373 | Loss: 261.831789
Epoch 374 | Loss: 261.319187
Epoch 375 | Loss: 261.331989
Epoch 376 | Loss: 263.846077
Epoch 377 | Loss: 263.812971
Epoch 378 | Loss: 261.371063
Epoch 379 | Loss: 260.740299
Epoch 380 | Loss: 260.357769
Epoch 381 | Loss: 259.639540
Epoch 382 | Loss: 260.989752
Epoch 383 | Loss: 260.487751
Epoch 384 | Loss: 259.759418
Epoch 385 | Loss: 260.629229
Epoch 386 | Loss: 258.967409
Epoch 387 | Loss: 260.136328
Epoch 388 | Loss: 259.048567
Epoch 389 | Loss: 258.245506
Epoch 390 | Loss: 259.384014
Epoch 391 | Loss: 259.690907
Epoch 392 | Loss: 257.896362
Epoch 393 | Loss: 258.667345
Epoch 394 | Loss: 258.002716
Epoch 395 | Loss: 259.487928
Epoch 396 | Loss: 258.097443
Epoch 397 | Loss: 259.417719
Epoch 398 | Loss: 257.906822
Epoch 399 | Loss: 257.732571
Epoch 400 | Loss: 260.076979
Epoch 401 | Loss: 264.519011
Epoch 402 | Loss: 260.707714
Epoch 403 | Loss: 256.272442
Epoch 404 | Loss: 255.970812
Epoch 405 | Loss: 256.561222
Epoch 406 | Loss: 256.132736
Epoch 407 | Loss: 255.804445
Epoch 408 | Loss: 255.887712
Epoch 409 | Loss: 255.880436
Epoch 410 | Loss: 255.928162
Epoch 411 | Loss: 255.405577
Epoch 412 | Loss: 255.003626
Epoch 413 | Loss: 255.516153
Epoch 414 | Loss: 254.457621
Epoch 415 | Loss: 255.225597
Epoch 416 | Loss: 257.922958
Epoch 417 | Loss: 258.910318
Epoch 418 | Loss: 260.070112
Epoch 419 | Loss: 265.125311
Epoch 420 | Loss: 255.658903
Epoch 421 | Loss: 257.387733
Epoch 422 | Loss: 256.557217
Epoch 423 | Loss: 255.972330
Epoch 424 | Loss: 257.053034
Epoch 425 | Loss: 252.735121
Epoch 426 | Loss: 252.834745
Epoch 427 | Loss: 255.252388
Epoch 428 | Loss: 257.508148
Epoch 429 | Loss: 254.229820
Epoch 430 | Loss: 257.373379
Epoch 431 | Loss: 256.850277
Epoch 432 | Loss: 255.611717
Epoch 433 | Loss: 256.274788
Epoch 434 | Loss: 253.755484
Epoch 435 | Loss: 255.017330
Epoch 436 | Loss: 254.239620
Epoch 437 | Loss: 252.292284
Epoch 438 | Loss: 251.913324
Epoch 439 | Loss: 251.596436
Epoch 440 | Loss: 250.670528
Epoch 441 | Loss: 250.757059
Epoch 442 | Loss: 251.485840
Epoch 443 | Loss: 253.186266
Epoch 444 | Loss: 253.394283
Epoch 445 | Loss: 254.998947
Epoch 446 | Loss: 256.483057
Epoch 447 | Loss: 251.337133
Epoch 448 | Loss: 250.154966
Epoch 449 | Loss: 251.896872
Epoch 450 | Loss: 251.342390
Epoch 451 | Loss: 250.162397
Epoch 452 | Loss: 249.751112
Epoch 453 | Loss: 249.320765
Epoch 454 | Loss: 249.166378
Epoch 455 | Loss: 249.470467
Epoch 456 | Loss: 250.777451
Epoch 457 | Loss: 250.301826
Epoch 458 | Loss: 250.427729
Epoch 459 | Loss: 249.114822
Epoch 460 | Loss: 250.438158
Epoch 461 | Loss: 248.617241
Epoch 462 | Loss: 248.834814
Epoch 463 | Loss: 249.478451
Epoch 464 | Loss: 247.988205
Epoch 465 | Loss: 248.071779
Epoch 466 | Loss: 248.595255
Epoch 467 | Loss: 250.572300
Epoch 468 | Loss: 250.528093
Epoch 469 | Loss: 250.169304
Epoch 470 | Loss: 248.706758
Epoch 471 | Loss: 246.833645
Epoch 472 | Loss: 247.108877
Epoch 473 | Loss: 248.791252
Epoch 474 | Loss: 246.087727
Epoch 475 | Loss: 247.051842
Epoch 476 | Loss: 251.232534
Epoch 477 | Loss: 248.187094
Epoch 478 | Loss: 249.630081
Epoch 479 | Loss: 248.328562
Epoch 480 | Loss: 251.176180
Epoch 481 | Loss: 249.387608
Epoch 482 | Loss: 247.385752
Epoch 483 | Loss: 247.917404
Epoch 484 | Loss: 247.291328
Epoch 485 | Loss: 247.746887
Epoch 486 | Loss: 248.153513
Epoch 487 | Loss: 247.007984
Epoch 488 | Loss: 246.843283
Epoch 489 | Loss: 247.630856
Epoch 490 | Loss: 245.754728
Epoch 491 | Loss: 244.984789
Epoch 492 | Loss: 244.010908
Epoch 493 | Loss: 244.301266
Epoch 494 | Loss: 243.626642
Epoch 495 | Loss: 243.986570
Epoch 496 | Loss: 245.746826
Epoch 497 | Loss: 244.390064
Epoch 498 | Loss: 247.283552
Epoch 499 | Loss: 246.088245
Epoch 500 | Loss: 244.400547
Epoch 501 | Loss: 245.681147
Epoch 502 | Loss: 247.358252
Epoch 503 | Loss: 246.887165
Epoch 504 | Loss: 243.994919
Epoch 505 | Loss: 243.594742
Epoch 506 | Loss: 243.967817
Epoch 507 | Loss: 243.665453
Epoch 508 | Loss: 242.139374
Epoch 509 | Loss: 243.023087
Epoch 510 | Loss: 242.010136
Epoch 511 | Loss: 242.204296
Epoch 512 | Loss: 243.457165
Epoch 513 | Loss: 241.878580
Epoch 514 | Loss: 243.511406
Epoch 515 | Loss: 243.168089
Epoch 516 | Loss: 243.158115
Epoch 517 | Loss: 245.297632
Epoch 518 | Loss: 243.951370
Epoch 519 | Loss: 243.066002
Epoch 520 | Loss: 244.227577
Epoch 521 | Loss: 249.720198
Epoch 522 | Loss: 245.731396
Epoch 523 | Loss: 242.923697
Epoch 524 | Loss: 240.384274
Epoch 525 | Loss: 239.678854
Epoch 526 | Loss: 240.746841
Epoch 527 | Loss: 240.057432
Epoch 528 | Loss: 240.643698
Epoch 529 | Loss: 239.410072
Epoch 530 | Loss: 240.004494
Epoch 531 | Loss: 240.678930
Epoch 532 | Loss: 239.985575
Epoch 533 | Loss: 239.455477
Epoch 534 | Loss: 239.387392
Epoch 535 | Loss: 239.782492
Epoch 536 | Loss: 239.242331
Epoch 537 | Loss: 238.986675
Epoch 538 | Loss: 238.930302
Epoch 539 | Loss: 240.116745
Epoch 540 | Loss: 238.848637
Epoch 541 | Loss: 240.260405
Epoch 542 | Loss: 243.518583
Epoch 543 | Loss: 241.288435
Epoch 544 | Loss: 240.163774
Epoch 545 | Loss: 239.949621
Epoch 546 | Loss: 239.986727
Epoch 547 | Loss: 238.687302
Epoch 548 | Loss: 239.503302
Epoch 549 | Loss: 241.533579
Epoch 550 | Loss: 238.108408
Epoch 551 | Loss: 239.798067
Epoch 552 | Loss: 237.872040
Epoch 553 | Loss: 238.736938
Epoch 554 | Loss: 236.893852
Epoch 555 | Loss: 237.676533
Epoch 556 | Loss: 236.881483
Epoch 557 | Loss: 237.848879
Epoch 558 | Loss: 237.461954
Epoch 559 | Loss: 238.240446
Epoch 560 | Loss: 237.133152
Epoch 561 | Loss: 236.375828
Epoch 562 | Loss: 237.036997
Epoch 563 | Loss: 237.101410
Epoch 564 | Loss: 235.548275
Epoch 565 | Loss: 239.982979
Epoch 566 | Loss: 238.225185
Epoch 567 | Loss: 235.709421
Epoch 568 | Loss: 235.357643
Epoch 569 | Loss: 236.063818
Epoch 570 | Loss: 236.144041
Epoch 571 | Loss: 237.099688
Epoch 572 | Loss: 235.906918
Epoch 573 | Loss: 234.792490
Epoch 574 | Loss: 236.994493
Epoch 575 | Loss: 234.936113
Epoch 576 | Loss: 235.870920
Epoch 577 | Loss: 234.930088
Epoch 578 | Loss: 234.936977
Epoch 579 | Loss: 234.431204
Epoch 580 | Loss: 234.483747
Epoch 581 | Loss: 233.593191
Epoch 582 | Loss: 235.064230
Epoch 583 | Loss: 235.582680
Epoch 584 | Loss: 233.332745
Epoch 585 | Loss: 233.224081
Epoch 586 | Loss: 233.241425
Epoch 587 | Loss: 234.127617
Epoch 588 | Loss: 233.632702
Epoch 589 | Loss: 235.823032
Epoch 590 | Loss: 233.679823
Epoch 591 | Loss: 233.035866
Epoch 592 | Loss: 232.872349
Epoch 593 | Loss: 234.487623
Epoch 594 | Loss: 234.675501
Epoch 595 | Loss: 234.510353
Epoch 596 | Loss: 234.830700
Epoch 597 | Loss: 235.739969
Epoch 598 | Loss: 233.542332
Epoch 599 | Loss: 232.085838
Epoch 600 | Loss: 232.005741
/data5/store1/wry-u22/anaconda3/envs/py311/lib/python3.11/site-packages/torch_geometric/deprecation.py:26: UserWarning: 'data.DataLoader' is deprecated, use 'loader.DataLoader' instead
  warnings.warn(out)

Test Results:
  MAE Energy Loss: 0.023969
  MAE Force Loss : 0.113904
