nohup: 忽略输入
/data5/store1/wry-u22/anaconda3/envs/py311/lib/python3.11/site-packages/torch_geometric/deprecation.py:26: UserWarning: 'data.DataLoader' is deprecated, use 'loader.DataLoader' instead
  warnings.warn(out)
cuda
Epoch   1 | Loss: 1493.707916
Epoch   2 | Loss: 1400.246048
Epoch   3 | Loss: 1308.693115
Epoch   4 | Loss: 1229.173584
Epoch   5 | Loss: 1187.850647
Epoch   6 | Loss: 1194.042648
Epoch   7 | Loss: 1185.419113
Epoch   8 | Loss: 1186.701981
Epoch   9 | Loss: 1186.242950
Epoch  10 | Loss: 1186.292740
Epoch  11 | Loss: 1184.360794
Epoch  12 | Loss: 1183.694260
Epoch  13 | Loss: 1182.936935
Epoch  14 | Loss: 1184.856750
Epoch  15 | Loss: 1180.987076
Epoch  16 | Loss: 1185.350372
Epoch  17 | Loss: 1185.971405
Epoch  18 | Loss: 1185.701096
Epoch  19 | Loss: 1183.857239
Epoch  20 | Loss: 1184.818710
Epoch  21 | Loss: 1182.758026
Epoch  22 | Loss: 1188.156250
Epoch  23 | Loss: 1184.877823
Epoch  24 | Loss: 1186.850510
Epoch  25 | Loss: 1184.428223
Epoch  26 | Loss: 1185.007278
Epoch  27 | Loss: 1183.114700
Epoch  28 | Loss: 1181.839249
Epoch  29 | Loss: 1184.751572
Epoch  30 | Loss: 1183.164932
Epoch  31 | Loss: 1182.589218
Epoch  32 | Loss: 1183.964432
Epoch  33 | Loss: 1185.092957
Epoch  34 | Loss: 1182.693649
Epoch  35 | Loss: 1183.199829
Epoch  36 | Loss: 1181.171646
Epoch  37 | Loss: 1179.797058
Epoch  38 | Loss: 1181.853455
Epoch  39 | Loss: 1179.805344
Epoch  40 | Loss: 1179.217834
Epoch  41 | Loss: 1179.242676
Epoch  42 | Loss: 1176.358017
Epoch  43 | Loss: 1179.783463
Epoch  44 | Loss: 1175.289825
Epoch  45 | Loss: 1174.240341
Epoch  46 | Loss: 1169.814636
Epoch  47 | Loss: 1169.722687
Epoch  48 | Loss: 1163.020981
Epoch  49 | Loss: 1149.278259
Epoch  50 | Loss: 1132.908691
Epoch  51 | Loss: 1100.427078
Epoch  52 | Loss: 1050.676712
Epoch  53 | Loss: 975.551598
Epoch  54 | Loss: 919.950226
Epoch  55 | Loss: 892.517250
Epoch  56 | Loss: 872.646637
Epoch  57 | Loss: 849.124100
Epoch  58 | Loss: 849.542816
Epoch  59 | Loss: 843.598900
Epoch  60 | Loss: 839.455727
Epoch  61 | Loss: 822.752022
Epoch  62 | Loss: 818.019806
Epoch  63 | Loss: 808.069031
Epoch  64 | Loss: 798.571747
Epoch  65 | Loss: 798.492279
Epoch  66 | Loss: 794.767715
Epoch  67 | Loss: 793.623749
Epoch  68 | Loss: 794.435188
Epoch  69 | Loss: 788.549995
Epoch  70 | Loss: 777.344887
Epoch  71 | Loss: 774.848442
Epoch  72 | Loss: 778.315979
Epoch  73 | Loss: 773.573875
Epoch  74 | Loss: 767.028084
Epoch  75 | Loss: 763.615669
Epoch  76 | Loss: 761.446892
Epoch  77 | Loss: 758.274345
Epoch  78 | Loss: 754.354744
Epoch  79 | Loss: 751.910500
Epoch  80 | Loss: 749.692261
Epoch  81 | Loss: 747.486084
Epoch  82 | Loss: 752.851456
Epoch  83 | Loss: 743.643761
Epoch  84 | Loss: 739.324356
Epoch  85 | Loss: 734.390053
Epoch  86 | Loss: 735.192924
Epoch  87 | Loss: 729.494591
Epoch  88 | Loss: 725.795486
Epoch  89 | Loss: 721.283150
Epoch  90 | Loss: 719.977180
Epoch  91 | Loss: 718.012840
Epoch  92 | Loss: 718.167389
Epoch  93 | Loss: 711.686821
Epoch  94 | Loss: 706.753510
Epoch  95 | Loss: 706.897987
Epoch  96 | Loss: 704.770981
Epoch  97 | Loss: 698.648849
Epoch  98 | Loss: 699.045464
Epoch  99 | Loss: 701.123703
Epoch 100 | Loss: 697.199875
Epoch 101 | Loss: 688.914230
Epoch 102 | Loss: 685.477341
Epoch 103 | Loss: 685.036888
Epoch 104 | Loss: 682.820526
Epoch 105 | Loss: 677.949417
Epoch 106 | Loss: 682.946587
Epoch 107 | Loss: 676.978127
Epoch 108 | Loss: 679.550644
Epoch 109 | Loss: 668.654785
Epoch 110 | Loss: 668.314941
Epoch 111 | Loss: 664.641258
Epoch 112 | Loss: 662.155777
Epoch 113 | Loss: 660.621666
Epoch 114 | Loss: 664.958801
Epoch 115 | Loss: 657.088821
Epoch 116 | Loss: 654.133209
Epoch 117 | Loss: 655.236137
Epoch 118 | Loss: 657.908455
Epoch 119 | Loss: 656.596931
Epoch 120 | Loss: 653.992271
Epoch 121 | Loss: 652.477615
Epoch 122 | Loss: 654.372566
Epoch 123 | Loss: 647.482697
Epoch 124 | Loss: 647.178650
Epoch 125 | Loss: 636.189850
Epoch 126 | Loss: 634.825882
Epoch 127 | Loss: 631.864548
Epoch 128 | Loss: 632.011215
Epoch 129 | Loss: 632.777092
Epoch 130 | Loss: 634.586617
Epoch 131 | Loss: 622.490822
Epoch 132 | Loss: 619.909889
Epoch 133 | Loss: 617.252975
Epoch 134 | Loss: 615.087158
Epoch 135 | Loss: 609.070435
Epoch 136 | Loss: 609.651947
Epoch 137 | Loss: 603.764885
Epoch 138 | Loss: 601.083313
Epoch 139 | Loss: 598.740395
Epoch 140 | Loss: 590.829544
Epoch 141 | Loss: 588.266167
Epoch 142 | Loss: 588.117043
Epoch 143 | Loss: 586.616531
Epoch 144 | Loss: 576.792488
Epoch 145 | Loss: 570.488060
Epoch 146 | Loss: 567.542038
Epoch 147 | Loss: 560.396126
Epoch 148 | Loss: 551.265026
Epoch 149 | Loss: 548.246521
Epoch 150 | Loss: 536.737671
Epoch 151 | Loss: 536.109764
Epoch 152 | Loss: 522.374771
Epoch 153 | Loss: 526.024441
Epoch 154 | Loss: 517.702480
Epoch 155 | Loss: 505.720249
Epoch 156 | Loss: 502.133247
Epoch 157 | Loss: 494.567909
Epoch 158 | Loss: 489.172909
Epoch 159 | Loss: 483.204491
Epoch 160 | Loss: 480.976444
Epoch 161 | Loss: 477.510361
Epoch 162 | Loss: 471.725746
Epoch 163 | Loss: 472.123150
Epoch 164 | Loss: 472.872917
Epoch 165 | Loss: 471.892662
Epoch 166 | Loss: 470.743862
Epoch 167 | Loss: 461.519817
Epoch 168 | Loss: 458.866055
Epoch 169 | Loss: 456.523170
Epoch 170 | Loss: 462.287708
Epoch 171 | Loss: 466.908714
Epoch 172 | Loss: 454.376469
Epoch 173 | Loss: 451.154690
Epoch 174 | Loss: 448.870853
Epoch 175 | Loss: 450.221470
Epoch 176 | Loss: 465.587372
Epoch 177 | Loss: 450.224972
Epoch 178 | Loss: 454.319035
Epoch 179 | Loss: 453.040443
Epoch 180 | Loss: 443.604733
Epoch 181 | Loss: 446.214855
Epoch 182 | Loss: 451.817131
Epoch 183 | Loss: 448.006741
Epoch 184 | Loss: 439.199005
Epoch 185 | Loss: 443.054161
Epoch 186 | Loss: 444.853615
Epoch 187 | Loss: 439.048321
Epoch 188 | Loss: 442.086750
Epoch 189 | Loss: 437.089397
Epoch 190 | Loss: 437.623608
Epoch 191 | Loss: 432.230228
Epoch 192 | Loss: 429.034512
Epoch 193 | Loss: 432.474182
Epoch 194 | Loss: 431.306087
Epoch 195 | Loss: 430.083534
Epoch 196 | Loss: 424.019295
Epoch 197 | Loss: 424.452560
Epoch 198 | Loss: 424.469772
Epoch 199 | Loss: 426.598709
Epoch 200 | Loss: 421.959991
Epoch 201 | Loss: 418.619904
Epoch 202 | Loss: 419.799717
Epoch 203 | Loss: 415.174229
Epoch 204 | Loss: 414.856228
Epoch 205 | Loss: 417.946701
Epoch 206 | Loss: 426.135803
Epoch 207 | Loss: 416.176529
Epoch 208 | Loss: 414.016602
Epoch 209 | Loss: 415.378075
Epoch 210 | Loss: 414.017311
Epoch 211 | Loss: 410.605186
Epoch 212 | Loss: 410.970406
Epoch 213 | Loss: 406.858559
Epoch 214 | Loss: 405.814365
Epoch 215 | Loss: 409.504963
Epoch 216 | Loss: 407.821426
Epoch 217 | Loss: 403.193172
Epoch 218 | Loss: 408.863770
Epoch 219 | Loss: 404.346821
Epoch 220 | Loss: 405.068043
Epoch 221 | Loss: 405.183052
Epoch 222 | Loss: 402.725677
Epoch 223 | Loss: 400.329720
Epoch 224 | Loss: 410.130173
Epoch 225 | Loss: 399.036522
Epoch 226 | Loss: 398.123638
Epoch 227 | Loss: 400.426029
Epoch 228 | Loss: 399.890030
Epoch 229 | Loss: 393.443493
Epoch 230 | Loss: 402.213589
Epoch 231 | Loss: 394.600136
Epoch 232 | Loss: 402.909386
Epoch 233 | Loss: 391.491947
Epoch 234 | Loss: 395.227428
Epoch 235 | Loss: 386.104305
Epoch 236 | Loss: 386.252125
Epoch 237 | Loss: 389.966202
Epoch 238 | Loss: 391.732918
Epoch 239 | Loss: 388.751160
Epoch 240 | Loss: 381.350636
Epoch 241 | Loss: 383.299194
Epoch 242 | Loss: 380.770359
Epoch 243 | Loss: 382.886730
Epoch 244 | Loss: 390.028042
Epoch 245 | Loss: 385.736668
Epoch 246 | Loss: 385.561905
Epoch 247 | Loss: 384.126358
Epoch 248 | Loss: 376.147793
Epoch 249 | Loss: 373.086903
Epoch 250 | Loss: 377.101971
Epoch 251 | Loss: 373.601685
Epoch 252 | Loss: 374.295589
Epoch 253 | Loss: 371.168324
Epoch 254 | Loss: 370.739143
Epoch 255 | Loss: 369.489841
Epoch 256 | Loss: 368.460350
Epoch 257 | Loss: 367.835007
Epoch 258 | Loss: 366.063049
Epoch 259 | Loss: 369.130005
Epoch 260 | Loss: 371.204903
Epoch 261 | Loss: 365.041622
Epoch 262 | Loss: 366.107628
Epoch 263 | Loss: 366.739330
Epoch 264 | Loss: 369.520390
Epoch 265 | Loss: 368.612122
Epoch 266 | Loss: 372.374306
Epoch 267 | Loss: 363.113308
Epoch 268 | Loss: 360.988815
Epoch 269 | Loss: 361.743942
Epoch 270 | Loss: 357.704620
Epoch 271 | Loss: 360.684711
Epoch 272 | Loss: 356.635490
Epoch 273 | Loss: 367.229824
Epoch 274 | Loss: 359.694656
Epoch 275 | Loss: 355.527424
Epoch 276 | Loss: 354.472061
Epoch 277 | Loss: 351.973976
Epoch 278 | Loss: 353.035957
Epoch 279 | Loss: 354.339916
Epoch 280 | Loss: 350.902725
Epoch 281 | Loss: 356.243134
Epoch 282 | Loss: 355.671139
Epoch 283 | Loss: 364.472713
Epoch 284 | Loss: 368.003212
Epoch 285 | Loss: 354.082630
Epoch 286 | Loss: 354.508038
Epoch 287 | Loss: 360.533150
Epoch 288 | Loss: 364.602604
Epoch 289 | Loss: 367.983479
Epoch 290 | Loss: 364.008015
Epoch 291 | Loss: 346.584541
Epoch 292 | Loss: 346.597549
Epoch 293 | Loss: 350.497841
Epoch 294 | Loss: 349.997169
Epoch 295 | Loss: 343.227879
Epoch 296 | Loss: 341.525894
Epoch 297 | Loss: 347.183865
Epoch 298 | Loss: 339.994072
Epoch 299 | Loss: 340.962467
Epoch 300 | Loss: 337.898376
Epoch 301 | Loss: 335.111282
Epoch 302 | Loss: 337.460979
Epoch 303 | Loss: 340.629871
Epoch 304 | Loss: 334.479301
Epoch 305 | Loss: 334.790985
Epoch 306 | Loss: 337.659088
Epoch 307 | Loss: 334.230373
Epoch 308 | Loss: 333.371777
Epoch 309 | Loss: 333.574245
Epoch 310 | Loss: 331.453091
Epoch 311 | Loss: 342.049477
Epoch 312 | Loss: 332.335804
Epoch 313 | Loss: 328.729816
Epoch 314 | Loss: 328.878773
Epoch 315 | Loss: 334.573349
Epoch 316 | Loss: 337.358295
Epoch 317 | Loss: 332.050583
Epoch 318 | Loss: 327.676800
Epoch 319 | Loss: 325.172337
Epoch 320 | Loss: 327.636940
Epoch 321 | Loss: 327.577187
Epoch 322 | Loss: 324.266689
Epoch 323 | Loss: 326.303429
Epoch 324 | Loss: 320.658058
Epoch 325 | Loss: 319.550846
Epoch 326 | Loss: 324.266132
Epoch 327 | Loss: 318.667492
Epoch 328 | Loss: 318.122227
Epoch 329 | Loss: 326.492561
Epoch 330 | Loss: 318.733654
Epoch 331 | Loss: 322.292828
Epoch 332 | Loss: 327.931568
Epoch 333 | Loss: 323.267296
Epoch 334 | Loss: 342.971821
Epoch 335 | Loss: 347.582092
Epoch 336 | Loss: 337.832283
Epoch 337 | Loss: 339.879768
Epoch 338 | Loss: 321.329468
Epoch 339 | Loss: 312.223858
Epoch 340 | Loss: 311.789684
Epoch 341 | Loss: 312.322346
Epoch 342 | Loss: 314.408123
Epoch 343 | Loss: 312.691700
Epoch 344 | Loss: 315.424511
Epoch 345 | Loss: 319.364494
Epoch 346 | Loss: 310.190529
Epoch 347 | Loss: 309.822578
Epoch 348 | Loss: 310.880199
Epoch 349 | Loss: 311.302540
Epoch 350 | Loss: 315.751785
Epoch 351 | Loss: 310.104530
Epoch 352 | Loss: 308.971516
Epoch 353 | Loss: 315.294968
Epoch 354 | Loss: 331.398422
Epoch 355 | Loss: 336.480648
Epoch 356 | Loss: 305.986702
Epoch 357 | Loss: 308.735558
Epoch 358 | Loss: 304.107811
Epoch 359 | Loss: 300.606339
Epoch 360 | Loss: 300.219563
Epoch 361 | Loss: 301.721062
Epoch 362 | Loss: 301.366512
Epoch 363 | Loss: 301.581711
Epoch 364 | Loss: 329.421333
Epoch 365 | Loss: 310.941441
Epoch 366 | Loss: 313.863941
Epoch 367 | Loss: 318.412224
Epoch 368 | Loss: 300.231827
Epoch 369 | Loss: 303.435097
Epoch 370 | Loss: 296.121086
Epoch 371 | Loss: 300.576679
Epoch 372 | Loss: 312.586285
Epoch 373 | Loss: 308.811562
Epoch 374 | Loss: 306.894142
Epoch 375 | Loss: 293.662739
Epoch 376 | Loss: 294.223568
Epoch 377 | Loss: 296.822987
Epoch 378 | Loss: 296.767818
Epoch 379 | Loss: 309.624718
Epoch 380 | Loss: 308.084545
Epoch 381 | Loss: 298.913918
Epoch 382 | Loss: 299.598564
Epoch 383 | Loss: 290.815277
Epoch 384 | Loss: 293.561573
Epoch 385 | Loss: 289.502945
Epoch 386 | Loss: 291.386875
Epoch 387 | Loss: 289.961998
Epoch 388 | Loss: 288.193855
Epoch 389 | Loss: 292.517220
Epoch 390 | Loss: 292.159618
Epoch 391 | Loss: 289.919109
Epoch 392 | Loss: 286.756411
Epoch 393 | Loss: 289.513916
Epoch 394 | Loss: 285.317276
Epoch 395 | Loss: 286.495453
Epoch 396 | Loss: 287.056648
Epoch 397 | Loss: 290.295677
Epoch 398 | Loss: 284.257351
Epoch 399 | Loss: 290.368847
Epoch 400 | Loss: 287.928650
Epoch 401 | Loss: 284.835999
Epoch 402 | Loss: 283.226482
Epoch 403 | Loss: 285.294426
Epoch 404 | Loss: 281.826122
Epoch 405 | Loss: 281.748058
Epoch 406 | Loss: 282.656284
Epoch 407 | Loss: 289.318218
Epoch 408 | Loss: 281.985619
Epoch 409 | Loss: 283.386654
Epoch 410 | Loss: 285.830585
Epoch 411 | Loss: 279.683971
Epoch 412 | Loss: 278.861908
Epoch 413 | Loss: 277.956837
Epoch 414 | Loss: 278.003532
Epoch 415 | Loss: 278.038208
Epoch 416 | Loss: 277.953350
Epoch 417 | Loss: 276.284595
Epoch 418 | Loss: 283.167381
Epoch 419 | Loss: 280.518501
Epoch 420 | Loss: 283.124054
Epoch 421 | Loss: 286.751518
Epoch 422 | Loss: 284.231480
Epoch 423 | Loss: 278.504696
Epoch 424 | Loss: 280.512272
Epoch 425 | Loss: 273.800266
Epoch 426 | Loss: 275.979496
Epoch 427 | Loss: 273.022743
Epoch 428 | Loss: 274.030300
Epoch 429 | Loss: 274.369907
Epoch 430 | Loss: 272.431244
Epoch 431 | Loss: 271.627337
Epoch 432 | Loss: 272.517387
Epoch 433 | Loss: 276.210033
Epoch 434 | Loss: 276.643684
Epoch 435 | Loss: 277.739054
Epoch 436 | Loss: 279.676174
Epoch 437 | Loss: 275.223824
Epoch 438 | Loss: 273.937258
Epoch 439 | Loss: 271.971039
Epoch 440 | Loss: 271.390083
Epoch 441 | Loss: 269.120911
Epoch 442 | Loss: 271.216450
Epoch 443 | Loss: 269.508785
Epoch 444 | Loss: 268.259127
Epoch 445 | Loss: 268.163900
Epoch 446 | Loss: 269.180655
Epoch 447 | Loss: 267.311161
Epoch 448 | Loss: 269.311481
Epoch 449 | Loss: 268.934649
Epoch 450 | Loss: 266.960682
Epoch 451 | Loss: 265.454746
Epoch 452 | Loss: 272.784206
Epoch 453 | Loss: 271.505566
Epoch 454 | Loss: 271.423534
Epoch 455 | Loss: 264.020031
Epoch 456 | Loss: 266.469557
Epoch 457 | Loss: 267.785805
Epoch 458 | Loss: 266.418842
Epoch 459 | Loss: 267.853840
Epoch 460 | Loss: 264.153339
Epoch 461 | Loss: 273.267712
Epoch 462 | Loss: 285.624611
Epoch 463 | Loss: 274.586590
Epoch 464 | Loss: 271.406155
Epoch 465 | Loss: 270.370527
Epoch 466 | Loss: 266.287868
Epoch 467 | Loss: 263.773794
Epoch 468 | Loss: 265.324381
Epoch 469 | Loss: 266.941368
Epoch 470 | Loss: 262.807068
Epoch 471 | Loss: 262.863981
Epoch 472 | Loss: 267.553026
Epoch 473 | Loss: 267.872576
Epoch 474 | Loss: 259.438633
Epoch 475 | Loss: 261.219263
Epoch 476 | Loss: 259.245338
Epoch 477 | Loss: 262.632643
Epoch 478 | Loss: 263.365026
Epoch 479 | Loss: 262.412540
Epoch 480 | Loss: 259.538200
Epoch 481 | Loss: 259.151342
Epoch 482 | Loss: 261.239935
Epoch 483 | Loss: 258.571621
Epoch 484 | Loss: 258.499022
Epoch 485 | Loss: 261.617908
Epoch 486 | Loss: 257.757660
Epoch 487 | Loss: 259.506336
Epoch 488 | Loss: 258.113485
Epoch 489 | Loss: 255.398577
Epoch 490 | Loss: 257.171534
Epoch 491 | Loss: 255.135588
Epoch 492 | Loss: 260.883932
Epoch 493 | Loss: 257.461475
Epoch 494 | Loss: 260.082542
Epoch 495 | Loss: 270.228691
Epoch 496 | Loss: 269.801422
Epoch 497 | Loss: 274.116617
Epoch 498 | Loss: 262.614233
Epoch 499 | Loss: 255.901117
Epoch 500 | Loss: 266.190937
Epoch 501 | Loss: 256.876225
Epoch 502 | Loss: 252.664280
Epoch 503 | Loss: 254.014824
Epoch 504 | Loss: 253.286951
Epoch 505 | Loss: 258.297287
Epoch 506 | Loss: 261.105597
Epoch 507 | Loss: 259.938583
Epoch 508 | Loss: 258.017414
Epoch 509 | Loss: 253.287621
Epoch 510 | Loss: 254.006863
Epoch 511 | Loss: 267.273624
Epoch 512 | Loss: 261.110222
Epoch 513 | Loss: 261.166321
Epoch 514 | Loss: 270.100168
Epoch 515 | Loss: 271.895443
Epoch 516 | Loss: 266.364098
Epoch 517 | Loss: 256.099300
Epoch 518 | Loss: 261.475996
Epoch 519 | Loss: 253.045038
Epoch 520 | Loss: 251.531183
Epoch 521 | Loss: 251.381990
Epoch 522 | Loss: 252.668671
Epoch 523 | Loss: 250.624708
Epoch 524 | Loss: 252.240625
Epoch 525 | Loss: 249.837580
Epoch 526 | Loss: 255.522871
Epoch 527 | Loss: 262.944407
Epoch 528 | Loss: 257.066730
Epoch 529 | Loss: 262.832603
Epoch 530 | Loss: 260.719746
Epoch 531 | Loss: 252.238411
Epoch 532 | Loss: 249.711973
Epoch 533 | Loss: 250.112198
Epoch 534 | Loss: 254.412788
Epoch 535 | Loss: 257.196568
Epoch 536 | Loss: 252.337862
Epoch 537 | Loss: 249.698044
Epoch 538 | Loss: 250.135454
Epoch 539 | Loss: 250.698599
Epoch 540 | Loss: 247.260996
Epoch 541 | Loss: 247.353052
Epoch 542 | Loss: 247.649944
Epoch 543 | Loss: 247.405190
Epoch 544 | Loss: 252.996370
Epoch 545 | Loss: 250.326838
Epoch 546 | Loss: 247.286234
Epoch 547 | Loss: 259.077686
Epoch 548 | Loss: 256.152220
Epoch 549 | Loss: 248.872498
Epoch 550 | Loss: 247.327841
Epoch 551 | Loss: 249.258209
Epoch 552 | Loss: 248.876774
Epoch 553 | Loss: 250.363646
Epoch 554 | Loss: 253.565630
Epoch 555 | Loss: 256.636274
Epoch 556 | Loss: 251.522520
Epoch 557 | Loss: 247.704475
Epoch 558 | Loss: 247.544678
Epoch 559 | Loss: 245.063215
Epoch 560 | Loss: 245.873159
Epoch 561 | Loss: 244.699404
Epoch 562 | Loss: 243.729881
Epoch 563 | Loss: 243.261543
Epoch 564 | Loss: 244.329153
Epoch 565 | Loss: 243.360115
Epoch 566 | Loss: 245.159164
Epoch 567 | Loss: 242.878492
Epoch 568 | Loss: 243.550814
Epoch 569 | Loss: 244.574953
Epoch 570 | Loss: 242.998234
Epoch 571 | Loss: 243.230436
Epoch 572 | Loss: 243.597157
Epoch 573 | Loss: 247.247423
Epoch 574 | Loss: 251.184326
Epoch 575 | Loss: 253.369246
Epoch 576 | Loss: 242.381470
Epoch 577 | Loss: 243.327269
Epoch 578 | Loss: 242.644489
Epoch 579 | Loss: 242.734600
Epoch 580 | Loss: 241.523754
Epoch 581 | Loss: 240.816769
Epoch 582 | Loss: 240.626448
Epoch 583 | Loss: 243.423182
Epoch 584 | Loss: 242.006207
Epoch 585 | Loss: 240.717945
Epoch 586 | Loss: 241.176651
Epoch 587 | Loss: 241.626068
Epoch 588 | Loss: 243.908659
Epoch 589 | Loss: 240.887585
Epoch 590 | Loss: 240.396030
Epoch 591 | Loss: 239.628454
Epoch 592 | Loss: 241.251450
Epoch 593 | Loss: 243.580812
Epoch 594 | Loss: 241.823845
Epoch 595 | Loss: 238.972795
Epoch 596 | Loss: 245.536364
Epoch 597 | Loss: 246.417427
Epoch 598 | Loss: 239.812002
Epoch 599 | Loss: 238.510967
Epoch 600 | Loss: 237.780216
/data5/store1/wry-u22/anaconda3/envs/py311/lib/python3.11/site-packages/torch_geometric/deprecation.py:26: UserWarning: 'data.DataLoader' is deprecated, use 'loader.DataLoader' instead
  warnings.warn(out)

Test Results:
  MAE Energy Loss: 0.026864
  MAE Force Loss : 0.099956
