nohup: 忽略输入
/data5/store1/wry-u22/anaconda3/envs/py311/lib/python3.11/site-packages/torch_geometric/deprecation.py:26: UserWarning: 'data.DataLoader' is deprecated, use 'loader.DataLoader' instead
  warnings.warn(out)
cuda
Epoch   1 | Loss: 977.162140
Epoch   2 | Loss: 964.133438
Epoch   3 | Loss: 956.512947
Epoch   4 | Loss: 949.531708
Epoch   5 | Loss: 946.148048
Epoch   6 | Loss: 943.904884
Epoch   7 | Loss: 945.315773
Epoch   8 | Loss: 943.160011
Epoch   9 | Loss: 941.969170
Epoch  10 | Loss: 944.709572
Epoch  11 | Loss: 942.177048
Epoch  12 | Loss: 944.333557
Epoch  13 | Loss: 943.453873
Epoch  14 | Loss: 941.410851
Epoch  15 | Loss: 942.821106
Epoch  16 | Loss: 942.886147
Epoch  17 | Loss: 943.184097
Epoch  18 | Loss: 940.960541
Epoch  19 | Loss: 942.557037
Epoch  20 | Loss: 941.339096
Epoch  21 | Loss: 938.245361
Epoch  22 | Loss: 936.213989
Epoch  23 | Loss: 934.503654
Epoch  24 | Loss: 927.995369
Epoch  25 | Loss: 922.764381
Epoch  26 | Loss: 918.609406
Epoch  27 | Loss: 914.081543
Epoch  28 | Loss: 904.395973
Epoch  29 | Loss: 894.294937
Epoch  30 | Loss: 872.279762
Epoch  31 | Loss: 833.831406
Epoch  32 | Loss: 792.041756
Epoch  33 | Loss: 752.810074
Epoch  34 | Loss: 721.786713
Epoch  35 | Loss: 703.932617
Epoch  36 | Loss: 674.291840
Epoch  37 | Loss: 654.678444
Epoch  38 | Loss: 633.529686
Epoch  39 | Loss: 615.189484
Epoch  40 | Loss: 599.632759
Epoch  41 | Loss: 588.959953
Epoch  42 | Loss: 572.418900
Epoch  43 | Loss: 562.249580
Epoch  44 | Loss: 552.045677
Epoch  45 | Loss: 545.099449
Epoch  46 | Loss: 537.428612
Epoch  47 | Loss: 530.700783
Epoch  48 | Loss: 524.760166
Epoch  49 | Loss: 519.457275
Epoch  50 | Loss: 514.444084
Epoch  51 | Loss: 508.232048
Epoch  52 | Loss: 507.644375
Epoch  53 | Loss: 500.733009
Epoch  54 | Loss: 493.187798
Epoch  55 | Loss: 490.837147
Epoch  56 | Loss: 485.415264
Epoch  57 | Loss: 482.663017
Epoch  58 | Loss: 476.872753
Epoch  59 | Loss: 474.402809
Epoch  60 | Loss: 469.956696
Epoch  61 | Loss: 464.801933
Epoch  62 | Loss: 466.785313
Epoch  63 | Loss: 460.793316
Epoch  64 | Loss: 453.746090
Epoch  65 | Loss: 449.291229
Epoch  66 | Loss: 445.806332
Epoch  67 | Loss: 443.363762
Epoch  68 | Loss: 438.556416
Epoch  69 | Loss: 438.318745
Epoch  70 | Loss: 437.396839
Epoch  71 | Loss: 430.187412
Epoch  72 | Loss: 432.653576
Epoch  73 | Loss: 442.848141
Epoch  74 | Loss: 436.188541
Epoch  75 | Loss: 444.786648
Epoch  76 | Loss: 431.482075
Epoch  77 | Loss: 419.520077
Epoch  78 | Loss: 415.870399
Epoch  79 | Loss: 411.118752
Epoch  80 | Loss: 410.053089
Epoch  81 | Loss: 406.372158
Epoch  82 | Loss: 404.840275
Epoch  83 | Loss: 405.739857
Epoch  84 | Loss: 401.367798
Epoch  85 | Loss: 399.878700
Epoch  86 | Loss: 400.663433
Epoch  87 | Loss: 398.178070
Epoch  88 | Loss: 393.375706
Epoch  89 | Loss: 392.975712
Epoch  90 | Loss: 392.291058
Epoch  91 | Loss: 390.117905
Epoch  92 | Loss: 387.945644
Epoch  93 | Loss: 386.264603
Epoch  94 | Loss: 384.995987
Epoch  95 | Loss: 384.329628
Epoch  96 | Loss: 386.503315
Epoch  97 | Loss: 390.057766
Epoch  98 | Loss: 379.898117
Epoch  99 | Loss: 380.024746
Epoch 100 | Loss: 373.579224
Epoch 101 | Loss: 373.812698
Epoch 102 | Loss: 370.092163
Epoch 103 | Loss: 368.208103
Epoch 104 | Loss: 367.609600
Epoch 105 | Loss: 366.667812
Epoch 106 | Loss: 364.373497
Epoch 107 | Loss: 362.658012
Epoch 108 | Loss: 361.334114
Epoch 109 | Loss: 365.187122
Epoch 110 | Loss: 361.014515
Epoch 111 | Loss: 359.243767
Epoch 112 | Loss: 357.058777
Epoch 113 | Loss: 353.575550
Epoch 114 | Loss: 353.113342
Epoch 115 | Loss: 351.470421
Epoch 116 | Loss: 351.178215
Epoch 117 | Loss: 349.059956
Epoch 118 | Loss: 348.990547
Epoch 119 | Loss: 343.658241
Epoch 120 | Loss: 345.968960
Epoch 121 | Loss: 348.659130
Epoch 122 | Loss: 341.262733
Epoch 123 | Loss: 341.300529
Epoch 124 | Loss: 336.045803
Epoch 125 | Loss: 333.860668
Epoch 126 | Loss: 333.514919
Epoch 127 | Loss: 331.025368
Epoch 128 | Loss: 332.154430
Epoch 129 | Loss: 331.473362
Epoch 130 | Loss: 328.777775
Epoch 131 | Loss: 325.013573
Epoch 132 | Loss: 324.445549
Epoch 133 | Loss: 324.438072
Epoch 134 | Loss: 321.435802
Epoch 135 | Loss: 320.776756
Epoch 136 | Loss: 319.542130
Epoch 137 | Loss: 319.452888
Epoch 138 | Loss: 318.727806
Epoch 139 | Loss: 321.453449
Epoch 140 | Loss: 319.606186
Epoch 141 | Loss: 314.780823
Epoch 142 | Loss: 313.273636
Epoch 143 | Loss: 312.275620
Epoch 144 | Loss: 311.552044
Epoch 145 | Loss: 311.123482
Epoch 146 | Loss: 309.616467
Epoch 147 | Loss: 308.333748
Epoch 148 | Loss: 311.962864
Epoch 149 | Loss: 307.886147
Epoch 150 | Loss: 309.900127
Epoch 151 | Loss: 305.995182
Epoch 152 | Loss: 309.465214
Epoch 153 | Loss: 308.308525
Epoch 154 | Loss: 305.441738
Epoch 155 | Loss: 306.678478
Epoch 156 | Loss: 302.987644
Epoch 157 | Loss: 302.403107
Epoch 158 | Loss: 302.101807
Epoch 159 | Loss: 302.062859
Epoch 160 | Loss: 301.550713
Epoch 161 | Loss: 304.558052
Epoch 162 | Loss: 300.230740
Epoch 163 | Loss: 301.257954
Epoch 164 | Loss: 299.861828
Epoch 165 | Loss: 298.601685
Epoch 166 | Loss: 297.766220
Epoch 167 | Loss: 298.894009
Epoch 168 | Loss: 297.267170
Epoch 169 | Loss: 296.797321
Epoch 170 | Loss: 296.760971
Epoch 171 | Loss: 298.289120
Epoch 172 | Loss: 299.653423
Epoch 173 | Loss: 300.570560
Epoch 174 | Loss: 299.243618
Epoch 175 | Loss: 300.605530
Epoch 176 | Loss: 295.567348
Epoch 177 | Loss: 297.017429
Epoch 178 | Loss: 294.155750
Epoch 179 | Loss: 295.543049
Epoch 180 | Loss: 294.858967
Epoch 181 | Loss: 295.981464
Epoch 182 | Loss: 300.112080
Epoch 183 | Loss: 297.213963
Epoch 184 | Loss: 296.051373
Epoch 185 | Loss: 297.613415
Epoch 186 | Loss: 296.832161
Epoch 187 | Loss: 290.328220
Epoch 188 | Loss: 291.143417
Epoch 189 | Loss: 291.480068
Epoch 190 | Loss: 294.374550
Epoch 191 | Loss: 292.021618
Epoch 192 | Loss: 290.943981
Epoch 193 | Loss: 289.839306
Epoch 194 | Loss: 288.367401
Epoch 195 | Loss: 289.169819
Epoch 196 | Loss: 287.505829
Epoch 197 | Loss: 288.011272
Epoch 198 | Loss: 291.314930
Epoch 199 | Loss: 287.810471
Epoch 200 | Loss: 288.411686
Epoch 201 | Loss: 286.909142
Epoch 202 | Loss: 288.477329
Epoch 203 | Loss: 287.335831
Epoch 204 | Loss: 285.639214
Epoch 205 | Loss: 284.333157
Epoch 206 | Loss: 283.809464
Epoch 207 | Loss: 283.380070
Epoch 208 | Loss: 284.097424
Epoch 209 | Loss: 285.619202
Epoch 210 | Loss: 282.650269
Epoch 211 | Loss: 282.286308
Epoch 212 | Loss: 282.332722
Epoch 213 | Loss: 282.609875
Epoch 214 | Loss: 282.748810
Epoch 215 | Loss: 283.132961
Epoch 216 | Loss: 285.524700
Epoch 217 | Loss: 285.589653
Epoch 218 | Loss: 288.878353
Epoch 219 | Loss: 286.988495
Epoch 220 | Loss: 284.906059
Epoch 221 | Loss: 283.659431
Epoch 222 | Loss: 285.632397
Epoch 223 | Loss: 283.193455
Epoch 224 | Loss: 280.048443
Epoch 225 | Loss: 278.646187
Epoch 226 | Loss: 279.750645
Epoch 227 | Loss: 277.927872
Epoch 228 | Loss: 278.449795
Epoch 229 | Loss: 278.072136
Epoch 230 | Loss: 277.614594
Epoch 231 | Loss: 276.605698
Epoch 232 | Loss: 277.385361
Epoch 233 | Loss: 276.273827
Epoch 234 | Loss: 278.024467
Epoch 235 | Loss: 277.060444
Epoch 236 | Loss: 276.368038
Epoch 237 | Loss: 274.660717
Epoch 238 | Loss: 274.965397
Epoch 239 | Loss: 275.411423
Epoch 240 | Loss: 274.319626
Epoch 241 | Loss: 274.553299
Epoch 242 | Loss: 274.900791
Epoch 243 | Loss: 274.711285
Epoch 244 | Loss: 277.497009
Epoch 245 | Loss: 276.481430
Epoch 246 | Loss: 276.759647
Epoch 247 | Loss: 274.161255
Epoch 248 | Loss: 272.567654
Epoch 249 | Loss: 271.802567
Epoch 250 | Loss: 271.284748
Epoch 251 | Loss: 272.811123
Epoch 252 | Loss: 271.628563
Epoch 253 | Loss: 270.870718
Epoch 254 | Loss: 270.672579
Epoch 255 | Loss: 271.104553
Epoch 256 | Loss: 269.822435
Epoch 257 | Loss: 276.188412
Epoch 258 | Loss: 273.328722
Epoch 259 | Loss: 274.897926
Epoch 260 | Loss: 270.033653
Epoch 261 | Loss: 269.551153
Epoch 262 | Loss: 268.736061
Epoch 263 | Loss: 268.450043
Epoch 264 | Loss: 270.925377
Epoch 265 | Loss: 268.674335
Epoch 266 | Loss: 276.377663
Epoch 267 | Loss: 277.847610
Epoch 268 | Loss: 278.868683
Epoch 269 | Loss: 267.149200
Epoch 270 | Loss: 267.455971
Epoch 271 | Loss: 269.330095
Epoch 272 | Loss: 266.225273
Epoch 273 | Loss: 264.666389
Epoch 274 | Loss: 264.412048
Epoch 275 | Loss: 264.381947
Epoch 276 | Loss: 263.999119
Epoch 277 | Loss: 264.469254
Epoch 278 | Loss: 263.846781
Epoch 279 | Loss: 263.135679
Epoch 280 | Loss: 262.396235
Epoch 281 | Loss: 262.310774
Epoch 282 | Loss: 262.651348
Epoch 283 | Loss: 262.720163
Epoch 284 | Loss: 262.600460
Epoch 285 | Loss: 263.045019
Epoch 286 | Loss: 263.915436
Epoch 287 | Loss: 265.352156
Epoch 288 | Loss: 262.004490
Epoch 289 | Loss: 260.586090
Epoch 290 | Loss: 260.662409
Epoch 291 | Loss: 263.671545
Epoch 292 | Loss: 263.555622
Epoch 293 | Loss: 261.476236
Epoch 294 | Loss: 260.723537
Epoch 295 | Loss: 259.709187
Epoch 296 | Loss: 259.104752
Epoch 297 | Loss: 258.761230
Epoch 298 | Loss: 258.497341
Epoch 299 | Loss: 257.415197
Epoch 300 | Loss: 259.252567
Epoch 301 | Loss: 258.816851
Epoch 302 | Loss: 261.684219
Epoch 303 | Loss: 261.653650
Epoch 304 | Loss: 257.591454
Epoch 305 | Loss: 256.684292
Epoch 306 | Loss: 257.331213
Epoch 307 | Loss: 258.850349
Epoch 308 | Loss: 256.897667
Epoch 309 | Loss: 255.782555
Epoch 310 | Loss: 255.178652
Epoch 311 | Loss: 255.842875
Epoch 312 | Loss: 255.166765
Epoch 313 | Loss: 255.637897
Epoch 314 | Loss: 255.409014
Epoch 315 | Loss: 254.759573
Epoch 316 | Loss: 254.321156
Epoch 317 | Loss: 254.623672
Epoch 318 | Loss: 257.923496
Epoch 319 | Loss: 254.596485
Epoch 320 | Loss: 252.853170
Epoch 321 | Loss: 252.250505
Epoch 322 | Loss: 254.925051
Epoch 323 | Loss: 256.225491
Epoch 324 | Loss: 254.633617
Epoch 325 | Loss: 251.779491
Epoch 326 | Loss: 250.745653
Epoch 327 | Loss: 252.569481
Epoch 328 | Loss: 251.981796
Epoch 329 | Loss: 251.062563
Epoch 330 | Loss: 250.591640
Epoch 331 | Loss: 249.980450
Epoch 332 | Loss: 251.331097
Epoch 333 | Loss: 249.676802
Epoch 334 | Loss: 249.460293
Epoch 335 | Loss: 249.926643
Epoch 336 | Loss: 250.046249
Epoch 337 | Loss: 247.816164
Epoch 338 | Loss: 249.861902
Epoch 339 | Loss: 250.397238
Epoch 340 | Loss: 247.342760
Epoch 341 | Loss: 247.658495
Epoch 342 | Loss: 247.844156
Epoch 343 | Loss: 246.359676
Epoch 344 | Loss: 246.689129
Epoch 345 | Loss: 246.021395
Epoch 346 | Loss: 245.570259
Epoch 347 | Loss: 248.401199
Epoch 348 | Loss: 249.514229
Epoch 349 | Loss: 250.938232
Epoch 350 | Loss: 244.991423
Epoch 351 | Loss: 243.825600
Epoch 352 | Loss: 245.736443
Epoch 353 | Loss: 245.761915
Epoch 354 | Loss: 243.883020
Epoch 355 | Loss: 243.851788
Epoch 356 | Loss: 242.958363
Epoch 357 | Loss: 243.360374
Epoch 358 | Loss: 243.064215
Epoch 359 | Loss: 244.258581
Epoch 360 | Loss: 243.152136
Epoch 361 | Loss: 242.339409
Epoch 362 | Loss: 244.596912
Epoch 363 | Loss: 241.839447
Epoch 364 | Loss: 240.285271
Epoch 365 | Loss: 240.148947
Epoch 366 | Loss: 239.373999
Epoch 367 | Loss: 240.255713
Epoch 368 | Loss: 239.562780
Epoch 369 | Loss: 240.711884
Epoch 370 | Loss: 238.955294
Epoch 371 | Loss: 239.479544
Epoch 372 | Loss: 240.962385
Epoch 373 | Loss: 241.005630
Epoch 374 | Loss: 246.456812
Epoch 375 | Loss: 249.422720
Epoch 376 | Loss: 240.897682
Epoch 377 | Loss: 236.000038
Epoch 378 | Loss: 235.633244
Epoch 379 | Loss: 236.429834
Epoch 380 | Loss: 236.212460
Epoch 381 | Loss: 237.092299
Epoch 382 | Loss: 237.063734
Epoch 383 | Loss: 238.372080
Epoch 384 | Loss: 234.407230
Epoch 385 | Loss: 237.468069
Epoch 386 | Loss: 240.706770
Epoch 387 | Loss: 234.717173
Epoch 388 | Loss: 233.673338
Epoch 389 | Loss: 233.290787
Epoch 390 | Loss: 231.968990
Epoch 391 | Loss: 233.426899
Epoch 392 | Loss: 232.710758
Epoch 393 | Loss: 231.518326
Epoch 394 | Loss: 231.356779
Epoch 395 | Loss: 230.363541
Epoch 396 | Loss: 229.407265
Epoch 397 | Loss: 229.620855
Epoch 398 | Loss: 230.570318
Epoch 399 | Loss: 229.078083
Epoch 400 | Loss: 228.947506
Epoch 401 | Loss: 230.811716
Epoch 402 | Loss: 231.920012
Epoch 403 | Loss: 227.969994
Epoch 404 | Loss: 227.532516
Epoch 405 | Loss: 227.466846
Epoch 406 | Loss: 229.416891
Epoch 407 | Loss: 227.288897
Epoch 408 | Loss: 228.232178
Epoch 409 | Loss: 228.360859
Epoch 410 | Loss: 227.442347
Epoch 411 | Loss: 225.432194
Epoch 412 | Loss: 224.079370
Epoch 413 | Loss: 224.325258
Epoch 414 | Loss: 223.986282
Epoch 415 | Loss: 223.070412
Epoch 416 | Loss: 223.311827
Epoch 417 | Loss: 223.186279
Epoch 418 | Loss: 222.162313
Epoch 419 | Loss: 223.921118
Epoch 420 | Loss: 224.658588
Epoch 421 | Loss: 225.678627
Epoch 422 | Loss: 222.744949
Epoch 423 | Loss: 224.215893
Epoch 424 | Loss: 220.878740
Epoch 425 | Loss: 221.805243
Epoch 426 | Loss: 221.958281
Epoch 427 | Loss: 221.557894
Epoch 428 | Loss: 220.832321
Epoch 429 | Loss: 221.188433
Epoch 430 | Loss: 221.578276
Epoch 431 | Loss: 221.158539
Epoch 432 | Loss: 216.690001
Epoch 433 | Loss: 216.181326
Epoch 434 | Loss: 216.023266
Epoch 435 | Loss: 216.339632
Epoch 436 | Loss: 214.754328
Epoch 437 | Loss: 215.902840
Epoch 438 | Loss: 216.621475
Epoch 439 | Loss: 214.336960
Epoch 440 | Loss: 214.404711
Epoch 441 | Loss: 213.263227
Epoch 442 | Loss: 212.498104
Epoch 443 | Loss: 213.569115
Epoch 444 | Loss: 212.774771
Epoch 445 | Loss: 211.240911
Epoch 446 | Loss: 210.814198
Epoch 447 | Loss: 211.354071
Epoch 448 | Loss: 209.984367
Epoch 449 | Loss: 209.633581
Epoch 450 | Loss: 210.074064
Epoch 451 | Loss: 208.830137
Epoch 452 | Loss: 210.672693
Epoch 453 | Loss: 211.458820
Epoch 454 | Loss: 215.309601
Epoch 455 | Loss: 211.745646
Epoch 456 | Loss: 208.344971
Epoch 457 | Loss: 206.739002
Epoch 458 | Loss: 206.226067
Epoch 459 | Loss: 205.053787
Epoch 460 | Loss: 206.383228
Epoch 461 | Loss: 205.606173
Epoch 462 | Loss: 204.082993
Epoch 463 | Loss: 203.615211
Epoch 464 | Loss: 203.441460
Epoch 465 | Loss: 202.547421
Epoch 466 | Loss: 202.544004
Epoch 467 | Loss: 203.536415
Epoch 468 | Loss: 204.560305
Epoch 469 | Loss: 202.185282
Epoch 470 | Loss: 201.936010
Epoch 471 | Loss: 200.281860
Epoch 472 | Loss: 199.550144
Epoch 473 | Loss: 200.320724
Epoch 474 | Loss: 199.759396
Epoch 475 | Loss: 199.722761
Epoch 476 | Loss: 198.236403
Epoch 477 | Loss: 197.765118
Epoch 478 | Loss: 197.928169
Epoch 479 | Loss: 197.888866
Epoch 480 | Loss: 196.226126
Epoch 481 | Loss: 195.878576
Epoch 482 | Loss: 195.489223
Epoch 483 | Loss: 195.938845
Epoch 484 | Loss: 195.948709
Epoch 485 | Loss: 195.936087
Epoch 486 | Loss: 196.476479
Epoch 487 | Loss: 200.486170
Epoch 488 | Loss: 196.697334
Epoch 489 | Loss: 194.025099
Epoch 490 | Loss: 193.229647
Epoch 491 | Loss: 191.890152
Epoch 492 | Loss: 192.630024
Epoch 493 | Loss: 191.191069
Epoch 494 | Loss: 191.381468
Epoch 495 | Loss: 191.438679
Epoch 496 | Loss: 188.545601
Epoch 497 | Loss: 188.117634
Epoch 498 | Loss: 188.959558
Epoch 499 | Loss: 187.632271
Epoch 500 | Loss: 186.701483
Epoch 501 | Loss: 187.207010
Epoch 502 | Loss: 185.695650
Epoch 503 | Loss: 186.645395
Epoch 504 | Loss: 185.380775
Epoch 505 | Loss: 185.682236
Epoch 506 | Loss: 185.383835
Epoch 507 | Loss: 184.178162
Epoch 508 | Loss: 184.024424
Epoch 509 | Loss: 183.922789
Epoch 510 | Loss: 182.413671
Epoch 511 | Loss: 182.325480
Epoch 512 | Loss: 182.607948
Epoch 513 | Loss: 181.348066
Epoch 514 | Loss: 181.244244
Epoch 515 | Loss: 184.001804
Epoch 516 | Loss: 181.165585
Epoch 517 | Loss: 179.605259
Epoch 518 | Loss: 179.946440
Epoch 519 | Loss: 179.091063
Epoch 520 | Loss: 179.512636
Epoch 521 | Loss: 177.613926
Epoch 522 | Loss: 177.359900
Epoch 523 | Loss: 176.447567
Epoch 524 | Loss: 177.111256
Epoch 525 | Loss: 176.183388
Epoch 526 | Loss: 176.034922
Epoch 527 | Loss: 176.815170
Epoch 528 | Loss: 175.711685
Epoch 529 | Loss: 174.574326
Epoch 530 | Loss: 175.395348
Epoch 531 | Loss: 173.988152
Epoch 532 | Loss: 173.709023
Epoch 533 | Loss: 173.080881
Epoch 534 | Loss: 176.141697
Epoch 535 | Loss: 173.873278
Epoch 536 | Loss: 171.976877
Epoch 537 | Loss: 172.335318
Epoch 538 | Loss: 171.200523
Epoch 539 | Loss: 170.804993
Epoch 540 | Loss: 170.097477
Epoch 541 | Loss: 169.090092
Epoch 542 | Loss: 172.643076
Epoch 543 | Loss: 172.466545
Epoch 544 | Loss: 173.714466
Epoch 545 | Loss: 172.107761
Epoch 546 | Loss: 173.695473
Epoch 547 | Loss: 171.543005
Epoch 548 | Loss: 169.346313
Epoch 549 | Loss: 167.321436
Epoch 550 | Loss: 166.039989
Epoch 551 | Loss: 166.164516
Epoch 552 | Loss: 165.844473
Epoch 553 | Loss: 164.981522
Epoch 554 | Loss: 164.822752
Epoch 555 | Loss: 164.635685
Epoch 556 | Loss: 164.691374
Epoch 557 | Loss: 164.789242
Epoch 558 | Loss: 163.604284
Epoch 559 | Loss: 163.778669
Epoch 560 | Loss: 162.554379
Epoch 561 | Loss: 161.705889
Epoch 562 | Loss: 161.666971
Epoch 563 | Loss: 161.051697
Epoch 564 | Loss: 160.733870
Epoch 565 | Loss: 160.195911
Epoch 566 | Loss: 159.724396
Epoch 567 | Loss: 160.102329
Epoch 568 | Loss: 159.811468
Epoch 569 | Loss: 161.460356
Epoch 570 | Loss: 159.365446
Epoch 571 | Loss: 158.513571
Epoch 572 | Loss: 158.617165
Epoch 573 | Loss: 158.774687
Epoch 574 | Loss: 158.391544
Epoch 575 | Loss: 158.505787
Epoch 576 | Loss: 161.014915
Epoch 577 | Loss: 160.374645
Epoch 578 | Loss: 157.377415
Epoch 579 | Loss: 156.307623
Epoch 580 | Loss: 155.315636
Epoch 581 | Loss: 156.465061
Epoch 582 | Loss: 159.119076
Epoch 583 | Loss: 158.745733
Epoch 584 | Loss: 154.151611
Epoch 585 | Loss: 156.441320
Epoch 586 | Loss: 155.703510
Epoch 587 | Loss: 155.943386
Epoch 588 | Loss: 155.579939
Epoch 589 | Loss: 155.431948
Epoch 590 | Loss: 153.471304
Epoch 591 | Loss: 153.034096
Epoch 592 | Loss: 153.268368
Epoch 593 | Loss: 153.379208
Epoch 594 | Loss: 153.337166
Epoch 595 | Loss: 151.556917
Epoch 596 | Loss: 151.080019
Epoch 597 | Loss: 151.132275
Epoch 598 | Loss: 151.737787
Epoch 599 | Loss: 150.330706
Epoch 600 | Loss: 150.436466
/data5/store1/wry-u22/anaconda3/envs/py311/lib/python3.11/site-packages/torch_geometric/deprecation.py:26: UserWarning: 'data.DataLoader' is deprecated, use 'loader.DataLoader' instead
  warnings.warn(out)

Test Results:
  MAE Energy Loss: 0.014628
  MAE Force Loss : 0.090622
