nohup: 忽略输入
/data5/store1/wry-u22/anaconda3/envs/py311/lib/python3.11/site-packages/torch_geometric/deprecation.py:26: UserWarning: 'data.DataLoader' is deprecated, use 'loader.DataLoader' instead
  warnings.warn(out)
cuda
Epoch   1 | Loss: 1067.641586
Epoch   2 | Loss: 1062.955078
Epoch   3 | Loss: 1062.874878
Epoch   4 | Loss: 1062.399834
Epoch   5 | Loss: 1062.956512
Epoch   6 | Loss: 1061.838959
Epoch   7 | Loss: 1060.213028
Epoch   8 | Loss: 1060.821297
Epoch   9 | Loss: 1061.933571
Epoch  10 | Loss: 1062.701347
Epoch  11 | Loss: 1062.712631
Epoch  12 | Loss: 1060.947113
Epoch  13 | Loss: 1063.715866
Epoch  14 | Loss: 1061.669037
Epoch  15 | Loss: 1060.711182
Epoch  16 | Loss: 1060.909317
Epoch  17 | Loss: 1061.064316
Epoch  18 | Loss: 1062.414246
Epoch  19 | Loss: 1060.921448
Epoch  20 | Loss: 1059.848579
Epoch  21 | Loss: 1057.764610
Epoch  22 | Loss: 1057.249741
Epoch  23 | Loss: 1050.829681
Epoch  24 | Loss: 1045.968925
Epoch  25 | Loss: 1031.894638
Epoch  26 | Loss: 1004.519226
Epoch  27 | Loss: 969.317680
Epoch  28 | Loss: 932.068024
Epoch  29 | Loss: 914.623337
Epoch  30 | Loss: 899.587234
Epoch  31 | Loss: 885.767921
Epoch  32 | Loss: 866.437859
Epoch  33 | Loss: 863.066017
Epoch  34 | Loss: 843.562645
Epoch  35 | Loss: 819.742516
Epoch  36 | Loss: 802.829399
Epoch  37 | Loss: 784.623787
Epoch  38 | Loss: 774.834625
Epoch  39 | Loss: 758.710884
Epoch  40 | Loss: 747.069679
Epoch  41 | Loss: 739.226379
Epoch  42 | Loss: 723.860916
Epoch  43 | Loss: 719.322166
Epoch  44 | Loss: 712.976540
Epoch  45 | Loss: 705.809479
Epoch  46 | Loss: 703.953743
Epoch  47 | Loss: 701.597336
Epoch  48 | Loss: 692.862381
Epoch  49 | Loss: 687.932983
Epoch  50 | Loss: 685.030823
Epoch  51 | Loss: 683.967796
Epoch  52 | Loss: 696.163979
Epoch  53 | Loss: 680.493446
Epoch  54 | Loss: 672.320038
Epoch  55 | Loss: 673.580109
Epoch  56 | Loss: 672.403152
Epoch  57 | Loss: 670.258179
Epoch  58 | Loss: 665.942719
Epoch  59 | Loss: 665.890915
Epoch  60 | Loss: 662.162811
Epoch  61 | Loss: 659.556404
Epoch  62 | Loss: 657.890472
Epoch  63 | Loss: 658.120155
Epoch  64 | Loss: 656.709785
Epoch  65 | Loss: 659.064911
Epoch  66 | Loss: 653.202095
Epoch  67 | Loss: 651.953682
Epoch  68 | Loss: 650.223152
Epoch  69 | Loss: 645.994911
Epoch  70 | Loss: 645.374611
Epoch  71 | Loss: 642.839844
Epoch  72 | Loss: 641.314026
Epoch  73 | Loss: 638.832092
Epoch  74 | Loss: 638.754959
Epoch  75 | Loss: 635.881752
Epoch  76 | Loss: 634.490654
Epoch  77 | Loss: 634.359352
Epoch  78 | Loss: 632.942123
Epoch  79 | Loss: 632.170090
Epoch  80 | Loss: 626.895515
Epoch  81 | Loss: 624.975067
Epoch  82 | Loss: 628.447617
Epoch  83 | Loss: 628.434982
Epoch  84 | Loss: 622.748215
Epoch  85 | Loss: 622.345581
Epoch  86 | Loss: 619.316216
Epoch  87 | Loss: 621.688316
Epoch  88 | Loss: 618.423737
Epoch  89 | Loss: 621.459435
Epoch  90 | Loss: 615.118332
Epoch  91 | Loss: 615.758293
Epoch  92 | Loss: 610.418213
Epoch  93 | Loss: 609.786446
Epoch  94 | Loss: 605.217072
Epoch  95 | Loss: 612.271423
Epoch  96 | Loss: 608.555725
Epoch  97 | Loss: 612.053314
Epoch  98 | Loss: 600.815331
Epoch  99 | Loss: 598.159904
Epoch 100 | Loss: 595.996284
Epoch 101 | Loss: 594.276070
Epoch 102 | Loss: 589.584587
Epoch 103 | Loss: 588.609413
Epoch 104 | Loss: 584.302834
Epoch 105 | Loss: 580.635155
Epoch 106 | Loss: 579.696045
Epoch 107 | Loss: 575.247414
Epoch 108 | Loss: 574.284805
Epoch 109 | Loss: 569.355087
Epoch 110 | Loss: 564.655777
Epoch 111 | Loss: 562.469021
Epoch 112 | Loss: 557.036316
Epoch 113 | Loss: 550.439774
Epoch 114 | Loss: 547.399559
Epoch 115 | Loss: 544.182091
Epoch 116 | Loss: 538.817066
Epoch 117 | Loss: 531.972477
Epoch 118 | Loss: 530.827797
Epoch 119 | Loss: 529.938309
Epoch 120 | Loss: 522.409920
Epoch 121 | Loss: 514.651787
Epoch 122 | Loss: 508.067570
Epoch 123 | Loss: 502.362057
Epoch 124 | Loss: 498.520618
Epoch 125 | Loss: 489.230297
Epoch 126 | Loss: 484.907303
Epoch 127 | Loss: 480.647835
Epoch 128 | Loss: 472.088799
Epoch 129 | Loss: 468.182953
Epoch 130 | Loss: 465.635262
Epoch 131 | Loss: 458.741489
Epoch 132 | Loss: 453.128811
Epoch 133 | Loss: 450.153500
Epoch 134 | Loss: 446.824131
Epoch 135 | Loss: 451.828167
Epoch 136 | Loss: 439.335571
Epoch 137 | Loss: 436.564308
Epoch 138 | Loss: 433.153080
Epoch 139 | Loss: 430.265186
Epoch 140 | Loss: 431.141407
Epoch 141 | Loss: 426.887157
Epoch 142 | Loss: 429.187454
Epoch 143 | Loss: 421.624664
Epoch 144 | Loss: 419.784027
Epoch 145 | Loss: 419.867596
Epoch 146 | Loss: 415.935966
Epoch 147 | Loss: 413.627827
Epoch 148 | Loss: 416.728054
Epoch 149 | Loss: 415.746128
Epoch 150 | Loss: 412.394657
Epoch 151 | Loss: 409.630421
Epoch 152 | Loss: 408.444359
Epoch 153 | Loss: 407.072693
Epoch 154 | Loss: 407.915699
Epoch 155 | Loss: 407.298927
Epoch 156 | Loss: 408.180176
Epoch 157 | Loss: 401.249054
Epoch 158 | Loss: 402.306870
Epoch 159 | Loss: 401.629932
Epoch 160 | Loss: 401.896954
Epoch 161 | Loss: 398.325691
Epoch 162 | Loss: 396.827599
Epoch 163 | Loss: 396.719261
Epoch 164 | Loss: 395.402210
Epoch 165 | Loss: 394.664894
Epoch 166 | Loss: 393.569901
Epoch 167 | Loss: 392.166142
Epoch 168 | Loss: 390.954762
Epoch 169 | Loss: 390.360744
Epoch 170 | Loss: 393.446327
Epoch 171 | Loss: 392.199879
Epoch 172 | Loss: 395.028278
Epoch 173 | Loss: 390.291306
Epoch 174 | Loss: 387.379707
Epoch 175 | Loss: 384.976536
Epoch 176 | Loss: 383.954262
Epoch 177 | Loss: 385.155560
Epoch 178 | Loss: 383.208179
Epoch 179 | Loss: 382.052212
Epoch 180 | Loss: 385.078938
Epoch 181 | Loss: 382.556236
Epoch 182 | Loss: 382.703762
Epoch 183 | Loss: 379.330284
Epoch 184 | Loss: 378.892025
Epoch 185 | Loss: 379.758720
Epoch 186 | Loss: 377.916641
Epoch 187 | Loss: 376.933758
Epoch 188 | Loss: 376.939777
Epoch 189 | Loss: 377.690678
Epoch 190 | Loss: 376.604912
Epoch 191 | Loss: 374.245720
Epoch 192 | Loss: 373.863640
Epoch 193 | Loss: 373.796017
Epoch 194 | Loss: 373.504925
Epoch 195 | Loss: 372.768101
Epoch 196 | Loss: 376.459984
Epoch 197 | Loss: 372.108791
Epoch 198 | Loss: 370.670177
Epoch 199 | Loss: 371.703381
Epoch 200 | Loss: 376.250221
Epoch 201 | Loss: 370.551029
Epoch 202 | Loss: 371.602615
Epoch 203 | Loss: 371.331047
Epoch 204 | Loss: 370.490410
Epoch 205 | Loss: 368.886421
Epoch 206 | Loss: 366.592464
Epoch 207 | Loss: 369.213638
Epoch 208 | Loss: 369.516434
Epoch 209 | Loss: 365.809822
Epoch 210 | Loss: 365.665329
Epoch 211 | Loss: 365.651665
Epoch 212 | Loss: 365.863373
Epoch 213 | Loss: 365.992023
Epoch 214 | Loss: 364.712219
Epoch 215 | Loss: 365.619209
Epoch 216 | Loss: 367.951424
Epoch 217 | Loss: 369.001202
Epoch 218 | Loss: 366.395767
Epoch 219 | Loss: 365.348454
Epoch 220 | Loss: 362.150463
Epoch 221 | Loss: 362.174168
Epoch 222 | Loss: 360.531857
Epoch 223 | Loss: 359.417423
Epoch 224 | Loss: 361.691349
Epoch 225 | Loss: 359.706795
Epoch 226 | Loss: 360.084747
Epoch 227 | Loss: 359.787102
Epoch 228 | Loss: 359.634678
Epoch 229 | Loss: 358.781475
Epoch 230 | Loss: 357.812672
Epoch 231 | Loss: 357.148979
Epoch 232 | Loss: 358.407532
Epoch 233 | Loss: 359.352921
Epoch 234 | Loss: 356.199429
Epoch 235 | Loss: 357.881069
Epoch 236 | Loss: 358.055744
Epoch 237 | Loss: 357.852451
Epoch 238 | Loss: 358.839066
Epoch 239 | Loss: 358.213425
Epoch 240 | Loss: 356.676689
Epoch 241 | Loss: 360.465347
Epoch 242 | Loss: 360.707588
Epoch 243 | Loss: 358.171223
Epoch 244 | Loss: 354.304581
Epoch 245 | Loss: 353.117565
Epoch 246 | Loss: 355.507080
Epoch 247 | Loss: 351.946629
Epoch 248 | Loss: 353.893913
Epoch 249 | Loss: 352.897125
Epoch 250 | Loss: 356.025902
Epoch 251 | Loss: 353.935261
Epoch 252 | Loss: 353.548912
Epoch 253 | Loss: 351.796463
Epoch 254 | Loss: 352.648514
Epoch 255 | Loss: 353.307625
Epoch 256 | Loss: 356.255428
Epoch 257 | Loss: 358.202961
Epoch 258 | Loss: 353.019360
Epoch 259 | Loss: 349.866821
Epoch 260 | Loss: 349.216915
Epoch 261 | Loss: 349.039032
Epoch 262 | Loss: 349.131527
Epoch 263 | Loss: 349.324162
Epoch 264 | Loss: 348.949776
Epoch 265 | Loss: 356.108475
Epoch 266 | Loss: 351.102890
Epoch 267 | Loss: 347.816601
Epoch 268 | Loss: 348.420887
Epoch 269 | Loss: 348.898651
Epoch 270 | Loss: 348.709381
Epoch 271 | Loss: 349.653107
Epoch 272 | Loss: 346.213951
Epoch 273 | Loss: 346.751968
Epoch 274 | Loss: 346.639587
Epoch 275 | Loss: 345.876369
Epoch 276 | Loss: 347.043415
Epoch 277 | Loss: 345.123688
Epoch 278 | Loss: 349.571754
Epoch 279 | Loss: 347.282532
Epoch 280 | Loss: 346.390339
Epoch 281 | Loss: 350.811749
Epoch 282 | Loss: 347.237457
Epoch 283 | Loss: 344.634151
Epoch 284 | Loss: 344.481640
Epoch 285 | Loss: 348.039150
Epoch 286 | Loss: 344.124992
Epoch 287 | Loss: 344.258999
Epoch 288 | Loss: 344.979630
Epoch 289 | Loss: 346.735176
Epoch 290 | Loss: 345.998875
Epoch 291 | Loss: 344.152317
Epoch 292 | Loss: 343.606804
Epoch 293 | Loss: 341.737038
Epoch 294 | Loss: 342.690731
Epoch 295 | Loss: 346.383533
Epoch 296 | Loss: 344.260246
Epoch 297 | Loss: 340.953751
Epoch 298 | Loss: 340.619278
Epoch 299 | Loss: 342.411652
Epoch 300 | Loss: 342.305660
Epoch 301 | Loss: 342.995182
Epoch 302 | Loss: 340.502041
Epoch 303 | Loss: 339.683010
Epoch 304 | Loss: 340.130932
Epoch 305 | Loss: 340.942043
Epoch 306 | Loss: 339.290535
Epoch 307 | Loss: 340.339962
Epoch 308 | Loss: 341.060894
Epoch 309 | Loss: 339.285057
Epoch 310 | Loss: 340.974400
Epoch 311 | Loss: 341.063324
Epoch 312 | Loss: 343.212032
Epoch 313 | Loss: 340.806606
Epoch 314 | Loss: 338.557171
Epoch 315 | Loss: 340.797745
Epoch 316 | Loss: 338.522320
Epoch 317 | Loss: 339.044098
Epoch 318 | Loss: 340.219292
Epoch 319 | Loss: 339.874245
Epoch 320 | Loss: 340.086433
Epoch 321 | Loss: 339.345860
Epoch 322 | Loss: 340.153408
Epoch 323 | Loss: 340.615265
Epoch 324 | Loss: 338.653778
Epoch 325 | Loss: 336.058567
Epoch 326 | Loss: 339.966885
Epoch 327 | Loss: 341.582664
Epoch 328 | Loss: 340.802074
Epoch 329 | Loss: 336.672413
Epoch 330 | Loss: 338.006424
Epoch 331 | Loss: 337.363052
Epoch 332 | Loss: 336.280140
Epoch 333 | Loss: 335.451557
Epoch 334 | Loss: 335.276516
Epoch 335 | Loss: 335.161976
Epoch 336 | Loss: 336.616520
Epoch 337 | Loss: 335.079796
Epoch 338 | Loss: 334.387360
Epoch 339 | Loss: 336.319622
Epoch 340 | Loss: 334.137432
Epoch 341 | Loss: 334.460102
Epoch 342 | Loss: 334.047916
Epoch 343 | Loss: 334.622810
Epoch 344 | Loss: 335.529671
Epoch 345 | Loss: 337.396912
Epoch 346 | Loss: 335.045959
Epoch 347 | Loss: 336.425373
Epoch 348 | Loss: 333.315865
Epoch 349 | Loss: 333.306217
Epoch 350 | Loss: 332.827309
Epoch 351 | Loss: 331.899849
Epoch 352 | Loss: 332.022789
Epoch 353 | Loss: 332.329292
Epoch 354 | Loss: 330.972214
Epoch 355 | Loss: 338.074802
Epoch 356 | Loss: 335.391548
Epoch 357 | Loss: 331.341610
Epoch 358 | Loss: 331.622215
Epoch 359 | Loss: 335.747879
Epoch 360 | Loss: 337.029095
Epoch 361 | Loss: 332.413300
Epoch 362 | Loss: 331.205421
Epoch 363 | Loss: 331.196274
Epoch 364 | Loss: 330.905190
Epoch 365 | Loss: 332.475967
Epoch 366 | Loss: 333.197929
Epoch 367 | Loss: 330.212051
Epoch 368 | Loss: 330.812721
Epoch 369 | Loss: 329.694508
Epoch 370 | Loss: 330.584808
Epoch 371 | Loss: 331.210720
Epoch 372 | Loss: 334.798626
Epoch 373 | Loss: 330.419228
Epoch 374 | Loss: 331.472763
Epoch 375 | Loss: 332.958076
Epoch 376 | Loss: 331.630859
Epoch 377 | Loss: 329.373306
Epoch 378 | Loss: 328.741734
Epoch 379 | Loss: 331.428219
Epoch 380 | Loss: 329.904285
Epoch 381 | Loss: 330.458847
Epoch 382 | Loss: 329.025749
Epoch 383 | Loss: 327.966499
Epoch 384 | Loss: 327.904530
Epoch 385 | Loss: 328.305790
Epoch 386 | Loss: 328.246765
Epoch 387 | Loss: 329.535603
Epoch 388 | Loss: 329.934269
Epoch 389 | Loss: 326.877773
Epoch 390 | Loss: 327.422695
Epoch 391 | Loss: 326.510349
Epoch 392 | Loss: 326.182858
Epoch 393 | Loss: 326.622177
Epoch 394 | Loss: 329.065041
Epoch 395 | Loss: 327.414074
Epoch 396 | Loss: 328.754608
Epoch 397 | Loss: 329.691151
Epoch 398 | Loss: 329.328053
Epoch 399 | Loss: 326.645741
Epoch 400 | Loss: 327.420040
Epoch 401 | Loss: 329.819870
Epoch 402 | Loss: 327.586189
Epoch 403 | Loss: 326.217724
Epoch 404 | Loss: 325.358883
Epoch 405 | Loss: 325.394306
Epoch 406 | Loss: 326.262222
Epoch 407 | Loss: 324.573864
Epoch 408 | Loss: 327.917656
Epoch 409 | Loss: 326.393314
Epoch 410 | Loss: 324.489498
Epoch 411 | Loss: 325.371086
Epoch 412 | Loss: 325.940277
Epoch 413 | Loss: 324.276848
Epoch 414 | Loss: 323.004013
Epoch 415 | Loss: 325.498920
Epoch 416 | Loss: 325.846069
Epoch 417 | Loss: 323.395874
Epoch 418 | Loss: 323.640728
Epoch 419 | Loss: 323.190365
Epoch 420 | Loss: 323.081650
Epoch 421 | Loss: 324.963451
Epoch 422 | Loss: 331.109203
Epoch 423 | Loss: 326.165085
Epoch 424 | Loss: 325.907784
Epoch 425 | Loss: 326.128838
Epoch 426 | Loss: 324.582672
Epoch 427 | Loss: 323.509872
Epoch 428 | Loss: 322.237305
Epoch 429 | Loss: 322.854919
Epoch 430 | Loss: 326.291126
Epoch 431 | Loss: 323.813457
Epoch 432 | Loss: 323.309704
Epoch 433 | Loss: 323.386269
Epoch 434 | Loss: 322.921101
Epoch 435 | Loss: 322.795475
Epoch 436 | Loss: 322.451916
Epoch 437 | Loss: 321.559910
Epoch 438 | Loss: 321.042110
Epoch 439 | Loss: 321.051296
Epoch 440 | Loss: 321.176205
Epoch 441 | Loss: 320.981113
Epoch 442 | Loss: 323.098442
Epoch 443 | Loss: 321.172607
Epoch 444 | Loss: 320.996426
Epoch 445 | Loss: 320.603035
Epoch 446 | Loss: 320.384872
Epoch 447 | Loss: 320.230724
Epoch 448 | Loss: 323.999016
Epoch 449 | Loss: 322.051914
Epoch 450 | Loss: 321.912430
Epoch 451 | Loss: 321.906246
Epoch 452 | Loss: 323.954929
Epoch 453 | Loss: 325.061695
Epoch 454 | Loss: 320.481335
Epoch 455 | Loss: 319.321884
Epoch 456 | Loss: 319.954967
Epoch 457 | Loss: 321.950069
Epoch 458 | Loss: 320.215229
Epoch 459 | Loss: 320.280346
Epoch 460 | Loss: 319.136742
Epoch 461 | Loss: 318.494385
Epoch 462 | Loss: 320.464958
Epoch 463 | Loss: 324.710964
Epoch 464 | Loss: 321.502728
Epoch 465 | Loss: 320.049515
Epoch 466 | Loss: 320.187828
Epoch 467 | Loss: 320.212833
Epoch 468 | Loss: 318.487862
Epoch 469 | Loss: 318.525562
Epoch 470 | Loss: 318.117046
Epoch 471 | Loss: 318.365971
Epoch 472 | Loss: 318.375973
Epoch 473 | Loss: 318.546474
Epoch 474 | Loss: 317.695122
Epoch 475 | Loss: 317.610756
Epoch 476 | Loss: 318.551067
Epoch 477 | Loss: 318.641079
Epoch 478 | Loss: 320.918159
Epoch 479 | Loss: 324.742229
Epoch 480 | Loss: 322.529953
Epoch 481 | Loss: 319.765560
Epoch 482 | Loss: 319.602448
Epoch 483 | Loss: 319.704033
Epoch 484 | Loss: 318.725773
Epoch 485 | Loss: 318.039238
Epoch 486 | Loss: 317.092274
Epoch 487 | Loss: 317.944035
Epoch 488 | Loss: 318.758694
Epoch 489 | Loss: 317.554207
Epoch 490 | Loss: 317.353996
Epoch 491 | Loss: 317.932476
Epoch 492 | Loss: 316.374111
Epoch 493 | Loss: 318.293617
Epoch 494 | Loss: 316.464321
Epoch 495 | Loss: 316.502735
Epoch 496 | Loss: 316.109848
Epoch 497 | Loss: 315.918518
Epoch 498 | Loss: 318.273609
Epoch 499 | Loss: 317.611607
Epoch 500 | Loss: 317.240681
Epoch 501 | Loss: 318.860397
Epoch 502 | Loss: 316.229271
Epoch 503 | Loss: 316.246094
Epoch 504 | Loss: 317.058083
Epoch 505 | Loss: 318.495338
Epoch 506 | Loss: 317.931599
Epoch 507 | Loss: 315.421253
Epoch 508 | Loss: 318.039677
Epoch 509 | Loss: 318.000195
Epoch 510 | Loss: 316.693569
Epoch 511 | Loss: 316.853779
Epoch 512 | Loss: 316.571522
Epoch 513 | Loss: 315.880161
Epoch 514 | Loss: 315.851223
Epoch 515 | Loss: 316.613995
Epoch 516 | Loss: 316.451160
Epoch 517 | Loss: 315.797958
Epoch 518 | Loss: 314.337074
Epoch 519 | Loss: 313.142223
Epoch 520 | Loss: 315.474895
Epoch 521 | Loss: 314.976234
Epoch 522 | Loss: 316.060459
Epoch 523 | Loss: 313.724480
Epoch 524 | Loss: 314.024509
Epoch 525 | Loss: 313.846237
Epoch 526 | Loss: 313.987484
Epoch 527 | Loss: 313.281384
Epoch 528 | Loss: 312.799984
Epoch 529 | Loss: 314.370895
Epoch 530 | Loss: 312.984272
Epoch 531 | Loss: 314.520729
Epoch 532 | Loss: 314.600655
Epoch 533 | Loss: 313.050297
Epoch 534 | Loss: 313.907166
Epoch 535 | Loss: 314.013008
Epoch 536 | Loss: 313.504250
Epoch 537 | Loss: 313.812675
Epoch 538 | Loss: 312.452297
Epoch 539 | Loss: 314.364639
Epoch 540 | Loss: 313.614796
Epoch 541 | Loss: 313.453190
Epoch 542 | Loss: 312.547329
Epoch 543 | Loss: 312.794384
Epoch 544 | Loss: 312.534164
Epoch 545 | Loss: 312.501312
Epoch 546 | Loss: 312.462624
Epoch 547 | Loss: 311.514591
Epoch 548 | Loss: 311.782475
Epoch 549 | Loss: 311.573177
Epoch 550 | Loss: 314.181770
Epoch 551 | Loss: 315.414108
Epoch 552 | Loss: 313.002731
Epoch 553 | Loss: 313.562466
Epoch 554 | Loss: 313.739346
Epoch 555 | Loss: 314.563313
Epoch 556 | Loss: 311.492310
Epoch 557 | Loss: 312.792473
Epoch 558 | Loss: 311.127903
Epoch 559 | Loss: 312.149788
Epoch 560 | Loss: 313.215813
Epoch 561 | Loss: 314.828720
Epoch 562 | Loss: 313.449646
Epoch 563 | Loss: 312.568714
Epoch 564 | Loss: 311.666370
Epoch 565 | Loss: 310.729809
Epoch 566 | Loss: 310.886921
Epoch 567 | Loss: 310.873013
Epoch 568 | Loss: 311.045586
Epoch 569 | Loss: 309.489376
Epoch 570 | Loss: 312.665878
Epoch 571 | Loss: 310.341953
Epoch 572 | Loss: 309.749374
Epoch 573 | Loss: 311.107315
Epoch 574 | Loss: 311.474842
Epoch 575 | Loss: 311.146214
Epoch 576 | Loss: 310.364376
Epoch 577 | Loss: 309.683926
Epoch 578 | Loss: 309.845276
Epoch 579 | Loss: 310.286030
Epoch 580 | Loss: 312.877361
Epoch 581 | Loss: 313.593880
Epoch 582 | Loss: 314.857384
Epoch 583 | Loss: 313.629196
Epoch 584 | Loss: 314.291302
Epoch 585 | Loss: 309.897339
Epoch 586 | Loss: 309.971500
Epoch 587 | Loss: 309.352947
Epoch 588 | Loss: 309.349495
Epoch 589 | Loss: 308.843937
Epoch 590 | Loss: 308.289982
Epoch 591 | Loss: 308.783844
Epoch 592 | Loss: 310.308155
Epoch 593 | Loss: 309.426304
Epoch 594 | Loss: 309.220730
Epoch 595 | Loss: 308.573364
Epoch 596 | Loss: 312.918968
Epoch 597 | Loss: 309.160275
Epoch 598 | Loss: 309.950920
Epoch 599 | Loss: 309.403404
Epoch 600 | Loss: 310.433044
/data5/store1/wry-u22/anaconda3/envs/py311/lib/python3.11/site-packages/torch_geometric/deprecation.py:26: UserWarning: 'data.DataLoader' is deprecated, use 'loader.DataLoader' instead
  warnings.warn(out)

Test Results:
  MAE Energy Loss: 0.027878
  MAE Force Loss : 0.122495
