nohup: 忽略输入
/data5/store1/wry-u22/anaconda3/envs/py311/lib/python3.11/site-packages/torch_geometric/deprecation.py:26: UserWarning: 'data.DataLoader' is deprecated, use 'loader.DataLoader' instead
  warnings.warn(out)
cuda
Epoch   1 | Loss: 1351.202179
Epoch   2 | Loss: 1299.640762
Epoch   3 | Loss: 1257.764221
Epoch   4 | Loss: 1227.479462
Epoch   5 | Loss: 1221.708847
Epoch   6 | Loss: 1222.701202
Epoch   7 | Loss: 1220.088470
Epoch   8 | Loss: 1221.755692
Epoch   9 | Loss: 1219.232468
Epoch  10 | Loss: 1220.125763
Epoch  11 | Loss: 1220.063736
Epoch  12 | Loss: 1220.180862
Epoch  13 | Loss: 1220.502991
Epoch  14 | Loss: 1222.830643
Epoch  15 | Loss: 1219.382797
Epoch  16 | Loss: 1222.646133
Epoch  17 | Loss: 1221.553116
Epoch  18 | Loss: 1221.573517
Epoch  19 | Loss: 1220.029144
Epoch  20 | Loss: 1220.693695
Epoch  21 | Loss: 1221.006729
Epoch  22 | Loss: 1219.649841
Epoch  23 | Loss: 1220.980774
Epoch  24 | Loss: 1220.068069
Epoch  25 | Loss: 1219.039444
Epoch  26 | Loss: 1217.950089
Epoch  27 | Loss: 1221.260010
Epoch  28 | Loss: 1219.302109
Epoch  29 | Loss: 1222.276169
Epoch  30 | Loss: 1217.562531
Epoch  31 | Loss: 1218.519028
Epoch  32 | Loss: 1218.948975
Epoch  33 | Loss: 1220.039200
Epoch  34 | Loss: 1219.805603
Epoch  35 | Loss: 1216.427094
Epoch  36 | Loss: 1219.751236
Epoch  37 | Loss: 1220.887848
Epoch  38 | Loss: 1219.142487
Epoch  39 | Loss: 1216.985474
Epoch  40 | Loss: 1219.082016
Epoch  41 | Loss: 1216.556137
Epoch  42 | Loss: 1214.502014
Epoch  43 | Loss: 1217.396683
Epoch  44 | Loss: 1213.109467
Epoch  45 | Loss: 1211.351456
Epoch  46 | Loss: 1209.342529
Epoch  47 | Loss: 1206.848846
Epoch  48 | Loss: 1198.575699
Epoch  49 | Loss: 1190.886337
Epoch  50 | Loss: 1176.795227
Epoch  51 | Loss: 1156.758041
Epoch  52 | Loss: 1155.590195
Epoch  53 | Loss: 1116.048477
Epoch  54 | Loss: 1088.081924
Epoch  55 | Loss: 1026.335968
Epoch  56 | Loss: 953.058395
Epoch  57 | Loss: 883.130280
Epoch  58 | Loss: 809.965813
Epoch  59 | Loss: 752.677940
Epoch  60 | Loss: 721.949982
Epoch  61 | Loss: 702.050407
Epoch  62 | Loss: 680.458427
Epoch  63 | Loss: 673.305557
Epoch  64 | Loss: 650.693588
Epoch  65 | Loss: 659.210556
Epoch  66 | Loss: 646.892113
Epoch  67 | Loss: 638.605858
Epoch  68 | Loss: 630.109695
Epoch  69 | Loss: 628.803177
Epoch  70 | Loss: 623.468933
Epoch  71 | Loss: 624.659325
Epoch  72 | Loss: 622.212830
Epoch  73 | Loss: 616.082787
Epoch  74 | Loss: 622.391846
Epoch  75 | Loss: 614.971008
Epoch  76 | Loss: 627.074608
Epoch  77 | Loss: 624.697884
Epoch  78 | Loss: 632.924133
Epoch  79 | Loss: 609.537460
Epoch  80 | Loss: 601.374634
Epoch  81 | Loss: 597.677193
Epoch  82 | Loss: 590.974144
Epoch  83 | Loss: 589.061737
Epoch  84 | Loss: 589.401436
Epoch  85 | Loss: 590.570488
Epoch  86 | Loss: 587.271416
Epoch  87 | Loss: 584.469391
Epoch  88 | Loss: 584.388298
Epoch  89 | Loss: 580.159119
Epoch  90 | Loss: 576.908363
Epoch  91 | Loss: 578.149361
Epoch  92 | Loss: 583.504311
Epoch  93 | Loss: 590.912682
Epoch  94 | Loss: 574.299477
Epoch  95 | Loss: 576.520050
Epoch  96 | Loss: 584.929153
Epoch  97 | Loss: 569.834675
Epoch  98 | Loss: 567.625450
Epoch  99 | Loss: 575.105621
Epoch 100 | Loss: 577.591919
Epoch 101 | Loss: 572.374664
Epoch 102 | Loss: 584.942650
Epoch 103 | Loss: 574.493652
Epoch 104 | Loss: 569.856071
Epoch 105 | Loss: 564.013382
Epoch 106 | Loss: 563.398354
Epoch 107 | Loss: 563.237957
Epoch 108 | Loss: 556.144688
Epoch 109 | Loss: 556.082832
Epoch 110 | Loss: 554.676468
Epoch 111 | Loss: 553.133915
Epoch 112 | Loss: 554.896839
Epoch 113 | Loss: 563.554619
Epoch 114 | Loss: 552.207352
Epoch 115 | Loss: 553.377663
Epoch 116 | Loss: 556.006218
Epoch 117 | Loss: 552.029705
Epoch 118 | Loss: 546.135933
Epoch 119 | Loss: 543.994972
Epoch 120 | Loss: 547.700516
Epoch 121 | Loss: 545.457432
Epoch 122 | Loss: 546.046997
Epoch 123 | Loss: 544.277214
Epoch 124 | Loss: 539.711029
Epoch 125 | Loss: 540.031540
Epoch 126 | Loss: 539.775864
Epoch 127 | Loss: 540.376518
Epoch 128 | Loss: 535.213947
Epoch 129 | Loss: 533.975571
Epoch 130 | Loss: 536.210690
Epoch 131 | Loss: 534.144276
Epoch 132 | Loss: 532.700306
Epoch 133 | Loss: 533.362289
Epoch 134 | Loss: 531.529530
Epoch 135 | Loss: 538.876263
Epoch 136 | Loss: 530.076180
Epoch 137 | Loss: 529.427795
Epoch 138 | Loss: 528.544567
Epoch 139 | Loss: 531.469101
Epoch 140 | Loss: 532.275223
Epoch 141 | Loss: 537.870972
Epoch 142 | Loss: 530.046032
Epoch 143 | Loss: 528.280293
Epoch 144 | Loss: 525.297665
Epoch 145 | Loss: 526.422016
Epoch 146 | Loss: 525.625404
Epoch 147 | Loss: 524.984581
Epoch 148 | Loss: 520.251564
Epoch 149 | Loss: 520.413074
Epoch 150 | Loss: 520.606232
Epoch 151 | Loss: 517.752075
Epoch 152 | Loss: 514.332977
Epoch 153 | Loss: 512.761784
Epoch 154 | Loss: 515.591496
Epoch 155 | Loss: 515.186302
Epoch 156 | Loss: 511.179474
Epoch 157 | Loss: 512.263882
Epoch 158 | Loss: 508.075108
Epoch 159 | Loss: 507.934910
Epoch 160 | Loss: 506.008297
Epoch 161 | Loss: 505.637688
Epoch 162 | Loss: 514.044899
Epoch 163 | Loss: 512.922726
Epoch 164 | Loss: 504.545998
Epoch 165 | Loss: 505.564228
Epoch 166 | Loss: 502.907845
Epoch 167 | Loss: 502.650528
Epoch 168 | Loss: 520.861610
Epoch 169 | Loss: 504.686768
Epoch 170 | Loss: 497.812721
Epoch 171 | Loss: 494.615585
Epoch 172 | Loss: 495.048527
Epoch 173 | Loss: 494.346581
Epoch 174 | Loss: 492.731075
Epoch 175 | Loss: 507.784210
Epoch 176 | Loss: 513.366642
Epoch 177 | Loss: 497.009357
Epoch 178 | Loss: 493.844036
Epoch 179 | Loss: 497.543819
Epoch 180 | Loss: 499.762383
Epoch 181 | Loss: 487.593010
Epoch 182 | Loss: 484.698124
Epoch 183 | Loss: 483.038433
Epoch 184 | Loss: 481.798687
Epoch 185 | Loss: 481.099964
Epoch 186 | Loss: 481.469475
Epoch 187 | Loss: 481.494701
Epoch 188 | Loss: 483.847187
Epoch 189 | Loss: 482.972271
Epoch 190 | Loss: 479.330536
Epoch 191 | Loss: 485.782452
Epoch 192 | Loss: 485.562653
Epoch 193 | Loss: 486.006039
Epoch 194 | Loss: 479.579842
Epoch 195 | Loss: 481.397972
Epoch 196 | Loss: 477.384010
Epoch 197 | Loss: 476.192566
Epoch 198 | Loss: 468.606297
Epoch 199 | Loss: 467.313091
Epoch 200 | Loss: 464.962955
Epoch 201 | Loss: 468.508739
Epoch 202 | Loss: 477.997021
Epoch 203 | Loss: 472.594288
Epoch 204 | Loss: 465.773815
Epoch 205 | Loss: 460.109997
Epoch 206 | Loss: 461.191994
Epoch 207 | Loss: 464.947590
Epoch 208 | Loss: 457.470139
Epoch 209 | Loss: 459.616356
Epoch 210 | Loss: 461.021114
Epoch 211 | Loss: 458.102554
Epoch 212 | Loss: 458.980118
Epoch 213 | Loss: 469.716190
Epoch 214 | Loss: 470.887215
Epoch 215 | Loss: 452.846107
Epoch 216 | Loss: 451.031788
Epoch 217 | Loss: 448.913696
Epoch 218 | Loss: 448.234348
Epoch 219 | Loss: 446.713989
Epoch 220 | Loss: 449.846489
Epoch 221 | Loss: 447.841015
Epoch 222 | Loss: 443.405281
Epoch 223 | Loss: 442.426598
Epoch 224 | Loss: 442.627056
Epoch 225 | Loss: 442.106232
Epoch 226 | Loss: 448.044529
Epoch 227 | Loss: 449.420631
Epoch 228 | Loss: 447.823891
Epoch 229 | Loss: 441.357265
Epoch 230 | Loss: 439.017918
Epoch 231 | Loss: 436.109806
Epoch 232 | Loss: 438.442997
Epoch 233 | Loss: 438.413666
Epoch 234 | Loss: 437.929028
Epoch 235 | Loss: 437.307503
Epoch 236 | Loss: 434.689770
Epoch 237 | Loss: 442.024654
Epoch 238 | Loss: 450.287403
Epoch 239 | Loss: 431.935169
Epoch 240 | Loss: 431.058472
Epoch 241 | Loss: 428.615372
Epoch 242 | Loss: 427.367558
Epoch 243 | Loss: 425.323257
Epoch 244 | Loss: 425.558090
Epoch 245 | Loss: 425.139172
Epoch 246 | Loss: 427.449638
Epoch 247 | Loss: 432.673203
Epoch 248 | Loss: 432.584606
Epoch 249 | Loss: 433.286903
Epoch 250 | Loss: 421.855976
Epoch 251 | Loss: 422.038837
Epoch 252 | Loss: 422.708992
Epoch 253 | Loss: 423.498173
Epoch 254 | Loss: 419.064224
Epoch 255 | Loss: 423.128975
Epoch 256 | Loss: 423.548462
Epoch 257 | Loss: 420.941566
Epoch 258 | Loss: 420.970646
Epoch 259 | Loss: 422.935303
Epoch 260 | Loss: 429.690746
Epoch 261 | Loss: 432.955402
Epoch 262 | Loss: 429.954891
Epoch 263 | Loss: 424.243221
Epoch 264 | Loss: 416.187603
Epoch 265 | Loss: 414.932968
Epoch 266 | Loss: 413.882866
Epoch 267 | Loss: 412.192093
Epoch 268 | Loss: 413.474743
Epoch 269 | Loss: 412.954563
Epoch 270 | Loss: 418.029564
Epoch 271 | Loss: 417.963398
Epoch 272 | Loss: 410.512749
Epoch 273 | Loss: 412.369293
Epoch 274 | Loss: 410.700890
Epoch 275 | Loss: 407.952850
Epoch 276 | Loss: 409.079842
Epoch 277 | Loss: 408.360291
Epoch 278 | Loss: 406.855961
Epoch 279 | Loss: 407.794136
Epoch 280 | Loss: 407.800198
Epoch 281 | Loss: 421.887722
Epoch 282 | Loss: 420.555519
Epoch 283 | Loss: 417.354729
Epoch 284 | Loss: 416.055489
Epoch 285 | Loss: 406.457581
Epoch 286 | Loss: 406.325855
Epoch 287 | Loss: 403.911560
Epoch 288 | Loss: 404.154190
Epoch 289 | Loss: 409.562035
Epoch 290 | Loss: 406.537083
Epoch 291 | Loss: 401.620853
Epoch 292 | Loss: 401.172573
Epoch 293 | Loss: 402.245441
Epoch 294 | Loss: 400.666805
Epoch 295 | Loss: 399.672668
Epoch 296 | Loss: 399.687515
Epoch 297 | Loss: 398.357670
Epoch 298 | Loss: 399.117889
Epoch 299 | Loss: 399.320915
Epoch 300 | Loss: 396.878567
Epoch 301 | Loss: 396.866966
Epoch 302 | Loss: 397.418255
Epoch 303 | Loss: 397.176266
Epoch 304 | Loss: 395.862637
Epoch 305 | Loss: 397.402298
Epoch 306 | Loss: 395.846817
Epoch 307 | Loss: 398.687920
Epoch 308 | Loss: 393.079994
Epoch 309 | Loss: 393.156998
Epoch 310 | Loss: 391.650471
Epoch 311 | Loss: 391.633652
Epoch 312 | Loss: 391.597931
Epoch 313 | Loss: 389.452026
Epoch 314 | Loss: 392.150337
Epoch 315 | Loss: 392.311745
Epoch 316 | Loss: 389.848675
Epoch 317 | Loss: 392.970787
Epoch 318 | Loss: 390.259663
Epoch 319 | Loss: 391.508404
Epoch 320 | Loss: 390.222836
Epoch 321 | Loss: 387.140347
Epoch 322 | Loss: 388.364746
Epoch 323 | Loss: 386.685154
Epoch 324 | Loss: 390.295891
Epoch 325 | Loss: 393.942772
Epoch 326 | Loss: 407.138905
Epoch 327 | Loss: 391.680035
Epoch 328 | Loss: 386.555538
Epoch 329 | Loss: 393.255817
Epoch 330 | Loss: 392.791294
Epoch 331 | Loss: 390.014675
Epoch 332 | Loss: 385.816040
Epoch 333 | Loss: 391.058582
Epoch 334 | Loss: 386.498859
Epoch 335 | Loss: 384.401321
Epoch 336 | Loss: 383.085941
Epoch 337 | Loss: 381.597107
Epoch 338 | Loss: 384.780796
Epoch 339 | Loss: 379.844120
Epoch 340 | Loss: 387.183605
Epoch 341 | Loss: 390.370205
Epoch 342 | Loss: 387.773094
Epoch 343 | Loss: 380.869720
Epoch 344 | Loss: 384.745533
Epoch 345 | Loss: 384.365406
Epoch 346 | Loss: 397.095951
Epoch 347 | Loss: 383.106991
Epoch 348 | Loss: 382.578407
Epoch 349 | Loss: 377.795837
Epoch 350 | Loss: 379.181763
Epoch 351 | Loss: 378.144566
Epoch 352 | Loss: 376.064476
Epoch 353 | Loss: 379.261963
Epoch 354 | Loss: 383.114750
Epoch 355 | Loss: 392.317890
Epoch 356 | Loss: 379.062767
Epoch 357 | Loss: 375.610966
Epoch 358 | Loss: 378.397579
Epoch 359 | Loss: 379.234222
Epoch 360 | Loss: 372.939709
Epoch 361 | Loss: 374.585114
Epoch 362 | Loss: 376.787189
Epoch 363 | Loss: 372.983829
Epoch 364 | Loss: 372.759418
Epoch 365 | Loss: 372.942013
Epoch 366 | Loss: 372.276402
Epoch 367 | Loss: 370.888798
Epoch 368 | Loss: 371.385773
Epoch 369 | Loss: 369.805187
Epoch 370 | Loss: 373.336395
Epoch 371 | Loss: 371.025650
Epoch 372 | Loss: 370.650322
Epoch 373 | Loss: 370.804165
Epoch 374 | Loss: 368.818394
Epoch 375 | Loss: 379.972660
Epoch 376 | Loss: 382.812141
Epoch 377 | Loss: 370.006912
Epoch 378 | Loss: 369.092285
Epoch 379 | Loss: 368.798000
Epoch 380 | Loss: 367.692341
Epoch 381 | Loss: 367.031353
Epoch 382 | Loss: 377.592506
Epoch 383 | Loss: 375.755867
Epoch 384 | Loss: 368.175644
Epoch 385 | Loss: 368.652775
Epoch 386 | Loss: 366.099415
Epoch 387 | Loss: 366.440350
Epoch 388 | Loss: 370.837196
Epoch 389 | Loss: 369.498959
Epoch 390 | Loss: 364.670456
Epoch 391 | Loss: 364.516487
Epoch 392 | Loss: 363.956306
Epoch 393 | Loss: 364.292824
Epoch 394 | Loss: 363.388813
Epoch 395 | Loss: 362.773132
Epoch 396 | Loss: 361.939480
Epoch 397 | Loss: 362.995636
Epoch 398 | Loss: 362.454247
Epoch 399 | Loss: 378.349857
Epoch 400 | Loss: 379.480633
Epoch 401 | Loss: 369.868095
Epoch 402 | Loss: 371.538361
Epoch 403 | Loss: 367.621494
Epoch 404 | Loss: 364.236107
Epoch 405 | Loss: 366.208027
Epoch 406 | Loss: 371.428249
Epoch 407 | Loss: 369.990391
Epoch 408 | Loss: 367.783901
Epoch 409 | Loss: 361.292389
Epoch 410 | Loss: 358.724205
Epoch 411 | Loss: 358.817253
Epoch 412 | Loss: 360.133087
Epoch 413 | Loss: 358.926731
Epoch 414 | Loss: 360.925503
Epoch 415 | Loss: 369.082554
Epoch 416 | Loss: 361.080959
Epoch 417 | Loss: 365.649162
Epoch 418 | Loss: 364.403046
Epoch 419 | Loss: 360.495415
Epoch 420 | Loss: 360.482861
Epoch 421 | Loss: 358.369022
Epoch 422 | Loss: 356.486069
Epoch 423 | Loss: 354.067883
Epoch 424 | Loss: 354.802921
Epoch 425 | Loss: 354.266644
Epoch 426 | Loss: 354.976154
Epoch 427 | Loss: 356.877438
Epoch 428 | Loss: 353.427788
Epoch 429 | Loss: 355.595432
Epoch 430 | Loss: 359.712097
Epoch 431 | Loss: 361.669102
Epoch 432 | Loss: 355.191135
Epoch 433 | Loss: 352.993202
Epoch 434 | Loss: 355.747650
Epoch 435 | Loss: 353.204468
Epoch 436 | Loss: 354.354702
Epoch 437 | Loss: 354.512585
Epoch 438 | Loss: 352.754814
Epoch 439 | Loss: 351.264011
Epoch 440 | Loss: 352.193066
Epoch 441 | Loss: 354.168976
Epoch 442 | Loss: 353.796112
Epoch 443 | Loss: 350.880459
Epoch 444 | Loss: 349.752579
Epoch 445 | Loss: 351.280422
Epoch 446 | Loss: 351.760406
Epoch 447 | Loss: 353.339432
Epoch 448 | Loss: 349.481010
Epoch 449 | Loss: 356.496281
Epoch 450 | Loss: 352.526501
Epoch 451 | Loss: 348.583733
Epoch 452 | Loss: 347.642109
Epoch 453 | Loss: 347.555267
Epoch 454 | Loss: 347.724354
Epoch 455 | Loss: 349.515610
Epoch 456 | Loss: 350.491726
Epoch 457 | Loss: 348.121113
Epoch 458 | Loss: 347.860085
Epoch 459 | Loss: 349.887180
Epoch 460 | Loss: 346.836304
Epoch 461 | Loss: 346.963642
Epoch 462 | Loss: 346.797409
Epoch 463 | Loss: 347.274357
Epoch 464 | Loss: 347.301350
Epoch 465 | Loss: 354.783981
Epoch 466 | Loss: 363.598244
Epoch 467 | Loss: 350.514450
Epoch 468 | Loss: 351.794842
Epoch 469 | Loss: 352.789387
Epoch 470 | Loss: 351.150490
Epoch 471 | Loss: 346.669735
Epoch 472 | Loss: 349.405190
Epoch 473 | Loss: 353.427280
Epoch 474 | Loss: 344.945038
Epoch 475 | Loss: 346.619541
Epoch 476 | Loss: 348.606297
Epoch 477 | Loss: 345.883427
Epoch 478 | Loss: 351.708847
Epoch 479 | Loss: 349.122478
Epoch 480 | Loss: 341.973297
Epoch 481 | Loss: 343.492508
Epoch 482 | Loss: 343.791298
Epoch 483 | Loss: 342.797161
Epoch 484 | Loss: 343.539734
Epoch 485 | Loss: 346.934338
Epoch 486 | Loss: 347.898453
Epoch 487 | Loss: 343.637787
Epoch 488 | Loss: 353.282501
Epoch 489 | Loss: 345.699764
Epoch 490 | Loss: 342.580605
Epoch 491 | Loss: 341.839916
Epoch 492 | Loss: 341.376785
Epoch 493 | Loss: 341.770847
Epoch 494 | Loss: 341.242302
Epoch 495 | Loss: 343.845055
Epoch 496 | Loss: 341.617340
Epoch 497 | Loss: 343.603737
Epoch 498 | Loss: 339.181728
Epoch 499 | Loss: 340.016563
Epoch 500 | Loss: 340.958733
Epoch 501 | Loss: 340.909950
Epoch 502 | Loss: 339.784744
Epoch 503 | Loss: 338.721020
Epoch 504 | Loss: 338.954151
Epoch 505 | Loss: 338.248779
Epoch 506 | Loss: 339.178463
Epoch 507 | Loss: 340.288177
Epoch 508 | Loss: 339.504360
Epoch 509 | Loss: 339.862011
Epoch 510 | Loss: 338.327698
Epoch 511 | Loss: 339.242477
Epoch 512 | Loss: 337.879211
Epoch 513 | Loss: 339.647205
Epoch 514 | Loss: 341.670097
Epoch 515 | Loss: 339.986210
Epoch 516 | Loss: 343.684174
Epoch 517 | Loss: 343.622929
Epoch 518 | Loss: 339.798485
Epoch 519 | Loss: 338.449642
Epoch 520 | Loss: 336.390030
Epoch 521 | Loss: 338.729744
Epoch 522 | Loss: 336.575836
Epoch 523 | Loss: 335.783924
Epoch 524 | Loss: 335.300999
Epoch 525 | Loss: 336.914230
Epoch 526 | Loss: 335.788914
Epoch 527 | Loss: 337.002560
Epoch 528 | Loss: 336.371803
Epoch 529 | Loss: 335.283012
Epoch 530 | Loss: 335.095364
Epoch 531 | Loss: 334.812355
Epoch 532 | Loss: 337.094799
Epoch 533 | Loss: 336.664875
Epoch 534 | Loss: 336.688587
Epoch 535 | Loss: 339.886219
Epoch 536 | Loss: 340.453903
Epoch 537 | Loss: 337.708275
Epoch 538 | Loss: 334.223633
Epoch 539 | Loss: 335.474968
Epoch 540 | Loss: 334.060322
Epoch 541 | Loss: 332.376472
Epoch 542 | Loss: 334.741405
Epoch 543 | Loss: 336.241970
Epoch 544 | Loss: 334.949776
Epoch 545 | Loss: 333.508190
Epoch 546 | Loss: 333.447945
Epoch 547 | Loss: 333.528687
Epoch 548 | Loss: 333.867645
Epoch 549 | Loss: 333.288086
Epoch 550 | Loss: 334.384079
Epoch 551 | Loss: 335.884056
Epoch 552 | Loss: 330.801693
Epoch 553 | Loss: 333.236267
Epoch 554 | Loss: 331.177845
Epoch 555 | Loss: 332.100632
Epoch 556 | Loss: 331.354450
Epoch 557 | Loss: 336.064114
Epoch 558 | Loss: 332.266220
Epoch 559 | Loss: 331.171875
Epoch 560 | Loss: 331.659267
Epoch 561 | Loss: 330.993778
Epoch 562 | Loss: 332.618198
Epoch 563 | Loss: 332.663708
Epoch 564 | Loss: 333.421913
Epoch 565 | Loss: 330.966206
Epoch 566 | Loss: 330.857277
Epoch 567 | Loss: 329.232132
Epoch 568 | Loss: 330.342716
Epoch 569 | Loss: 330.897686
Epoch 570 | Loss: 329.653770
Epoch 571 | Loss: 330.894955
Epoch 572 | Loss: 330.464661
Epoch 573 | Loss: 329.843658
Epoch 574 | Loss: 329.819283
Epoch 575 | Loss: 329.958115
Epoch 576 | Loss: 331.230659
Epoch 577 | Loss: 328.615265
Epoch 578 | Loss: 330.523911
Epoch 579 | Loss: 335.642025
Epoch 580 | Loss: 331.188488
Epoch 581 | Loss: 334.131981
Epoch 582 | Loss: 335.372005
Epoch 583 | Loss: 333.966599
Epoch 584 | Loss: 328.495346
Epoch 585 | Loss: 330.248718
Epoch 586 | Loss: 332.253513
Epoch 587 | Loss: 329.660961
Epoch 588 | Loss: 327.958645
Epoch 589 | Loss: 328.626595
Epoch 590 | Loss: 328.690155
Epoch 591 | Loss: 330.779926
Epoch 592 | Loss: 328.879066
Epoch 593 | Loss: 328.708344
Epoch 594 | Loss: 328.668091
Epoch 595 | Loss: 326.556702
Epoch 596 | Loss: 326.304379
Epoch 597 | Loss: 328.586258
Epoch 598 | Loss: 329.376530
Epoch 599 | Loss: 327.880180
Epoch 600 | Loss: 325.389004
/data5/store1/wry-u22/anaconda3/envs/py311/lib/python3.11/site-packages/torch_geometric/deprecation.py:26: UserWarning: 'data.DataLoader' is deprecated, use 'loader.DataLoader' instead
  warnings.warn(out)

Test Results:
  MAE Energy Loss: 0.035163
  MAE Force Loss : 0.115816
