/data5/store1/wry-u22/anaconda3/envs/py311/lib/python3.11/site-packages/torch_geometric/deprecation.py:26: UserWarning: 'data.DataLoader' is deprecated, use 'loader.DataLoader' instead
  warnings.warn(out)
cuda
Epoch   1 | Loss: 263.514782
Epoch   2 | Loss: 248.078114
Epoch   3 | Loss: 247.470730
Epoch   4 | Loss: 246.396278
Epoch   5 | Loss: 246.359838
Epoch   6 | Loss: 246.444048
Epoch   7 | Loss: 246.516562
Epoch   8 | Loss: 246.265923
Epoch   9 | Loss: 246.390182
Epoch  10 | Loss: 246.372896
Epoch  11 | Loss: 246.412043
Epoch  12 | Loss: 246.824396
Epoch  13 | Loss: 246.426313
Epoch  14 | Loss: 246.340250
Epoch  15 | Loss: 246.427706
Epoch  16 | Loss: 246.323622
Epoch  17 | Loss: 246.177881
Epoch  18 | Loss: 246.372023
Epoch  19 | Loss: 246.370413
Epoch  20 | Loss: 245.838840
Epoch  21 | Loss: 245.943758
Epoch  22 | Loss: 245.991385
Epoch  23 | Loss: 245.865007
Epoch  24 | Loss: 245.428511
Epoch  25 | Loss: 244.134954
Epoch  26 | Loss: 238.760460
Epoch  27 | Loss: 222.693737
Epoch  28 | Loss: 181.186291
Epoch  29 | Loss: 162.524303
Epoch  30 | Loss: 148.584827
Epoch  31 | Loss: 141.472815
Epoch  32 | Loss: 135.984850
Epoch  33 | Loss: 133.667618
Epoch  34 | Loss: 132.732746
Epoch  35 | Loss: 131.458937
Epoch  36 | Loss: 131.242433
Epoch  37 | Loss: 130.191760
Epoch  38 | Loss: 128.466444
Epoch  39 | Loss: 127.032574
Epoch  40 | Loss: 125.593447
Epoch  41 | Loss: 125.100823
Epoch  42 | Loss: 123.924471
Epoch  43 | Loss: 122.814008
Epoch  44 | Loss: 121.695588
Epoch  45 | Loss: 121.117342
Epoch  46 | Loss: 119.651536
Epoch  47 | Loss: 118.258276
Epoch  48 | Loss: 116.145457
Epoch  49 | Loss: 114.701252
Epoch  50 | Loss: 112.571024
Epoch  51 | Loss: 110.143439
Epoch  52 | Loss: 108.558738
Epoch  53 | Loss: 104.782783
Epoch  54 | Loss: 102.278783
Epoch  55 | Loss: 100.363776
Epoch  56 | Loss: 104.370735
Epoch  57 | Loss: 103.034777
Epoch  58 | Loss: 95.138581
Epoch  59 | Loss: 90.993692
Epoch  60 | Loss: 88.840429
Epoch  61 | Loss: 86.047290
Epoch  62 | Loss: 85.490548
Epoch  63 | Loss: 82.880846
Epoch  64 | Loss: 81.659297
Epoch  65 | Loss: 80.162690
Epoch  66 | Loss: 75.792806
Epoch  67 | Loss: 73.019030
Epoch  68 | Loss: 72.530087
Epoch  69 | Loss: 68.255776
Epoch  70 | Loss: 66.707880
Epoch  71 | Loss: 64.051176
Epoch  72 | Loss: 63.253928
Epoch  73 | Loss: 62.977005
Epoch  74 | Loss: 59.622771
Epoch  75 | Loss: 66.147321
Epoch  76 | Loss: 63.363436
Epoch  77 | Loss: 64.643718
Epoch  78 | Loss: 61.969724
Epoch  79 | Loss: 62.234730
Epoch  80 | Loss: 54.549355
Epoch  81 | Loss: 52.275166
Epoch  82 | Loss: 51.670069
Epoch  83 | Loss: 51.642920
Epoch  84 | Loss: 50.594402
Epoch  85 | Loss: 50.144886
Epoch  86 | Loss: 49.421709
Epoch  87 | Loss: 49.492482
Epoch  88 | Loss: 48.567180
Epoch  89 | Loss: 48.030729
Epoch  90 | Loss: 48.395971
Epoch  91 | Loss: 53.412164
Epoch  92 | Loss: 49.404590
Epoch  93 | Loss: 46.925591
Epoch  94 | Loss: 46.919305
Epoch  95 | Loss: 49.433829
Epoch  96 | Loss: 58.140827
Epoch  97 | Loss: 57.321168
Epoch  98 | Loss: 49.515032
Epoch  99 | Loss: 46.366762
Epoch 100 | Loss: 45.168979
Epoch 101 | Loss: 44.473539
Epoch 102 | Loss: 44.016025
Epoch 103 | Loss: 44.791666
Epoch 104 | Loss: 45.083009
Epoch 105 | Loss: 44.673519
Epoch 106 | Loss: 43.470339
Epoch 107 | Loss: 42.679029
Epoch 108 | Loss: 43.154520
Epoch 109 | Loss: 43.025579
Epoch 110 | Loss: 41.855451
Epoch 111 | Loss: 41.345059
Epoch 112 | Loss: 41.163275
Epoch 113 | Loss: 42.275987
Epoch 114 | Loss: 40.534911
Epoch 115 | Loss: 42.105547
Epoch 116 | Loss: 42.374216
Epoch 117 | Loss: 43.321420
Epoch 118 | Loss: 46.113076
Epoch 119 | Loss: 47.414611
Epoch 120 | Loss: 43.160077
Epoch 121 | Loss: 41.125083
Epoch 122 | Loss: 39.464127
Epoch 123 | Loss: 39.011814
Epoch 124 | Loss: 38.908223
Epoch 125 | Loss: 40.581812
Epoch 126 | Loss: 39.010468
Epoch 127 | Loss: 38.179466
Epoch 128 | Loss: 38.005214
Epoch 129 | Loss: 38.593113
Epoch 130 | Loss: 37.899406
Epoch 131 | Loss: 38.310001
Epoch 132 | Loss: 37.292163
Epoch 133 | Loss: 37.589248
Epoch 134 | Loss: 36.593524
Epoch 135 | Loss: 38.112668
Epoch 136 | Loss: 43.859778
Epoch 137 | Loss: 38.216099
Epoch 138 | Loss: 36.640773
Epoch 139 | Loss: 37.963766
Epoch 140 | Loss: 36.839451
Epoch 141 | Loss: 36.384335
Epoch 142 | Loss: 35.951345
Epoch 143 | Loss: 35.139638
Epoch 144 | Loss: 35.204691
Epoch 145 | Loss: 34.850682
Epoch 146 | Loss: 34.640063
Epoch 147 | Loss: 34.530237
Epoch 148 | Loss: 34.041053
Epoch 149 | Loss: 36.323271
Epoch 150 | Loss: 35.690774
Epoch 151 | Loss: 34.658385
Epoch 152 | Loss: 37.337544
Epoch 153 | Loss: 40.241441
Epoch 154 | Loss: 37.756869
Epoch 155 | Loss: 33.905999
Epoch 156 | Loss: 32.909903
Epoch 157 | Loss: 32.968651
Epoch 158 | Loss: 39.805447
Epoch 159 | Loss: 38.920315
Epoch 160 | Loss: 34.583342
Epoch 161 | Loss: 33.359469
Epoch 162 | Loss: 32.409548
Epoch 163 | Loss: 32.893341
Epoch 164 | Loss: 32.049437
Epoch 165 | Loss: 32.201105
Epoch 166 | Loss: 32.143394
Epoch 167 | Loss: 33.128197
Epoch 168 | Loss: 35.413608
Epoch 169 | Loss: 32.319087
Epoch 170 | Loss: 33.093662
Epoch 171 | Loss: 36.915010
Epoch 172 | Loss: 35.437574
Epoch 173 | Loss: 40.279170
Epoch 174 | Loss: 35.387847
Epoch 175 | Loss: 33.259210
Epoch 176 | Loss: 31.178858
Epoch 177 | Loss: 30.897170
Epoch 178 | Loss: 31.575239
Epoch 179 | Loss: 31.581369
Epoch 180 | Loss: 30.394406
Epoch 181 | Loss: 29.810858
Epoch 182 | Loss: 29.534582
Epoch 183 | Loss: 29.890870
Epoch 184 | Loss: 30.317631
Epoch 185 | Loss: 30.157034
Epoch 186 | Loss: 32.674647
Epoch 187 | Loss: 32.628201
Epoch 188 | Loss: 29.948895
Epoch 189 | Loss: 28.899477
Epoch 190 | Loss: 29.544265
Epoch 191 | Loss: 29.089377
Epoch 192 | Loss: 29.079135
Epoch 193 | Loss: 28.497196
Epoch 194 | Loss: 28.556504
Epoch 195 | Loss: 28.664267
Epoch 196 | Loss: 29.424385
Epoch 197 | Loss: 28.253112
Epoch 198 | Loss: 30.010770
Epoch 199 | Loss: 31.497779
Epoch 200 | Loss: 29.371932
Epoch 201 | Loss: 27.564262
Epoch 202 | Loss: 29.186159
Epoch 203 | Loss: 30.357377
Epoch 204 | Loss: 29.901115
Epoch 205 | Loss: 30.758162
Epoch 206 | Loss: 33.061331
Epoch 207 | Loss: 30.983259
Epoch 208 | Loss: 30.381876
Epoch 209 | Loss: 31.620221
Epoch 210 | Loss: 32.129525
Epoch 211 | Loss: 31.402670
Epoch 212 | Loss: 28.862780
Epoch 213 | Loss: 28.344307
Epoch 214 | Loss: 26.809021
Epoch 215 | Loss: 26.945643
Epoch 216 | Loss: 26.473558
Epoch 217 | Loss: 26.358354
Epoch 218 | Loss: 26.592675
Epoch 219 | Loss: 26.429671
Epoch 220 | Loss: 26.260928
Epoch 221 | Loss: 27.814960
Epoch 222 | Loss: 31.420636
Epoch 223 | Loss: 26.814836
Epoch 224 | Loss: 27.531601
Epoch 225 | Loss: 26.288044
Epoch 226 | Loss: 25.685850
Epoch 227 | Loss: 25.707452
Epoch 228 | Loss: 25.770559
Epoch 229 | Loss: 26.820210
Epoch 230 | Loss: 27.520215
Epoch 231 | Loss: 26.074445
Epoch 232 | Loss: 30.112068
Epoch 233 | Loss: 29.876001
Epoch 234 | Loss: 31.822615
Epoch 235 | Loss: 30.399364
Epoch 236 | Loss: 26.048659
Epoch 237 | Loss: 26.238463
Epoch 238 | Loss: 26.183287
Epoch 239 | Loss: 26.819258
Epoch 240 | Loss: 25.639451
Epoch 241 | Loss: 24.811314
Epoch 242 | Loss: 24.813511
Epoch 243 | Loss: 25.829380
Epoch 244 | Loss: 26.107475
Epoch 245 | Loss: 24.784390
Epoch 246 | Loss: 25.130619
Epoch 247 | Loss: 24.780631
Epoch 248 | Loss: 24.626100
Epoch 249 | Loss: 25.444671
Epoch 250 | Loss: 25.004954
Epoch 251 | Loss: 26.819318
Epoch 252 | Loss: 24.543115
Epoch 253 | Loss: 26.200947
Epoch 254 | Loss: 30.733934
Epoch 255 | Loss: 25.867687
Epoch 256 | Loss: 25.825589
Epoch 257 | Loss: 25.114137
Epoch 258 | Loss: 24.128166
Epoch 259 | Loss: 26.036045
Epoch 260 | Loss: 24.910794
Epoch 261 | Loss: 28.668489
Epoch 262 | Loss: 28.740499
Epoch 263 | Loss: 29.650171
Epoch 264 | Loss: 27.263757
Epoch 265 | Loss: 25.204166
Epoch 266 | Loss: 25.322383
Epoch 267 | Loss: 24.801209
Epoch 268 | Loss: 24.590337
Epoch 269 | Loss: 23.576595
Epoch 270 | Loss: 24.768950
Epoch 271 | Loss: 23.526588
Epoch 272 | Loss: 23.446154
Epoch 273 | Loss: 24.513245
Epoch 274 | Loss: 24.665464
Epoch 275 | Loss: 24.188910
Epoch 276 | Loss: 25.002604
Epoch 277 | Loss: 24.102407
Epoch 278 | Loss: 25.574986
Epoch 279 | Loss: 25.231591
Epoch 280 | Loss: 25.509183
Epoch 281 | Loss: 23.475328
Epoch 282 | Loss: 23.618820
Epoch 283 | Loss: 22.792708
Epoch 284 | Loss: 23.035995
Epoch 285 | Loss: 22.933556
Epoch 286 | Loss: 22.932395
Epoch 287 | Loss: 22.665591
Epoch 288 | Loss: 22.645301
Epoch 289 | Loss: 25.068128
Epoch 290 | Loss: 22.891128
Epoch 291 | Loss: 22.958318
Epoch 292 | Loss: 23.785343
Epoch 293 | Loss: 23.245590
Epoch 294 | Loss: 23.212036
Epoch 295 | Loss: 24.488753
Epoch 296 | Loss: 23.777910
Epoch 297 | Loss: 24.097527
Epoch 298 | Loss: 22.721171
Epoch 299 | Loss: 23.191792
Epoch 300 | Loss: 24.225054
Epoch 301 | Loss: 25.380556
Epoch 302 | Loss: 22.422582
Epoch 303 | Loss: 21.888483
Epoch 304 | Loss: 22.781505
Epoch 305 | Loss: 21.993881
Epoch 306 | Loss: 22.525117
Epoch 307 | Loss: 22.429331
Epoch 308 | Loss: 23.688201
Epoch 309 | Loss: 23.984116
Epoch 310 | Loss: 21.462858
Epoch 311 | Loss: 22.404071
Epoch 312 | Loss: 23.506401
Epoch 313 | Loss: 24.311860
Epoch 314 | Loss: 26.131764
Epoch 315 | Loss: 23.214779
Epoch 316 | Loss: 21.611112
Epoch 317 | Loss: 22.143286
Epoch 318 | Loss: 24.468512
Epoch 319 | Loss: 21.866803
Epoch 320 | Loss: 21.333824
Epoch 321 | Loss: 21.974863
Epoch 322 | Loss: 21.997343
Epoch 323 | Loss: 21.690434
Epoch 324 | Loss: 23.113856
Epoch 325 | Loss: 22.914247
Epoch 326 | Loss: 21.068316
Epoch 327 | Loss: 20.239217
Epoch 328 | Loss: 20.472141
Epoch 329 | Loss: 20.408607
Epoch 330 | Loss: 21.715522
Epoch 331 | Loss: 20.468570
Epoch 332 | Loss: 19.643281
Epoch 333 | Loss: 19.650675
Epoch 334 | Loss: 21.363172
Epoch 335 | Loss: 21.439927
Epoch 336 | Loss: 20.510051
Epoch 337 | Loss: 19.966147
Epoch 338 | Loss: 20.026423
Epoch 339 | Loss: 19.216492
Epoch 340 | Loss: 19.297287
Epoch 341 | Loss: 19.368511
Epoch 342 | Loss: 19.347284
Epoch 343 | Loss: 19.810282
Epoch 344 | Loss: 21.100364
Epoch 345 | Loss: 19.313909
Epoch 346 | Loss: 19.714619
Epoch 347 | Loss: 20.678624
Epoch 348 | Loss: 20.097477
Epoch 349 | Loss: 19.900266
Epoch 350 | Loss: 19.248405
Epoch 351 | Loss: 19.218766
Epoch 352 | Loss: 18.517713
Epoch 353 | Loss: 20.096735
Epoch 354 | Loss: 21.033454
Epoch 355 | Loss: 21.065503
Epoch 356 | Loss: 19.080435
Epoch 357 | Loss: 18.173415
Epoch 358 | Loss: 18.386368
Epoch 359 | Loss: 18.434006
Epoch 360 | Loss: 18.385148
Epoch 361 | Loss: 18.363990
Epoch 362 | Loss: 17.967501
Epoch 363 | Loss: 18.149290
Epoch 364 | Loss: 19.478513
Epoch 365 | Loss: 18.250400
Epoch 366 | Loss: 18.457702
Epoch 367 | Loss: 18.828790
Epoch 368 | Loss: 19.353268
Epoch 369 | Loss: 19.197707
Epoch 370 | Loss: 19.717002
Epoch 371 | Loss: 17.886247
Epoch 372 | Loss: 18.392026
Epoch 373 | Loss: 18.440733
Epoch 374 | Loss: 17.789073
Epoch 375 | Loss: 19.513819
Epoch 376 | Loss: 18.420055
Epoch 377 | Loss: 17.818452
Epoch 378 | Loss: 17.929180
Epoch 379 | Loss: 17.812392
Epoch 380 | Loss: 17.623208
Epoch 381 | Loss: 18.401077
Epoch 382 | Loss: 17.737230
Epoch 383 | Loss: 18.303178
Epoch 384 | Loss: 17.928885
Epoch 385 | Loss: 17.725001
Epoch 386 | Loss: 17.189575
Epoch 387 | Loss: 17.923061
Epoch 388 | Loss: 17.737968
Epoch 389 | Loss: 17.405000
Epoch 390 | Loss: 17.352972
Epoch 391 | Loss: 17.617227
Epoch 392 | Loss: 19.474579
Epoch 393 | Loss: 17.712224
Epoch 394 | Loss: 17.987653
Epoch 395 | Loss: 19.853175
Epoch 396 | Loss: 20.153663
Epoch 397 | Loss: 18.917047
Epoch 398 | Loss: 20.416122
Epoch 399 | Loss: 19.969330
Epoch 400 | Loss: 17.582091
Epoch 401 | Loss: 17.167598
Epoch 402 | Loss: 17.516287
Epoch 403 | Loss: 17.466000
Epoch 404 | Loss: 17.059241
Epoch 405 | Loss: 17.184170
Epoch 406 | Loss: 18.272422
Epoch 407 | Loss: 16.963628
Epoch 408 | Loss: 17.761880
Epoch 409 | Loss: 17.460924
Epoch 410 | Loss: 17.371350
Epoch 411 | Loss: 17.136519
Epoch 412 | Loss: 17.653878
Epoch 413 | Loss: 16.889639
Epoch 414 | Loss: 17.103355
Epoch 415 | Loss: 17.681643
Epoch 416 | Loss: 18.881278
Epoch 417 | Loss: 17.755347
Epoch 418 | Loss: 17.063076
Epoch 419 | Loss: 17.388103
Epoch 420 | Loss: 16.725347
Epoch 421 | Loss: 17.634798
Epoch 422 | Loss: 22.668241
Epoch 423 | Loss: 20.855713
Epoch 424 | Loss: 21.878669
Epoch 425 | Loss: 19.465646
Epoch 426 | Loss: 17.466978
Epoch 427 | Loss: 16.728296
Epoch 428 | Loss: 16.768976
Epoch 429 | Loss: 17.037734
Epoch 430 | Loss: 17.149930
Epoch 431 | Loss: 16.841290
Epoch 432 | Loss: 16.517970
Epoch 433 | Loss: 17.245454
Epoch 434 | Loss: 16.485586
Epoch 435 | Loss: 17.720957
Epoch 436 | Loss: 17.337258
Epoch 437 | Loss: 16.715117
Epoch 438 | Loss: 17.577085
Epoch 439 | Loss: 16.213493
Epoch 440 | Loss: 16.150650
Epoch 441 | Loss: 16.415830
Epoch 442 | Loss: 16.161735
Epoch 443 | Loss: 16.476846
Epoch 444 | Loss: 16.070786
Epoch 445 | Loss: 16.681973
Epoch 446 | Loss: 16.780093
Epoch 447 | Loss: 16.188646
Epoch 448 | Loss: 16.153833
Epoch 449 | Loss: 16.618152
Epoch 450 | Loss: 15.982867
Epoch 451 | Loss: 16.250825
Epoch 452 | Loss: 17.284700
Epoch 453 | Loss: 19.611626
Epoch 454 | Loss: 17.189721
Epoch 455 | Loss: 17.378008
Epoch 456 | Loss: 18.336668
Epoch 457 | Loss: 17.875705
Epoch 458 | Loss: 18.409499
Epoch 459 | Loss: 16.566868
Epoch 460 | Loss: 15.827425
Epoch 461 | Loss: 15.839210
Epoch 462 | Loss: 15.730735
Epoch 463 | Loss: 15.746480
Epoch 464 | Loss: 15.918974
Epoch 465 | Loss: 17.083224
Epoch 466 | Loss: 16.937721
Epoch 467 | Loss: 15.989725
Epoch 468 | Loss: 16.389764
Epoch 469 | Loss: 16.327933
Epoch 470 | Loss: 18.131648
Epoch 471 | Loss: 17.374113
Epoch 472 | Loss: 16.386161
Epoch 473 | Loss: 16.661097
Epoch 474 | Loss: 16.895338
Epoch 475 | Loss: 15.617775
Epoch 476 | Loss: 15.585042
Epoch 477 | Loss: 15.687069
Epoch 478 | Loss: 16.460874
Epoch 479 | Loss: 15.912680
Epoch 480 | Loss: 17.428555
Epoch 481 | Loss: 16.242734
Epoch 482 | Loss: 16.343376
Epoch 483 | Loss: 19.532954
Epoch 484 | Loss: 19.360392
Epoch 485 | Loss: 17.488210
Epoch 486 | Loss: 16.895566
Epoch 487 | Loss: 17.418871
Epoch 488 | Loss: 15.792614
Epoch 489 | Loss: 15.899466
Epoch 490 | Loss: 15.771209
Epoch 491 | Loss: 15.961372
Epoch 492 | Loss: 15.967616
Epoch 493 | Loss: 15.259681
Epoch 494 | Loss: 15.495153
Epoch 495 | Loss: 15.533955
Epoch 496 | Loss: 15.297140
Epoch 497 | Loss: 15.230829
Epoch 498 | Loss: 15.340185
Epoch 499 | Loss: 15.848741
Epoch 500 | Loss: 16.264512
Epoch 501 | Loss: 16.950604
Epoch 502 | Loss: 15.884481
Epoch 503 | Loss: 15.924333
Epoch 504 | Loss: 15.403372
Epoch 505 | Loss: 15.422124
Epoch 506 | Loss: 15.099765
Epoch 507 | Loss: 15.497486
Epoch 508 | Loss: 16.397158
Epoch 509 | Loss: 17.036859
Epoch 510 | Loss: 16.699601
Epoch 511 | Loss: 15.820636
Epoch 512 | Loss: 15.668278
Epoch 513 | Loss: 15.267583
Epoch 514 | Loss: 14.966905
Epoch 515 | Loss: 15.038950
Epoch 516 | Loss: 15.367574
Epoch 517 | Loss: 15.578078
Epoch 518 | Loss: 16.874611
Epoch 519 | Loss: 16.965478
Epoch 520 | Loss: 17.251841
Epoch 521 | Loss: 16.113315
Epoch 522 | Loss: 15.511159
Epoch 523 | Loss: 15.252521
Epoch 524 | Loss: 14.857366
Epoch 525 | Loss: 15.057657
Epoch 526 | Loss: 15.115515
Epoch 527 | Loss: 14.848044
Epoch 528 | Loss: 15.811687
Epoch 529 | Loss: 15.296170
Epoch 530 | Loss: 15.217069
Epoch 531 | Loss: 15.539851
Epoch 532 | Loss: 15.172180
Epoch 533 | Loss: 14.775672
Epoch 534 | Loss: 14.701507
Epoch 535 | Loss: 15.405707
Epoch 536 | Loss: 15.398212
Epoch 537 | Loss: 15.052401
Epoch 538 | Loss: 15.043539
Epoch 539 | Loss: 15.075514
Epoch 540 | Loss: 15.127971
Epoch 541 | Loss: 15.918081
Epoch 542 | Loss: 16.363242
Epoch 543 | Loss: 17.038477
Epoch 544 | Loss: 15.448868
Epoch 545 | Loss: 15.021562
Epoch 546 | Loss: 15.862315
Epoch 547 | Loss: 15.433666
Epoch 548 | Loss: 15.220143
Epoch 549 | Loss: 16.110889
Epoch 550 | Loss: 17.729438
Epoch 551 | Loss: 17.281597
Epoch 552 | Loss: 14.953871
Epoch 553 | Loss: 14.458872
Epoch 554 | Loss: 14.606505
Epoch 555 | Loss: 14.714639
Epoch 556 | Loss: 17.084959
Epoch 557 | Loss: 15.661378
Epoch 558 | Loss: 14.885915
Epoch 559 | Loss: 15.120646
Epoch 560 | Loss: 14.797352
Epoch 561 | Loss: 15.100952
Epoch 562 | Loss: 15.161861
Epoch 563 | Loss: 14.656068
Epoch 564 | Loss: 14.629016
Epoch 565 | Loss: 14.276902
Epoch 566 | Loss: 14.806284
Epoch 567 | Loss: 14.381172
Epoch 568 | Loss: 14.601975
Epoch 569 | Loss: 14.656906
Epoch 570 | Loss: 14.708350
Epoch 571 | Loss: 14.612011
Epoch 572 | Loss: 14.180763
Epoch 573 | Loss: 14.139417
Epoch 574 | Loss: 14.226745
Epoch 575 | Loss: 14.113868
Epoch 576 | Loss: 14.266428
Epoch 577 | Loss: 14.583379
Epoch 578 | Loss: 14.798326
Epoch 579 | Loss: 14.126828
Epoch 580 | Loss: 14.113042
Epoch 581 | Loss: 14.610435
Epoch 582 | Loss: 14.189979
Epoch 583 | Loss: 14.750605
Epoch 584 | Loss: 14.121934
Epoch 585 | Loss: 15.496912
Epoch 586 | Loss: 14.358198
Epoch 587 | Loss: 14.746755
Epoch 588 | Loss: 14.717364
Epoch 589 | Loss: 14.705440
Epoch 590 | Loss: 14.262771
Epoch 591 | Loss: 14.224026
Epoch 592 | Loss: 14.294200
Epoch 593 | Loss: 14.231565
Epoch 594 | Loss: 14.587384
Epoch 595 | Loss: 15.077854
Epoch 596 | Loss: 14.491605
Epoch 597 | Loss: 14.201403
Epoch 598 | Loss: 13.891266
Epoch 599 | Loss: 14.208566
Epoch 600 | Loss: 15.547062
Epoch 601 | Loss: 14.636467
Epoch 602 | Loss: 14.031767
Epoch 603 | Loss: 14.204901
Epoch 604 | Loss: 14.421126
Epoch 605 | Loss: 14.353991
Epoch 606 | Loss: 15.109744
Epoch 607 | Loss: 14.303412
Epoch 608 | Loss: 14.153359
Epoch 609 | Loss: 14.399428
Epoch 610 | Loss: 14.165527
Epoch 611 | Loss: 14.213516
Epoch 612 | Loss: 14.965796
Epoch 613 | Loss: 14.885980
Epoch 614 | Loss: 14.529687
Epoch 615 | Loss: 14.594648
Epoch 616 | Loss: 14.104391
Epoch 617 | Loss: 14.050384
Epoch 618 | Loss: 14.544035
Epoch 619 | Loss: 17.066962
Epoch 620 | Loss: 16.314206
Epoch 621 | Loss: 15.386543
Epoch 622 | Loss: 13.958599
Epoch 623 | Loss: 14.008325
Epoch 624 | Loss: 14.036571
Epoch 625 | Loss: 15.102421
Epoch 626 | Loss: 14.168272
Epoch 627 | Loss: 14.265853
Epoch 628 | Loss: 13.668892
Epoch 629 | Loss: 14.287221
Epoch 630 | Loss: 14.180613
Epoch 631 | Loss: 13.839304
Epoch 632 | Loss: 14.529310
Epoch 633 | Loss: 14.431328
Epoch 634 | Loss: 13.694081
Epoch 635 | Loss: 13.967946
Epoch 636 | Loss: 13.746156
Epoch 637 | Loss: 13.621765
Epoch 638 | Loss: 14.863328
Epoch 639 | Loss: 14.820571
Epoch 640 | Loss: 14.348837
Epoch 641 | Loss: 14.210224
Epoch 642 | Loss: 14.406455
Epoch 643 | Loss: 14.600984
Epoch 644 | Loss: 13.791251
Epoch 645 | Loss: 13.904124
Epoch 646 | Loss: 15.484352
Epoch 647 | Loss: 14.552442
Epoch 648 | Loss: 13.561244
Epoch 649 | Loss: 13.960525
Epoch 650 | Loss: 13.525706
Epoch 651 | Loss: 13.407143
Epoch 652 | Loss: 13.533557
Epoch 653 | Loss: 13.350912
Epoch 654 | Loss: 13.918744
Epoch 655 | Loss: 14.342920
Epoch 656 | Loss: 14.097056
Epoch 657 | Loss: 13.806311
Epoch 658 | Loss: 14.421713
Epoch 659 | Loss: 13.900652
Epoch 660 | Loss: 14.922821
Epoch 661 | Loss: 14.363623
Epoch 662 | Loss: 13.364073
Epoch 663 | Loss: 13.232456
Epoch 664 | Loss: 13.233934
Epoch 665 | Loss: 13.365772
Epoch 666 | Loss: 13.338219
Epoch 667 | Loss: 13.559183
Epoch 668 | Loss: 13.447333
Epoch 669 | Loss: 13.371086
Epoch 670 | Loss: 13.448087
Epoch 671 | Loss: 13.318259
Epoch 672 | Loss: 14.109978
Epoch 673 | Loss: 13.936676
Epoch 674 | Loss: 13.603123
Epoch 675 | Loss: 13.816018
Epoch 676 | Loss: 14.234237
Epoch 677 | Loss: 13.241430
Epoch 678 | Loss: 13.366817
Epoch 679 | Loss: 13.416060
Epoch 680 | Loss: 14.646690
Epoch 681 | Loss: 13.202925
Epoch 682 | Loss: 13.453484
Epoch 683 | Loss: 13.325335
Epoch 684 | Loss: 13.074932
Epoch 685 | Loss: 13.187581
Epoch 686 | Loss: 13.312388
Epoch 687 | Loss: 13.190678
Epoch 688 | Loss: 13.119875
Epoch 689 | Loss: 13.030039
Epoch 690 | Loss: 13.067478
Epoch 691 | Loss: 13.192263
Epoch 692 | Loss: 13.714674
Epoch 693 | Loss: 13.170766
Epoch 694 | Loss: 13.111777
Epoch 695 | Loss: 13.981796
Epoch 696 | Loss: 13.169381
Epoch 697 | Loss: 12.947292
Epoch 698 | Loss: 13.106582
Epoch 699 | Loss: 13.313519
Epoch 700 | Loss: 13.122520
Epoch 701 | Loss: 13.603233
Epoch 702 | Loss: 12.947948
Epoch 703 | Loss: 12.891719
Epoch 704 | Loss: 12.879094
Epoch 705 | Loss: 12.937363
Epoch 706 | Loss: 13.044316
Epoch 707 | Loss: 13.789038
Epoch 708 | Loss: 13.027745
Epoch 709 | Loss: 12.952506
Epoch 710 | Loss: 13.287646
Epoch 711 | Loss: 14.054096
Epoch 712 | Loss: 13.421216
Epoch 713 | Loss: 13.799632
Epoch 714 | Loss: 13.314928
Epoch 715 | Loss: 13.164224
Epoch 716 | Loss: 12.985940
Epoch 717 | Loss: 13.048073
Epoch 718 | Loss: 12.797237
Epoch 719 | Loss: 12.760229
Epoch 720 | Loss: 12.868193
Epoch 721 | Loss: 12.863767
Epoch 722 | Loss: 12.727984
Epoch 723 | Loss: 13.023937
Epoch 724 | Loss: 12.979520
Epoch 725 | Loss: 13.266067
Epoch 726 | Loss: 14.704508
Epoch 727 | Loss: 14.007052
Epoch 728 | Loss: 13.222176
Epoch 729 | Loss: 12.732927
Epoch 730 | Loss: 13.254044
Epoch 731 | Loss: 13.431996
Epoch 732 | Loss: 14.055633
Epoch 733 | Loss: 14.047239
Epoch 734 | Loss: 13.196884
Epoch 735 | Loss: 12.981940
Epoch 736 | Loss: 12.941731
Epoch 737 | Loss: 12.749866
Epoch 738 | Loss: 13.159972
Epoch 739 | Loss: 13.213638
Epoch 740 | Loss: 13.291967
Epoch 741 | Loss: 12.663232
Epoch 742 | Loss: 13.166808
Epoch 743 | Loss: 13.896684
Epoch 744 | Loss: 12.946154
Epoch 745 | Loss: 13.298718
Epoch 746 | Loss: 12.660847
Epoch 747 | Loss: 13.116923
Epoch 748 | Loss: 12.949196
Epoch 749 | Loss: 12.773256
Epoch 750 | Loss: 12.695895
Epoch 751 | Loss: 12.809119
Epoch 752 | Loss: 13.194443
Epoch 753 | Loss: 13.173804
Epoch 754 | Loss: 13.752510
Epoch 755 | Loss: 12.626935
Epoch 756 | Loss: 12.475310
Epoch 757 | Loss: 12.458392
Epoch 758 | Loss: 12.788717
Epoch 759 | Loss: 13.334142
Epoch 760 | Loss: 13.572355
Epoch 761 | Loss: 14.483774
Epoch 762 | Loss: 14.079598
Epoch 763 | Loss: 13.284286
Epoch 764 | Loss: 13.282629
Epoch 765 | Loss: 12.638744
Epoch 766 | Loss: 12.703352
Epoch 767 | Loss: 12.723312
Epoch 768 | Loss: 12.551583
Epoch 769 | Loss: 12.751651
Epoch 770 | Loss: 12.472148
Epoch 771 | Loss: 12.416052
Epoch 772 | Loss: 12.703473
Epoch 773 | Loss: 12.479460
Epoch 774 | Loss: 12.421051
Epoch 775 | Loss: 12.398867
Epoch 776 | Loss: 12.386026
Epoch 777 | Loss: 12.564361
Epoch 778 | Loss: 12.776547
Epoch 779 | Loss: 13.451471
Epoch 780 | Loss: 13.131477
Epoch 781 | Loss: 12.759491
Epoch 782 | Loss: 12.716521
Epoch 783 | Loss: 12.411517
Epoch 784 | Loss: 12.741746
Epoch 785 | Loss: 12.618438
Epoch 786 | Loss: 12.332718
Epoch 787 | Loss: 12.634822
Epoch 788 | Loss: 12.465227
Epoch 789 | Loss: 12.479179
Epoch 790 | Loss: 12.621523
Epoch 791 | Loss: 12.513233
Epoch 792 | Loss: 12.332817
Epoch 793 | Loss: 12.230015
Epoch 794 | Loss: 12.232346
Epoch 795 | Loss: 12.437281
Epoch 796 | Loss: 12.263521
Epoch 797 | Loss: 12.252817
Epoch 798 | Loss: 12.614396
Epoch 799 | Loss: 13.674009
Epoch 800 | Loss: 13.988763
Epoch 801 | Loss: 13.221581
Epoch 802 | Loss: 12.493152
Epoch 803 | Loss: 13.062358
Epoch 804 | Loss: 12.531746
Epoch 805 | Loss: 12.537885
Epoch 806 | Loss: 12.196923
Epoch 807 | Loss: 12.154012
Epoch 808 | Loss: 12.357169
Epoch 809 | Loss: 12.502403
Epoch 810 | Loss: 12.472891
Epoch 811 | Loss: 12.242110
Epoch 812 | Loss: 12.387135
Epoch 813 | Loss: 12.364478
Epoch 814 | Loss: 12.228265
Epoch 815 | Loss: 12.393937
Epoch 816 | Loss: 12.180567
Epoch 817 | Loss: 12.363594
Epoch 818 | Loss: 12.318068
Epoch 819 | Loss: 12.263194
Epoch 820 | Loss: 12.079925
Epoch 821 | Loss: 12.119758
Epoch 822 | Loss: 12.223905
Epoch 823 | Loss: 12.888343
Epoch 824 | Loss: 12.938266
Epoch 825 | Loss: 13.236059
Epoch 826 | Loss: 12.829080
Epoch 827 | Loss: 12.288918
Epoch 828 | Loss: 12.015047
Epoch 829 | Loss: 12.172945
Epoch 830 | Loss: 12.582481
Epoch 831 | Loss: 12.337764
Epoch 832 | Loss: 12.165686
Epoch 833 | Loss: 12.482547
Epoch 834 | Loss: 12.703488
Epoch 835 | Loss: 11.986799
Epoch 836 | Loss: 12.218923
Epoch 837 | Loss: 13.014428
Epoch 838 | Loss: 12.108460
Epoch 839 | Loss: 12.122210
Epoch 840 | Loss: 11.932638
Epoch 841 | Loss: 12.285365
Epoch 842 | Loss: 12.032865
Epoch 843 | Loss: 12.267141
Epoch 844 | Loss: 12.190324
Epoch 845 | Loss: 12.181207
Epoch 846 | Loss: 12.247406
Epoch 847 | Loss: 12.913943
Epoch 848 | Loss: 12.131301
Epoch 849 | Loss: 12.068272
Epoch 850 | Loss: 11.908745
Epoch 851 | Loss: 11.851246
Epoch 852 | Loss: 11.894155
Epoch 853 | Loss: 11.865099
Epoch 854 | Loss: 11.826594
Epoch 855 | Loss: 12.119238
Epoch 856 | Loss: 12.237914
Epoch 857 | Loss: 12.434990
Epoch 858 | Loss: 13.677029
Epoch 859 | Loss: 14.124615
Epoch 860 | Loss: 12.784034
Epoch 861 | Loss: 12.123033
Epoch 862 | Loss: 11.837595
Epoch 863 | Loss: 11.883485
Epoch 864 | Loss: 12.051312
Epoch 865 | Loss: 11.746195
Epoch 866 | Loss: 11.835408
Epoch 867 | Loss: 11.738470
Epoch 868 | Loss: 11.742840
Epoch 869 | Loss: 12.003944
Epoch 870 | Loss: 11.902455
Epoch 871 | Loss: 11.913249
Epoch 872 | Loss: 12.099764
Epoch 873 | Loss: 12.351185
Epoch 874 | Loss: 11.789234
Epoch 875 | Loss: 11.754613
Epoch 876 | Loss: 11.962903
Epoch 877 | Loss: 12.193417
Epoch 878 | Loss: 12.414195
Epoch 879 | Loss: 12.254167
Epoch 880 | Loss: 12.966621
Epoch 881 | Loss: 13.110209
Epoch 882 | Loss: 12.278612
Epoch 883 | Loss: 11.647844
Epoch 884 | Loss: 11.699409
Epoch 885 | Loss: 12.028699
Epoch 886 | Loss: 11.668228
Epoch 887 | Loss: 11.766521
Epoch 888 | Loss: 11.877314
Epoch 889 | Loss: 11.907565
Epoch 890 | Loss: 11.678034
Epoch 891 | Loss: 11.574720
Epoch 892 | Loss: 11.877965
Epoch 893 | Loss: 12.332083
Epoch 894 | Loss: 11.876371
Epoch 895 | Loss: 11.984947
Epoch 896 | Loss: 12.334220
Epoch 897 | Loss: 12.316221
Epoch 898 | Loss: 12.016324
Epoch 899 | Loss: 11.845465
Epoch 900 | Loss: 12.503418
Epoch 901 | Loss: 12.319126
Epoch 902 | Loss: 11.719797
Epoch 903 | Loss: 12.194507
Epoch 904 | Loss: 11.828171
Epoch 905 | Loss: 11.746778
Epoch 906 | Loss: 11.844061
Epoch 907 | Loss: 12.091693
Epoch 908 | Loss: 12.162599
Epoch 909 | Loss: 11.604734
Epoch 910 | Loss: 11.605391
Epoch 911 | Loss: 12.123054
Epoch 912 | Loss: 12.324533
Epoch 913 | Loss: 12.098386
Epoch 914 | Loss: 12.370577
Epoch 915 | Loss: 12.102356
Epoch 916 | Loss: 12.317261
Epoch 917 | Loss: 11.636189
Epoch 918 | Loss: 11.494571
Epoch 919 | Loss: 11.871087
Epoch 920 | Loss: 12.245143
Epoch 921 | Loss: 12.213392
Epoch 922 | Loss: 11.392486
Epoch 923 | Loss: 11.447816
Epoch 924 | Loss: 11.670259
Epoch 925 | Loss: 11.606162
Epoch 926 | Loss: 12.097061
Epoch 927 | Loss: 11.982465
Epoch 928 | Loss: 12.136472
Epoch 929 | Loss: 11.412916
Epoch 930 | Loss: 11.480883
Epoch 931 | Loss: 11.601333
Epoch 932 | Loss: 11.338989
Epoch 933 | Loss: 11.350083
Epoch 934 | Loss: 11.630248
Epoch 935 | Loss: 11.448738
Epoch 936 | Loss: 11.335096
Epoch 937 | Loss: 11.462092
Epoch 938 | Loss: 11.356913
Epoch 939 | Loss: 11.364570
Epoch 940 | Loss: 11.507542
Epoch 941 | Loss: 11.374877
Epoch 942 | Loss: 11.249106
Epoch 943 | Loss: 11.351216
Epoch 944 | Loss: 11.550170
Epoch 945 | Loss: 11.761302
Epoch 946 | Loss: 11.595271
Epoch 947 | Loss: 11.659599
Epoch 948 | Loss: 11.877724
Epoch 949 | Loss: 11.424109
Epoch 950 | Loss: 11.461908
Epoch 951 | Loss: 11.300260
Epoch 952 | Loss: 11.350895
Epoch 953 | Loss: 11.477989
Epoch 954 | Loss: 11.271972
Epoch 955 | Loss: 11.180286
Epoch 956 | Loss: 11.306424
Epoch 957 | Loss: 11.652182
Epoch 958 | Loss: 11.299164
Epoch 959 | Loss: 11.450039
Epoch 960 | Loss: 11.365064
Epoch 961 | Loss: 11.290960
Epoch 962 | Loss: 11.284156
Epoch 963 | Loss: 11.748218
Epoch 964 | Loss: 12.040408
Epoch 965 | Loss: 12.193705
Epoch 966 | Loss: 12.480910
Epoch 967 | Loss: 12.037806
Epoch 968 | Loss: 11.926193
Epoch 969 | Loss: 11.238770
Epoch 970 | Loss: 11.076581
Epoch 971 | Loss: 11.097235
Epoch 972 | Loss: 11.330895
Epoch 973 | Loss: 11.221086
Epoch 974 | Loss: 11.195820
Epoch 975 | Loss: 11.412922
Epoch 976 | Loss: 11.802806
Epoch 977 | Loss: 11.285875
Epoch 978 | Loss: 11.013069
Epoch 979 | Loss: 11.188342
Epoch 980 | Loss: 11.168339
Epoch 981 | Loss: 11.005394
Epoch 982 | Loss: 10.984623
Epoch 983 | Loss: 11.263696
Epoch 984 | Loss: 11.086702
Epoch 985 | Loss: 11.118738
Epoch 986 | Loss: 11.027350
Epoch 987 | Loss: 11.371575
Epoch 988 | Loss: 11.296125
Epoch 989 | Loss: 11.356773
Epoch 990 | Loss: 11.053823
Epoch 991 | Loss: 11.086947
Epoch 992 | Loss: 11.101133
Epoch 993 | Loss: 11.279596
Epoch 994 | Loss: 11.217977
Epoch 995 | Loss: 11.688726
Epoch 996 | Loss: 11.103332
Epoch 997 | Loss: 11.217072
Epoch 998 | Loss: 11.163191
Epoch 999 | Loss: 11.047992
Epoch 1000 | Loss: 11.133821
Epoch 1001 | Loss: 10.848485
Epoch 1002 | Loss: 10.927131
Epoch 1003 | Loss: 10.937687
Epoch 1004 | Loss: 10.880099
Epoch 1005 | Loss: 11.042474
Epoch 1006 | Loss: 10.941424
Epoch 1007 | Loss: 10.862032
Epoch 1008 | Loss: 10.983714
Epoch 1009 | Loss: 11.050808
Epoch 1010 | Loss: 10.926087
Epoch 1011 | Loss: 10.872053
Epoch 1012 | Loss: 10.847415
Epoch 1013 | Loss: 10.833224
Epoch 1014 | Loss: 10.781891
Epoch 1015 | Loss: 10.863043
Epoch 1016 | Loss: 11.421755
Epoch 1017 | Loss: 11.219819
Epoch 1018 | Loss: 10.812005
Epoch 1019 | Loss: 11.150436
Epoch 1020 | Loss: 11.777744
Epoch 1021 | Loss: 11.592553
Epoch 1022 | Loss: 10.909828
Epoch 1023 | Loss: 10.867403
Epoch 1024 | Loss: 11.011472
Epoch 1025 | Loss: 11.693734
Epoch 1026 | Loss: 11.564511
Epoch 1027 | Loss: 11.077998
Epoch 1028 | Loss: 10.801144
Epoch 1029 | Loss: 10.996475
Epoch 1030 | Loss: 10.829119
Epoch 1031 | Loss: 10.699193
Epoch 1032 | Loss: 10.701456
Epoch 1033 | Loss: 10.747011
Epoch 1034 | Loss: 10.769908
Epoch 1035 | Loss: 10.767925
Epoch 1036 | Loss: 10.867172
Epoch 1037 | Loss: 10.734985
Epoch 1038 | Loss: 10.726232
Epoch 1039 | Loss: 10.642665
Epoch 1040 | Loss: 10.662666
Epoch 1041 | Loss: 10.599557
Epoch 1042 | Loss: 10.757572
Epoch 1043 | Loss: 11.423328
Epoch 1044 | Loss: 10.760233
Epoch 1045 | Loss: 10.800385
Epoch 1046 | Loss: 10.990368
Epoch 1047 | Loss: 11.149717
Epoch 1048 | Loss: 10.575691
Epoch 1049 | Loss: 10.613825
Epoch 1050 | Loss: 10.767164
Epoch 1051 | Loss: 11.015985
Epoch 1052 | Loss: 11.041035
Epoch 1053 | Loss: 10.791306
Epoch 1054 | Loss: 10.873828
Epoch 1055 | Loss: 10.894153
Epoch 1056 | Loss: 11.046963
Epoch 1057 | Loss: 10.726954
Epoch 1058 | Loss: 10.525754
Epoch 1059 | Loss: 10.603737
Epoch 1060 | Loss: 11.535574
Epoch 1061 | Loss: 11.342597
Epoch 1062 | Loss: 10.693623
Epoch 1063 | Loss: 10.481898
Epoch 1064 | Loss: 10.454804
Epoch 1065 | Loss: 10.700045
Epoch 1066 | Loss: 10.952999
Epoch 1067 | Loss: 10.547967
Epoch 1068 | Loss: 10.403619
Epoch 1069 | Loss: 10.434236
Epoch 1070 | Loss: 10.385969
Epoch 1071 | Loss: 10.345669
Epoch 1072 | Loss: 10.496285
Epoch 1073 | Loss: 10.401347
Epoch 1074 | Loss: 10.363864
Epoch 1075 | Loss: 10.426991
Epoch 1076 | Loss: 10.392118
Epoch 1077 | Loss: 10.470127
Epoch 1078 | Loss: 10.810661
Epoch 1079 | Loss: 10.340677
Epoch 1080 | Loss: 10.279452
Epoch 1081 | Loss: 10.298110
Epoch 1082 | Loss: 10.272997
Epoch 1083 | Loss: 10.282022
Epoch 1084 | Loss: 10.314182
Epoch 1085 | Loss: 10.380346
Epoch 1086 | Loss: 10.324786
Epoch 1087 | Loss: 10.223214
Epoch 1088 | Loss: 10.311083
Epoch 1089 | Loss: 10.347779
Epoch 1090 | Loss: 10.537810
Epoch 1091 | Loss: 10.304817
Epoch 1092 | Loss: 10.233445
Epoch 1093 | Loss: 10.430737
Epoch 1094 | Loss: 11.119888
Epoch 1095 | Loss: 11.170198
Epoch 1096 | Loss: 10.898998
Epoch 1097 | Loss: 10.857632
Epoch 1098 | Loss: 10.667950
Epoch 1099 | Loss: 10.423713
Epoch 1100 | Loss: 10.382008
Epoch 1101 | Loss: 10.330915
Epoch 1102 | Loss: 10.366526
Epoch 1103 | Loss: 10.361208
Epoch 1104 | Loss: 10.394406
Epoch 1105 | Loss: 10.253421
Epoch 1106 | Loss: 10.825902
Epoch 1107 | Loss: 10.569439
Epoch 1108 | Loss: 10.593804
Epoch 1109 | Loss: 10.387964
Epoch 1110 | Loss: 10.389581
Epoch 1111 | Loss: 10.155818
Epoch 1112 | Loss: 10.279595
Epoch 1113 | Loss: 11.034486
Epoch 1114 | Loss: 11.088216
Epoch 1115 | Loss: 10.360986
Epoch 1116 | Loss: 10.363147
Epoch 1117 | Loss: 10.048876
Epoch 1118 | Loss: 10.049457
Epoch 1119 | Loss: 10.061279
Epoch 1120 | Loss: 10.209779
Epoch 1121 | Loss: 10.204896
Epoch 1122 | Loss: 10.145735
Epoch 1123 | Loss: 10.067361
Epoch 1124 | Loss: 10.134699
Epoch 1125 | Loss: 10.215769
Epoch 1126 | Loss: 10.063819
Epoch 1127 | Loss: 10.008228
Epoch 1128 | Loss: 10.166069
Epoch 1129 | Loss: 10.234501
Epoch 1130 | Loss: 10.030107
Epoch 1131 | Loss: 10.055609
Epoch 1132 | Loss: 10.134603
Epoch 1133 | Loss: 9.989408
Epoch 1134 | Loss: 10.080915
Epoch 1135 | Loss: 10.033665
Epoch 1136 | Loss: 10.313226
Epoch 1137 | Loss: 10.174180
Epoch 1138 | Loss: 10.097912
Epoch 1139 | Loss: 10.089471
Epoch 1140 | Loss: 10.043736
Epoch 1141 | Loss: 10.260464
Epoch 1142 | Loss: 10.175788
Epoch 1143 | Loss: 9.873794
Epoch 1144 | Loss: 9.946075
Epoch 1145 | Loss: 9.869787
Epoch 1146 | Loss: 9.927415
Epoch 1147 | Loss: 9.886660
Epoch 1148 | Loss: 10.270000
Epoch 1149 | Loss: 10.870354
Epoch 1150 | Loss: 10.600615
Epoch 1151 | Loss: 10.549100
Epoch 1152 | Loss: 10.291974
Epoch 1153 | Loss: 10.283724
Epoch 1154 | Loss: 10.189010
Epoch 1155 | Loss: 10.208722
Epoch 1156 | Loss: 9.781014
Epoch 1157 | Loss: 9.802250
Epoch 1158 | Loss: 9.739721
Epoch 1159 | Loss: 10.060122
Epoch 1160 | Loss: 9.885073
Epoch 1161 | Loss: 9.820523
Epoch 1162 | Loss: 9.916539
Epoch 1163 | Loss: 10.087491
Epoch 1164 | Loss: 9.837937
Epoch 1165 | Loss: 9.789626
Epoch 1166 | Loss: 9.743515
Epoch 1167 | Loss: 9.749210
Epoch 1168 | Loss: 10.014490
Epoch 1169 | Loss: 9.812189
Epoch 1170 | Loss: 9.853733
Epoch 1171 | Loss: 9.769128
Epoch 1172 | Loss: 9.695205
Epoch 1173 | Loss: 9.748583
Epoch 1174 | Loss: 9.992660
Epoch 1175 | Loss: 9.982020
Epoch 1176 | Loss: 9.841451
Epoch 1177 | Loss: 9.841810
Epoch 1178 | Loss: 9.639663
Epoch 1179 | Loss: 9.668662
Epoch 1180 | Loss: 9.636691
Epoch 1181 | Loss: 9.687684
Epoch 1182 | Loss: 9.678770
Epoch 1183 | Loss: 9.792675
Epoch 1184 | Loss: 9.608773
Epoch 1185 | Loss: 9.594918
Epoch 1186 | Loss: 9.580508
Epoch 1187 | Loss: 9.600210
Epoch 1188 | Loss: 9.613015
Epoch 1189 | Loss: 9.767143
Epoch 1190 | Loss: 9.607448
Epoch 1191 | Loss: 9.656018
Epoch 1192 | Loss: 9.649211
Epoch 1193 | Loss: 9.577059
Epoch 1194 | Loss: 9.591103
Epoch 1195 | Loss: 9.630220
Epoch 1196 | Loss: 9.846068
Epoch 1197 | Loss: 9.653403
Epoch 1198 | Loss: 9.879013
Epoch 1199 | Loss: 9.604268
Epoch 1200 | Loss: 9.668270
Epoch 1201 | Loss: 9.572632
Epoch 1202 | Loss: 9.651801
Epoch 1203 | Loss: 9.561246
Epoch 1204 | Loss: 9.593062
Epoch 1205 | Loss: 9.493047
Epoch 1206 | Loss: 9.576819
Epoch 1207 | Loss: 9.445789
Epoch 1208 | Loss: 9.557585
Epoch 1209 | Loss: 9.679882
Epoch 1210 | Loss: 9.861586
Epoch 1211 | Loss: 9.813636
Epoch 1212 | Loss: 9.937246
Epoch 1213 | Loss: 9.953081
Epoch 1214 | Loss: 9.580243
Epoch 1215 | Loss: 10.026085
Epoch 1216 | Loss: 10.126422
Epoch 1217 | Loss: 10.031963
Epoch 1218 | Loss: 9.495310
Epoch 1219 | Loss: 9.417801
Epoch 1220 | Loss: 9.475918
Epoch 1221 | Loss: 9.461127
Epoch 1222 | Loss: 9.371781
Epoch 1223 | Loss: 9.499161
Epoch 1224 | Loss: 9.598010
Epoch 1225 | Loss: 9.518351
Epoch 1226 | Loss: 9.426561
Epoch 1227 | Loss: 9.728407
Epoch 1228 | Loss: 10.092623
Epoch 1229 | Loss: 10.165513
Epoch 1230 | Loss: 9.834671
Epoch 1231 | Loss: 9.909609
Epoch 1232 | Loss: 9.670942
Epoch 1233 | Loss: 9.474872
Epoch 1234 | Loss: 9.318410
Epoch 1235 | Loss: 9.416540
Epoch 1236 | Loss: 9.440235
Epoch 1237 | Loss: 9.320979
Epoch 1238 | Loss: 9.327209
Epoch 1239 | Loss: 9.306886
Epoch 1240 | Loss: 9.315441
Epoch 1241 | Loss: 9.515401
Epoch 1242 | Loss: 9.966447
Epoch 1243 | Loss: 9.283715
Epoch 1244 | Loss: 9.317075
Epoch 1245 | Loss: 9.308621
Epoch 1246 | Loss: 9.454084
Epoch 1247 | Loss: 9.536598
Epoch 1248 | Loss: 9.352022
Epoch 1249 | Loss: 9.378126
Epoch 1250 | Loss: 9.255899
Epoch 1251 | Loss: 9.345603
Epoch 1252 | Loss: 9.257038
Epoch 1253 | Loss: 9.237644
Epoch 1254 | Loss: 9.379439
Epoch 1255 | Loss: 9.478631
Epoch 1256 | Loss: 9.743930
Epoch 1257 | Loss: 9.442967
Epoch 1258 | Loss: 9.214446
Epoch 1259 | Loss: 9.203537
Epoch 1260 | Loss: 9.230564
Epoch 1261 | Loss: 9.190554
Epoch 1262 | Loss: 9.204927
Epoch 1263 | Loss: 9.227823
Epoch 1264 | Loss: 9.216485
Epoch 1265 | Loss: 9.299990
Epoch 1266 | Loss: 9.397933
Epoch 1267 | Loss: 9.215102
Epoch 1268 | Loss: 9.186390
Epoch 1269 | Loss: 9.217907
Epoch 1270 | Loss: 9.356026
Epoch 1271 | Loss: 9.700129
Epoch 1272 | Loss: 9.490464
Epoch 1273 | Loss: 9.560133
Epoch 1274 | Loss: 9.104247
Epoch 1275 | Loss: 9.118160
Epoch 1276 | Loss: 9.328845
Epoch 1277 | Loss: 9.075490
Epoch 1278 | Loss: 9.160006
Epoch 1279 | Loss: 9.198990
Epoch 1280 | Loss: 9.189065
Epoch 1281 | Loss: 9.148175
Epoch 1282 | Loss: 9.139654
Epoch 1283 | Loss: 9.110129
Epoch 1284 | Loss: 9.147265
Epoch 1285 | Loss: 9.111319
Epoch 1286 | Loss: 9.178249
Epoch 1287 | Loss: 9.112577
Epoch 1288 | Loss: 9.117991
Epoch 1289 | Loss: 9.074635
Epoch 1290 | Loss: 9.109309
Epoch 1291 | Loss: 9.106925
Epoch 1292 | Loss: 9.059117
Epoch 1293 | Loss: 9.050768
Epoch 1294 | Loss: 9.125150
Epoch 1295 | Loss: 9.012063
Epoch 1296 | Loss: 9.062484
Epoch 1297 | Loss: 9.086354
Epoch 1298 | Loss: 9.060137
Epoch 1299 | Loss: 9.134888
Epoch 1300 | Loss: 9.369287
Epoch 1301 | Loss: 9.185448
Epoch 1302 | Loss: 9.029057
Epoch 1303 | Loss: 9.214385
Epoch 1304 | Loss: 9.531119
Epoch 1305 | Loss: 9.857479
Epoch 1306 | Loss: 9.482966
Epoch 1307 | Loss: 9.675649
Epoch 1308 | Loss: 9.399391
Epoch 1309 | Loss: 9.213214
Epoch 1310 | Loss: 9.019497
Epoch 1311 | Loss: 9.039454
Epoch 1312 | Loss: 8.942802
Epoch 1313 | Loss: 9.004561
Epoch 1314 | Loss: 8.997957
Epoch 1315 | Loss: 9.016282
Epoch 1316 | Loss: 9.138515
Epoch 1317 | Loss: 9.002044
Epoch 1318 | Loss: 9.080627
Epoch 1319 | Loss: 9.097692
Epoch 1320 | Loss: 9.186403
Epoch 1321 | Loss: 9.334133
Epoch 1322 | Loss: 9.205890
Epoch 1323 | Loss: 9.148198
Epoch 1324 | Loss: 9.069856
Epoch 1325 | Loss: 8.923454
Epoch 1326 | Loss: 8.954414
Epoch 1327 | Loss: 9.113052
Epoch 1328 | Loss: 8.906487
Epoch 1329 | Loss: 8.886656
Epoch 1330 | Loss: 8.975474
Epoch 1331 | Loss: 8.939928
Epoch 1332 | Loss: 9.008643
Epoch 1333 | Loss: 9.026218
Epoch 1334 | Loss: 8.858144
Epoch 1335 | Loss: 8.960447
Epoch 1336 | Loss: 8.871569
Epoch 1337 | Loss: 8.875554
Epoch 1338 | Loss: 8.826587
Epoch 1339 | Loss: 8.974738
Epoch 1340 | Loss: 8.968879
Epoch 1341 | Loss: 8.881286
Epoch 1342 | Loss: 9.091182
Epoch 1343 | Loss: 9.123855
Epoch 1344 | Loss: 9.573225
Epoch 1345 | Loss: 9.090142
Epoch 1346 | Loss: 8.992326
Epoch 1347 | Loss: 9.014313
Epoch 1348 | Loss: 9.098266
Epoch 1349 | Loss: 9.156133
Epoch 1350 | Loss: 8.983166
Epoch 1351 | Loss: 8.916411
Epoch 1352 | Loss: 8.837224
Epoch 1353 | Loss: 8.801944
Epoch 1354 | Loss: 8.825031
Epoch 1355 | Loss: 8.824310
Epoch 1356 | Loss: 8.904442
Epoch 1357 | Loss: 9.070109
Epoch 1358 | Loss: 8.922435
Epoch 1359 | Loss: 9.105886
Epoch 1360 | Loss: 8.983199
Epoch 1361 | Loss: 8.832750
Epoch 1362 | Loss: 8.892557
Epoch 1363 | Loss: 9.012328
Epoch 1364 | Loss: 8.935672
Epoch 1365 | Loss: 9.052087
Epoch 1366 | Loss: 9.060477
Epoch 1367 | Loss: 8.929631
Epoch 1368 | Loss: 8.795094
Epoch 1369 | Loss: 8.829710
Epoch 1370 | Loss: 8.858009
Epoch 1371 | Loss: 8.941733
Epoch 1372 | Loss: 8.917421
Epoch 1373 | Loss: 8.696600
Epoch 1374 | Loss: 8.802431
Epoch 1375 | Loss: 9.057804
Epoch 1376 | Loss: 8.865655
Epoch 1377 | Loss: 8.864016
Epoch 1378 | Loss: 8.774506
Epoch 1379 | Loss: 8.792543
Epoch 1380 | Loss: 8.786990
Epoch 1381 | Loss: 8.751882
Epoch 1382 | Loss: 8.838318
Epoch 1383 | Loss: 9.070611
Epoch 1384 | Loss: 8.834792
Epoch 1385 | Loss: 8.842600
Epoch 1386 | Loss: 9.125620
Epoch 1387 | Loss: 9.033637
Epoch 1388 | Loss: 8.697859
Epoch 1389 | Loss: 8.762175
Epoch 1390 | Loss: 8.654988
Epoch 1391 | Loss: 8.656240
Epoch 1392 | Loss: 8.659098
Epoch 1393 | Loss: 8.678757
Epoch 1394 | Loss: 8.700747
Epoch 1395 | Loss: 8.643077
Epoch 1396 | Loss: 8.668552
Epoch 1397 | Loss: 8.640052
Epoch 1398 | Loss: 8.653443
Epoch 1399 | Loss: 8.683844
Epoch 1400 | Loss: 8.740404
Epoch 1401 | Loss: 8.682176
Epoch 1402 | Loss: 8.625740
Epoch 1403 | Loss: 8.646690
Epoch 1404 | Loss: 8.661377
Epoch 1405 | Loss: 8.737381
Epoch 1406 | Loss: 8.991124
Epoch 1407 | Loss: 8.632021
Epoch 1408 | Loss: 8.598982
Epoch 1409 | Loss: 8.602036
Epoch 1410 | Loss: 8.694595
Epoch 1411 | Loss: 8.771227
Epoch 1412 | Loss: 8.677674
Epoch 1413 | Loss: 8.627391
Epoch 1414 | Loss: 8.561814
Epoch 1415 | Loss: 8.585312
Epoch 1416 | Loss: 8.645141
Epoch 1417 | Loss: 8.646380
Epoch 1418 | Loss: 8.573308
Epoch 1419 | Loss: 8.625156
Epoch 1420 | Loss: 8.655182
Epoch 1421 | Loss: 8.690426
Epoch 1422 | Loss: 8.698102
Epoch 1423 | Loss: 8.661741
Epoch 1424 | Loss: 8.562719
Epoch 1425 | Loss: 8.651939
Epoch 1426 | Loss: 8.676404
Epoch 1427 | Loss: 8.922948
Epoch 1428 | Loss: 8.570985
Epoch 1429 | Loss: 8.618249
Epoch 1430 | Loss: 8.537528
Epoch 1431 | Loss: 8.506159
Epoch 1432 | Loss: 8.526688
Epoch 1433 | Loss: 8.540372
Epoch 1434 | Loss: 8.508761
Epoch 1435 | Loss: 8.551876
Epoch 1436 | Loss: 8.520482
Epoch 1437 | Loss: 8.531011
Epoch 1438 | Loss: 8.521299
Epoch 1439 | Loss: 8.863637
Epoch 1440 | Loss: 8.928124
Epoch 1441 | Loss: 8.573565
Epoch 1442 | Loss: 8.525530
Epoch 1443 | Loss: 8.532986
Epoch 1444 | Loss: 8.537102
Epoch 1445 | Loss: 8.510115
Epoch 1446 | Loss: 8.490496
Epoch 1447 | Loss: 8.465888
Epoch 1448 | Loss: 8.486369
Epoch 1449 | Loss: 8.525570
Epoch 1450 | Loss: 8.596712
Epoch 1451 | Loss: 8.590505
Epoch 1452 | Loss: 8.476932
Epoch 1453 | Loss: 8.465122
Epoch 1454 | Loss: 8.487538
Epoch 1455 | Loss: 8.489343
Epoch 1456 | Loss: 8.460998
Epoch 1457 | Loss: 8.457643
Epoch 1458 | Loss: 8.449120
Epoch 1459 | Loss: 8.442277
Epoch 1460 | Loss: 8.470926
Epoch 1461 | Loss: 8.508544
Epoch 1462 | Loss: 8.438263
Epoch 1463 | Loss: 8.405621
Epoch 1464 | Loss: 8.483822
Epoch 1465 | Loss: 8.444764
Epoch 1466 | Loss: 8.591435
Epoch 1467 | Loss: 8.432663
Epoch 1468 | Loss: 8.519605
Epoch 1469 | Loss: 8.448450
Epoch 1470 | Loss: 8.490156
Epoch 1471 | Loss: 8.560722
Epoch 1472 | Loss: 8.525231
Epoch 1473 | Loss: 8.451941
Epoch 1474 | Loss: 8.415282
Epoch 1475 | Loss: 8.393576
Epoch 1476 | Loss: 8.478732
Epoch 1477 | Loss: 8.452642
Epoch 1478 | Loss: 8.496931
Epoch 1479 | Loss: 8.405241
Epoch 1480 | Loss: 8.487384
Epoch 1481 | Loss: 8.445755
Epoch 1482 | Loss: 8.513767
Epoch 1483 | Loss: 8.418940
Epoch 1484 | Loss: 8.416627
Epoch 1485 | Loss: 8.459032
Epoch 1486 | Loss: 8.531906
Epoch 1487 | Loss: 8.472618
Epoch 1488 | Loss: 8.371629
Epoch 1489 | Loss: 8.432387
Epoch 1490 | Loss: 8.389999
Epoch 1491 | Loss: 8.556803
Epoch 1492 | Loss: 8.393975
Epoch 1493 | Loss: 8.337482
Epoch 1494 | Loss: 8.396092
Epoch 1495 | Loss: 8.342249
Epoch 1496 | Loss: 8.390647
Epoch 1497 | Loss: 8.514019
Epoch 1498 | Loss: 8.424854
Epoch 1499 | Loss: 8.460104
Epoch 1500 | Loss: 8.438130
Epoch 1501 | Loss: 8.310778
Epoch 1502 | Loss: 8.307201
Epoch 1503 | Loss: 8.319347
Epoch 1504 | Loss: 8.346031
Epoch 1505 | Loss: 8.318980
Epoch 1506 | Loss: 8.366785
Epoch 1507 | Loss: 8.362780
Epoch 1508 | Loss: 8.524886
Epoch 1509 | Loss: 8.490454
Epoch 1510 | Loss: 8.809045
Epoch 1511 | Loss: 8.464918
Epoch 1512 | Loss: 8.281943
Epoch 1513 | Loss: 8.334562
Epoch 1514 | Loss: 8.318954
Epoch 1515 | Loss: 8.359672
Epoch 1516 | Loss: 8.598382
Epoch 1517 | Loss: 8.449430
Epoch 1518 | Loss: 8.444500
Epoch 1519 | Loss: 8.422707
Epoch 1520 | Loss: 8.268894
Epoch 1521 | Loss: 8.431069
Epoch 1522 | Loss: 8.260300
Epoch 1523 | Loss: 8.389492
Epoch 1524 | Loss: 8.337905
Epoch 1525 | Loss: 8.367433
Epoch 1526 | Loss: 8.311396
Epoch 1527 | Loss: 8.314277
Epoch 1528 | Loss: 8.416900
Epoch 1529 | Loss: 8.715978
Epoch 1530 | Loss: 8.476695
Epoch 1531 | Loss: 8.560341
Epoch 1532 | Loss: 8.473568
Epoch 1533 | Loss: 8.241780
Epoch 1534 | Loss: 8.322832
Epoch 1535 | Loss: 8.457240
Epoch 1536 | Loss: 8.348382
Epoch 1537 | Loss: 8.613897
Epoch 1538 | Loss: 8.608668
Epoch 1539 | Loss: 8.423109
Epoch 1540 | Loss: 8.505916
Epoch 1541 | Loss: 8.483336
Epoch 1542 | Loss: 8.353823
Epoch 1543 | Loss: 8.219091
Epoch 1544 | Loss: 8.244595
Epoch 1545 | Loss: 8.241043
Epoch 1546 | Loss: 8.209239
Epoch 1547 | Loss: 8.219282
Epoch 1548 | Loss: 8.252469
Epoch 1549 | Loss: 8.256230
Epoch 1550 | Loss: 8.254839
Epoch 1551 | Loss: 8.207555
Epoch 1552 | Loss: 8.220749
Epoch 1553 | Loss: 8.227969
Epoch 1554 | Loss: 8.356494
Epoch 1555 | Loss: 8.276387
Epoch 1556 | Loss: 8.221891
Epoch 1557 | Loss: 8.206340
Epoch 1558 | Loss: 8.168001
Epoch 1559 | Loss: 8.215192
Epoch 1560 | Loss: 8.247746
Epoch 1561 | Loss: 8.198922
Epoch 1562 | Loss: 8.312460
Epoch 1563 | Loss: 8.321364
Epoch 1564 | Loss: 8.323207
Epoch 1565 | Loss: 8.298468
Epoch 1566 | Loss: 8.245155
Epoch 1567 | Loss: 8.156871
Epoch 1568 | Loss: 8.174339
Epoch 1569 | Loss: 8.220081
Epoch 1570 | Loss: 8.177554
Epoch 1571 | Loss: 8.261853
Epoch 1572 | Loss: 8.227774
Epoch 1573 | Loss: 8.256753
Epoch 1574 | Loss: 8.170786
Epoch 1575 | Loss: 8.224966
Epoch 1576 | Loss: 8.336598
Epoch 1577 | Loss: 8.207546
Epoch 1578 | Loss: 8.253676
Epoch 1579 | Loss: 8.247470
Epoch 1580 | Loss: 8.231512
Epoch 1581 | Loss: 8.235916
Epoch 1582 | Loss: 8.235766
Epoch 1583 | Loss: 8.105117
Epoch 1584 | Loss: 8.168562
Epoch 1585 | Loss: 8.125553
Epoch 1586 | Loss: 8.195945
Epoch 1587 | Loss: 8.155479
Epoch 1588 | Loss: 8.092452
Epoch 1589 | Loss: 8.110624
Epoch 1590 | Loss: 8.117093
Epoch 1591 | Loss: 8.087916
Epoch 1592 | Loss: 8.078834
Epoch 1593 | Loss: 8.141212
Epoch 1594 | Loss: 8.185971
Epoch 1595 | Loss: 8.167748
Epoch 1596 | Loss: 8.202286
Epoch 1597 | Loss: 8.339214
Epoch 1598 | Loss: 8.149035
Epoch 1599 | Loss: 8.069171
Epoch 1600 | Loss: 8.081283
Epoch 1601 | Loss: 8.079123
Epoch 1602 | Loss: 8.078404
Epoch 1603 | Loss: 8.062065
Epoch 1604 | Loss: 8.055799
Epoch 1605 | Loss: 8.185594
Epoch 1606 | Loss: 8.144095
Epoch 1607 | Loss: 8.154315
Epoch 1608 | Loss: 8.098615
Epoch 1609 | Loss: 8.121684
Epoch 1610 | Loss: 8.147885
Epoch 1611 | Loss: 8.210689
Epoch 1612 | Loss: 8.149683
Epoch 1613 | Loss: 8.163687
Epoch 1614 | Loss: 8.197525
Epoch 1615 | Loss: 8.058847
Epoch 1616 | Loss: 8.256066
Epoch 1617 | Loss: 8.226070
Epoch 1618 | Loss: 8.138936
Epoch 1619 | Loss: 8.148814
Epoch 1620 | Loss: 8.158453
Epoch 1621 | Loss: 8.087992
Epoch 1622 | Loss: 8.038804
Epoch 1623 | Loss: 8.038742
Epoch 1624 | Loss: 8.128880
Epoch 1625 | Loss: 8.123175
Epoch 1626 | Loss: 8.059168
Epoch 1627 | Loss: 8.010061
Epoch 1628 | Loss: 8.047877
Epoch 1629 | Loss: 8.062673
Epoch 1630 | Loss: 8.070103
Epoch 1631 | Loss: 8.113011
Epoch 1632 | Loss: 8.071914
Epoch 1633 | Loss: 8.009551
Epoch 1634 | Loss: 8.041692
Epoch 1635 | Loss: 8.056479
Epoch 1636 | Loss: 8.027222
Epoch 1637 | Loss: 8.034725
Epoch 1638 | Loss: 8.066847
Epoch 1639 | Loss: 8.007103
Epoch 1640 | Loss: 8.037811
Epoch 1641 | Loss: 8.106542
Epoch 1642 | Loss: 8.134466
Epoch 1643 | Loss: 8.166851
Epoch 1644 | Loss: 8.049105
Epoch 1645 | Loss: 8.046759
Epoch 1646 | Loss: 8.305884
Epoch 1647 | Loss: 8.253086
Epoch 1648 | Loss: 8.208796
Epoch 1649 | Loss: 8.092197
Epoch 1650 | Loss: 7.988502
Epoch 1651 | Loss: 8.015662
Epoch 1652 | Loss: 8.124105
Epoch 1653 | Loss: 8.020891
Epoch 1654 | Loss: 7.967554
Epoch 1655 | Loss: 8.014488
Epoch 1656 | Loss: 8.098920
Epoch 1657 | Loss: 8.243954
Epoch 1658 | Loss: 8.198451
Epoch 1659 | Loss: 8.156521
Epoch 1660 | Loss: 7.941567
Epoch 1661 | Loss: 7.963707
Epoch 1662 | Loss: 7.982338
Epoch 1663 | Loss: 7.992905
Epoch 1664 | Loss: 8.006445
Epoch 1665 | Loss: 7.991816
Epoch 1666 | Loss: 7.940103
Epoch 1667 | Loss: 8.140246
Epoch 1668 | Loss: 8.219174
Epoch 1669 | Loss: 8.238946
Epoch 1670 | Loss: 8.021765
Epoch 1671 | Loss: 8.039756
Epoch 1672 | Loss: 7.979159
Epoch 1673 | Loss: 7.978233
Epoch 1674 | Loss: 8.115689
Epoch 1675 | Loss: 8.213900
Epoch 1676 | Loss: 7.975019
Epoch 1677 | Loss: 7.932388
Epoch 1678 | Loss: 7.955545
Epoch 1679 | Loss: 7.934961
Epoch 1680 | Loss: 8.110592
Epoch 1681 | Loss: 8.213327
Epoch 1682 | Loss: 8.397203
Epoch 1683 | Loss: 7.990561
Epoch 1684 | Loss: 7.993741
Epoch 1685 | Loss: 7.918267
Epoch 1686 | Loss: 7.929092
Epoch 1687 | Loss: 7.937703
Epoch 1688 | Loss: 8.046417
Epoch 1689 | Loss: 7.951878
Epoch 1690 | Loss: 7.953450
Epoch 1691 | Loss: 7.921332
Epoch 1692 | Loss: 7.955553
Epoch 1693 | Loss: 7.945179
Epoch 1694 | Loss: 8.072137
Epoch 1695 | Loss: 7.970279
Epoch 1696 | Loss: 7.904807
Epoch 1697 | Loss: 7.939887
Epoch 1698 | Loss: 8.028573
Epoch 1699 | Loss: 8.053962
Epoch 1700 | Loss: 7.978474
Epoch 1701 | Loss: 8.130066
Epoch 1702 | Loss: 7.901204
Epoch 1703 | Loss: 7.900239
Epoch 1704 | Loss: 7.976607
Epoch 1705 | Loss: 7.943587
Epoch 1706 | Loss: 7.867398
Epoch 1707 | Loss: 7.887792
Epoch 1708 | Loss: 7.869645
Epoch 1709 | Loss: 7.926675
Epoch 1710 | Loss: 7.903040
Epoch 1711 | Loss: 7.881850
Epoch 1712 | Loss: 7.869962
Epoch 1713 | Loss: 7.892070
Epoch 1714 | Loss: 7.892353
Epoch 1715 | Loss: 7.873695
Epoch 1716 | Loss: 7.879784
Epoch 1717 | Loss: 7.875431
Epoch 1718 | Loss: 7.866085
Epoch 1719 | Loss: 7.864268
Epoch 1720 | Loss: 7.935789
Epoch 1721 | Loss: 7.879868
Epoch 1722 | Loss: 7.900701
Epoch 1723 | Loss: 7.932412
Epoch 1724 | Loss: 7.932552
Epoch 1725 | Loss: 7.890655
Epoch 1726 | Loss: 8.085642
Epoch 1727 | Loss: 8.312769
Epoch 1728 | Loss: 8.172144
Epoch 1729 | Loss: 8.028915
Epoch 1730 | Loss: 8.012904
Epoch 1731 | Loss: 8.063890
Epoch 1732 | Loss: 7.940714
Epoch 1733 | Loss: 7.960535
Epoch 1734 | Loss: 8.184172
Epoch 1735 | Loss: 8.041578
Epoch 1736 | Loss: 7.859913
Epoch 1737 | Loss: 7.841019
Epoch 1738 | Loss: 7.949539
Epoch 1739 | Loss: 7.912539
Epoch 1740 | Loss: 7.866032
Epoch 1741 | Loss: 7.911971
Epoch 1742 | Loss: 7.911983
Epoch 1743 | Loss: 7.827888
Epoch 1744 | Loss: 7.871499
Epoch 1745 | Loss: 7.840902
Epoch 1746 | Loss: 7.803089
Epoch 1747 | Loss: 7.875870
Epoch 1748 | Loss: 7.852705
Epoch 1749 | Loss: 8.023183
Epoch 1750 | Loss: 7.932542
Epoch 1751 | Loss: 7.967564
Epoch 1752 | Loss: 7.825534
Epoch 1753 | Loss: 7.897748
Epoch 1754 | Loss: 7.884860
Epoch 1755 | Loss: 7.867767
Epoch 1756 | Loss: 7.890678
Epoch 1757 | Loss: 7.814337
Epoch 1758 | Loss: 7.864708
Epoch 1759 | Loss: 7.889443
Epoch 1760 | Loss: 7.758852
Epoch 1761 | Loss: 7.759124
Epoch 1762 | Loss: 7.787480
Epoch 1763 | Loss: 7.766050
Epoch 1764 | Loss: 7.801019
Epoch 1765 | Loss: 7.771640
Epoch 1766 | Loss: 7.804130
Epoch 1767 | Loss: 7.794729
Epoch 1768 | Loss: 7.907557
Epoch 1769 | Loss: 7.827163
Epoch 1770 | Loss: 7.805018
Epoch 1771 | Loss: 7.842968
Epoch 1772 | Loss: 7.767292
Epoch 1773 | Loss: 7.723353
Epoch 1774 | Loss: 7.770931
Epoch 1775 | Loss: 7.794664
Epoch 1776 | Loss: 7.881652
Epoch 1777 | Loss: 7.863055
Epoch 1778 | Loss: 7.896971
Epoch 1779 | Loss: 7.797353
Epoch 1780 | Loss: 7.762188
Epoch 1781 | Loss: 7.799046
Epoch 1782 | Loss: 7.811357
Epoch 1783 | Loss: 7.897301
Epoch 1784 | Loss: 7.756835
Epoch 1785 | Loss: 7.738789
Epoch 1786 | Loss: 7.767485
Epoch 1787 | Loss: 7.732615
Epoch 1788 | Loss: 7.775656
Epoch 1789 | Loss: 7.819294
Epoch 1790 | Loss: 7.877365
Epoch 1791 | Loss: 7.858980
Epoch 1792 | Loss: 7.771794
Epoch 1793 | Loss: 7.764528
Epoch 1794 | Loss: 7.787343
Epoch 1795 | Loss: 7.738372
Epoch 1796 | Loss: 7.753497
Epoch 1797 | Loss: 7.856637
Epoch 1798 | Loss: 7.933291
Epoch 1799 | Loss: 7.769941
Epoch 1800 | Loss: 7.740908
Epoch 1801 | Loss: 7.739213
Epoch 1802 | Loss: 7.828346
Epoch 1803 | Loss: 7.728104
Epoch 1804 | Loss: 7.716834
Epoch 1805 | Loss: 7.720725
Epoch 1806 | Loss: 7.873536
Epoch 1807 | Loss: 7.788102
Epoch 1808 | Loss: 7.817870
Epoch 1809 | Loss: 7.847277
Epoch 1810 | Loss: 7.840807
Epoch 1811 | Loss: 7.857597
Epoch 1812 | Loss: 7.833777
Epoch 1813 | Loss: 7.732180
Epoch 1814 | Loss: 7.748646
Epoch 1815 | Loss: 7.788172
Epoch 1816 | Loss: 7.756271
Epoch 1817 | Loss: 7.761941
Epoch 1818 | Loss: 7.690737
Epoch 1819 | Loss: 7.676758
Epoch 1820 | Loss: 7.694229
Epoch 1821 | Loss: 7.786632
Epoch 1822 | Loss: 7.746871
Epoch 1823 | Loss: 7.704609
Epoch 1824 | Loss: 7.851044
Epoch 1825 | Loss: 8.090412
Epoch 1826 | Loss: 7.977717
Epoch 1827 | Loss: 7.839336
Epoch 1828 | Loss: 8.008110
Epoch 1829 | Loss: 7.914637
Epoch 1830 | Loss: 7.808482
Epoch 1831 | Loss: 7.846323
Epoch 1832 | Loss: 7.882129
Epoch 1833 | Loss: 7.886867
Epoch 1834 | Loss: 7.731483
Epoch 1835 | Loss: 7.700526
Epoch 1836 | Loss: 7.783240
Epoch 1837 | Loss: 7.827502
Epoch 1838 | Loss: 7.829853
Epoch 1839 | Loss: 7.752841
Epoch 1840 | Loss: 7.744628
Epoch 1841 | Loss: 7.716687
Epoch 1842 | Loss: 7.771722
Epoch 1843 | Loss: 7.732061
Epoch 1844 | Loss: 7.660427
Epoch 1845 | Loss: 7.634185
Epoch 1846 | Loss: 7.637869
Epoch 1847 | Loss: 7.663428
Epoch 1848 | Loss: 7.666638
Epoch 1849 | Loss: 7.701454
Epoch 1850 | Loss: 7.706096
Epoch 1851 | Loss: 7.692564
Epoch 1852 | Loss: 7.713676
Epoch 1853 | Loss: 7.653148
Epoch 1854 | Loss: 7.633735
Epoch 1855 | Loss: 7.643864
Epoch 1856 | Loss: 7.725512
Epoch 1857 | Loss: 7.670381
Epoch 1858 | Loss: 7.737511
Epoch 1859 | Loss: 7.793315
Epoch 1860 | Loss: 7.720830
Epoch 1861 | Loss: 7.643463
Epoch 1862 | Loss: 7.661309
Epoch 1863 | Loss: 7.636768
Epoch 1864 | Loss: 7.664424
Epoch 1865 | Loss: 7.670037
Epoch 1866 | Loss: 7.659700
Epoch 1867 | Loss: 7.636410
Epoch 1868 | Loss: 7.610518
Epoch 1869 | Loss: 7.610829
Epoch 1870 | Loss: 7.641578
Epoch 1871 | Loss: 7.658210
Epoch 1872 | Loss: 7.695128
Epoch 1873 | Loss: 7.686316
Epoch 1874 | Loss: 7.661431
Epoch 1875 | Loss: 7.664353
Epoch 1876 | Loss: 7.669255
Epoch 1877 | Loss: 7.622224
Epoch 1878 | Loss: 7.647853
Epoch 1879 | Loss: 7.635270
Epoch 1880 | Loss: 7.608493
Epoch 1881 | Loss: 7.693972
Epoch 1882 | Loss: 7.718571
Epoch 1883 | Loss: 7.640143
Epoch 1884 | Loss: 7.680010
Epoch 1885 | Loss: 7.607851
Epoch 1886 | Loss: 7.638250
Epoch 1887 | Loss: 7.662632
Epoch 1888 | Loss: 7.700281
Epoch 1889 | Loss: 7.638081
Epoch 1890 | Loss: 7.637433
Epoch 1891 | Loss: 7.599988
Epoch 1892 | Loss: 7.658043
Epoch 1893 | Loss: 7.646414
Epoch 1894 | Loss: 7.615964
Epoch 1895 | Loss: 7.607693
Epoch 1896 | Loss: 7.714914
Epoch 1897 | Loss: 7.766994
Epoch 1898 | Loss: 7.764873
Epoch 1899 | Loss: 7.707096
Epoch 1900 | Loss: 7.632685
Epoch 1901 | Loss: 7.615587
Epoch 1902 | Loss: 7.609872
Epoch 1903 | Loss: 7.579672
Epoch 1904 | Loss: 7.580646
Epoch 1905 | Loss: 7.628633
Epoch 1906 | Loss: 7.693591
Epoch 1907 | Loss: 7.653263
Epoch 1908 | Loss: 7.725182
Epoch 1909 | Loss: 7.810013
Epoch 1910 | Loss: 7.743341
Epoch 1911 | Loss: 7.663302
Epoch 1912 | Loss: 7.679487
Epoch 1913 | Loss: 7.651936
Epoch 1914 | Loss: 7.622324
Epoch 1915 | Loss: 7.644653
Epoch 1916 | Loss: 7.580725
Epoch 1917 | Loss: 7.565079
Epoch 1918 | Loss: 7.596009
Epoch 1919 | Loss: 7.630191
Epoch 1920 | Loss: 7.882113
Epoch 1921 | Loss: 7.778774
Epoch 1922 | Loss: 7.698587
Epoch 1923 | Loss: 7.870798
Epoch 1924 | Loss: 7.696118
Epoch 1925 | Loss: 7.699383
Epoch 1926 | Loss: 7.660304
Epoch 1927 | Loss: 7.557687
Epoch 1928 | Loss: 7.550541
Epoch 1929 | Loss: 7.543494
Epoch 1930 | Loss: 7.579843
Epoch 1931 | Loss: 7.569494
Epoch 1932 | Loss: 7.543631
Epoch 1933 | Loss: 7.541380
Epoch 1934 | Loss: 7.573633
Epoch 1935 | Loss: 7.557800
Epoch 1936 | Loss: 7.663059
Epoch 1937 | Loss: 7.568606
Epoch 1938 | Loss: 7.558856
Epoch 1939 | Loss: 7.519559
Epoch 1940 | Loss: 7.595667
Epoch 1941 | Loss: 7.540912
Epoch 1942 | Loss: 7.583152
Epoch 1943 | Loss: 7.546926
Epoch 1944 | Loss: 7.532194
Epoch 1945 | Loss: 7.520940
Epoch 1946 | Loss: 7.509809
Epoch 1947 | Loss: 7.622820
Epoch 1948 | Loss: 7.620318
Epoch 1949 | Loss: 7.666428
Epoch 1950 | Loss: 7.639111
Epoch 1951 | Loss: 7.586256
Epoch 1952 | Loss: 7.560910
Epoch 1953 | Loss: 7.561114
Epoch 1954 | Loss: 7.517417
Epoch 1955 | Loss: 7.515889
Epoch 1956 | Loss: 7.537931
Epoch 1957 | Loss: 7.545554
Epoch 1958 | Loss: 7.583176
Epoch 1959 | Loss: 7.593156
Epoch 1960 | Loss: 7.590602
Epoch 1961 | Loss: 7.564695
Epoch 1962 | Loss: 7.539862
Epoch 1963 | Loss: 7.583812
Epoch 1964 | Loss: 7.563861
Epoch 1965 | Loss: 7.631525
Epoch 1966 | Loss: 7.625555
Epoch 1967 | Loss: 7.616248
Epoch 1968 | Loss: 7.589575
Epoch 1969 | Loss: 7.630157
Epoch 1970 | Loss: 7.587013
Epoch 1971 | Loss: 7.549598
Epoch 1972 | Loss: 7.507260
Epoch 1973 | Loss: 7.519030
Epoch 1974 | Loss: 7.497186
Epoch 1975 | Loss: 7.512633
Epoch 1976 | Loss: 7.508385
Epoch 1977 | Loss: 7.507849
Epoch 1978 | Loss: 7.508050
Epoch 1979 | Loss: 7.504945
Epoch 1980 | Loss: 7.523124
Epoch 1981 | Loss: 7.554413
Epoch 1982 | Loss: 7.500296
Epoch 1983 | Loss: 7.530844
Epoch 1984 | Loss: 7.483743
Epoch 1985 | Loss: 7.509694
Epoch 1986 | Loss: 7.585112
Epoch 1987 | Loss: 7.625618
Epoch 1988 | Loss: 7.613276
Epoch 1989 | Loss: 7.602055
Epoch 1990 | Loss: 7.559747
Epoch 1991 | Loss: 7.549334
Epoch 1992 | Loss: 7.702305
Epoch 1993 | Loss: 7.653101
Epoch 1994 | Loss: 7.549526
Epoch 1995 | Loss: 7.501134
Epoch 1996 | Loss: 7.546688
Epoch 1997 | Loss: 7.536019
Epoch 1998 | Loss: 7.563703
Epoch 1999 | Loss: 7.542858
Epoch 2000 | Loss: 7.486278
/data5/store1/wry-u22/anaconda3/envs/py311/lib/python3.11/site-packages/torch_geometric/deprecation.py:26: UserWarning: 'data.DataLoader' is deprecated, use 'loader.DataLoader' instead
  warnings.warn(out)

Test Results:
  MAE Energy Loss: 0.002601
  MAE Force Loss : 0.021426
