nohup: 忽略输入
/data5/store1/wry-u22/anaconda3/envs/py311/lib/python3.11/site-packages/torch_geometric/deprecation.py:26: UserWarning: 'data.DataLoader' is deprecated, use 'loader.DataLoader' instead
  warnings.warn(out)
cuda
Epoch   1 | Loss: 282.046570
Epoch   2 | Loss: 278.457428
Epoch   3 | Loss: 275.190277
Epoch   4 | Loss: 271.787201
Epoch   5 | Loss: 268.899521
Epoch   6 | Loss: 265.838928
Epoch   7 | Loss: 263.124832
Epoch   8 | Loss: 260.798965
Epoch   9 | Loss: 258.453247
Epoch  10 | Loss: 256.383530
Epoch  11 | Loss: 255.303635
Epoch  12 | Loss: 254.837715
Epoch  13 | Loss: 254.694084
Epoch  14 | Loss: 255.223167
Epoch  15 | Loss: 255.917374
Epoch  16 | Loss: 255.504166
Epoch  17 | Loss: 255.460892
Epoch  18 | Loss: 255.062241
Epoch  19 | Loss: 254.711288
Epoch  20 | Loss: 254.764999
Epoch  21 | Loss: 254.314018
Epoch  22 | Loss: 254.463760
Epoch  23 | Loss: 254.705994
Epoch  24 | Loss: 254.658112
Epoch  25 | Loss: 254.426407
Epoch  26 | Loss: 254.450432
Epoch  27 | Loss: 254.760376
Epoch  28 | Loss: 254.762619
Epoch  29 | Loss: 254.536484
Epoch  30 | Loss: 254.319763
Epoch  31 | Loss: 254.575882
Epoch  32 | Loss: 254.604523
Epoch  33 | Loss: 254.389610
Epoch  34 | Loss: 254.431389
Epoch  35 | Loss: 254.357849
Epoch  36 | Loss: 254.298859
Epoch  37 | Loss: 254.426926
Epoch  38 | Loss: 254.210724
Epoch  39 | Loss: 254.228065
Epoch  40 | Loss: 254.097534
Epoch  41 | Loss: 254.221588
Epoch  42 | Loss: 254.024895
Epoch  43 | Loss: 254.030579
Epoch  44 | Loss: 254.337067
Epoch  45 | Loss: 254.239662
Epoch  46 | Loss: 253.853729
Epoch  47 | Loss: 253.714615
Epoch  48 | Loss: 254.105980
Epoch  49 | Loss: 253.746490
Epoch  50 | Loss: 253.490005
Epoch  51 | Loss: 253.652191
Epoch  52 | Loss: 253.199844
Epoch  53 | Loss: 253.263794
Epoch  54 | Loss: 252.672752
Epoch  55 | Loss: 252.504189
Epoch  56 | Loss: 251.865494
Epoch  57 | Loss: 250.964432
Epoch  58 | Loss: 250.114044
Epoch  59 | Loss: 248.620140
Epoch  60 | Loss: 245.970459
Epoch  61 | Loss: 241.946068
Epoch  62 | Loss: 236.139015
Epoch  63 | Loss: 231.962524
Epoch  64 | Loss: 231.362274
Epoch  65 | Loss: 229.141174
Epoch  66 | Loss: 225.333916
Epoch  67 | Loss: 223.255608
Epoch  68 | Loss: 221.909004
Epoch  69 | Loss: 219.689316
Epoch  70 | Loss: 217.180862
Epoch  71 | Loss: 214.820618
Epoch  72 | Loss: 212.755173
Epoch  73 | Loss: 210.772102
Epoch  74 | Loss: 208.946480
Epoch  75 | Loss: 207.126633
Epoch  76 | Loss: 205.791779
Epoch  77 | Loss: 204.563675
Epoch  78 | Loss: 203.561630
Epoch  79 | Loss: 202.678596
Epoch  80 | Loss: 201.805252
Epoch  81 | Loss: 200.702431
Epoch  82 | Loss: 199.852707
Epoch  83 | Loss: 198.958313
Epoch  84 | Loss: 198.119102
Epoch  85 | Loss: 197.505035
Epoch  86 | Loss: 196.645866
Epoch  87 | Loss: 195.827568
Epoch  88 | Loss: 194.781929
Epoch  89 | Loss: 193.957733
Epoch  90 | Loss: 193.208237
Epoch  91 | Loss: 192.638832
Epoch  92 | Loss: 191.761971
Epoch  93 | Loss: 191.019897
Epoch  94 | Loss: 190.295883
Epoch  95 | Loss: 189.654663
Epoch  96 | Loss: 188.898712
Epoch  97 | Loss: 188.280975
Epoch  98 | Loss: 187.700943
Epoch  99 | Loss: 186.822334
Epoch 100 | Loss: 186.013100
/data5/store1/wry-u22/anaconda3/envs/py311/lib/python3.11/site-packages/torch_geometric/deprecation.py:26: UserWarning: 'data.DataLoader' is deprecated, use 'loader.DataLoader' instead
  warnings.warn(out)
F_pred: tensor([[[ 4.6555e-02, -3.3333e+00, -4.3081e-01],
         [ 1.0688e+00, -3.5091e+00, -9.8671e-01],
         [ 1.3218e+00, -3.7656e+00,  3.9622e-01],
         ...,
         [-5.4184e+00,  2.1417e+01,  2.2297e+00],
         [ 1.5288e-02, -6.2490e+00,  1.1247e+01],
         [ 2.3519e+00,  2.9275e+00, -1.7673e+00]],

        [[-4.2072e+00,  9.3737e+00,  2.4588e+00],
         [ 4.6909e-01,  2.7234e+00,  7.1378e-01],
         [-7.3291e-01, -2.1697e+00,  4.2286e-01],
         ...,
         [-6.7867e+00,  2.1642e+01,  3.5548e+00],
         [-3.4076e+00, -7.5698e+00,  2.0043e+01],
         [ 1.8103e+01, -3.7414e+01, -2.7217e+01]],

        [[ 5.0517e-01, -4.2035e+00, -1.1628e+00],
         [ 4.2363e-01, -3.6008e+00, -6.6854e-01],
         [-6.1977e-01, -8.8546e-01,  1.1175e+00],
         ...,
         [-1.4215e+00, -5.5094e+00,  1.2821e-01],
         [-3.3920e+00,  9.8571e+00,  9.5199e+00],
         [-1.5139e+00,  6.6633e+00, -1.3851e+00]],

        ...,

        [[ 1.9325e-01, -1.6581e+00, -1.4062e+00],
         [ 1.7017e+00, -1.3626e+00, -2.8034e-01],
         [ 6.3333e-01, -4.1269e-01,  8.6936e-01],
         ...,
         [-1.3675e+00,  3.3711e+00,  1.1069e-02],
         [-5.6717e-01, -1.1231e+00,  1.0479e+01],
         [ 9.1765e-01,  3.0122e+00, -1.4746e+00]],

        [[-5.5884e-01, -2.2957e+00, -1.0025e+00],
         [ 1.2156e+00, -3.5799e+00, -6.7033e-01],
         [ 4.6951e-01, -9.3989e-01,  2.5877e-01],
         ...,
         [-5.0273e+00,  1.7526e+01,  1.0348e+00],
         [ 6.6060e-01, -1.9493e+00,  9.8001e+00],
         [ 2.2471e+00,  4.2173e+00, -3.2042e+00]],

        [[-8.0790e+00,  1.6140e+01,  1.0344e+01],
         [-4.6564e+00,  1.4772e+01, -2.9971e-01],
         [-1.9283e-02,  4.4670e+00,  6.2868e-01],
         ...,
         [-2.2597e+00, -1.0639e+00,  9.2374e-01],
         [-3.6277e+00, -4.7178e+00,  1.6295e+01],
         [ 7.1285e+00, -2.0779e+01, -2.5618e+01]]], device='cuda:0')
F_true: tensor([[[-22.8871,   4.8092, -50.3133],
         [ -7.1258, -31.6991,  34.4668],
         [ 10.1125,  11.2641, -11.5459],
         ...,
         [  2.4396,   0.2312,  12.6159],
         [ 39.5722,   3.4834,  -0.2753],
         [ 19.2791,   3.2062,   5.0542]],

        [[  1.9397,  71.4994, -17.1184],
         [-28.7087, -25.9381, -11.8720],
         [-18.5105,  -6.0640, -29.8845],
         ...,
         [ -3.6760,   5.2032,   7.9581],
         [ -6.6214, -10.7538,  12.6354],
         [ 20.6392, -19.1962,  11.8143]],

        [[ 21.5237, -51.5120,  -4.9305],
         [ 43.3596,   5.3642, -16.0454],
         [ -3.0422,  17.7796,  20.5115],
         ...,
         [-18.2906,  -7.2196,  19.3230],
         [-43.6118,  -3.6169,   0.1277],
         [-18.5291,   2.5323, -15.3871]],

        ...,

        [[ 11.9442,   2.8647,  16.9106],
         [ 12.7595,  -1.6551, -19.9766],
         [ -4.5218,   8.7743,  26.2806],
         ...,
         [ 16.7593,   6.1882, -16.0311],
         [-27.1925,  -2.6553,  -3.0971],
         [ -9.1097,   2.5174, -14.5581]],

        [[ 20.1548, -50.9637, -47.6499],
         [ -0.1055,  22.3301, -17.4853],
         [-26.4093, -20.2477, -24.0456],
         ...,
         [-11.5646,  -8.4423,  33.3134],
         [-34.4593, -11.3216,  28.5306],
         [ 19.0057,  21.5511,  17.1955]],

        [[-46.1799,   8.7269, -48.9616],
         [ 57.9464,  22.3714,  33.7588],
         [-64.4420, -28.6542, -54.5038],
         ...,
         [-13.3330,  -8.1523,  23.5849],
         [ 41.5250, -23.1148,  -0.4746],
         [ 38.3834, -47.9904,  28.8858]]], device='cuda:0')
E_pred均值: -0.44031035900115967 E_true均值: -0.15534204244613647
F_pred: tensor([[[ 1.3080e+00,  4.1565e+00,  1.3273e+00],
         [ 1.5084e+00, -1.1763e-01,  7.0563e-01],
         [ 3.1054e+00, -1.3238e+01, -5.2334e+00],
         ...,
         [-1.5353e+00, -4.6392e+00,  1.1584e+00],
         [-1.0644e+00, -6.8177e-01,  1.1831e+01],
         [ 6.1234e-02,  7.2995e+00, -1.8401e+00]],

        [[ 5.0655e-01, -6.3308e+00, -7.9230e-01],
         [ 1.5286e+00, -6.3573e+00, -8.0977e-01],
         [ 1.5423e+00, -1.6121e+01, -7.4049e+00],
         ...,
         [-6.6245e+00,  1.8950e+01,  6.0426e+00],
         [-5.4527e+00,  5.1242e+00,  5.9590e+00],
         [ 1.1347e-01,  3.4866e+00, -3.0101e+00]],

        [[ 4.0629e-02,  1.1086e+01,  9.4089e+00],
         [ 3.0770e+00, -1.1491e+00,  9.8063e-01],
         [ 1.9376e+00, -1.1683e+01, -6.7508e+00],
         ...,
         [-1.6544e+00,  6.0993e+00,  2.0126e+00],
         [-1.1761e+00,  6.1283e+00,  8.3496e+00],
         [-5.9127e-01,  4.9372e+00, -2.5115e+00]],

        ...,

        [[ 4.2587e-01, -1.4562e+00, -1.1085e+00],
         [ 2.6547e-01, -9.8213e-01, -5.2027e-01],
         [ 3.1500e-01,  2.6483e-01, -9.3228e-03],
         ...,
         [-1.1573e+00, -4.2656e+00,  3.3332e-01],
         [ 1.5007e-01, -4.4517e+00,  1.1280e+01],
         [ 2.5118e+00,  3.2095e+00, -7.7363e-01]],

        [[ 1.3437e-01, -3.0006e+00, -5.4233e-01],
         [-6.0436e-01, -4.3391e+00, -3.6393e-02],
         [ 5.7389e-02, -4.9300e-01, -1.1780e-01],
         ...,
         [-2.9207e+00,  8.6176e+00, -3.5943e-02],
         [-9.7892e-01, -1.8363e+00,  1.3732e+01],
         [ 2.4673e+00,  3.2204e+00, -3.8934e+00]],

        [[ 6.6074e-01, -4.9992e+00, -1.2852e+00],
         [ 1.3693e-01, -4.9148e+00, -7.1470e-01],
         [ 2.1068e+00, -1.1396e+01, -3.3396e+00],
         ...,
         [-1.1655e+00, -6.6604e+00,  9.8374e-01],
         [-2.4753e+00,  7.7448e+00,  7.7893e+00],
         [ 6.8885e-01,  2.9764e+00, -2.3419e-01]]], device='cuda:0')
F_true: tensor([[[ 56.2189, -31.1736, -27.4087],
         [-46.6500,  42.3042, -50.5390],
         [-10.1729, -16.3547,  13.4765],
         ...,
         [ -4.5062,  -0.4114,   7.2609],
         [  5.3175,  -2.9204,   9.0629],
         [ 15.5273,  14.3947,  23.2063]],

        [[  4.6712, -27.1288, -32.5442],
         [ 22.8656,  23.6240,   8.7918],
         [-22.6382, -30.0504,  14.5143],
         ...,
         [  5.3616,  10.1290,   0.5748],
         [ 24.3595,  24.0157,  11.5754],
         [ 21.2305,  32.9991,  28.3269]],

        [[-38.7416, -14.7679,  -3.0861],
         [ 33.6595,  27.0016,  39.5555],
         [ 37.7809,  -6.6732, -29.8452],
         ...,
         [ 20.0458,  17.4635,   2.0142],
         [-16.4242,  -3.4213,  -7.3980],
         [-14.9205,  -1.3932, -22.9939]],

        ...,

        [[ 48.6951,  -5.0157,  31.3762],
         [-41.5291,   5.6215, -43.4102],
         [-45.1347,  -7.6644,  -4.9294],
         ...,
         [ -3.3814,  -7.7226,   9.4435],
         [ 38.6217,  -5.9755,  -0.8807],
         [ 17.7155,   9.6274,  28.2643]],

        [[-65.6457, -12.6395, -76.9305],
         [ 15.0786, -17.1699,   7.3476],
         [ -4.7399,   0.2806,  39.8028],
         ...,
         [  6.2178,  -4.4171,  18.2790],
         [-30.8602,  -7.6582,   7.7024],
         [  4.8522,   8.0810, -22.5968]],

        [[ 77.4524,  12.6282,   5.2849],
         [-69.6292, -36.0642, -24.4999],
         [ -8.3150,  31.4636, -19.4754],
         ...,
         [-31.4879, -11.9113,  26.4084],
         [ -3.2204,  10.1745,   3.8781],
         [ 16.8807,   7.7570,  44.7724]]], device='cuda:0')
E_pred均值: -0.032611023634672165 E_true均值: -0.005452190991491079
F_pred: tensor([[[-4.4819e+00,  9.7295e+00,  5.7903e+00],
         [ 4.2081e-01,  3.9390e+00,  6.7601e-01],
         [ 5.2602e-02, -3.0344e+00,  6.0321e-01],
         [-3.9554e-01, -4.3926e+00, -1.2548e+00],
         [ 2.6884e+00,  7.6971e+00, -6.8795e+00],
         [-7.1922e+00,  1.7907e+01,  1.1641e+01],
         [-1.7585e+00, -1.7198e+01, -1.4053e+01],
         [ 1.8274e+00, -3.3072e+00,  1.8150e+00],
         [-6.8086e-01,  1.1043e+01,  3.1408e+00],
         [-6.3351e+00,  1.9719e+01,  3.0619e+00],
         [-2.0679e+00, -9.7868e+00,  2.0657e+01],
         [ 1.7923e+01, -3.2316e+01, -2.5199e+01]],

        [[-7.3234e-01,  5.0882e+00, -5.1869e-01],
         [-4.1353e+00,  1.0522e+01, -1.2022e+00],
         [-4.7086e-02,  2.8166e+00,  8.6438e-01],
         [-1.9886e+00, -4.1856e+00, -3.0887e+00],
         [ 2.3976e+00,  3.6683e+00, -6.1613e+00],
         [-2.0344e+00,  1.2353e+01,  4.7322e+00],
         [-2.4353e+00, -3.4098e+00, -4.4177e+00],
         [ 7.6057e+00, -1.9910e+01,  2.8429e+00],
         [ 1.4273e+00, -1.0013e+00,  1.3231e+00],
         [-4.2459e+00,  2.2748e+01,  3.5186e+00],
         [-1.3148e+00, -7.1593e+00,  1.4787e+01],
         [ 5.5032e+00, -2.1530e+01, -1.2680e+01]],

        [[-4.9282e+00,  1.4740e+01,  1.2727e+01],
         [ 1.2213e+00,  4.7640e+00,  1.3072e+00],
         [-2.0630e-02,  5.4887e+00,  2.4231e+00],
         [-1.5233e+00,  6.5774e+00,  1.0822e+00],
         [-6.9053e-01,  9.6826e+00, -5.5034e+00],
         [-5.1881e+00,  1.9329e+01,  9.4358e+00],
         [-1.1010e+00, -3.1559e+01, -2.1317e+01],
         [ 1.7479e-01,  6.1176e+00,  1.2734e+00],
         [-1.0559e+00,  3.6328e-01,  1.0124e+00],
         [-1.2303e+00, -1.4948e+00,  9.8665e-01],
         [-3.1586e+00, -8.0719e-01,  1.5368e+01],
         [ 1.7500e+01, -3.3201e+01, -1.8795e+01]],

        [[-5.1234e+00,  9.0550e+00,  1.9057e+01],
         [ 4.6427e-01,  6.7130e+00,  8.9915e-01],
         [ 8.0211e-01,  4.8236e+00,  1.6745e+00],
         [-1.1338e+00,  5.5820e+00,  1.7713e+00],
         [ 1.0547e+00,  3.5636e+00, -5.1697e+00],
         [-3.0586e+00,  1.2737e+01,  2.6802e+00],
         [ 5.2708e-01, -3.6626e+01, -2.5984e+01],
         [ 2.4195e+00, -2.0211e+00,  2.7858e+00],
         [-8.7779e-02,  2.2788e+00,  1.4991e+00],
         [-9.9574e-01, -2.9291e+00,  8.8228e-01],
         [-2.9274e+00,  4.5141e+00,  1.3041e+01],
         [ 8.0590e+00, -7.6914e+00, -1.3138e+01]],

        [[ 5.0613e-01, -5.8855e+00, -2.9475e+00],
         [ 2.2648e+00, -6.7633e+00, -4.1505e-01],
         [-6.2339e-01, -1.1869e+01, -3.4057e+00],
         [ 3.7712e-01,  1.0517e+01, -1.0648e+01],
         [ 5.6724e+00, -5.9400e+00,  3.7530e-01],
         [-2.9460e-01, -7.2310e+00, -9.6944e-01],
         [ 3.6874e-01,  1.4804e+00, -5.7464e-01],
         [ 3.2616e-01,  1.6007e+00, -1.1879e+00],
         [-3.0255e+00,  1.4783e+01,  8.7984e+00],
         [-2.2718e+00,  5.1969e+00,  8.4109e+00],
         [-3.3472e+00,  3.5985e+00,  7.9502e+00],
         [ 4.7177e-02,  5.1135e-01, -5.3869e+00]],

        [[-3.4046e-01, -2.5345e+00, -3.4558e-01],
         [-3.4345e-01, -3.4191e+00, -6.0631e-02],
         [-5.3820e-02,  5.3329e-01,  1.1702e-01],
         [ 1.0586e-01,  2.6777e+00,  6.7221e-02],
         [ 5.7728e-01, -7.5450e-01, -4.7870e+00],
         [ 7.7501e-01, -1.9211e+00, -2.6949e+00],
         [ 3.1276e-01,  4.0416e+00,  2.3001e-02],
         [ 3.1662e-01,  6.1550e+00, -9.4111e-01],
         [ 4.0172e-01, -2.0908e+00,  4.8104e-01],
         [-9.7663e-01, -6.1630e+00,  4.9750e-01],
         [ 6.4874e-01, -1.0037e-01,  7.3094e+00],
         [-1.4236e+00,  3.5758e+00,  3.3402e-01]],

        [[-6.2184e+00, -8.4201e+00,  2.2294e+01],
         [ 1.6738e+00,  4.3095e+00,  3.8484e-01],
         [ 2.4657e+00,  2.5511e+00,  7.8541e-01],
         [-6.3647e-01,  4.9412e+00,  2.0666e+00],
         [ 1.3692e+00,  9.9921e-01, -2.8938e+00],
         [ 2.9709e+00,  1.4174e+01, -3.1933e+00],
         [-2.9045e-01, -3.0047e+01, -2.4197e+01],
         [ 1.3366e+00,  3.5612e+00, -9.8482e-02],
         [-1.3435e+00,  5.3011e+00,  2.6158e+00],
         [-6.6776e-01, -1.4987e+00,  1.1718e+00],
         [-2.9864e+00,  8.8613e+00,  9.1862e+00],
         [ 2.3269e+00, -4.7338e+00, -8.1224e+00]],

        [[ 3.6010e-01,  1.0356e+00, -1.6492e+00],
         [-3.1654e-01,  2.3540e+00,  3.2716e-01],
         [ 9.6896e-01, -3.9129e-01, -6.5719e-01],
         [-9.9117e-01,  2.1845e+00,  4.8284e-01],
         [ 8.4276e-01,  2.2811e+00, -6.0680e+00],
         [-9.3065e-01, -6.3473e-02, -3.1104e+00],
         [-6.5813e-01, -1.5701e+00, -3.9936e-01],
         [ 1.3953e+00, -3.2139e+00, -8.6637e-01],
         [-1.1758e+00,  2.2281e+00,  1.9322e+00],
         [-8.6201e-01, -3.9436e+00,  1.1075e-01],
         [ 5.9763e-01, -4.5364e+00,  9.8553e+00],
         [ 7.6949e-01,  3.6354e+00,  4.2204e-02]],

        [[ 6.8669e-01,  7.1038e+00,  3.7417e+00],
         [-2.2736e-01, -3.4573e+00,  2.2095e+00],
         [-3.0147e-01,  1.7746e+00,  1.0712e+00],
         [-3.5281e-01,  2.8669e+00,  1.0143e+00],
         [ 2.0923e+00, -3.4331e+00, -4.6014e+00],
         [-1.7518e+00,  4.8711e+00,  2.2629e-01],
         [-1.2652e+00, -1.8396e+01, -7.4612e+00],
         [-1.3742e-02,  1.1877e+01, -2.2731e+00],
         [ 9.5079e-01, -3.4717e+00,  3.9082e-01],
         [-8.7870e-01, -5.4663e+00,  7.5333e-01],
         [-2.1216e+00,  1.3524e+01,  1.0948e+01],
         [ 3.1829e+00, -7.7931e+00, -6.0191e+00]],

        [[ 3.5997e-01,  2.3255e-01, -3.9305e-01],
         [ 1.2915e+00, -2.5341e+00,  7.6611e-02],
         [ 1.3019e+00, -3.7286e+00,  1.1512e+00],
         [ 1.4376e+00, -5.8054e+00, -9.3667e-01],
         [-3.1530e-01, -3.0912e+00, -3.3199e+00],
         [ 3.1864e-01, -6.2674e-01, -2.1644e+00],
         [ 1.1730e-01, -3.0006e+00, -9.5512e-01],
         [-6.1058e-01,  2.8862e+00,  2.2358e-01],
         [ 6.3617e-02,  1.9307e+00,  2.8504e-01],
         [-3.0396e+00,  1.0345e+01,  1.3359e+00],
         [ 2.7628e-01,  3.2042e+00,  5.3243e+00],
         [-1.2014e+00,  1.8754e-01, -6.2756e-01]],

        [[ 2.5116e+00, -2.1734e+00, -1.4414e+00],
         [ 1.2091e+00, -7.1001e+00,  3.7289e-01],
         [-5.4662e+00, -1.2226e+01, -1.2504e+01],
         [ 1.8150e+00, -5.6703e+00,  2.7976e+00],
         [ 1.9166e+00, -6.9815e+00, -6.9479e+00],
         [ 1.6721e-01, -5.9862e+00, -2.3206e-02],
         [-6.5787e-01, -7.2829e+00, -2.8703e+00],
         [ 1.7772e+00,  5.3625e+00, -1.9515e+00],
         [-2.0241e+00,  3.3098e+01,  1.3829e+01],
         [-1.0149e+00, -1.3502e+00,  1.7666e+00],
         [-1.7332e+00,  4.9104e+00,  1.1091e+01],
         [ 1.4995e+00,  5.3994e+00, -4.1190e+00]],

        [[-5.5730e-01, -1.3338e+00, -1.2663e+00],
         [-1.0883e+00,  5.8496e+00, -1.8021e+00],
         [-2.8818e-01,  2.4723e+00,  1.1922e+00],
         [-7.4251e-01,  1.6196e+00, -1.1995e+00],
         [ 1.6188e+00,  4.9561e+00, -7.2316e+00],
         [-2.4888e+00,  1.4323e-01, -7.1849e-01],
         [-1.2511e+00,  4.1238e+00, -1.5885e+00],
         [ 3.2693e+00, -1.1320e+01,  1.1099e+00],
         [-3.5749e-01,  9.4180e-01,  2.6578e-01],
         [-1.0554e+00, -2.4581e+00,  1.2658e+00],
         [-7.8749e-01, -8.2258e+00,  1.3459e+01],
         [ 3.7284e+00,  3.2310e+00, -3.4860e+00]],

        [[ 9.9790e-01,  1.5526e+00,  1.7834e-01],
         [ 1.3125e+00, -3.3139e+00,  1.7653e-01],
         [ 3.0068e+00, -9.6567e+00, -3.5567e+00],
         [ 5.2287e-01, -4.6205e+00, -6.9790e-02],
         [ 9.9555e-01, -4.3741e+00, -6.3322e+00],
         [ 5.7486e-01, -3.1137e+00, -2.6846e+00],
         [-1.2987e+00, -9.6532e+00, -3.1559e+00],
         [ 3.5971e-01,  3.5826e+00, -1.2659e+00],
         [-3.6745e+00,  1.6392e+01,  5.6568e+00],
         [-2.1432e+00,  4.4733e+00,  1.2401e+00],
         [-1.0051e+00,  2.2968e+00,  1.0531e+01],
         [ 3.5125e-01,  6.4349e+00, -7.1805e-01]],

        [[ 7.1343e-01, -4.8040e+00, -8.5181e-01],
         [ 1.6882e-01, -4.7531e+00, -7.3780e-01],
         [ 1.4191e+00, -7.1692e+00, -1.3284e+00],
         [-1.5509e-01, -3.9497e+00,  7.6843e-01],
         [ 5.1484e+00, -8.1975e+00, -5.0476e+00],
         [-2.9284e-01, -4.5792e+00, -6.6975e-01],
         [-6.1568e-01,  2.2919e+00, -1.1940e+00],
         [ 2.6462e-01,  5.4003e+00, -8.3768e-02],
         [-1.5340e+00,  9.2266e+00,  2.3369e+00],
         [-1.7269e+00,  2.5357e+00,  6.2747e-01],
         [-4.8157e+00,  1.0344e+01,  9.3850e+00],
         [ 1.4258e+00,  3.6546e+00, -3.2047e+00]],

        [[ 4.8692e-01, -1.0856e+00, -2.1367e+00],
         [ 5.2463e-01, -4.1614e+00, -2.6612e-02],
         [-3.8905e-01, -2.0173e+00,  1.3700e+00],
         [ 1.0712e+00, -9.7805e+00, -7.3119e+00],
         [ 2.1520e+00, -3.9984e+00, -3.8960e+00],
         [-3.9389e+00,  5.4096e+00,  6.8743e-01],
         [-1.2797e+00,  9.2486e-01, -2.3778e-01],
         [ 1.6610e-01,  3.7759e+00,  4.8691e-01],
         [ 4.5977e-01, -4.6378e+00,  1.0225e+00],
         [-3.8956e+00,  2.7329e+01,  7.1946e+00],
         [-1.6963e+00,  2.7059e+00,  1.1018e+01],
         [ 6.3389e+00, -1.4464e+01, -8.1704e+00]],

        [[-5.8308e-01, -3.5311e+00, -8.6096e-01],
         [ 1.4653e+00, -1.2831e+00, -1.0352e+00],
         [ 8.6847e-01, -3.3421e+00, -1.3384e-01],
         [-3.3857e-01,  1.8107e+00,  3.8576e-01],
         [ 8.2719e-01,  3.2980e-01, -6.2847e+00],
         [ 1.6845e+00, -4.1676e+00, -1.2282e+00],
         [-1.4764e-01,  4.2997e+00, -5.6969e-01],
         [-2.2221e-01,  2.0747e+00, -1.0703e-01],
         [-7.2099e-01,  5.7429e+00,  1.0698e+00],
         [-9.9845e-01, -6.5844e+00,  5.5550e-02],
         [-4.9330e-02, -2.5407e+00,  9.7270e+00],
         [-1.7852e+00,  7.1910e+00, -1.0184e+00]],

        [[-7.1341e-01,  9.3422e-01, -4.2167e-01],
         [ 4.3684e-01,  4.2920e-01,  4.5362e-01],
         [ 1.3899e+00, -4.9809e-01,  6.4702e-01],
         [-2.4711e+00,  2.8065e+00,  7.4559e-01],
         [ 2.3267e+00,  4.3907e-01, -4.0499e+00],
         [-3.7862e+00,  1.1564e+01,  4.8214e+00],
         [-1.1385e+00,  9.6149e-01, -2.1749e+00],
         [-3.1614e-01,  2.0467e+00,  7.7603e-02],
         [-2.6651e+00,  4.6890e+00,  1.8037e+00],
         [-5.9121e-01, -4.9919e+00,  1.1377e-01],
         [-1.4831e+00,  2.2819e+00,  1.1421e+01],
         [ 9.0113e+00, -2.0662e+01, -1.3437e+01]],

        [[ 4.8025e-01, -5.5148e-01, -1.1880e+00],
         [ 7.1173e-01,  9.3638e-01, -3.6674e-01],
         [-1.5538e-02,  7.8576e-01,  2.1827e-01],
         [-7.1670e-01,  2.8184e+00, -6.5941e-02],
         [ 2.7295e-01,  3.2310e+00, -5.6088e+00],
         [-1.6994e+00, -6.4947e-01, -2.3345e+00],
         [-1.7323e+00,  1.5769e+00, -8.9679e-01],
         [ 3.7927e-01,  9.8933e-01,  1.0078e-01],
         [ 1.5435e-01, -1.4453e+00,  3.4702e-02],
         [-9.6534e-01, -4.1884e+00,  1.4470e-01],
         [ 2.4092e-01, -6.1493e+00,  1.0948e+01],
         [ 2.8898e+00,  2.6463e+00, -9.8561e-01]],

        [[-7.7801e-01,  1.2272e+01,  9.3119e+00],
         [ 1.8976e-02,  4.3818e+00,  1.6048e+00],
         [-2.7804e-01,  4.5090e+00,  4.1210e-01],
         [-2.5874e+00,  6.5091e+00, -1.5413e+00],
         [ 7.0340e+00,  6.1214e+00, -5.6886e+00],
         [-3.8542e+00,  1.0661e+01,  1.3054e+00],
         [-1.7532e+00, -2.5995e+01, -1.4607e+01],
         [ 1.8119e-01,  3.3376e+00, -1.9340e+00],
         [ 1.1890e+00, -1.6919e+00,  5.8232e-01],
         [-2.1073e+00, -2.9947e+00,  1.4924e+00],
         [-4.9744e+00, -1.0683e+01,  1.9218e+01],
         [ 7.9094e+00, -6.4279e+00, -1.0156e+01]],

        [[ 1.5541e+00, -9.4559e-01, -9.4837e-01],
         [-7.3059e-01, -3.9439e+00,  1.4576e+00],
         [-2.3560e-01, -2.4818e-01,  1.2810e+00],
         [-6.8315e-01,  2.0266e-01,  1.1093e+00],
         [ 5.0334e+00, -5.9271e+00, -2.2757e+00],
         [-1.4234e+00, -2.4769e+00, -2.4276e+00],
         [-1.3507e-01, -2.8482e+00, -8.9807e-01],
         [-1.8823e-01,  9.0446e+00, -1.4489e+00],
         [ 9.1926e-01, -2.8301e+00, -3.0768e-01],
         [-9.6157e-01, -3.8041e+00, -1.0388e-01],
         [-3.4599e+00,  1.4137e+01,  5.2793e+00],
         [ 3.1071e-01, -3.5957e-01, -7.1707e-01]],

        [[-9.2665e-02, -2.6532e+00,  1.6004e-02],
         [-4.5526e-01, -4.2804e+00, -4.4203e-01],
         [ 1.7719e+00, -1.2964e+00,  1.8512e-01],
         [-9.2426e-01, -8.4703e-01,  1.1829e+00],
         [ 8.6733e-01, -4.2007e+00, -4.3185e+00],
         [-1.7113e+00, -2.2084e+00, -1.9175e+00],
         [-4.8364e-01,  2.9431e+00, -8.2013e-01],
         [ 7.1683e-01,  6.2970e+00, -4.7040e-01],
         [-1.2968e+00, -3.2229e-01,  3.2291e-01],
         [-4.4472e-01, -4.7619e-01, -2.9861e-01],
         [-1.4724e+00,  6.7145e+00,  8.8467e+00],
         [ 3.5250e+00,  3.3000e-01, -2.2865e+00]],

        [[-1.5543e-02, -4.9520e+00, -6.9197e-01],
         [ 1.8215e+00, -3.1477e+00, -1.2290e+00],
         [ 2.1187e-01, -1.0519e+01, -2.7554e+00],
         [ 2.7267e+00, -6.5709e+00, -1.2679e+01],
         [ 9.4452e-01, -8.1398e+00, -4.1333e+00],
         [-6.5304e-01, -3.4537e+00, -4.3079e+00],
         [-5.0172e-01,  1.9651e+00, -5.5054e-01],
         [ 1.2752e+00, -2.3925e+00, -6.8403e-01],
         [-1.0194e+00,  9.6247e+00,  6.1493e+00],
         [-4.7956e+00,  2.3962e+01,  1.1310e+01],
         [-1.5091e+00,  5.6695e+00,  1.0010e+01],
         [ 1.5145e+00, -2.0454e+00, -4.3798e-01]],

        [[-8.6661e-02, -2.4695e+00, -1.1213e+00],
         [ 8.9044e-01,  1.2181e-01, -4.7841e-03],
         [ 8.9444e-01,  4.5944e-01,  1.3330e+00],
         [-6.0943e-01,  2.3080e+00,  1.8629e-01],
         [ 2.7694e-01, -1.3003e+00, -4.7682e+00],
         [ 1.1009e+00, -2.3608e+00, -1.8293e+00],
         [-6.1167e-02,  2.9506e+00, -7.9332e-02],
         [-2.7399e-01,  7.9823e-01, -5.4602e-01],
         [-5.1167e-01, -1.1006e+00, -3.8720e-01],
         [-5.6042e-01, -6.0348e+00,  8.0801e-02],
         [ 5.3198e-01,  7.4387e-01,  7.5417e+00],
         [-1.5914e+00,  5.8840e+00, -4.0570e-01]],

        [[-5.0147e-01, -2.2356e+00, -9.2057e-01],
         [ 1.2464e+00, -3.5235e+00, -6.7988e-01],
         [ 6.0325e-01, -8.2018e-01,  2.9678e-01],
         [-5.7839e-01, -6.8461e+00, -8.1760e-01],
         [ 4.1030e+00, -1.6693e+00, -3.4735e+00],
         [-2.4633e+00, -5.1731e+00, -1.2844e+00],
         [-5.0485e-01,  1.3453e+00, -1.4190e+00],
         [ 1.5924e-01,  4.0829e+00, -7.8624e-01],
         [ 5.3639e-01, -4.5687e+00,  9.9006e-01],
         [-4.8247e+00,  1.6449e+01,  9.4964e-01],
         [-2.4816e-01, -1.2063e+00,  1.0739e+01],
         [ 2.4725e+00,  4.1661e+00, -3.5943e+00]]], device='cuda:0')
F_true: tensor([[[ 1.4766e+01,  8.1229e+01, -3.8059e+01],
         [-3.7416e+01, -2.3191e+01, -1.2262e+01],
         [ 2.6825e+00, -1.3310e+01,  1.8262e+01],
         [ 4.0962e+01, -1.4419e+01, -4.4494e-01],
         [ 6.6691e+00,  3.4332e+01, -7.1674e+01],
         [ 1.4901e+01, -1.5429e+01,  3.6435e+01],
         [-1.2111e+01, -3.3077e+01,  1.6977e+01],
         [ 2.0131e+00, -4.9597e+00,  4.4676e+00],
         [ 1.3308e+01,  1.2363e+01,  7.8086e+00],
         [-1.5237e+01, -5.6785e-01,  2.7181e+01],
         [-4.2921e+01, -1.0605e+01,  1.2853e+01],
         [ 1.2383e+01, -1.2366e+01, -1.5448e+00]],

        [[ 6.9364e+01,  3.5423e+01,  5.7436e+01],
         [-2.5346e+01, -2.4383e+01, -7.3095e+01],
         [-6.9249e+01, -1.2345e+01, -3.8588e+00],
         [ 4.9550e+01,  2.1512e+01, -3.2898e-01],
         [-4.3787e+01, -3.8329e+01, -8.1683e+00],
         [-2.3164e+01,  6.2176e+01, -7.1970e+01],
         [-2.2488e+01, -1.9960e+01,  8.7149e+00],
         [ 4.6540e+01,  1.2926e+01,  2.9526e+00],
         [ 1.8597e+01, -1.0391e+00,  2.7922e+01],
         [-3.0530e+01, -3.5969e+00,  1.9334e+01],
         [ 4.2275e+01,  2.2444e+00,  1.2859e+01],
         [-1.1763e+01, -3.4628e+01,  2.8202e+01]],

        [[-4.1293e+00,  1.7698e+01, -4.4279e+01],
         [ 1.1133e+02,  1.7747e+01, -3.1328e+01],
         [-3.9756e+01, -2.0729e-01,  1.1875e+02],
         [-2.0921e+01, -1.4826e+01, -6.1185e+00],
         [ 5.9531e+01,  4.8558e+01, -9.1804e+00],
         [ 3.6567e+00, -4.9203e+01,  9.9370e+01],
         [ 7.6632e+00, -6.5493e+00, -1.3332e+01],
         [-1.9685e+01, -8.5702e+00, -6.7563e-01],
         [-2.6895e+01, -1.0556e+01, -3.3610e+01],
         [ 2.5349e+01, -1.1055e+01,  1.1786e+00],
         [-5.0978e+01, -7.5644e+00, -2.8539e+00],
         [-4.5168e+01,  2.4530e+01, -7.7920e+01]],

        [[ 8.6398e+00,  3.0192e+01, -5.0215e+01],
         [ 9.9510e+00,  9.4155e+00,  1.2112e+01],
         [-4.5226e+01,  2.1168e+01,  5.6134e+00],
         [ 6.9301e+01, -2.8025e+01, -1.8550e+01],
         [ 4.5332e+01,  3.6532e+00, -1.6031e+01],
         [-6.2572e+01,  1.0266e+01,  3.3123e+01],
         [-3.8011e-01, -2.1261e+01, -7.0619e+00],
         [-1.4329e+01, -1.4377e+01,  1.2209e+01],
         [ 1.1488e+00, -5.2476e+00,  2.1213e+01],
         [-9.8315e+00,  1.4879e-01,  1.6588e+01],
         [-2.2083e+01, -1.1022e-01,  8.8680e-01],
         [ 2.0049e+01, -5.8236e+00, -9.8871e+00]],

        [[-2.7288e+01,  4.4650e+01, -2.9005e+01],
         [ 5.4908e+01, -1.4263e+01, -1.0051e+01],
         [ 8.0839e+01, -8.5240e+00,  1.0056e+02],
         [-7.3144e+01, -9.7454e+01,  7.1500e+00],
         [ 6.6994e-01, -2.2010e+00, -4.9966e+01],
         [ 4.2157e+01, -1.2266e+01,  9.1836e+01],
         [ 2.4229e+01, -2.7828e+00, -8.5307e+00],
         [-3.8960e+01,  1.6219e+00, -6.9319e+00],
         [-1.8470e+01,  2.3344e+01, -4.5767e+01],
         [ 2.0098e+00,  6.2280e+01, -8.6979e+00],
         [-1.2754e+01,  9.8323e+00,  2.2295e+01],
         [-3.4198e+01, -4.2376e+00, -6.2891e+01]],

        [[-4.4066e+01, -1.3805e+01, -6.2461e+01],
         [-2.5520e+01, -4.3159e+01,  4.4605e+01],
         [ 3.2252e+01,  2.8021e+01,  2.2366e+00],
         [ 4.1654e-02,  2.2093e+01,  1.3495e+01],
         [ 3.1099e+01,  2.4046e+00, -4.0699e+00],
         [ 4.7862e+01,  2.3186e+00, -2.7119e+01],
         [ 3.1375e+00,  1.2976e+01,  1.7655e+01],
         [-6.9273e+00,  1.2456e+01, -7.7449e+00],
         [ 4.8120e+00, -6.7535e+00,  2.5525e+01],
         [ 3.6805e+00, -1.4328e+01, -8.8586e-01],
         [-3.1690e+01, -2.7399e+00, -5.2935e+00],
         [-1.4682e+01,  5.1749e-01,  4.0583e+00]],

        [[-2.3684e+01,  1.0763e+01, -1.1763e+01],
         [-4.1329e+01,  1.0252e+01, -1.3097e+01],
         [-1.5664e+01, -6.4591e+00, -2.2185e+01],
         [ 8.2692e+01,  2.9810e+00,  3.9474e+01],
         [-4.8004e+01, -4.5927e+01, -3.3483e+01],
         [ 8.5502e+00,  8.3663e+01, -5.2462e+01],
         [-1.1409e+01, -4.0770e+01, -3.1943e+00],
         [ 1.6063e+01,  2.6023e+00,  1.3987e+00],
         [-9.5381e+00, -4.3921e+00,  3.7595e+01],
         [-1.4821e+01,  7.3646e-02,  1.2807e+01],
         [ 1.9266e+01,  1.2658e+01,  1.3645e+00],
         [ 3.7878e+01, -2.5445e+01,  4.3546e+01]],

        [[ 1.7336e+01,  2.3307e+00, -3.1961e+01],
         [-5.4381e+01,  2.2437e+00,  2.3655e-01],
         [-2.9924e+01,  3.0570e+00, -3.7883e+01],
         [ 2.2426e+01, -1.4494e+00, -1.5651e+01],
         [ 8.0888e+00,  1.8504e+00,  7.7780e+01],
         [ 2.0557e+01,  1.4915e+01, -7.7268e+01],
         [-9.9945e+00, -8.8685e+00,  1.5152e+01],
         [ 6.6440e+00, -4.3853e+00, -6.3582e+00],
         [ 1.0203e+01, -2.9706e+00,  5.6868e+01],
         [-2.7447e+00, -2.3684e+00,  3.2105e+00],
         [ 2.1481e+00, -5.5721e+00, -2.5988e+00],
         [ 9.6407e+00,  1.2176e+00,  1.8473e+01]],

        [[ 1.5612e+01, -8.3633e+00,  2.6180e+01],
         [-5.3773e+01,  5.9047e+00,  1.9012e+00],
         [ 2.9214e+01,  1.6494e+01, -1.4587e+01],
         [ 2.9249e+01, -1.0904e+01,  9.5809e+00],
         [-3.5124e+00,  2.8038e+01, -2.1774e+01],
         [ 2.9217e+01, -1.3698e+01,  3.8931e+01],
         [ 3.2789e+00, -4.1103e+00, -8.5320e+00],
         [ 3.6432e+00,  7.9636e+00, -1.8480e+00],
         [-8.8985e+00, -1.3075e+01, -4.0558e+00],
         [-7.3285e+00, -6.0299e+00,  4.5983e+00],
         [-1.5513e+01, -1.1901e+00, -2.2201e+00],
         [-2.1188e+01, -1.0297e+00, -2.8175e+01]],

        [[-3.2213e+01,  3.2728e+00, -1.1724e+01],
         [-3.9310e+00,  4.5854e+00,  3.9558e+01],
         [ 6.5646e+01, -1.3913e+01,  6.8326e+00],
         [-8.0686e+00, -7.9227e+00,  3.0345e+01],
         [ 3.3464e-01, -5.3930e+00, -1.3107e+01],
         [ 1.6908e+01,  9.6000e+00,  1.6710e+01],
         [ 8.4196e+00, -7.4861e+00, -8.9494e-01],
         [-9.2282e+00,  1.1768e+00,  9.2476e-01],
         [-2.0138e+01,  8.9504e+00, -3.6995e+01],
         [-8.6016e+00,  5.3918e+00, -2.4958e+00],
         [ 1.0042e+01,  3.7564e+00, -1.3733e+01],
         [-1.9171e+01, -2.0190e+00, -1.5420e+01]],

        [[ 1.4570e+01, -1.0385e+01,  5.9425e+00],
         [ 2.8922e+01, -9.6040e+00,  4.6130e+00],
         [ 3.1212e+01, -4.7863e+00, -1.3233e+01],
         [ 2.5910e+00, -2.3948e+01, -4.2112e+01],
         [-4.3365e+01, -2.0268e+00,  8.4128e+01],
         [ 4.2928e+01,  1.8044e+01,  1.0553e+01],
         [-9.4231e+00, -4.2075e+00,  3.0459e+00],
         [-8.3235e+00,  1.4036e+01, -3.3290e+00],
         [-3.4265e+01,  1.7462e+01, -1.0212e+01],
         [ 3.5983e+00,  6.2986e+00, -1.0080e+00],
         [-1.8853e+01, -2.5328e+00, -4.0266e+00],
         [-9.5919e+00,  1.6488e+00, -3.4362e+01]],

        [[-2.7144e+01, -1.5616e+00,  3.0465e+01],
         [-9.7018e+00, -3.8319e+01,  4.8513e+01],
         [ 5.9016e-01,  7.5194e+01,  2.4884e+00],
         [ 4.0807e+01, -1.2519e+01, -1.2200e+01],
         [-5.5843e+01,  3.6757e+01,  6.4466e+01],
         [ 2.0770e+01, -2.1404e+01, -4.5363e+00],
         [ 3.7913e+01,  1.9566e+01, -6.4797e+01],
         [-1.4508e+01, -1.4497e+01, -1.7409e+00],
         [-2.9576e+00, -7.9253e+00, -1.8653e+01],
         [ 7.5551e+00, -2.9136e+01, -3.3460e+01],
         [-9.1993e+00, -8.9089e+00, -2.2054e+00],
         [ 1.1717e+01,  2.7548e+00, -8.3401e+00]],

        [[ 4.6928e+01, -7.8450e-01,  5.2083e+00],
         [ 1.9794e+01,  2.0904e+01, -2.7128e+01],
         [-7.0850e+01, -1.8917e+01, -1.0874e+01],
         [ 1.5604e+01,  8.5772e+00, -2.2299e+01],
         [ 2.4933e+01, -2.8834e+01,  1.0757e+01],
         [-4.8015e+01,  1.4699e+01, -1.6279e+01],
         [-2.1558e+01, -1.7813e+01,  2.2157e+01],
         [ 1.6726e+01,  5.3893e+00, -1.0341e+01],
         [ 1.3525e+01,  3.1109e-01,  2.3586e+01],
         [-6.0652e+00,  3.6733e+00,  1.6051e+01],
         [ 1.5915e+00,  3.2432e+00, -6.6255e+00],
         [ 7.3875e+00,  9.5518e+00,  1.5788e+01]],

        [[ 9.0510e-01, -3.4667e+01,  5.7939e+01],
         [ 2.8996e+01,  5.0789e+00, -6.7132e+01],
         [ 1.3499e+01, -1.2515e+01,  2.2558e+01],
         [-2.0684e+01,  3.0590e+00,  8.9889e+00],
         [ 9.8745e+00, -2.4968e+01, -2.4997e+01],
         [ 1.6385e+01,  2.1119e+01,  8.0443e+01],
         [ 6.3482e+00,  6.8180e+00, -7.2702e+00],
         [-2.5323e+01,  1.2941e+01,  1.3677e+01],
         [-5.5628e+00,  8.8367e+00, -2.6262e+01],
         [ 1.3630e+01,  9.5561e+00, -2.7396e+01],
         [-2.4478e+01,  4.6791e+00, -9.1511e-01],
         [-1.3590e+01,  6.1634e-02, -2.9634e+01]],

        [[ 4.9124e+01,  4.4246e+01, -1.5017e+01],
         [-4.2833e+01, -3.1941e+01,  8.2046e+00],
         [-2.1490e+01, -1.5203e+01,  2.4857e+00],
         [ 3.4159e+01,  2.4360e+01, -2.4924e+01],
         [ 4.8184e+01, -1.7296e+01, -2.8023e+01],
         [-1.0023e+01,  1.2052e+01,  2.4429e+01],
         [-2.0783e+01, -1.5899e+01,  1.7077e+01],
         [ 2.9226e+00,  1.0616e+01, -9.1445e+00],
         [ 1.7612e+01, -2.5236e-01,  5.5122e+00],
         [-1.8912e+01,  1.7764e+00,  1.6787e+01],
         [-3.5143e+01, -2.6732e+00,  5.5698e+00],
         [-2.8163e+00, -9.7842e+00, -2.9575e+00]],

        [[ 9.5739e+01, -1.1565e+01,  2.1016e+01],
         [ 2.5021e+01,  8.9275e+00, -5.5999e+00],
         [-5.2633e+01,  1.0911e+01, -1.8306e+01],
         [ 3.7374e+01, -9.3414e+00,  1.8614e+01],
         [ 9.5565e+00,  3.1318e+01, -4.5960e+01],
         [-4.9638e+01, -3.3616e+01,  2.2946e+01],
         [-1.3904e+01,  1.5360e+01,  1.6525e+01],
         [ 1.1579e+00, -4.5150e+00, -3.5802e+00],
         [ 1.4470e+01,  4.9602e+00,  1.0601e-01],
         [-4.6695e+00, -6.8053e+00,  1.2125e+01],
         [-3.4460e+01, -7.6107e+00, -2.7249e+00],
         [-2.8014e+01,  1.9773e+00, -1.5160e+01]],

        [[-5.1706e+01, -8.5063e+00,  7.7234e+01],
         [ 4.8112e+01, -8.6655e+00, -5.3915e+01],
         [-5.3767e+01,  1.4120e+01,  1.9273e+01],
         [-3.2826e+01, -3.0013e+01,  4.7572e+01],
         [ 6.3756e+01,  2.1141e+01, -3.3877e+01],
         [-8.2833e+00,  1.9282e+01, -9.2285e+00],
         [ 2.7951e+01,  1.3839e+01, -4.6747e+01],
         [-5.2376e+00, -2.8112e+00, -2.3771e+00],
         [-9.1957e+00,  1.2235e+00,  7.0358e+00],
         [ 2.6552e+01, -2.9986e+00, -1.6974e+01],
         [-3.3512e+00,  3.4731e+00,  1.4504e+01],
         [-2.0045e+00, -2.0084e+01, -2.5008e+00]],

        [[ 4.7453e+01, -9.8659e-01,  2.4224e+01],
         [-1.1720e+01,  1.6439e+01, -4.5445e+01],
         [-3.3192e+01, -7.3740e+00,  1.3627e+01],
         [ 2.2524e+01,  1.4912e+01, -3.0429e+01],
         [-4.1757e+01,  1.3938e+01,  3.7104e+01],
         [-8.5999e+00, -1.7710e+01, -4.7616e+01],
         [-2.4417e+01, -2.3996e+00,  5.7333e+00],
         [-7.8723e-01, -6.7760e+00,  3.9954e+00],
         [ 8.4113e+00, -1.9811e+00,  1.2430e+01],
         [ 4.2186e+00, -7.2542e+00,  6.8152e+00],
         [ 1.7799e+01, -9.2125e+00, -5.7676e+00],
         [ 2.0066e+01,  8.4054e+00,  2.5329e+01]],

        [[-1.7559e+00,  1.1264e+01, -6.0963e+01],
         [-5.5165e+01,  1.7753e+01,  1.4046e+01],
         [-1.2988e+01, -2.5914e+01,  2.7368e+01],
         [ 4.3910e+00,  1.6693e+01, -4.2392e+01],
         [ 1.9717e+01,  3.8520e+01, -3.4411e+01],
         [-4.5242e+01, -2.8435e+00,  3.4436e+01],
         [ 9.8068e+00, -2.2099e+01,  1.9197e+01],
         [ 3.7569e+01,  6.9195e+00, -5.3850e+00],
         [ 1.8070e+01, -3.3871e+00,  1.0387e+01],
         [-9.2988e+00, -5.1278e+00,  2.4656e+01],
         [ 1.7491e+01, -2.7247e+01,  7.7598e+00],
         [ 1.7406e+01, -4.5309e+00,  5.3002e+00]],

        [[-8.1116e+00, -1.6316e+01,  1.3842e+01],
         [-2.4717e+01,  1.2020e+01,  5.1115e+00],
         [ 3.9559e+01,  1.2748e+01,  7.4301e-01],
         [ 4.3845e+00, -1.2138e+01,  1.9943e+01],
         [-1.8772e+01,  3.3623e+00,  2.7499e+01],
         [ 5.2917e+01,  1.6836e+00, -3.9424e+01],
         [-5.3025e+00, -5.7375e+00,  1.5172e+01],
         [-2.8151e+01,  9.0891e+00, -9.5793e-01],
         [-7.1585e+00, -1.1211e+01, -2.8472e+01],
         [ 1.8313e+00, -1.0471e+00, -2.6208e+01],
         [-4.8884e+00,  7.1110e+00, -2.1829e+00],
         [-1.5900e+00,  4.3641e-01,  1.4934e+01]],

        [[ 2.8596e+01,  1.5308e+01,  5.2992e+01],
         [ 1.4776e+01, -3.3772e+01, -4.7805e+01],
         [-4.3310e+01,  1.2909e+01,  2.9783e+01],
         [ 1.9137e+01, -2.2243e+00,  1.8667e+01],
         [-4.1832e+01,  1.1829e+01, -1.6298e+01],
         [-3.9525e+01, -3.8204e+01,  1.2156e+01],
         [ 1.4582e+00,  1.0140e+01, -2.7249e+01],
         [ 1.3576e+01,  1.2375e+01, -7.7511e+00],
         [-1.6218e+01, -2.6677e+00, -1.3606e+01],
         [ 1.6121e+01, -2.4956e+00, -3.6675e+00],
         [ 2.4580e+01,  1.2839e+01, -1.0705e+01],
         [ 2.2641e+01,  3.9619e+00,  1.3485e+01]],

        [[-2.6027e+01,  1.3726e+01, -7.0439e+00],
         [-1.0300e+01,  1.4946e+01,  4.1860e+01],
         [ 1.2762e+01, -4.8050e+01, -1.6922e+01],
         [ 3.4365e+01,  4.6965e+00, -4.5563e+00],
         [-4.6674e+01, -2.1222e+01,  2.6734e+01],
         [ 1.1832e+01, -1.6959e+01, -2.2894e+00],
         [ 1.1221e+01,  5.9265e+00, -1.2245e+01],
         [ 6.4074e+00, -6.6184e+00, -2.2954e+00],
         [-5.8966e+00,  2.1036e+01, -1.3619e+01],
         [-1.4163e+01,  2.0786e+01, -1.7678e+01],
         [ 2.1185e+01,  1.1544e+01, -1.1789e+01],
         [ 5.2894e+00,  1.9015e-01,  1.9842e+01]],

        [[-2.2303e+01, -3.5061e+01, -7.1387e+00],
         [ 2.5740e-01,  1.4154e+01,  1.5559e+01],
         [ 4.5739e+00,  1.3348e+01,  4.4968e+01],
         [-1.4527e+01,  7.3394e+00,  3.6370e+00],
         [ 4.5238e+01, -1.0520e+01,  1.5963e+01],
         [-1.0649e+01,  1.6964e+01,  1.3077e+01],
         [ 1.5166e+01,  7.3549e+00, -1.3679e+01],
         [-7.0352e+00, -4.5980e+00, -5.0547e+00],
         [-2.3600e+01, -8.7739e+00, -3.5464e+01],
         [ 9.4779e+00, -5.6626e+00, -8.5060e+00],
         [ 1.5538e+01,  2.8319e+00, -4.8771e+00],
         [-1.2137e+01,  2.6238e+00, -1.8484e+01]],

        [[ 1.8688e+01, -4.9844e+01, -4.7305e+01],
         [ 5.7549e+00,  2.0628e+01, -1.1646e+01],
         [-1.3066e+01, -1.3540e+01, -1.7267e+01],
         [ 3.2220e+01,  4.7763e+01,  2.2982e+00],
         [ 1.0663e+01, -1.1566e+00, -7.7395e+01],
         [ 1.3444e+01, -2.1933e+01,  2.7569e+01],
         [-2.8768e+01,  3.1286e+01,  3.4317e+01],
         [ 8.0489e+00,  4.5409e+00, -2.4051e+00],
         [-1.7388e+01, -1.7077e+01,  1.4930e+01],
         [-1.5000e+01, -9.8461e+00,  3.6529e+01],
         [-2.8949e+01, -9.2213e+00,  2.7303e+01],
         [ 1.4354e+01,  1.8400e+01,  1.3073e+01]]], device='cuda:0')
E_pred均值: 0.332746684551239 E_true均值: 0.7532763481140137

Test Results:
  MSE Energy Loss: 0.075075
  MSE Force Loss : 2.124457
