nohup: 忽略输入
/data5/store1/wry-u22/anaconda3/envs/py311/lib/python3.11/site-packages/torch_geometric/deprecation.py:26: UserWarning: 'data.DataLoader' is deprecated, use 'loader.DataLoader' instead
  warnings.warn(out)
cuda
Epoch   1 | Loss: 1229.650360
Epoch   2 | Loss: 1187.227249
Epoch   3 | Loss: 1168.294296
Epoch   4 | Loss: 1169.289093
Epoch   5 | Loss: 1170.643448
Epoch   6 | Loss: 1169.225601
Epoch   7 | Loss: 1167.085846
Epoch   8 | Loss: 1169.142822
Epoch   9 | Loss: 1167.617950
Epoch  10 | Loss: 1168.175278
Epoch  11 | Loss: 1170.428543
Epoch  12 | Loss: 1168.508041
Epoch  13 | Loss: 1168.296097
Epoch  14 | Loss: 1169.037064
Epoch  15 | Loss: 1171.127151
Epoch  16 | Loss: 1168.462372
Epoch  17 | Loss: 1169.339996
Epoch  18 | Loss: 1169.502258
Epoch  19 | Loss: 1167.373428
Epoch  20 | Loss: 1167.541550
Epoch  21 | Loss: 1167.718750
Epoch  22 | Loss: 1167.543427
Epoch  23 | Loss: 1167.987473
Epoch  24 | Loss: 1167.389359
Epoch  25 | Loss: 1168.632156
Epoch  26 | Loss: 1169.491898
Epoch  27 | Loss: 1168.487854
Epoch  28 | Loss: 1166.745667
Epoch  29 | Loss: 1168.346481
Epoch  30 | Loss: 1164.076355
Epoch  31 | Loss: 1167.107727
Epoch  32 | Loss: 1163.559418
Epoch  33 | Loss: 1161.928665
Epoch  34 | Loss: 1159.345535
Epoch  35 | Loss: 1151.336823
Epoch  36 | Loss: 1106.185684
Epoch  37 | Loss: 942.154007
Epoch  38 | Loss: 876.567024
Epoch  39 | Loss: 849.538864
Epoch  40 | Loss: 839.001678
Epoch  41 | Loss: 826.033981
Epoch  42 | Loss: 810.697227
Epoch  43 | Loss: 805.734848
Epoch  44 | Loss: 797.236938
Epoch  45 | Loss: 786.186340
Epoch  46 | Loss: 790.661057
Epoch  47 | Loss: 773.508614
Epoch  48 | Loss: 764.214775
Epoch  49 | Loss: 751.801399
Epoch  50 | Loss: 745.167320
Epoch  51 | Loss: 733.395973
Epoch  52 | Loss: 726.935760
Epoch  53 | Loss: 720.439682
Epoch  54 | Loss: 713.779030
Epoch  55 | Loss: 695.398445
Epoch  56 | Loss: 698.244110
Epoch  57 | Loss: 682.766716
Epoch  58 | Loss: 669.695801
Epoch  59 | Loss: 661.989029
Epoch  60 | Loss: 648.490929
Epoch  61 | Loss: 640.477684
Epoch  62 | Loss: 631.513046
Epoch  63 | Loss: 620.488739
Epoch  64 | Loss: 619.273201
Epoch  65 | Loss: 604.193985
Epoch  66 | Loss: 588.174965
Epoch  67 | Loss: 579.542854
Epoch  68 | Loss: 571.234077
Epoch  69 | Loss: 555.460861
Epoch  70 | Loss: 546.086662
Epoch  71 | Loss: 538.101055
Epoch  72 | Loss: 522.035854
Epoch  73 | Loss: 511.049091
Epoch  74 | Loss: 495.760494
Epoch  75 | Loss: 487.171242
Epoch  76 | Loss: 479.725033
Epoch  77 | Loss: 463.013252
Epoch  78 | Loss: 456.537369
Epoch  79 | Loss: 446.061913
Epoch  80 | Loss: 437.437878
Epoch  81 | Loss: 430.044670
Epoch  82 | Loss: 431.077728
Epoch  83 | Loss: 432.656746
Epoch  84 | Loss: 419.523098
Epoch  85 | Loss: 407.523739
Epoch  86 | Loss: 400.760136
Epoch  87 | Loss: 385.996399
Epoch  88 | Loss: 382.160385
Epoch  89 | Loss: 379.379097
Epoch  90 | Loss: 371.992554
Epoch  91 | Loss: 363.899845
Epoch  92 | Loss: 366.859806
Epoch  93 | Loss: 361.532944
Epoch  94 | Loss: 354.506168
Epoch  95 | Loss: 349.921043
Epoch  96 | Loss: 348.255058
Epoch  97 | Loss: 338.285706
Epoch  98 | Loss: 336.847530
Epoch  99 | Loss: 332.025124
Epoch 100 | Loss: 329.310410
Epoch 101 | Loss: 325.715057
Epoch 102 | Loss: 323.845997
Epoch 103 | Loss: 320.591873
Epoch 104 | Loss: 316.703224
Epoch 105 | Loss: 314.299583
Epoch 106 | Loss: 311.924122
Epoch 107 | Loss: 311.234116
Epoch 108 | Loss: 309.623188
Epoch 109 | Loss: 304.224174
Epoch 110 | Loss: 304.491028
Epoch 111 | Loss: 303.784401
Epoch 112 | Loss: 307.209061
Epoch 113 | Loss: 298.459064
Epoch 114 | Loss: 293.933716
Epoch 115 | Loss: 291.927479
Epoch 116 | Loss: 289.513004
Epoch 117 | Loss: 289.207321
Epoch 118 | Loss: 289.958626
Epoch 119 | Loss: 286.061558
Epoch 120 | Loss: 284.214695
Epoch 121 | Loss: 285.226284
Epoch 122 | Loss: 281.459972
Epoch 123 | Loss: 280.656246
Epoch 124 | Loss: 280.536148
Epoch 125 | Loss: 277.333698
Epoch 126 | Loss: 273.038822
Epoch 127 | Loss: 270.963257
Epoch 128 | Loss: 268.654827
Epoch 129 | Loss: 267.371931
Epoch 130 | Loss: 265.636951
Epoch 131 | Loss: 264.077152
Epoch 132 | Loss: 266.293800
Epoch 133 | Loss: 265.320658
Epoch 134 | Loss: 261.600933
Epoch 135 | Loss: 260.016644
Epoch 136 | Loss: 258.345840
Epoch 137 | Loss: 257.506794
Epoch 138 | Loss: 257.420235
Epoch 139 | Loss: 256.439152
Epoch 140 | Loss: 257.417141
Epoch 141 | Loss: 258.249815
Epoch 142 | Loss: 258.795752
Epoch 143 | Loss: 251.072294
Epoch 144 | Loss: 249.656893
Epoch 145 | Loss: 250.226610
Epoch 146 | Loss: 246.389599
Epoch 147 | Loss: 246.025335
Epoch 148 | Loss: 244.492384
Epoch 149 | Loss: 247.142834
Epoch 150 | Loss: 247.750898
Epoch 151 | Loss: 242.244673
Epoch 152 | Loss: 239.794809
Epoch 153 | Loss: 238.688126
Epoch 154 | Loss: 240.166218
Epoch 155 | Loss: 242.305502
Epoch 156 | Loss: 238.397024
Epoch 157 | Loss: 237.561495
Epoch 158 | Loss: 234.981205
Epoch 159 | Loss: 233.156664
Epoch 160 | Loss: 232.703106
Epoch 161 | Loss: 231.839552
Epoch 162 | Loss: 230.638765
Epoch 163 | Loss: 228.980858
Epoch 164 | Loss: 230.752880
Epoch 165 | Loss: 228.219852
Epoch 166 | Loss: 227.365456
Epoch 167 | Loss: 226.856863
Epoch 168 | Loss: 229.878422
Epoch 169 | Loss: 228.525362
Epoch 170 | Loss: 225.699812
Epoch 171 | Loss: 227.982765
Epoch 172 | Loss: 228.721191
Epoch 173 | Loss: 225.637104
Epoch 174 | Loss: 224.971151
Epoch 175 | Loss: 227.015497
Epoch 176 | Loss: 225.842630
Epoch 177 | Loss: 221.707556
Epoch 178 | Loss: 221.548233
Epoch 179 | Loss: 224.282499
Epoch 180 | Loss: 225.422026
Epoch 181 | Loss: 220.269871
Epoch 182 | Loss: 221.651163
Epoch 183 | Loss: 221.838957
Epoch 184 | Loss: 220.570585
Epoch 185 | Loss: 219.672293
Epoch 186 | Loss: 218.372129
Epoch 187 | Loss: 214.204706
Epoch 188 | Loss: 219.812765
Epoch 189 | Loss: 222.346621
Epoch 190 | Loss: 224.135164
Epoch 191 | Loss: 219.899277
Epoch 192 | Loss: 214.488756
Epoch 193 | Loss: 212.170521
Epoch 194 | Loss: 212.371349
Epoch 195 | Loss: 210.808264
Epoch 196 | Loss: 210.192745
Epoch 197 | Loss: 209.074253
Epoch 198 | Loss: 207.954285
Epoch 199 | Loss: 207.474899
Epoch 200 | Loss: 207.310879
Epoch 201 | Loss: 207.596794
Epoch 202 | Loss: 206.247892
Epoch 203 | Loss: 205.338215
Epoch 204 | Loss: 204.985109
Epoch 205 | Loss: 206.499550
Epoch 206 | Loss: 207.671274
Epoch 207 | Loss: 204.879034
Epoch 208 | Loss: 203.225901
Epoch 209 | Loss: 204.988949
Epoch 210 | Loss: 203.165304
Epoch 211 | Loss: 202.740480
Epoch 212 | Loss: 202.630569
Epoch 213 | Loss: 203.800409
Epoch 214 | Loss: 201.370525
Epoch 215 | Loss: 202.200663
Epoch 216 | Loss: 203.059633
Epoch 217 | Loss: 205.612530
Epoch 218 | Loss: 204.954302
Epoch 219 | Loss: 201.120701
Epoch 220 | Loss: 201.116745
Epoch 221 | Loss: 199.565783
Epoch 222 | Loss: 198.232479
Epoch 223 | Loss: 198.705620
Epoch 224 | Loss: 198.728859
Epoch 225 | Loss: 198.594597
Epoch 226 | Loss: 196.243240
Epoch 227 | Loss: 197.036240
Epoch 228 | Loss: 196.207136
Epoch 229 | Loss: 197.265768
Epoch 230 | Loss: 199.284920
Epoch 231 | Loss: 197.642431
Epoch 232 | Loss: 194.255287
Epoch 233 | Loss: 193.781895
Epoch 234 | Loss: 194.441586
Epoch 235 | Loss: 195.515335
Epoch 236 | Loss: 197.625065
Epoch 237 | Loss: 195.557312
Epoch 238 | Loss: 198.691242
Epoch 239 | Loss: 195.672544
Epoch 240 | Loss: 192.530327
Epoch 241 | Loss: 190.880291
Epoch 242 | Loss: 191.512354
Epoch 243 | Loss: 194.590399
Epoch 244 | Loss: 191.697203
Epoch 245 | Loss: 189.015753
Epoch 246 | Loss: 188.781179
Epoch 247 | Loss: 189.276596
Epoch 248 | Loss: 191.740507
Epoch 249 | Loss: 187.820971
Epoch 250 | Loss: 187.319485
Epoch 251 | Loss: 187.618605
Epoch 252 | Loss: 189.119686
Epoch 253 | Loss: 187.606705
Epoch 254 | Loss: 187.920788
Epoch 255 | Loss: 185.748438
Epoch 256 | Loss: 185.602081
Epoch 257 | Loss: 184.789494
Epoch 258 | Loss: 184.445856
Epoch 259 | Loss: 187.083059
Epoch 260 | Loss: 187.368557
Epoch 261 | Loss: 184.011976
Epoch 262 | Loss: 183.070913
Epoch 263 | Loss: 183.173494
Epoch 264 | Loss: 183.259150
Epoch 265 | Loss: 182.902239
Epoch 266 | Loss: 182.382759
Epoch 267 | Loss: 182.309446
Epoch 268 | Loss: 181.658386
Epoch 269 | Loss: 180.870550
Epoch 270 | Loss: 181.513647
Epoch 271 | Loss: 180.327803
Epoch 272 | Loss: 181.908562
Epoch 273 | Loss: 182.331890
Epoch 274 | Loss: 181.692448
Epoch 275 | Loss: 182.193130
Epoch 276 | Loss: 180.645540
Epoch 277 | Loss: 179.973503
Epoch 278 | Loss: 180.736130
Epoch 279 | Loss: 177.619064
Epoch 280 | Loss: 178.290037
Epoch 281 | Loss: 179.718637
Epoch 282 | Loss: 177.316624
Epoch 283 | Loss: 177.208496
Epoch 284 | Loss: 176.503874
Epoch 285 | Loss: 177.005264
Epoch 286 | Loss: 177.321648
Epoch 287 | Loss: 177.306139
Epoch 288 | Loss: 177.189251
Epoch 289 | Loss: 175.481720
Epoch 290 | Loss: 175.522789
Epoch 291 | Loss: 173.737072
Epoch 292 | Loss: 174.131613
Epoch 293 | Loss: 174.824553
Epoch 294 | Loss: 174.770718
Epoch 295 | Loss: 174.586935
Epoch 296 | Loss: 172.554115
Epoch 297 | Loss: 172.549002
Epoch 298 | Loss: 173.206108
Epoch 299 | Loss: 174.294977
Epoch 300 | Loss: 171.637140
Epoch 301 | Loss: 171.719461
Epoch 302 | Loss: 171.159267
Epoch 303 | Loss: 171.385395
Epoch 304 | Loss: 171.242533
Epoch 305 | Loss: 170.591619
Epoch 306 | Loss: 169.276531
Epoch 307 | Loss: 169.269583
Epoch 308 | Loss: 168.889471
Epoch 309 | Loss: 169.773630
Epoch 310 | Loss: 172.590170
Epoch 311 | Loss: 175.148945
Epoch 312 | Loss: 169.328352
Epoch 313 | Loss: 168.796642
Epoch 314 | Loss: 170.096481
Epoch 315 | Loss: 168.086170
Epoch 316 | Loss: 168.147814
Epoch 317 | Loss: 166.853323
Epoch 318 | Loss: 169.752710
Epoch 319 | Loss: 170.211582
Epoch 320 | Loss: 165.758446
Epoch 321 | Loss: 166.397491
Epoch 322 | Loss: 165.363230
Epoch 323 | Loss: 165.286188
Epoch 324 | Loss: 165.371830
Epoch 325 | Loss: 165.885939
Epoch 326 | Loss: 164.347954
Epoch 327 | Loss: 165.111357
Epoch 328 | Loss: 168.433023
Epoch 329 | Loss: 168.753948
Epoch 330 | Loss: 164.488531
Epoch 331 | Loss: 163.728201
Epoch 332 | Loss: 164.255726
Epoch 333 | Loss: 162.725203
Epoch 334 | Loss: 162.305145
Epoch 335 | Loss: 161.697872
Epoch 336 | Loss: 161.661217
Epoch 337 | Loss: 162.324030
Epoch 338 | Loss: 161.491282
Epoch 339 | Loss: 160.605940
Epoch 340 | Loss: 160.406088
Epoch 341 | Loss: 160.118303
Epoch 342 | Loss: 162.150606
Epoch 343 | Loss: 161.042372
Epoch 344 | Loss: 160.088108
Epoch 345 | Loss: 160.064909
Epoch 346 | Loss: 159.254578
Epoch 347 | Loss: 158.357559
Epoch 348 | Loss: 158.418505
Epoch 349 | Loss: 157.667284
Epoch 350 | Loss: 157.999752
Epoch 351 | Loss: 158.005617
Epoch 352 | Loss: 159.261930
Epoch 353 | Loss: 157.205570
Epoch 354 | Loss: 156.543062
Epoch 355 | Loss: 156.535692
Epoch 356 | Loss: 156.281689
Epoch 357 | Loss: 156.937189
Epoch 358 | Loss: 158.503038
Epoch 359 | Loss: 157.779238
Epoch 360 | Loss: 157.567867
Epoch 361 | Loss: 155.913788
Epoch 362 | Loss: 154.840815
Epoch 363 | Loss: 154.510180
Epoch 364 | Loss: 154.458963
Epoch 365 | Loss: 153.828947
Epoch 366 | Loss: 155.037548
Epoch 367 | Loss: 155.086609
Epoch 368 | Loss: 154.324926
Epoch 369 | Loss: 153.655088
Epoch 370 | Loss: 153.014595
Epoch 371 | Loss: 154.064642
Epoch 372 | Loss: 153.159334
Epoch 373 | Loss: 152.309345
Epoch 374 | Loss: 151.437275
Epoch 375 | Loss: 150.658867
Epoch 376 | Loss: 150.574038
Epoch 377 | Loss: 150.982117
Epoch 378 | Loss: 149.909521
Epoch 379 | Loss: 151.984163
Epoch 380 | Loss: 155.666550
Epoch 381 | Loss: 151.339043
Epoch 382 | Loss: 153.789267
Epoch 383 | Loss: 154.559465
Epoch 384 | Loss: 150.147793
Epoch 385 | Loss: 150.057426
Epoch 386 | Loss: 149.360355
Epoch 387 | Loss: 148.835989
Epoch 388 | Loss: 148.875410
Epoch 389 | Loss: 152.100044
Epoch 390 | Loss: 149.886332
Epoch 391 | Loss: 147.244829
Epoch 392 | Loss: 147.113747
Epoch 393 | Loss: 147.364502
Epoch 394 | Loss: 149.130552
Epoch 395 | Loss: 146.378912
Epoch 396 | Loss: 146.671305
Epoch 397 | Loss: 146.513950
Epoch 398 | Loss: 146.745785
Epoch 399 | Loss: 145.262136
Epoch 400 | Loss: 145.580372
Epoch 401 | Loss: 145.937176
Epoch 402 | Loss: 146.099409
Epoch 403 | Loss: 145.738708
Epoch 404 | Loss: 143.922527
Epoch 405 | Loss: 143.940845
Epoch 406 | Loss: 143.845375
Epoch 407 | Loss: 143.702091
Epoch 408 | Loss: 142.697592
Epoch 409 | Loss: 143.180223
Epoch 410 | Loss: 142.538784
Epoch 411 | Loss: 141.903074
Epoch 412 | Loss: 144.409472
Epoch 413 | Loss: 141.789310
Epoch 414 | Loss: 142.687035
Epoch 415 | Loss: 143.365694
Epoch 416 | Loss: 144.215679
Epoch 417 | Loss: 141.984497
Epoch 418 | Loss: 141.117937
Epoch 419 | Loss: 140.649834
Epoch 420 | Loss: 140.500349
Epoch 421 | Loss: 140.220781
Epoch 422 | Loss: 139.668837
Epoch 423 | Loss: 139.725660
Epoch 424 | Loss: 144.121351
Epoch 425 | Loss: 145.963379
Epoch 426 | Loss: 140.663919
Epoch 427 | Loss: 139.512386
Epoch 428 | Loss: 138.492697
Epoch 429 | Loss: 138.507116
Epoch 430 | Loss: 138.902626
Epoch 431 | Loss: 138.731359
Epoch 432 | Loss: 140.138647
Epoch 433 | Loss: 142.078342
Epoch 434 | Loss: 140.682367
Epoch 435 | Loss: 138.189098
Epoch 436 | Loss: 136.376341
Epoch 437 | Loss: 137.177708
Epoch 438 | Loss: 136.869286
Epoch 439 | Loss: 135.975557
Epoch 440 | Loss: 135.764225
Epoch 441 | Loss: 136.381752
Epoch 442 | Loss: 135.813940
Epoch 443 | Loss: 136.276009
Epoch 444 | Loss: 135.881348
Epoch 445 | Loss: 135.170214
Epoch 446 | Loss: 135.462811
Epoch 447 | Loss: 134.871248
Epoch 448 | Loss: 135.728179
Epoch 449 | Loss: 134.912798
Epoch 450 | Loss: 139.222084
Epoch 451 | Loss: 134.851049
Epoch 452 | Loss: 133.457646
Epoch 453 | Loss: 133.973598
Epoch 454 | Loss: 134.568572
Epoch 455 | Loss: 134.457321
Epoch 456 | Loss: 134.627984
Epoch 457 | Loss: 132.368472
Epoch 458 | Loss: 132.284819
Epoch 459 | Loss: 132.629465
Epoch 460 | Loss: 131.908306
Epoch 461 | Loss: 131.222261
Epoch 462 | Loss: 131.172104
Epoch 463 | Loss: 132.370695
Epoch 464 | Loss: 134.261826
Epoch 465 | Loss: 135.858566
Epoch 466 | Loss: 136.046066
Epoch 467 | Loss: 132.211226
Epoch 468 | Loss: 131.471467
Epoch 469 | Loss: 130.828445
Epoch 470 | Loss: 129.267659
Epoch 471 | Loss: 129.494433
Epoch 472 | Loss: 131.244070
Epoch 473 | Loss: 129.543203
Epoch 474 | Loss: 129.324722
Epoch 475 | Loss: 129.242680
Epoch 476 | Loss: 128.924138
Epoch 477 | Loss: 128.078436
Epoch 478 | Loss: 128.801570
Epoch 479 | Loss: 129.585668
Epoch 480 | Loss: 128.909388
Epoch 481 | Loss: 127.770135
Epoch 482 | Loss: 127.504882
Epoch 483 | Loss: 127.754014
Epoch 484 | Loss: 127.260635
Epoch 485 | Loss: 127.745484
Epoch 486 | Loss: 126.421728
Epoch 487 | Loss: 127.115734
Epoch 488 | Loss: 128.048762
Epoch 489 | Loss: 126.010333
Epoch 490 | Loss: 128.180462
Epoch 491 | Loss: 125.636821
Epoch 492 | Loss: 126.595506
Epoch 493 | Loss: 125.261539
Epoch 494 | Loss: 125.205908
Epoch 495 | Loss: 125.483582
Epoch 496 | Loss: 127.650259
Epoch 497 | Loss: 126.475863
Epoch 498 | Loss: 125.093750
Epoch 499 | Loss: 125.551603
Epoch 500 | Loss: 126.743364
Epoch 501 | Loss: 129.958642
Epoch 502 | Loss: 126.726472
Epoch 503 | Loss: 124.856388
Epoch 504 | Loss: 123.696184
Epoch 505 | Loss: 123.503547
Epoch 506 | Loss: 122.532652
Epoch 507 | Loss: 122.470975
Epoch 508 | Loss: 123.461748
Epoch 509 | Loss: 125.009596
Epoch 510 | Loss: 123.060231
Epoch 511 | Loss: 122.247026
Epoch 512 | Loss: 123.422615
Epoch 513 | Loss: 121.982994
Epoch 514 | Loss: 123.297825
Epoch 515 | Loss: 123.685945
Epoch 516 | Loss: 125.875464
Epoch 517 | Loss: 124.863276
Epoch 518 | Loss: 122.924910
Epoch 519 | Loss: 121.485416
Epoch 520 | Loss: 121.698568
Epoch 521 | Loss: 121.009007
Epoch 522 | Loss: 121.738680
Epoch 523 | Loss: 120.898608
Epoch 524 | Loss: 120.489046
Epoch 525 | Loss: 120.726151
Epoch 526 | Loss: 119.928118
Epoch 527 | Loss: 119.819794
Epoch 528 | Loss: 120.419906
Epoch 529 | Loss: 120.128294
Epoch 530 | Loss: 119.958688
Epoch 531 | Loss: 118.977786
Epoch 532 | Loss: 118.817080
Epoch 533 | Loss: 118.521288
Epoch 534 | Loss: 118.235705
Epoch 535 | Loss: 118.088463
Epoch 536 | Loss: 117.985481
Epoch 537 | Loss: 117.863538
Epoch 538 | Loss: 118.547529
Epoch 539 | Loss: 117.881706
Epoch 540 | Loss: 118.204683
Epoch 541 | Loss: 117.447268
Epoch 542 | Loss: 117.126435
Epoch 543 | Loss: 116.635753
Epoch 544 | Loss: 116.260491
Epoch 545 | Loss: 116.664524
Epoch 546 | Loss: 116.672618
Epoch 547 | Loss: 116.195392
Epoch 548 | Loss: 118.092323
Epoch 549 | Loss: 116.697919
Epoch 550 | Loss: 115.148941
Epoch 551 | Loss: 115.554982
Epoch 552 | Loss: 115.147867
Epoch 553 | Loss: 114.876406
Epoch 554 | Loss: 115.337347
Epoch 555 | Loss: 115.546664
Epoch 556 | Loss: 116.006019
Epoch 557 | Loss: 117.354443
Epoch 558 | Loss: 114.885104
Epoch 559 | Loss: 116.017967
Epoch 560 | Loss: 115.614314
Epoch 561 | Loss: 115.995408
Epoch 562 | Loss: 113.996974
Epoch 563 | Loss: 114.655560
Epoch 564 | Loss: 113.565195
Epoch 565 | Loss: 114.046246
Epoch 566 | Loss: 115.737806
Epoch 567 | Loss: 113.997071
Epoch 568 | Loss: 113.940342
Epoch 569 | Loss: 113.331026
Epoch 570 | Loss: 112.591084
Epoch 571 | Loss: 112.341273
Epoch 572 | Loss: 112.469381
Epoch 573 | Loss: 112.353429
Epoch 574 | Loss: 112.262609
Epoch 575 | Loss: 112.160180
Epoch 576 | Loss: 113.042306
Epoch 577 | Loss: 112.334797
Epoch 578 | Loss: 112.045054
Epoch 579 | Loss: 111.608554
Epoch 580 | Loss: 111.213153
Epoch 581 | Loss: 111.521770
Epoch 582 | Loss: 111.276141
Epoch 583 | Loss: 111.213640
Epoch 584 | Loss: 114.286664
Epoch 585 | Loss: 113.972944
Epoch 586 | Loss: 112.988435
Epoch 587 | Loss: 113.357965
Epoch 588 | Loss: 110.755689
Epoch 589 | Loss: 111.990277
Epoch 590 | Loss: 111.341984
Epoch 591 | Loss: 112.178697
Epoch 592 | Loss: 111.856608
Epoch 593 | Loss: 110.031284
Epoch 594 | Loss: 109.822358
Epoch 595 | Loss: 109.322286
Epoch 596 | Loss: 109.241127
Epoch 597 | Loss: 111.808984
Epoch 598 | Loss: 111.307122
Epoch 599 | Loss: 109.059091
Epoch 600 | Loss: 108.657104
/data5/store1/wry-u22/anaconda3/envs/py311/lib/python3.11/site-packages/torch_geometric/deprecation.py:26: UserWarning: 'data.DataLoader' is deprecated, use 'loader.DataLoader' instead
  warnings.warn(out)

Test Results:
  MAE Energy Loss: 0.013987
  MAE Force Loss : 0.080091
