/data5/store1/wry-u22/anaconda3/envs/py311/lib/python3.11/site-packages/torch_geometric/deprecation.py:26: UserWarning: 'data.DataLoader' is deprecated, use 'loader.DataLoader' instead
  warnings.warn(out)
cuda
Epoch   1 | Loss: 397.327160
Epoch   2 | Loss: 298.606794
Epoch   3 | Loss: 249.633196
Epoch   4 | Loss: 251.010996
Epoch   5 | Loss: 245.611765
Epoch   6 | Loss: 246.115417
Epoch   7 | Loss: 245.644634
Epoch   8 | Loss: 244.988403
Epoch   9 | Loss: 245.242743
Epoch  10 | Loss: 244.905712
Epoch  11 | Loss: 244.869724
Epoch  12 | Loss: 244.921207
Epoch  13 | Loss: 244.773012
Epoch  14 | Loss: 245.265377
Epoch  15 | Loss: 245.078733
Epoch  16 | Loss: 245.080090
Epoch  17 | Loss: 244.940197
Epoch  18 | Loss: 244.872028
Epoch  19 | Loss: 244.966993
Epoch  20 | Loss: 244.807541
Epoch  21 | Loss: 244.773247
Epoch  22 | Loss: 244.952425
Epoch  23 | Loss: 244.562147
Epoch  24 | Loss: 244.270576
Epoch  25 | Loss: 244.006828
Epoch  26 | Loss: 244.189114
Epoch  27 | Loss: 244.081953
Epoch  28 | Loss: 244.133127
Epoch  29 | Loss: 244.232115
Epoch  30 | Loss: 243.776031
Epoch  31 | Loss: 243.667740
Epoch  32 | Loss: 243.350355
Epoch  33 | Loss: 242.581553
Epoch  34 | Loss: 241.364429
Epoch  35 | Loss: 237.874319
Epoch  36 | Loss: 228.963718
Epoch  37 | Loss: 210.466299
Epoch  38 | Loss: 202.474808
Epoch  39 | Loss: 196.916250
Epoch  40 | Loss: 194.267330
Epoch  41 | Loss: 190.675053
Epoch  42 | Loss: 188.744049
Epoch  43 | Loss: 188.102516
Epoch  44 | Loss: 185.014927
Epoch  45 | Loss: 183.095087
Epoch  46 | Loss: 181.435843
Epoch  47 | Loss: 179.101690
Epoch  48 | Loss: 175.539452
Epoch  49 | Loss: 172.183567
Epoch  50 | Loss: 168.539703
Epoch  51 | Loss: 164.796009
Epoch  52 | Loss: 158.879265
Epoch  53 | Loss: 158.150459
Epoch  54 | Loss: 152.937483
Epoch  55 | Loss: 147.500732
Epoch  56 | Loss: 142.863659
Epoch  57 | Loss: 141.661312
Epoch  58 | Loss: 138.164326
Epoch  59 | Loss: 134.488042
Epoch  60 | Loss: 127.800889
Epoch  61 | Loss: 121.022885
Epoch  62 | Loss: 115.356036
Epoch  63 | Loss: 108.652184
Epoch  64 | Loss: 103.233438
Epoch  65 | Loss: 95.404303
Epoch  66 | Loss: 88.059667
Epoch  67 | Loss: 80.223877
Epoch  68 | Loss: 74.575021
Epoch  69 | Loss: 68.204173
Epoch  70 | Loss: 76.291341
Epoch  71 | Loss: 65.555565
Epoch  72 | Loss: 57.378664
Epoch  73 | Loss: 54.345787
Epoch  74 | Loss: 51.087455
Epoch  75 | Loss: 50.913188
Epoch  76 | Loss: 50.157509
Epoch  77 | Loss: 46.830515
Epoch  78 | Loss: 47.719330
Epoch  79 | Loss: 45.405342
Epoch  80 | Loss: 44.417155
Epoch  81 | Loss: 42.581774
Epoch  82 | Loss: 42.181558
Epoch  83 | Loss: 42.083822
Epoch  84 | Loss: 40.584625
Epoch  85 | Loss: 39.825391
Epoch  86 | Loss: 38.818891
Epoch  87 | Loss: 39.409282
Epoch  88 | Loss: 38.874375
Epoch  89 | Loss: 37.776225
Epoch  90 | Loss: 37.103125
Epoch  91 | Loss: 36.423957
Epoch  92 | Loss: 37.155413
Epoch  93 | Loss: 36.580866
Epoch  94 | Loss: 35.713934
Epoch  95 | Loss: 34.655470
Epoch  96 | Loss: 34.370319
Epoch  97 | Loss: 33.096941
Epoch  98 | Loss: 32.700982
Epoch  99 | Loss: 32.472555
Epoch 100 | Loss: 33.120979
Epoch 101 | Loss: 33.347611
Epoch 102 | Loss: 32.501166
Epoch 103 | Loss: 31.732652
Epoch 104 | Loss: 30.918597
Epoch 105 | Loss: 30.146008
Epoch 106 | Loss: 30.034193
Epoch 107 | Loss: 29.745779
Epoch 108 | Loss: 28.851430
Epoch 109 | Loss: 28.566652
Epoch 110 | Loss: 28.821897
Epoch 111 | Loss: 27.965389
Epoch 112 | Loss: 27.319337
Epoch 113 | Loss: 27.320174
Epoch 114 | Loss: 27.724047
Epoch 115 | Loss: 26.415086
Epoch 116 | Loss: 25.929197
Epoch 117 | Loss: 25.533933
Epoch 118 | Loss: 25.420375
Epoch 119 | Loss: 25.315804
Epoch 120 | Loss: 25.312440
Epoch 121 | Loss: 24.903931
Epoch 122 | Loss: 25.058617
Epoch 123 | Loss: 24.363715
Epoch 124 | Loss: 24.287077
Epoch 125 | Loss: 23.299460
Epoch 126 | Loss: 22.970973
Epoch 127 | Loss: 22.786986
Epoch 128 | Loss: 22.792029
Epoch 129 | Loss: 24.212864
Epoch 130 | Loss: 23.113112
Epoch 131 | Loss: 21.850971
Epoch 132 | Loss: 22.369871
Epoch 133 | Loss: 21.589429
Epoch 134 | Loss: 21.008728
Epoch 135 | Loss: 20.828114
Epoch 136 | Loss: 20.474694
Epoch 137 | Loss: 20.452990
Epoch 138 | Loss: 20.270787
Epoch 139 | Loss: 20.108948
Epoch 140 | Loss: 19.922552
Epoch 141 | Loss: 19.679182
Epoch 142 | Loss: 19.374715
Epoch 143 | Loss: 19.155654
Epoch 144 | Loss: 18.869870
Epoch 145 | Loss: 18.880751
Epoch 146 | Loss: 19.307483
Epoch 147 | Loss: 19.312723
Epoch 148 | Loss: 18.449125
Epoch 149 | Loss: 18.087059
Epoch 150 | Loss: 18.213787
Epoch 151 | Loss: 17.857239
Epoch 152 | Loss: 17.807606
Epoch 153 | Loss: 17.489571
Epoch 154 | Loss: 17.369435
Epoch 155 | Loss: 17.346179
Epoch 156 | Loss: 17.058990
Epoch 157 | Loss: 17.005562
Epoch 158 | Loss: 17.243883
Epoch 159 | Loss: 17.184071
Epoch 160 | Loss: 16.859724
Epoch 161 | Loss: 16.573442
Epoch 162 | Loss: 16.677492
Epoch 163 | Loss: 16.730390
Epoch 164 | Loss: 16.506386
Epoch 165 | Loss: 17.581300
Epoch 166 | Loss: 16.533689
Epoch 167 | Loss: 16.084798
Epoch 168 | Loss: 16.303983
Epoch 169 | Loss: 17.000335
Epoch 170 | Loss: 16.923782
Epoch 171 | Loss: 16.581536
Epoch 172 | Loss: 15.955284
Epoch 173 | Loss: 15.813662
Epoch 174 | Loss: 15.629080
Epoch 175 | Loss: 15.437972
Epoch 176 | Loss: 15.266782
Epoch 177 | Loss: 15.414086
Epoch 178 | Loss: 15.180345
Epoch 179 | Loss: 15.290864
Epoch 180 | Loss: 15.420726
Epoch 181 | Loss: 15.993674
Epoch 182 | Loss: 16.149000
Epoch 183 | Loss: 16.305140
Epoch 184 | Loss: 15.628704
Epoch 185 | Loss: 15.954765
Epoch 186 | Loss: 15.984608
Epoch 187 | Loss: 15.394538
Epoch 188 | Loss: 14.728996
Epoch 189 | Loss: 14.558135
Epoch 190 | Loss: 14.832213
Epoch 191 | Loss: 14.495796
Epoch 192 | Loss: 14.501082
Epoch 193 | Loss: 14.368100
Epoch 194 | Loss: 14.298513
Epoch 195 | Loss: 14.141921
Epoch 196 | Loss: 13.951637
Epoch 197 | Loss: 14.014077
Epoch 198 | Loss: 14.255124
Epoch 199 | Loss: 14.428550
Epoch 200 | Loss: 14.267396
Epoch 201 | Loss: 14.360414
Epoch 202 | Loss: 13.811897
Epoch 203 | Loss: 13.885339
Epoch 204 | Loss: 13.711678
Epoch 205 | Loss: 13.680060
Epoch 206 | Loss: 14.475226
Epoch 207 | Loss: 13.913628
Epoch 208 | Loss: 13.411414
Epoch 209 | Loss: 13.312390
Epoch 210 | Loss: 13.305885
Epoch 211 | Loss: 13.253875
Epoch 212 | Loss: 13.175977
Epoch 213 | Loss: 13.507498
Epoch 214 | Loss: 13.458167
Epoch 215 | Loss: 13.122620
Epoch 216 | Loss: 13.069409
Epoch 217 | Loss: 13.151841
Epoch 218 | Loss: 13.305562
Epoch 219 | Loss: 13.159543
Epoch 220 | Loss: 12.926422
Epoch 221 | Loss: 13.004734
Epoch 222 | Loss: 13.015523
Epoch 223 | Loss: 12.941880
Epoch 224 | Loss: 12.796600
Epoch 225 | Loss: 12.860388
Epoch 226 | Loss: 12.552106
Epoch 227 | Loss: 12.949049
Epoch 228 | Loss: 13.845468
Epoch 229 | Loss: 13.087196
Epoch 230 | Loss: 12.507960
Epoch 231 | Loss: 12.758296
Epoch 232 | Loss: 13.041396
Epoch 233 | Loss: 12.784155
Epoch 234 | Loss: 12.535300
Epoch 235 | Loss: 12.234522
Epoch 236 | Loss: 12.342331
Epoch 237 | Loss: 12.584507
Epoch 238 | Loss: 13.059344
Epoch 239 | Loss: 12.728781
Epoch 240 | Loss: 12.172029
Epoch 241 | Loss: 12.056202
Epoch 242 | Loss: 12.091615
Epoch 243 | Loss: 11.936186
Epoch 244 | Loss: 12.499173
Epoch 245 | Loss: 12.509141
Epoch 246 | Loss: 12.371241
Epoch 247 | Loss: 12.276459
Epoch 248 | Loss: 11.893864
Epoch 249 | Loss: 12.067797
Epoch 250 | Loss: 11.923875
Epoch 251 | Loss: 11.864503
Epoch 252 | Loss: 11.740245
Epoch 253 | Loss: 11.966251
Epoch 254 | Loss: 11.764840
Epoch 255 | Loss: 11.597334
Epoch 256 | Loss: 12.107745
Epoch 257 | Loss: 11.633936
Epoch 258 | Loss: 11.512200
Epoch 259 | Loss: 12.292391
Epoch 260 | Loss: 12.091161
Epoch 261 | Loss: 13.218158
Epoch 262 | Loss: 13.082579
Epoch 263 | Loss: 12.664646
Epoch 264 | Loss: 11.933830
Epoch 265 | Loss: 11.583784
Epoch 266 | Loss: 11.458855
Epoch 267 | Loss: 11.520872
Epoch 268 | Loss: 11.283679
Epoch 269 | Loss: 11.719438
Epoch 270 | Loss: 11.729487
Epoch 271 | Loss: 11.232140
Epoch 272 | Loss: 11.139297
Epoch 273 | Loss: 11.214217
Epoch 274 | Loss: 11.113698
Epoch 275 | Loss: 11.488220
Epoch 276 | Loss: 11.884297
Epoch 277 | Loss: 12.179493
Epoch 278 | Loss: 11.144565
Epoch 279 | Loss: 11.127567
Epoch 280 | Loss: 11.525237
Epoch 281 | Loss: 11.217733
Epoch 282 | Loss: 11.060378
Epoch 283 | Loss: 11.084311
Epoch 284 | Loss: 11.506158
Epoch 285 | Loss: 11.086393
Epoch 286 | Loss: 11.002794
Epoch 287 | Loss: 10.909598
Epoch 288 | Loss: 10.789101
Epoch 289 | Loss: 10.803546
Epoch 290 | Loss: 11.049637
Epoch 291 | Loss: 11.371054
Epoch 292 | Loss: 10.861911
Epoch 293 | Loss: 10.634504
Epoch 294 | Loss: 10.655019
Epoch 295 | Loss: 10.716416
Epoch 296 | Loss: 10.859624
Epoch 297 | Loss: 11.390901
Epoch 298 | Loss: 11.143215
Epoch 299 | Loss: 11.077433
Epoch 300 | Loss: 10.776432
Epoch 301 | Loss: 10.534781
Epoch 302 | Loss: 10.560313
Epoch 303 | Loss: 10.427796
Epoch 304 | Loss: 10.548552
Epoch 305 | Loss: 10.827145
Epoch 306 | Loss: 10.637731
Epoch 307 | Loss: 10.336453
Epoch 308 | Loss: 10.403340
Epoch 309 | Loss: 10.577504
Epoch 310 | Loss: 10.873269
Epoch 311 | Loss: 10.578225
Epoch 312 | Loss: 10.401550
Epoch 313 | Loss: 10.514806
Epoch 314 | Loss: 10.569250
Epoch 315 | Loss: 10.276952
Epoch 316 | Loss: 10.515770
Epoch 317 | Loss: 10.334858
Epoch 318 | Loss: 10.483745
Epoch 319 | Loss: 10.099172
Epoch 320 | Loss: 10.216478
Epoch 321 | Loss: 10.336197
Epoch 322 | Loss: 10.398664
Epoch 323 | Loss: 10.143375
Epoch 324 | Loss: 10.295246
Epoch 325 | Loss: 10.215747
Epoch 326 | Loss: 10.038057
Epoch 327 | Loss: 10.059288
Epoch 328 | Loss: 10.391320
Epoch 329 | Loss: 10.165870
Epoch 330 | Loss: 9.970816
Epoch 331 | Loss: 10.268251
Epoch 332 | Loss: 10.278556
Epoch 333 | Loss: 11.490854
Epoch 334 | Loss: 11.252230
Epoch 335 | Loss: 10.265762
Epoch 336 | Loss: 9.989453
Epoch 337 | Loss: 9.886778
Epoch 338 | Loss: 9.980745
Epoch 339 | Loss: 9.934536
Epoch 340 | Loss: 9.800631
Epoch 341 | Loss: 9.757254
Epoch 342 | Loss: 10.207383
Epoch 343 | Loss: 9.879150
Epoch 344 | Loss: 9.780406
Epoch 345 | Loss: 9.800234
Epoch 346 | Loss: 9.974213
Epoch 347 | Loss: 10.449467
Epoch 348 | Loss: 10.037150
Epoch 349 | Loss: 9.708896
Epoch 350 | Loss: 9.808979
Epoch 351 | Loss: 9.963584
Epoch 352 | Loss: 9.618261
Epoch 353 | Loss: 9.606339
Epoch 354 | Loss: 9.686950
Epoch 355 | Loss: 10.156563
Epoch 356 | Loss: 9.786057
Epoch 357 | Loss: 9.584702
Epoch 358 | Loss: 9.658501
Epoch 359 | Loss: 9.920430
Epoch 360 | Loss: 9.915013
Epoch 361 | Loss: 9.599943
Epoch 362 | Loss: 9.723021
Epoch 363 | Loss: 9.570668
Epoch 364 | Loss: 9.455588
Epoch 365 | Loss: 9.533635
Epoch 366 | Loss: 9.562676
Epoch 367 | Loss: 9.891812
Epoch 368 | Loss: 10.131752
Epoch 369 | Loss: 9.911828
Epoch 370 | Loss: 9.651159
Epoch 371 | Loss: 9.389006
Epoch 372 | Loss: 9.542881
Epoch 373 | Loss: 9.446653
Epoch 374 | Loss: 9.590982
Epoch 375 | Loss: 9.639575
Epoch 376 | Loss: 9.444049
Epoch 377 | Loss: 9.389600
Epoch 378 | Loss: 9.541997
Epoch 379 | Loss: 9.470307
Epoch 380 | Loss: 9.200676
Epoch 381 | Loss: 9.180521
Epoch 382 | Loss: 9.270763
Epoch 383 | Loss: 9.483971
Epoch 384 | Loss: 9.308734
Epoch 385 | Loss: 9.158596
Epoch 386 | Loss: 9.109583
Epoch 387 | Loss: 9.097341
Epoch 388 | Loss: 9.279835
Epoch 389 | Loss: 9.060397
Epoch 390 | Loss: 9.287404
Epoch 391 | Loss: 9.378084
Epoch 392 | Loss: 9.003784
Epoch 393 | Loss: 8.957655
Epoch 394 | Loss: 8.978805
Epoch 395 | Loss: 8.950241
Epoch 396 | Loss: 8.936661
Epoch 397 | Loss: 9.004278
Epoch 398 | Loss: 9.079312
Epoch 399 | Loss: 9.007387
Epoch 400 | Loss: 9.575519
Epoch 401 | Loss: 9.179471
Epoch 402 | Loss: 8.927495
Epoch 403 | Loss: 8.866574
Epoch 404 | Loss: 9.420832
Epoch 405 | Loss: 8.939391
Epoch 406 | Loss: 9.058751
Epoch 407 | Loss: 9.176157
Epoch 408 | Loss: 8.884790
Epoch 409 | Loss: 8.818124
Epoch 410 | Loss: 9.015523
Epoch 411 | Loss: 8.939666
Epoch 412 | Loss: 8.919544
Epoch 413 | Loss: 9.187864
Epoch 414 | Loss: 9.105511
Epoch 415 | Loss: 8.840736
Epoch 416 | Loss: 8.894044
Epoch 417 | Loss: 8.722045
Epoch 418 | Loss: 8.672972
Epoch 419 | Loss: 8.873259
Epoch 420 | Loss: 8.649811
Epoch 421 | Loss: 8.789405
Epoch 422 | Loss: 8.631165
Epoch 423 | Loss: 8.924616
Epoch 424 | Loss: 8.882277
Epoch 425 | Loss: 8.756993
Epoch 426 | Loss: 8.745813
Epoch 427 | Loss: 8.606229
Epoch 428 | Loss: 8.720943
Epoch 429 | Loss: 8.676779
Epoch 430 | Loss: 8.589893
Epoch 431 | Loss: 8.613958
Epoch 432 | Loss: 8.759849
Epoch 433 | Loss: 8.641031
Epoch 434 | Loss: 8.802590
Epoch 435 | Loss: 8.648553
Epoch 436 | Loss: 8.477551
Epoch 437 | Loss: 8.509422
Epoch 438 | Loss: 8.660321
Epoch 439 | Loss: 8.566037
Epoch 440 | Loss: 8.522287
Epoch 441 | Loss: 8.524962
Epoch 442 | Loss: 8.390724
Epoch 443 | Loss: 8.519886
Epoch 444 | Loss: 8.616099
Epoch 445 | Loss: 8.440096
Epoch 446 | Loss: 8.384828
Epoch 447 | Loss: 8.331311
Epoch 448 | Loss: 8.306401
Epoch 449 | Loss: 8.693984
Epoch 450 | Loss: 8.637600
Epoch 451 | Loss: 8.673185
Epoch 452 | Loss: 8.589780
Epoch 453 | Loss: 8.353812
Epoch 454 | Loss: 8.574630
Epoch 455 | Loss: 8.652192
Epoch 456 | Loss: 8.355901
Epoch 457 | Loss: 8.475327
Epoch 458 | Loss: 8.441721
Epoch 459 | Loss: 8.759522
Epoch 460 | Loss: 8.698618
Epoch 461 | Loss: 8.292013
Epoch 462 | Loss: 8.307119
Epoch 463 | Loss: 8.196782
Epoch 464 | Loss: 8.206496
Epoch 465 | Loss: 8.281932
Epoch 466 | Loss: 8.498175
Epoch 467 | Loss: 8.145794
Epoch 468 | Loss: 8.312997
Epoch 469 | Loss: 8.301684
Epoch 470 | Loss: 8.278571
Epoch 471 | Loss: 8.175610
Epoch 472 | Loss: 8.237522
Epoch 473 | Loss: 8.092071
Epoch 474 | Loss: 8.145350
Epoch 475 | Loss: 8.283332
Epoch 476 | Loss: 8.106026
Epoch 477 | Loss: 8.032694
Epoch 478 | Loss: 8.034992
Epoch 479 | Loss: 8.136531
Epoch 480 | Loss: 8.259562
Epoch 481 | Loss: 8.076864
Epoch 482 | Loss: 8.014704
Epoch 483 | Loss: 8.491604
Epoch 484 | Loss: 8.273770
Epoch 485 | Loss: 8.897766
Epoch 486 | Loss: 8.562316
Epoch 487 | Loss: 7.976031
Epoch 488 | Loss: 7.985792
Epoch 489 | Loss: 7.910709
Epoch 490 | Loss: 8.083341
Epoch 491 | Loss: 8.294843
Epoch 492 | Loss: 8.021437
Epoch 493 | Loss: 8.216862
Epoch 494 | Loss: 7.980318
Epoch 495 | Loss: 8.068631
Epoch 496 | Loss: 8.212952
Epoch 497 | Loss: 8.168639
Epoch 498 | Loss: 8.124569
Epoch 499 | Loss: 7.913781
Epoch 500 | Loss: 7.902509
Epoch 501 | Loss: 8.088781
Epoch 502 | Loss: 7.811940
Epoch 503 | Loss: 7.893110
Epoch 504 | Loss: 8.295569
Epoch 505 | Loss: 8.147686
Epoch 506 | Loss: 8.118637
Epoch 507 | Loss: 7.982206
Epoch 508 | Loss: 7.806500
Epoch 509 | Loss: 7.837715
Epoch 510 | Loss: 8.176422
Epoch 511 | Loss: 7.941951
Epoch 512 | Loss: 7.971987
Epoch 513 | Loss: 7.777389
Epoch 514 | Loss: 7.908989
Epoch 515 | Loss: 7.747121
Epoch 516 | Loss: 7.878322
Epoch 517 | Loss: 8.047079
Epoch 518 | Loss: 7.794283
Epoch 519 | Loss: 7.853327
Epoch 520 | Loss: 7.967076
Epoch 521 | Loss: 7.700550
Epoch 522 | Loss: 7.682100
Epoch 523 | Loss: 7.663969
Epoch 524 | Loss: 7.665503
Epoch 525 | Loss: 7.803418
Epoch 526 | Loss: 7.622856
Epoch 527 | Loss: 7.676904
Epoch 528 | Loss: 7.646815
Epoch 529 | Loss: 7.580939
Epoch 530 | Loss: 7.727290
Epoch 531 | Loss: 7.749440
Epoch 532 | Loss: 7.759602
Epoch 533 | Loss: 7.781407
Epoch 534 | Loss: 7.738962
Epoch 535 | Loss: 7.604659
Epoch 536 | Loss: 8.042582
Epoch 537 | Loss: 7.823310
Epoch 538 | Loss: 7.699125
Epoch 539 | Loss: 7.653437
Epoch 540 | Loss: 7.713976
Epoch 541 | Loss: 7.668071
Epoch 542 | Loss: 7.761175
Epoch 543 | Loss: 7.814171
Epoch 544 | Loss: 7.949942
Epoch 545 | Loss: 7.889272
Epoch 546 | Loss: 7.548748
Epoch 547 | Loss: 7.544443
Epoch 548 | Loss: 7.448358
Epoch 549 | Loss: 7.468905
Epoch 550 | Loss: 7.484752
Epoch 551 | Loss: 7.506733
Epoch 552 | Loss: 7.991081
Epoch 553 | Loss: 8.049330
Epoch 554 | Loss: 7.521294
Epoch 555 | Loss: 7.493096
Epoch 556 | Loss: 7.398720
Epoch 557 | Loss: 7.447237
Epoch 558 | Loss: 7.576414
Epoch 559 | Loss: 7.370019
Epoch 560 | Loss: 7.395103
Epoch 561 | Loss: 7.384375
Epoch 562 | Loss: 7.545292
Epoch 563 | Loss: 7.618653
Epoch 564 | Loss: 7.560401
Epoch 565 | Loss: 7.988390
Epoch 566 | Loss: 7.423072
Epoch 567 | Loss: 7.484671
Epoch 568 | Loss: 7.723537
Epoch 569 | Loss: 7.507808
Epoch 570 | Loss: 7.415012
Epoch 571 | Loss: 7.607850
Epoch 572 | Loss: 7.335297
Epoch 573 | Loss: 7.321545
Epoch 574 | Loss: 7.327567
Epoch 575 | Loss: 7.553500
Epoch 576 | Loss: 7.569951
Epoch 577 | Loss: 7.485200
Epoch 578 | Loss: 7.329671
Epoch 579 | Loss: 7.316828
Epoch 580 | Loss: 7.431175
Epoch 581 | Loss: 7.252975
Epoch 582 | Loss: 7.321789
Epoch 583 | Loss: 7.226034
Epoch 584 | Loss: 7.230529
Epoch 585 | Loss: 7.230859
Epoch 586 | Loss: 7.184760
Epoch 587 | Loss: 7.233203
Epoch 588 | Loss: 7.272518
Epoch 589 | Loss: 7.350236
Epoch 590 | Loss: 7.337713
Epoch 591 | Loss: 7.232149
Epoch 592 | Loss: 7.251751
Epoch 593 | Loss: 7.224773
Epoch 594 | Loss: 7.212438
Epoch 595 | Loss: 7.396533
Epoch 596 | Loss: 7.324067
Epoch 597 | Loss: 7.309042
Epoch 598 | Loss: 7.629182
Epoch 599 | Loss: 7.128497
Epoch 600 | Loss: 7.060585
Epoch 601 | Loss: 7.121084
Epoch 602 | Loss: 7.186487
Epoch 603 | Loss: 7.252814
Epoch 604 | Loss: 7.289719
Epoch 605 | Loss: 7.439202
Epoch 606 | Loss: 7.284946
Epoch 607 | Loss: 7.428646
Epoch 608 | Loss: 7.527503
Epoch 609 | Loss: 7.555041
Epoch 610 | Loss: 7.081073
Epoch 611 | Loss: 7.149095
Epoch 612 | Loss: 7.151743
Epoch 613 | Loss: 7.058789
Epoch 614 | Loss: 7.107259
Epoch 615 | Loss: 7.072807
Epoch 616 | Loss: 7.065367
Epoch 617 | Loss: 7.026392
Epoch 618 | Loss: 6.987879
Epoch 619 | Loss: 6.963809
Epoch 620 | Loss: 7.182400
Epoch 621 | Loss: 7.006352
Epoch 622 | Loss: 7.032415
Epoch 623 | Loss: 7.158593
Epoch 624 | Loss: 7.292813
Epoch 625 | Loss: 7.044481
Epoch 626 | Loss: 6.908464
Epoch 627 | Loss: 6.930778
Epoch 628 | Loss: 7.084797
Epoch 629 | Loss: 6.933974
Epoch 630 | Loss: 6.990140
Epoch 631 | Loss: 6.929752
Epoch 632 | Loss: 6.943591
Epoch 633 | Loss: 6.880593
Epoch 634 | Loss: 6.910895
Epoch 635 | Loss: 7.027664
Epoch 636 | Loss: 7.093396
Epoch 637 | Loss: 7.031724
Epoch 638 | Loss: 6.916098
Epoch 639 | Loss: 6.980701
Epoch 640 | Loss: 6.935844
Epoch 641 | Loss: 6.959210
Epoch 642 | Loss: 6.857542
Epoch 643 | Loss: 6.836141
Epoch 644 | Loss: 6.871053
Epoch 645 | Loss: 6.889172
Epoch 646 | Loss: 7.273069
Epoch 647 | Loss: 7.177304
Epoch 648 | Loss: 7.040119
Epoch 649 | Loss: 6.913294
Epoch 650 | Loss: 6.845664
Epoch 651 | Loss: 6.932857
Epoch 652 | Loss: 6.834629
Epoch 653 | Loss: 6.814898
Epoch 654 | Loss: 6.784171
Epoch 655 | Loss: 6.727766
Epoch 656 | Loss: 6.763403
Epoch 657 | Loss: 6.782551
Epoch 658 | Loss: 6.753579
Epoch 659 | Loss: 6.747766
Epoch 660 | Loss: 6.737682
Epoch 661 | Loss: 6.939900
Epoch 662 | Loss: 6.971361
Epoch 663 | Loss: 6.837121
Epoch 664 | Loss: 6.763067
Epoch 665 | Loss: 6.669593
Epoch 666 | Loss: 6.692883
Epoch 667 | Loss: 6.715340
Epoch 668 | Loss: 6.918207
Epoch 669 | Loss: 7.007731
Epoch 670 | Loss: 6.683255
Epoch 671 | Loss: 6.737475
Epoch 672 | Loss: 6.674081
Epoch 673 | Loss: 6.745077
Epoch 674 | Loss: 6.744924
Epoch 675 | Loss: 6.995113
Epoch 676 | Loss: 6.687495
Epoch 677 | Loss: 6.637023
Epoch 678 | Loss: 6.908645
Epoch 679 | Loss: 7.078630
Epoch 680 | Loss: 6.795511
Epoch 681 | Loss: 6.684952
Epoch 682 | Loss: 6.706993
Epoch 683 | Loss: 6.580127
Epoch 684 | Loss: 6.576866
Epoch 685 | Loss: 6.610514
Epoch 686 | Loss: 6.582710
Epoch 687 | Loss: 6.581854
Epoch 688 | Loss: 6.690263
Epoch 689 | Loss: 6.610856
Epoch 690 | Loss: 6.525123
Epoch 691 | Loss: 6.561101
Epoch 692 | Loss: 6.823705
Epoch 693 | Loss: 6.793348
Epoch 694 | Loss: 6.767975
Epoch 695 | Loss: 6.721514
Epoch 696 | Loss: 6.829332
Epoch 697 | Loss: 6.704207
Epoch 698 | Loss: 6.679444
Epoch 699 | Loss: 6.812159
Epoch 700 | Loss: 6.701799
Epoch 701 | Loss: 6.497857
Epoch 702 | Loss: 6.460445
Epoch 703 | Loss: 6.518973
Epoch 704 | Loss: 6.507818
Epoch 705 | Loss: 6.568684
Epoch 706 | Loss: 6.608431
Epoch 707 | Loss: 6.634583
Epoch 708 | Loss: 6.476607
Epoch 709 | Loss: 6.465870
Epoch 710 | Loss: 6.452804
Epoch 711 | Loss: 6.437593
Epoch 712 | Loss: 6.431816
Epoch 713 | Loss: 6.420236
Epoch 714 | Loss: 6.497541
Epoch 715 | Loss: 6.456353
Epoch 716 | Loss: 6.665624
Epoch 717 | Loss: 6.714869
Epoch 718 | Loss: 6.418569
Epoch 719 | Loss: 6.436734
Epoch 720 | Loss: 6.396193
Epoch 721 | Loss: 6.367674
Epoch 722 | Loss: 6.617522
Epoch 723 | Loss: 6.725632
Epoch 724 | Loss: 6.442459
Epoch 725 | Loss: 6.390789
Epoch 726 | Loss: 6.384436
Epoch 727 | Loss: 6.380182
Epoch 728 | Loss: 6.409259
Epoch 729 | Loss: 6.540260
Epoch 730 | Loss: 6.536063
Epoch 731 | Loss: 6.519800
Epoch 732 | Loss: 6.521694
Epoch 733 | Loss: 6.555829
Epoch 734 | Loss: 6.638826
Epoch 735 | Loss: 6.753751
Epoch 736 | Loss: 6.613361
Epoch 737 | Loss: 6.484529
Epoch 738 | Loss: 6.320798
Epoch 739 | Loss: 6.296083
Epoch 740 | Loss: 6.336615
Epoch 741 | Loss: 6.319097
Epoch 742 | Loss: 6.314673
Epoch 743 | Loss: 6.375937
Epoch 744 | Loss: 6.426496
Epoch 745 | Loss: 6.358463
Epoch 746 | Loss: 6.378895
Epoch 747 | Loss: 6.355301
Epoch 748 | Loss: 6.282475
Epoch 749 | Loss: 6.288951
Epoch 750 | Loss: 6.285245
Epoch 751 | Loss: 6.288368
Epoch 752 | Loss: 6.372445
Epoch 753 | Loss: 6.211197
Epoch 754 | Loss: 6.211452
Epoch 755 | Loss: 6.427477
Epoch 756 | Loss: 6.397612
Epoch 757 | Loss: 6.226768
Epoch 758 | Loss: 6.218969
Epoch 759 | Loss: 6.199755
Epoch 760 | Loss: 6.458345
Epoch 761 | Loss: 6.415344
Epoch 762 | Loss: 6.406714
Epoch 763 | Loss: 6.469691
Epoch 764 | Loss: 6.313513
Epoch 765 | Loss: 6.316606
Epoch 766 | Loss: 6.374575
Epoch 767 | Loss: 6.476019
Epoch 768 | Loss: 6.255047
Epoch 769 | Loss: 6.247107
Epoch 770 | Loss: 6.262578
Epoch 771 | Loss: 6.216526
Epoch 772 | Loss: 6.141775
Epoch 773 | Loss: 6.150546
Epoch 774 | Loss: 6.402917
Epoch 775 | Loss: 6.253758
Epoch 776 | Loss: 6.424501
Epoch 777 | Loss: 6.228344
Epoch 778 | Loss: 6.328624
Epoch 779 | Loss: 6.335194
Epoch 780 | Loss: 6.115257
Epoch 781 | Loss: 6.219551
Epoch 782 | Loss: 6.239835
Epoch 783 | Loss: 6.310413
Epoch 784 | Loss: 6.163064
Epoch 785 | Loss: 6.068232
Epoch 786 | Loss: 6.084175
Epoch 787 | Loss: 6.098739
Epoch 788 | Loss: 6.058020
Epoch 789 | Loss: 6.089571
Epoch 790 | Loss: 6.082751
Epoch 791 | Loss: 6.056453
Epoch 792 | Loss: 6.078740
Epoch 793 | Loss: 6.133496
Epoch 794 | Loss: 6.220852
Epoch 795 | Loss: 6.168885
Epoch 796 | Loss: 6.032179
Epoch 797 | Loss: 6.051167
Epoch 798 | Loss: 6.076490
Epoch 799 | Loss: 6.021733
Epoch 800 | Loss: 6.043377
Epoch 801 | Loss: 6.047758
Epoch 802 | Loss: 5.994645
Epoch 803 | Loss: 6.083776
Epoch 804 | Loss: 6.139483
Epoch 805 | Loss: 6.201718
Epoch 806 | Loss: 6.086396
Epoch 807 | Loss: 6.033093
Epoch 808 | Loss: 6.116688
Epoch 809 | Loss: 6.218928
Epoch 810 | Loss: 6.113989
Epoch 811 | Loss: 6.240416
Epoch 812 | Loss: 6.080996
Epoch 813 | Loss: 6.022632
Epoch 814 | Loss: 6.037556
Epoch 815 | Loss: 6.031419
Epoch 816 | Loss: 6.016614
Epoch 817 | Loss: 6.145156
Epoch 818 | Loss: 6.292485
Epoch 819 | Loss: 6.145372
Epoch 820 | Loss: 6.118166
Epoch 821 | Loss: 6.085995
Epoch 822 | Loss: 6.008588
Epoch 823 | Loss: 5.944130
Epoch 824 | Loss: 5.976760
Epoch 825 | Loss: 5.965513
Epoch 826 | Loss: 5.903922
Epoch 827 | Loss: 5.925689
Epoch 828 | Loss: 5.900138
Epoch 829 | Loss: 5.914518
Epoch 830 | Loss: 5.890321
Epoch 831 | Loss: 5.928197
Epoch 832 | Loss: 5.935361
Epoch 833 | Loss: 5.930994
Epoch 834 | Loss: 5.984445
Epoch 835 | Loss: 5.929096
Epoch 836 | Loss: 5.892532
Epoch 837 | Loss: 5.866752
Epoch 838 | Loss: 5.890115
Epoch 839 | Loss: 5.885542
Epoch 840 | Loss: 5.893643
Epoch 841 | Loss: 5.894092
Epoch 842 | Loss: 5.861497
Epoch 843 | Loss: 5.925331
Epoch 844 | Loss: 5.934029
Epoch 845 | Loss: 5.920998
Epoch 846 | Loss: 5.927599
Epoch 847 | Loss: 6.038578
Epoch 848 | Loss: 5.988963
Epoch 849 | Loss: 6.063937
Epoch 850 | Loss: 6.068813
Epoch 851 | Loss: 6.031785
Epoch 852 | Loss: 5.992410
Epoch 853 | Loss: 5.899047
Epoch 854 | Loss: 5.862200
Epoch 855 | Loss: 5.803409
Epoch 856 | Loss: 5.818658
Epoch 857 | Loss: 5.848380
Epoch 858 | Loss: 5.923997
Epoch 859 | Loss: 5.848310
Epoch 860 | Loss: 5.773595
Epoch 861 | Loss: 5.808835
Epoch 862 | Loss: 5.864784
Epoch 863 | Loss: 5.852199
Epoch 864 | Loss: 5.871474
Epoch 865 | Loss: 5.763376
Epoch 866 | Loss: 5.778764
Epoch 867 | Loss: 5.767977
Epoch 868 | Loss: 5.769761
Epoch 869 | Loss: 5.744946
Epoch 870 | Loss: 5.836302
Epoch 871 | Loss: 5.753363
Epoch 872 | Loss: 5.855682
Epoch 873 | Loss: 5.854831
Epoch 874 | Loss: 5.855257
Epoch 875 | Loss: 5.829921
Epoch 876 | Loss: 5.766973
Epoch 877 | Loss: 5.786467
Epoch 878 | Loss: 5.810974
Epoch 879 | Loss: 5.848757
Epoch 880 | Loss: 5.725601
Epoch 881 | Loss: 5.916274
Epoch 882 | Loss: 5.787446
Epoch 883 | Loss: 5.688935
Epoch 884 | Loss: 5.708627
Epoch 885 | Loss: 5.706913
Epoch 886 | Loss: 5.665231
Epoch 887 | Loss: 5.729586
Epoch 888 | Loss: 5.682237
Epoch 889 | Loss: 5.700026
Epoch 890 | Loss: 5.832613
Epoch 891 | Loss: 5.720173
Epoch 892 | Loss: 5.760236
Epoch 893 | Loss: 5.650821
Epoch 894 | Loss: 5.645928
Epoch 895 | Loss: 5.726052
Epoch 896 | Loss: 5.671158
Epoch 897 | Loss: 5.762631
Epoch 898 | Loss: 5.683006
Epoch 899 | Loss: 5.858971
Epoch 900 | Loss: 5.915636
Epoch 901 | Loss: 5.718689
Epoch 902 | Loss: 5.646012
Epoch 903 | Loss: 5.607443
Epoch 904 | Loss: 5.631712
Epoch 905 | Loss: 5.631741
Epoch 906 | Loss: 5.719310
Epoch 907 | Loss: 5.763224
Epoch 908 | Loss: 5.617652
Epoch 909 | Loss: 5.586950
Epoch 910 | Loss: 5.659004
Epoch 911 | Loss: 5.727105
Epoch 912 | Loss: 5.674910
Epoch 913 | Loss: 5.753928
Epoch 914 | Loss: 5.622404
Epoch 915 | Loss: 5.601711
Epoch 916 | Loss: 5.572102
Epoch 917 | Loss: 5.618331
Epoch 918 | Loss: 5.589321
Epoch 919 | Loss: 5.567782
Epoch 920 | Loss: 5.665349
Epoch 921 | Loss: 5.666443
Epoch 922 | Loss: 5.554198
Epoch 923 | Loss: 5.547501
Epoch 924 | Loss: 5.568721
Epoch 925 | Loss: 5.537962
Epoch 926 | Loss: 5.595993
Epoch 927 | Loss: 5.529942
Epoch 928 | Loss: 5.511918
Epoch 929 | Loss: 5.546596
Epoch 930 | Loss: 5.577245
Epoch 931 | Loss: 5.511525
Epoch 932 | Loss: 5.525756
Epoch 933 | Loss: 5.529211
Epoch 934 | Loss: 5.581851
Epoch 935 | Loss: 5.598338
Epoch 936 | Loss: 5.516068
Epoch 937 | Loss: 5.521605
Epoch 938 | Loss: 5.691551
Epoch 939 | Loss: 5.648916
Epoch 940 | Loss: 5.605424
Epoch 941 | Loss: 5.605178
Epoch 942 | Loss: 5.536970
Epoch 943 | Loss: 5.532691
Epoch 944 | Loss: 5.485350
Epoch 945 | Loss: 5.499962
Epoch 946 | Loss: 5.483585
Epoch 947 | Loss: 5.512291
Epoch 948 | Loss: 5.584426
Epoch 949 | Loss: 5.682538
Epoch 950 | Loss: 5.532203
Epoch 951 | Loss: 5.516423
Epoch 952 | Loss: 5.690007
Epoch 953 | Loss: 5.557046
Epoch 954 | Loss: 5.503103
Epoch 955 | Loss: 5.437677
Epoch 956 | Loss: 5.420213
Epoch 957 | Loss: 5.567650
Epoch 958 | Loss: 5.581186
Epoch 959 | Loss: 5.671010
Epoch 960 | Loss: 5.437343
Epoch 961 | Loss: 5.526760
Epoch 962 | Loss: 5.623877
Epoch 963 | Loss: 5.450204
Epoch 964 | Loss: 5.421248
Epoch 965 | Loss: 5.414063
Epoch 966 | Loss: 5.458847
Epoch 967 | Loss: 5.403767
Epoch 968 | Loss: 5.560358
Epoch 969 | Loss: 5.532954
Epoch 970 | Loss: 5.469766
Epoch 971 | Loss: 5.414853
Epoch 972 | Loss: 5.393070
Epoch 973 | Loss: 5.449415
Epoch 974 | Loss: 5.517132
Epoch 975 | Loss: 5.478244
Epoch 976 | Loss: 5.402571
Epoch 977 | Loss: 5.371037
Epoch 978 | Loss: 5.354949
Epoch 979 | Loss: 5.350050
Epoch 980 | Loss: 5.384354
Epoch 981 | Loss: 5.409008
Epoch 982 | Loss: 5.469244
Epoch 983 | Loss: 5.401267
Epoch 984 | Loss: 5.343792
Epoch 985 | Loss: 5.332570
Epoch 986 | Loss: 5.404867
Epoch 987 | Loss: 5.434268
Epoch 988 | Loss: 5.416305
Epoch 989 | Loss: 5.402217
Epoch 990 | Loss: 5.442759
Epoch 991 | Loss: 5.407866
Epoch 992 | Loss: 5.412783
Epoch 993 | Loss: 5.321311
Epoch 994 | Loss: 5.351402
Epoch 995 | Loss: 5.314826
Epoch 996 | Loss: 5.335960
Epoch 997 | Loss: 5.415928
Epoch 998 | Loss: 5.393088
Epoch 999 | Loss: 5.361735
Epoch 1000 | Loss: 5.310164
Epoch 1001 | Loss: 5.320287
Epoch 1002 | Loss: 5.289638
Epoch 1003 | Loss: 5.361918
Epoch 1004 | Loss: 5.453578
Epoch 1005 | Loss: 5.437790
Epoch 1006 | Loss: 5.382977
Epoch 1007 | Loss: 5.445831
Epoch 1008 | Loss: 5.362759
Epoch 1009 | Loss: 5.408356
Epoch 1010 | Loss: 5.308199
Epoch 1011 | Loss: 5.332189
Epoch 1012 | Loss: 5.310812
Epoch 1013 | Loss: 5.279592
Epoch 1014 | Loss: 5.267925
Epoch 1015 | Loss: 5.248098
Epoch 1016 | Loss: 5.295533
Epoch 1017 | Loss: 5.264323
Epoch 1018 | Loss: 5.314016
Epoch 1019 | Loss: 5.310923
Epoch 1020 | Loss: 5.276373
Epoch 1021 | Loss: 5.382501
Epoch 1022 | Loss: 5.339506
Epoch 1023 | Loss: 5.344728
Epoch 1024 | Loss: 5.275866
Epoch 1025 | Loss: 5.247279
Epoch 1026 | Loss: 5.226323
Epoch 1027 | Loss: 5.253362
Epoch 1028 | Loss: 5.211712
Epoch 1029 | Loss: 5.210744
Epoch 1030 | Loss: 5.237278
Epoch 1031 | Loss: 5.307445
Epoch 1032 | Loss: 5.280944
Epoch 1033 | Loss: 5.280998
Epoch 1034 | Loss: 5.251011
Epoch 1035 | Loss: 5.220554
Epoch 1036 | Loss: 5.296185
Epoch 1037 | Loss: 5.199784
Epoch 1038 | Loss: 5.249077
Epoch 1039 | Loss: 5.398150
Epoch 1040 | Loss: 5.412736
Epoch 1041 | Loss: 5.228665
Epoch 1042 | Loss: 5.189170
Epoch 1043 | Loss: 5.242762
Epoch 1044 | Loss: 5.236352
Epoch 1045 | Loss: 5.172941
Epoch 1046 | Loss: 5.298379
Epoch 1047 | Loss: 5.463399
Epoch 1048 | Loss: 5.325038
Epoch 1049 | Loss: 5.195759
Epoch 1050 | Loss: 5.202855
Epoch 1051 | Loss: 5.187572
Epoch 1052 | Loss: 5.136865
Epoch 1053 | Loss: 5.144969
Epoch 1054 | Loss: 5.153205
Epoch 1055 | Loss: 5.141923
Epoch 1056 | Loss: 5.137467
Epoch 1057 | Loss: 5.161820
Epoch 1058 | Loss: 5.214566
Epoch 1059 | Loss: 5.280870
Epoch 1060 | Loss: 5.254718
Epoch 1061 | Loss: 5.145707
Epoch 1062 | Loss: 5.136362
Epoch 1063 | Loss: 5.133066
Epoch 1064 | Loss: 5.136932
Epoch 1065 | Loss: 5.149409
Epoch 1066 | Loss: 5.123414
Epoch 1067 | Loss: 5.128565
Epoch 1068 | Loss: 5.108435
Epoch 1069 | Loss: 5.097490
Epoch 1070 | Loss: 5.104756
Epoch 1071 | Loss: 5.159971
Epoch 1072 | Loss: 5.140892
Epoch 1073 | Loss: 5.127656
Epoch 1074 | Loss: 5.109905
Epoch 1075 | Loss: 5.125887
Epoch 1076 | Loss: 5.095237
Epoch 1077 | Loss: 5.142080
Epoch 1078 | Loss: 5.116213
Epoch 1079 | Loss: 5.093885
Epoch 1080 | Loss: 5.107731
Epoch 1081 | Loss: 5.108222
Epoch 1082 | Loss: 5.120822
Epoch 1083 | Loss: 5.088456
Epoch 1084 | Loss: 5.145941
Epoch 1085 | Loss: 5.077535
Epoch 1086 | Loss: 5.095448
Epoch 1087 | Loss: 5.063683
Epoch 1088 | Loss: 5.053734
Epoch 1089 | Loss: 5.083119
Epoch 1090 | Loss: 5.101560
Epoch 1091 | Loss: 5.074072
Epoch 1092 | Loss: 5.093689
Epoch 1093 | Loss: 5.150859
Epoch 1094 | Loss: 5.147263
Epoch 1095 | Loss: 5.223813
Epoch 1096 | Loss: 5.173346
Epoch 1097 | Loss: 5.164779
Epoch 1098 | Loss: 5.098433
Epoch 1099 | Loss: 5.079455
Epoch 1100 | Loss: 5.142867
Epoch 1101 | Loss: 5.117841
Epoch 1102 | Loss: 5.092864
Epoch 1103 | Loss: 5.037582
Epoch 1104 | Loss: 5.037807
Epoch 1105 | Loss: 5.031858
Epoch 1106 | Loss: 5.116243
Epoch 1107 | Loss: 5.088199
Epoch 1108 | Loss: 5.013032
Epoch 1109 | Loss: 5.035990
Epoch 1110 | Loss: 5.034540
Epoch 1111 | Loss: 5.033030
Epoch 1112 | Loss: 5.028575
Epoch 1113 | Loss: 5.011259
Epoch 1114 | Loss: 5.013753
Epoch 1115 | Loss: 5.064933
Epoch 1116 | Loss: 5.046543
Epoch 1117 | Loss: 5.074005
Epoch 1118 | Loss: 4.999419
Epoch 1119 | Loss: 5.003525
Epoch 1120 | Loss: 5.082553
Epoch 1121 | Loss: 5.078691
Epoch 1122 | Loss: 5.126320
Epoch 1123 | Loss: 5.007197
Epoch 1124 | Loss: 4.957586
Epoch 1125 | Loss: 4.967422
Epoch 1126 | Loss: 5.001815
Epoch 1127 | Loss: 4.969343
Epoch 1128 | Loss: 5.058774
Epoch 1129 | Loss: 4.969799
Epoch 1130 | Loss: 4.950191
Epoch 1131 | Loss: 4.947390
Epoch 1132 | Loss: 5.014362
Epoch 1133 | Loss: 4.946017
Epoch 1134 | Loss: 4.950055
Epoch 1135 | Loss: 4.950423
Epoch 1136 | Loss: 4.965544
Epoch 1137 | Loss: 4.971259
Epoch 1138 | Loss: 4.947437
Epoch 1139 | Loss: 4.941586
Epoch 1140 | Loss: 4.963865
Epoch 1141 | Loss: 4.977341
Epoch 1142 | Loss: 4.939164
Epoch 1143 | Loss: 4.982232
Epoch 1144 | Loss: 4.972619
Epoch 1145 | Loss: 4.954652
Epoch 1146 | Loss: 4.992203
Epoch 1147 | Loss: 4.943655
Epoch 1148 | Loss: 4.910897
Epoch 1149 | Loss: 4.912215
Epoch 1150 | Loss: 4.903934
Epoch 1151 | Loss: 4.941815
Epoch 1152 | Loss: 4.904146
Epoch 1153 | Loss: 4.892168
Epoch 1154 | Loss: 4.915549
Epoch 1155 | Loss: 4.990504
Epoch 1156 | Loss: 4.927351
Epoch 1157 | Loss: 4.926111
Epoch 1158 | Loss: 4.895165
Epoch 1159 | Loss: 4.998183
Epoch 1160 | Loss: 5.102489
Epoch 1161 | Loss: 4.947228
Epoch 1162 | Loss: 4.917653
Epoch 1163 | Loss: 4.911647
Epoch 1164 | Loss: 4.923281
Epoch 1165 | Loss: 4.923440
Epoch 1166 | Loss: 4.931072
Epoch 1167 | Loss: 4.888869
Epoch 1168 | Loss: 4.925827
Epoch 1169 | Loss: 4.895002
Epoch 1170 | Loss: 4.915586
Epoch 1171 | Loss: 4.902302
Epoch 1172 | Loss: 4.928683
Epoch 1173 | Loss: 4.909097
Epoch 1174 | Loss: 4.869095
Epoch 1175 | Loss: 4.940308
Epoch 1176 | Loss: 4.881323
Epoch 1177 | Loss: 4.856268
Epoch 1178 | Loss: 4.850113
Epoch 1179 | Loss: 4.865339
Epoch 1180 | Loss: 4.966427
Epoch 1181 | Loss: 4.883236
Epoch 1182 | Loss: 4.847692
Epoch 1183 | Loss: 4.838537
Epoch 1184 | Loss: 4.835529
Epoch 1185 | Loss: 4.844624
Epoch 1186 | Loss: 4.857750
Epoch 1187 | Loss: 4.838894
Epoch 1188 | Loss: 4.812728
Epoch 1189 | Loss: 4.805420
Epoch 1190 | Loss: 4.816845
Epoch 1191 | Loss: 4.832588
Epoch 1192 | Loss: 4.823139
Epoch 1193 | Loss: 4.819595
Epoch 1194 | Loss: 4.869191
Epoch 1195 | Loss: 4.840610
Epoch 1196 | Loss: 4.801091
Epoch 1197 | Loss: 4.804439
Epoch 1198 | Loss: 4.788090
Epoch 1199 | Loss: 4.778805
Epoch 1200 | Loss: 4.814415
Epoch 1201 | Loss: 4.798773
Epoch 1202 | Loss: 4.864126
Epoch 1203 | Loss: 4.904819
Epoch 1204 | Loss: 4.825618
Epoch 1205 | Loss: 4.850871
Epoch 1206 | Loss: 4.791309
Epoch 1207 | Loss: 4.783276
Epoch 1208 | Loss: 4.805360
Epoch 1209 | Loss: 4.852890
Epoch 1210 | Loss: 4.785801
Epoch 1211 | Loss: 4.753491
Epoch 1212 | Loss: 4.753777
Epoch 1213 | Loss: 4.829320
Epoch 1214 | Loss: 4.802458
Epoch 1215 | Loss: 4.784990
Epoch 1216 | Loss: 4.782227
Epoch 1217 | Loss: 4.812812
Epoch 1218 | Loss: 4.750567
Epoch 1219 | Loss: 4.736172
Epoch 1220 | Loss: 4.767544
Epoch 1221 | Loss: 4.748687
Epoch 1222 | Loss: 4.730683
Epoch 1223 | Loss: 4.751063
Epoch 1224 | Loss: 4.775199
Epoch 1225 | Loss: 4.794104
Epoch 1226 | Loss: 4.822549
Epoch 1227 | Loss: 4.897794
Epoch 1228 | Loss: 4.877860
Epoch 1229 | Loss: 4.764744
Epoch 1230 | Loss: 4.732908
Epoch 1231 | Loss: 4.717092
Epoch 1232 | Loss: 4.719408
Epoch 1233 | Loss: 4.717299
Epoch 1234 | Loss: 4.731547
Epoch 1235 | Loss: 4.705870
Epoch 1236 | Loss: 4.737885
Epoch 1237 | Loss: 4.724158
Epoch 1238 | Loss: 4.693655
Epoch 1239 | Loss: 4.699448
Epoch 1240 | Loss: 4.707328
Epoch 1241 | Loss: 4.736439
Epoch 1242 | Loss: 4.720834
Epoch 1243 | Loss: 4.701183
Epoch 1244 | Loss: 4.688801
Epoch 1245 | Loss: 4.688136
Epoch 1246 | Loss: 4.697687
Epoch 1247 | Loss: 4.710095
Epoch 1248 | Loss: 4.680605
Epoch 1249 | Loss: 4.775706
Epoch 1250 | Loss: 4.709245
Epoch 1251 | Loss: 4.712587
Epoch 1252 | Loss: 4.721345
Epoch 1253 | Loss: 4.662850
Epoch 1254 | Loss: 4.677607
Epoch 1255 | Loss: 4.706212
Epoch 1256 | Loss: 4.770614
Epoch 1257 | Loss: 4.744566
Epoch 1258 | Loss: 4.664888
Epoch 1259 | Loss: 4.667243
Epoch 1260 | Loss: 4.642601
Epoch 1261 | Loss: 4.661256
Epoch 1262 | Loss: 4.653635
Epoch 1263 | Loss: 4.695692
Epoch 1264 | Loss: 4.688314
Epoch 1265 | Loss: 4.671511
Epoch 1266 | Loss: 4.652079
Epoch 1267 | Loss: 4.653407
Epoch 1268 | Loss: 4.645906
Epoch 1269 | Loss: 4.659611
Epoch 1270 | Loss: 4.643008
Epoch 1271 | Loss: 4.660647
Epoch 1272 | Loss: 4.648573
Epoch 1273 | Loss: 4.709083
Epoch 1274 | Loss: 4.672837
Epoch 1275 | Loss: 4.639433
Epoch 1276 | Loss: 4.695762
Epoch 1277 | Loss: 4.651220
Epoch 1278 | Loss: 4.651884
Epoch 1279 | Loss: 4.676573
Epoch 1280 | Loss: 4.695820
Epoch 1281 | Loss: 4.681465
Epoch 1282 | Loss: 4.710914
Epoch 1283 | Loss: 4.661853
Epoch 1284 | Loss: 4.600547
Epoch 1285 | Loss: 4.609626
Epoch 1286 | Loss: 4.617709
Epoch 1287 | Loss: 4.618704
Epoch 1288 | Loss: 4.596564
Epoch 1289 | Loss: 4.630274
Epoch 1290 | Loss: 4.639634
Epoch 1291 | Loss: 4.613444
Epoch 1292 | Loss: 4.614902
Epoch 1293 | Loss: 4.594874
Epoch 1294 | Loss: 4.582467
Epoch 1295 | Loss: 4.594027
Epoch 1296 | Loss: 4.645492
Epoch 1297 | Loss: 4.621851
Epoch 1298 | Loss: 4.579152
Epoch 1299 | Loss: 4.595745
Epoch 1300 | Loss: 4.586771
Epoch 1301 | Loss: 4.615617
Epoch 1302 | Loss: 4.604123
Epoch 1303 | Loss: 4.690045
Epoch 1304 | Loss: 4.691580
Epoch 1305 | Loss: 4.615569
Epoch 1306 | Loss: 4.609560
Epoch 1307 | Loss: 4.624884
Epoch 1308 | Loss: 4.608562
Epoch 1309 | Loss: 4.579534
Epoch 1310 | Loss: 4.555089
Epoch 1311 | Loss: 4.582030
Epoch 1312 | Loss: 4.566414
Epoch 1313 | Loss: 4.567185
Epoch 1314 | Loss: 4.559120
Epoch 1315 | Loss: 4.565361
Epoch 1316 | Loss: 4.537875
Epoch 1317 | Loss: 4.577405
Epoch 1318 | Loss: 4.561682
Epoch 1319 | Loss: 4.581258
Epoch 1320 | Loss: 4.604723
Epoch 1321 | Loss: 4.545144
Epoch 1322 | Loss: 4.545866
Epoch 1323 | Loss: 4.550475
Epoch 1324 | Loss: 4.557581
Epoch 1325 | Loss: 4.544931
Epoch 1326 | Loss: 4.535814
Epoch 1327 | Loss: 4.548760
Epoch 1328 | Loss: 4.530752
Epoch 1329 | Loss: 4.516555
Epoch 1330 | Loss: 4.527532
Epoch 1331 | Loss: 4.527742
Epoch 1332 | Loss: 4.580514
Epoch 1333 | Loss: 4.581063
Epoch 1334 | Loss: 4.511194
Epoch 1335 | Loss: 4.509119
Epoch 1336 | Loss: 4.505849
Epoch 1337 | Loss: 4.518584
Epoch 1338 | Loss: 4.513205
Epoch 1339 | Loss: 4.521815
Epoch 1340 | Loss: 4.542380
Epoch 1341 | Loss: 4.524190
Epoch 1342 | Loss: 4.497899
Epoch 1343 | Loss: 4.492799
Epoch 1344 | Loss: 4.492338
Epoch 1345 | Loss: 4.488740
Epoch 1346 | Loss: 4.502626
Epoch 1347 | Loss: 4.496632
Epoch 1348 | Loss: 4.482494
Epoch 1349 | Loss: 4.499502
Epoch 1350 | Loss: 4.499700
Epoch 1351 | Loss: 4.469085
Epoch 1352 | Loss: 4.470441
Epoch 1353 | Loss: 4.489325
Epoch 1354 | Loss: 4.493864
Epoch 1355 | Loss: 4.463121
Epoch 1356 | Loss: 4.486772
Epoch 1357 | Loss: 4.546011
Epoch 1358 | Loss: 4.487136
Epoch 1359 | Loss: 4.485097
Epoch 1360 | Loss: 4.458454
Epoch 1361 | Loss: 4.465126
Epoch 1362 | Loss: 4.466723
Epoch 1363 | Loss: 4.488396
Epoch 1364 | Loss: 4.469488
Epoch 1365 | Loss: 4.554695
Epoch 1366 | Loss: 4.501420
Epoch 1367 | Loss: 4.456723
Epoch 1368 | Loss: 4.500102
Epoch 1369 | Loss: 4.553362
Epoch 1370 | Loss: 4.503014
Epoch 1371 | Loss: 4.460860
Epoch 1372 | Loss: 4.442261
Epoch 1373 | Loss: 4.449267
Epoch 1374 | Loss: 4.464525
Epoch 1375 | Loss: 4.430578
Epoch 1376 | Loss: 4.428839
Epoch 1377 | Loss: 4.453073
Epoch 1378 | Loss: 4.455026
Epoch 1379 | Loss: 4.447174
Epoch 1380 | Loss: 4.438895
Epoch 1381 | Loss: 4.439082
Epoch 1382 | Loss: 4.418959
Epoch 1383 | Loss: 4.442900
Epoch 1384 | Loss: 4.459830
Epoch 1385 | Loss: 4.487726
Epoch 1386 | Loss: 4.480311
Epoch 1387 | Loss: 4.420994
Epoch 1388 | Loss: 4.453373
Epoch 1389 | Loss: 4.407702
Epoch 1390 | Loss: 4.403864
Epoch 1391 | Loss: 4.419313
Epoch 1392 | Loss: 4.406377
Epoch 1393 | Loss: 4.391788
Epoch 1394 | Loss: 4.414950
Epoch 1395 | Loss: 4.405418
Epoch 1396 | Loss: 4.392959
Epoch 1397 | Loss: 4.395134
Epoch 1398 | Loss: 4.388677
Epoch 1399 | Loss: 4.391132
Epoch 1400 | Loss: 4.383536
Epoch 1401 | Loss: 4.382708
Epoch 1402 | Loss: 4.428469
Epoch 1403 | Loss: 4.449403
Epoch 1404 | Loss: 4.413756
Epoch 1405 | Loss: 4.385003
Epoch 1406 | Loss: 4.375479
Epoch 1407 | Loss: 4.382718
Epoch 1408 | Loss: 4.409750
Epoch 1409 | Loss: 4.411555
Epoch 1410 | Loss: 4.398255
Epoch 1411 | Loss: 4.370157
Epoch 1412 | Loss: 4.379034
Epoch 1413 | Loss: 4.425696
Epoch 1414 | Loss: 4.461919
Epoch 1415 | Loss: 4.459888
Epoch 1416 | Loss: 4.439468
Epoch 1417 | Loss: 4.365546
Epoch 1418 | Loss: 4.379164
Epoch 1419 | Loss: 4.408113
Epoch 1420 | Loss: 4.390682
Epoch 1421 | Loss: 4.395956
Epoch 1422 | Loss: 4.434862
Epoch 1423 | Loss: 4.380586
Epoch 1424 | Loss: 4.354058
Epoch 1425 | Loss: 4.381911
Epoch 1426 | Loss: 4.349145
Epoch 1427 | Loss: 4.365544
Epoch 1428 | Loss: 4.366448
Epoch 1429 | Loss: 4.421032
Epoch 1430 | Loss: 4.392069
Epoch 1431 | Loss: 4.453662
Epoch 1432 | Loss: 4.409411
Epoch 1433 | Loss: 4.365863
Epoch 1434 | Loss: 4.349429
Epoch 1435 | Loss: 4.351561
Epoch 1436 | Loss: 4.353375
Epoch 1437 | Loss: 4.381869
Epoch 1438 | Loss: 4.345433
Epoch 1439 | Loss: 4.329048
Epoch 1440 | Loss: 4.320967
Epoch 1441 | Loss: 4.318733
Epoch 1442 | Loss: 4.334475
Epoch 1443 | Loss: 4.321791
Epoch 1444 | Loss: 4.379452
Epoch 1445 | Loss: 4.357476
Epoch 1446 | Loss: 4.360899
Epoch 1447 | Loss: 4.331881
Epoch 1448 | Loss: 4.313566
Epoch 1449 | Loss: 4.312784
Epoch 1450 | Loss: 4.337015
Epoch 1451 | Loss: 4.316867
Epoch 1452 | Loss: 4.324227
Epoch 1453 | Loss: 4.306871
Epoch 1454 | Loss: 4.337903
Epoch 1455 | Loss: 4.352709
Epoch 1456 | Loss: 4.333804
Epoch 1457 | Loss: 4.322024
Epoch 1458 | Loss: 4.293076
Epoch 1459 | Loss: 4.308614
Epoch 1460 | Loss: 4.319857
Epoch 1461 | Loss: 4.347185
Epoch 1462 | Loss: 4.300428
Epoch 1463 | Loss: 4.287235
Epoch 1464 | Loss: 4.286102
Epoch 1465 | Loss: 4.291901
Epoch 1466 | Loss: 4.294741
Epoch 1467 | Loss: 4.319345
Epoch 1468 | Loss: 4.316368
Epoch 1469 | Loss: 4.282603
Epoch 1470 | Loss: 4.305527
Epoch 1471 | Loss: 4.350981
Epoch 1472 | Loss: 4.391822
Epoch 1473 | Loss: 4.273961
Epoch 1474 | Loss: 4.266455
Epoch 1475 | Loss: 4.268127
Epoch 1476 | Loss: 4.286076
Epoch 1477 | Loss: 4.277587
Epoch 1478 | Loss: 4.282040
Epoch 1479 | Loss: 4.269057
Epoch 1480 | Loss: 4.268905
Epoch 1481 | Loss: 4.306841
Epoch 1482 | Loss: 4.298853
Epoch 1483 | Loss: 4.286426
Epoch 1484 | Loss: 4.299875
Epoch 1485 | Loss: 4.279389
Epoch 1486 | Loss: 4.317569
Epoch 1487 | Loss: 4.336598
Epoch 1488 | Loss: 4.308488
Epoch 1489 | Loss: 4.351740
Epoch 1490 | Loss: 4.256289
Epoch 1491 | Loss: 4.256390
Epoch 1492 | Loss: 4.251768
Epoch 1493 | Loss: 4.293743
Epoch 1494 | Loss: 4.239867
Epoch 1495 | Loss: 4.249726
Epoch 1496 | Loss: 4.282302
Epoch 1497 | Loss: 4.280969
Epoch 1498 | Loss: 4.285791
Epoch 1499 | Loss: 4.287930
Epoch 1500 | Loss: 4.286218
Epoch 1501 | Loss: 4.261040
Epoch 1502 | Loss: 4.251862
Epoch 1503 | Loss: 4.228756
Epoch 1504 | Loss: 4.240167
Epoch 1505 | Loss: 4.232343
Epoch 1506 | Loss: 4.228474
Epoch 1507 | Loss: 4.249682
Epoch 1508 | Loss: 4.226301
Epoch 1509 | Loss: 4.231743
Epoch 1510 | Loss: 4.269417
Epoch 1511 | Loss: 4.263937
Epoch 1512 | Loss: 4.247513
Epoch 1513 | Loss: 4.235610
Epoch 1514 | Loss: 4.221935
Epoch 1515 | Loss: 4.219815
Epoch 1516 | Loss: 4.210350
Epoch 1517 | Loss: 4.200281
Epoch 1518 | Loss: 4.228785
Epoch 1519 | Loss: 4.203039
Epoch 1520 | Loss: 4.225190
Epoch 1521 | Loss: 4.243024
Epoch 1522 | Loss: 4.210611
Epoch 1523 | Loss: 4.206221
Epoch 1524 | Loss: 4.204181
Epoch 1525 | Loss: 4.193502
Epoch 1526 | Loss: 4.191296
Epoch 1527 | Loss: 4.192553
Epoch 1528 | Loss: 4.221460
Epoch 1529 | Loss: 4.236368
Epoch 1530 | Loss: 4.239398
Epoch 1531 | Loss: 4.253215
Epoch 1532 | Loss: 4.209467
Epoch 1533 | Loss: 4.260919
Epoch 1534 | Loss: 4.212193
Epoch 1535 | Loss: 4.213513
Epoch 1536 | Loss: 4.233453
Epoch 1537 | Loss: 4.186465
Epoch 1538 | Loss: 4.182241
Epoch 1539 | Loss: 4.200823
Epoch 1540 | Loss: 4.209036
Epoch 1541 | Loss: 4.176199
Epoch 1542 | Loss: 4.173885
Epoch 1543 | Loss: 4.172204
Epoch 1544 | Loss: 4.189138
Epoch 1545 | Loss: 4.164423
Epoch 1546 | Loss: 4.190651
Epoch 1547 | Loss: 4.189709
Epoch 1548 | Loss: 4.169931
Epoch 1549 | Loss: 4.176722
Epoch 1550 | Loss: 4.176558
Epoch 1551 | Loss: 4.158765
Epoch 1552 | Loss: 4.172826
Epoch 1553 | Loss: 4.162085
Epoch 1554 | Loss: 4.163526
Epoch 1555 | Loss: 4.175490
Epoch 1556 | Loss: 4.175946
Epoch 1557 | Loss: 4.226142
Epoch 1558 | Loss: 4.178618
Epoch 1559 | Loss: 4.175555
Epoch 1560 | Loss: 4.161402
Epoch 1561 | Loss: 4.186205
Epoch 1562 | Loss: 4.189757
Epoch 1563 | Loss: 4.199127
Epoch 1564 | Loss: 4.173178
Epoch 1565 | Loss: 4.164326
Epoch 1566 | Loss: 4.159926
Epoch 1567 | Loss: 4.145415
Epoch 1568 | Loss: 4.139558
Epoch 1569 | Loss: 4.146469
Epoch 1570 | Loss: 4.156635
Epoch 1571 | Loss: 4.173318
Epoch 1572 | Loss: 4.192428
Epoch 1573 | Loss: 4.180367
Epoch 1574 | Loss: 4.141109
Epoch 1575 | Loss: 4.190722
Epoch 1576 | Loss: 4.154093
Epoch 1577 | Loss: 4.131815
Epoch 1578 | Loss: 4.136542
Epoch 1579 | Loss: 4.128462
Epoch 1580 | Loss: 4.124124
Epoch 1581 | Loss: 4.129216
Epoch 1582 | Loss: 4.123004
Epoch 1583 | Loss: 4.133043
Epoch 1584 | Loss: 4.173894
Epoch 1585 | Loss: 4.146800
Epoch 1586 | Loss: 4.118763
Epoch 1587 | Loss: 4.122721
Epoch 1588 | Loss: 4.123987
Epoch 1589 | Loss: 4.135185
Epoch 1590 | Loss: 4.158815
Epoch 1591 | Loss: 4.120431
Epoch 1592 | Loss: 4.106535
Epoch 1593 | Loss: 4.107044
Epoch 1594 | Loss: 4.097245
Epoch 1595 | Loss: 4.121731
Epoch 1596 | Loss: 4.137514
Epoch 1597 | Loss: 4.119354
Epoch 1598 | Loss: 4.126060
Epoch 1599 | Loss: 4.139705
Epoch 1600 | Loss: 4.100899
Epoch 1601 | Loss: 4.109069
Epoch 1602 | Loss: 4.110009
Epoch 1603 | Loss: 4.098993
Epoch 1604 | Loss: 4.100616
Epoch 1605 | Loss: 4.098469
Epoch 1606 | Loss: 4.104320
Epoch 1607 | Loss: 4.105157
Epoch 1608 | Loss: 4.109255
Epoch 1609 | Loss: 4.096948
Epoch 1610 | Loss: 4.099014
Epoch 1611 | Loss: 4.082540
Epoch 1612 | Loss: 4.146970
Epoch 1613 | Loss: 4.156702
Epoch 1614 | Loss: 4.127319
Epoch 1615 | Loss: 4.104975
Epoch 1616 | Loss: 4.097059
Epoch 1617 | Loss: 4.119123
Epoch 1618 | Loss: 4.111272
Epoch 1619 | Loss: 4.084129
Epoch 1620 | Loss: 4.076914
Epoch 1621 | Loss: 4.076405
Epoch 1622 | Loss: 4.092762
Epoch 1623 | Loss: 4.094394
Epoch 1624 | Loss: 4.076525
Epoch 1625 | Loss: 4.072966
Epoch 1626 | Loss: 4.060808
Epoch 1627 | Loss: 4.078333
Epoch 1628 | Loss: 4.075115
Epoch 1629 | Loss: 4.068587
Epoch 1630 | Loss: 4.066056
Epoch 1631 | Loss: 4.075465
Epoch 1632 | Loss: 4.060816
Epoch 1633 | Loss: 4.056733
Epoch 1634 | Loss: 4.063674
Epoch 1635 | Loss: 4.081820
Epoch 1636 | Loss: 4.068308
Epoch 1637 | Loss: 4.055413
Epoch 1638 | Loss: 4.048225
Epoch 1639 | Loss: 4.076152
Epoch 1640 | Loss: 4.063289
Epoch 1641 | Loss: 4.064672
Epoch 1642 | Loss: 4.056565
Epoch 1643 | Loss: 4.051027
Epoch 1644 | Loss: 4.055685
Epoch 1645 | Loss: 4.102259
Epoch 1646 | Loss: 4.093711
Epoch 1647 | Loss: 4.054656
Epoch 1648 | Loss: 4.069262
Epoch 1649 | Loss: 4.048592
Epoch 1650 | Loss: 4.048200
Epoch 1651 | Loss: 4.066845
Epoch 1652 | Loss: 4.074155
Epoch 1653 | Loss: 4.081876
Epoch 1654 | Loss: 4.063264
Epoch 1655 | Loss: 4.067409
Epoch 1656 | Loss: 4.040630
Epoch 1657 | Loss: 4.052339
Epoch 1658 | Loss: 4.036182
Epoch 1659 | Loss: 4.026888
Epoch 1660 | Loss: 4.039281
Epoch 1661 | Loss: 4.037799
Epoch 1662 | Loss: 4.051569
Epoch 1663 | Loss: 4.029379
Epoch 1664 | Loss: 4.028909
Epoch 1665 | Loss: 4.033096
Epoch 1666 | Loss: 4.054119
Epoch 1667 | Loss: 4.046501
Epoch 1668 | Loss: 4.022839
Epoch 1669 | Loss: 4.025442
Epoch 1670 | Loss: 4.017466
Epoch 1671 | Loss: 4.027027
Epoch 1672 | Loss: 4.051181
Epoch 1673 | Loss: 4.066754
Epoch 1674 | Loss: 4.070656
Epoch 1675 | Loss: 4.088380
Epoch 1676 | Loss: 4.108395
Epoch 1677 | Loss: 4.046776
Epoch 1678 | Loss: 4.072055
Epoch 1679 | Loss: 4.056397
Epoch 1680 | Loss: 4.031532
Epoch 1681 | Loss: 4.059293
Epoch 1682 | Loss: 4.054899
Epoch 1683 | Loss: 4.036622
Epoch 1684 | Loss: 4.016875
Epoch 1685 | Loss: 4.003802
Epoch 1686 | Loss: 4.006474
Epoch 1687 | Loss: 4.006846
Epoch 1688 | Loss: 4.021651
Epoch 1689 | Loss: 4.030301
Epoch 1690 | Loss: 4.009890
Epoch 1691 | Loss: 3.995775
Epoch 1692 | Loss: 4.003433
Epoch 1693 | Loss: 4.001470
Epoch 1694 | Loss: 4.076457
Epoch 1695 | Loss: 4.104122
Epoch 1696 | Loss: 4.028352
Epoch 1697 | Loss: 3.998294
Epoch 1698 | Loss: 3.988925
Epoch 1699 | Loss: 3.992812
Epoch 1700 | Loss: 4.009480
Epoch 1701 | Loss: 3.999290
Epoch 1702 | Loss: 3.994005
Epoch 1703 | Loss: 3.985773
Epoch 1704 | Loss: 3.983730
Epoch 1705 | Loss: 4.022304
Epoch 1706 | Loss: 4.007026
Epoch 1707 | Loss: 3.992111
Epoch 1708 | Loss: 3.976354
Epoch 1709 | Loss: 3.982252
Epoch 1710 | Loss: 3.979236
Epoch 1711 | Loss: 3.988784
Epoch 1712 | Loss: 3.990876
Epoch 1713 | Loss: 3.997110
Epoch 1714 | Loss: 4.003212
Epoch 1715 | Loss: 4.006297
Epoch 1716 | Loss: 3.970730
Epoch 1717 | Loss: 3.996901
Epoch 1718 | Loss: 4.038071
Epoch 1719 | Loss: 3.986507
Epoch 1720 | Loss: 3.967199
Epoch 1721 | Loss: 3.965880
Epoch 1722 | Loss: 3.977538
Epoch 1723 | Loss: 3.975049
Epoch 1724 | Loss: 3.979683
Epoch 1725 | Loss: 3.962596
Epoch 1726 | Loss: 3.957729
Epoch 1727 | Loss: 3.955994
Epoch 1728 | Loss: 3.956055
Epoch 1729 | Loss: 3.950392
Epoch 1730 | Loss: 3.958673
Epoch 1731 | Loss: 3.970805
Epoch 1732 | Loss: 3.956693
Epoch 1733 | Loss: 3.964613
Epoch 1734 | Loss: 3.946022
Epoch 1735 | Loss: 3.954782
Epoch 1736 | Loss: 3.961887
Epoch 1737 | Loss: 3.971400
Epoch 1738 | Loss: 3.949433
Epoch 1739 | Loss: 3.958315
Epoch 1740 | Loss: 3.970704
Epoch 1741 | Loss: 3.947902
Epoch 1742 | Loss: 3.967731
Epoch 1743 | Loss: 3.957765
Epoch 1744 | Loss: 3.992646
Epoch 1745 | Loss: 3.998097
Epoch 1746 | Loss: 4.037231
Epoch 1747 | Loss: 3.974409
Epoch 1748 | Loss: 3.947503
Epoch 1749 | Loss: 3.941087
Epoch 1750 | Loss: 3.942278
Epoch 1751 | Loss: 3.934311
Epoch 1752 | Loss: 3.937247
Epoch 1753 | Loss: 3.936484
Epoch 1754 | Loss: 3.934417
Epoch 1755 | Loss: 3.930191
Epoch 1756 | Loss: 3.954397
Epoch 1757 | Loss: 3.934516
Epoch 1758 | Loss: 3.941321
Epoch 1759 | Loss: 3.942040
Epoch 1760 | Loss: 3.934537
Epoch 1761 | Loss: 3.929445
Epoch 1762 | Loss: 3.932382
Epoch 1763 | Loss: 3.939707
Epoch 1764 | Loss: 3.953705
Epoch 1765 | Loss: 3.923136
Epoch 1766 | Loss: 3.926347
Epoch 1767 | Loss: 3.925347
Epoch 1768 | Loss: 3.927660
Epoch 1769 | Loss: 3.917203
Epoch 1770 | Loss: 3.918402
Epoch 1771 | Loss: 3.924556
Epoch 1772 | Loss: 3.917237
Epoch 1773 | Loss: 3.927130
Epoch 1774 | Loss: 3.927221
Epoch 1775 | Loss: 3.921723
Epoch 1776 | Loss: 3.972522
Epoch 1777 | Loss: 3.938635
Epoch 1778 | Loss: 3.911670
Epoch 1779 | Loss: 3.932556
Epoch 1780 | Loss: 3.946186
Epoch 1781 | Loss: 3.953936
Epoch 1782 | Loss: 3.923868
Epoch 1783 | Loss: 3.919010
Epoch 1784 | Loss: 3.908743
Epoch 1785 | Loss: 3.899233
Epoch 1786 | Loss: 3.913855
Epoch 1787 | Loss: 3.930087
Epoch 1788 | Loss: 3.933818
Epoch 1789 | Loss: 3.935010
Epoch 1790 | Loss: 3.951194
Epoch 1791 | Loss: 3.968475
Epoch 1792 | Loss: 3.937418
Epoch 1793 | Loss: 3.933270
Epoch 1794 | Loss: 3.904171
Epoch 1795 | Loss: 3.895165
Epoch 1796 | Loss: 3.901856
Epoch 1797 | Loss: 3.891974
Epoch 1798 | Loss: 3.893848
Epoch 1799 | Loss: 3.897193
Epoch 1800 | Loss: 3.887799
Epoch 1801 | Loss: 3.908512
Epoch 1802 | Loss: 3.901838
Epoch 1803 | Loss: 3.927482
Epoch 1804 | Loss: 3.926245
Epoch 1805 | Loss: 3.949423
Epoch 1806 | Loss: 3.905293
Epoch 1807 | Loss: 3.890845
Epoch 1808 | Loss: 3.895495
Epoch 1809 | Loss: 3.904539
Epoch 1810 | Loss: 3.912693
Epoch 1811 | Loss: 3.887409
Epoch 1812 | Loss: 3.888617
Epoch 1813 | Loss: 3.883271
Epoch 1814 | Loss: 3.889024
Epoch 1815 | Loss: 3.887985
Epoch 1816 | Loss: 3.884845
Epoch 1817 | Loss: 3.888185
Epoch 1818 | Loss: 3.888931
Epoch 1819 | Loss: 3.886717
Epoch 1820 | Loss: 3.879478
Epoch 1821 | Loss: 3.874709
Epoch 1822 | Loss: 3.871575
Epoch 1823 | Loss: 3.870705
Epoch 1824 | Loss: 3.873394
Epoch 1825 | Loss: 3.878085
Epoch 1826 | Loss: 3.870806
Epoch 1827 | Loss: 3.869707
Epoch 1828 | Loss: 3.867298
Epoch 1829 | Loss: 3.886835
Epoch 1830 | Loss: 3.867128
Epoch 1831 | Loss: 3.862992
Epoch 1832 | Loss: 3.865904
Epoch 1833 | Loss: 3.869998
Epoch 1834 | Loss: 3.861613
Epoch 1835 | Loss: 3.869064
Epoch 1836 | Loss: 3.876824
Epoch 1837 | Loss: 3.912983
Epoch 1838 | Loss: 3.939377
Epoch 1839 | Loss: 3.968354
Epoch 1840 | Loss: 3.922597
Epoch 1841 | Loss: 3.896561
Epoch 1842 | Loss: 3.863032
Epoch 1843 | Loss: 3.877919
Epoch 1844 | Loss: 3.885360
Epoch 1845 | Loss: 3.854043
Epoch 1846 | Loss: 3.854899
Epoch 1847 | Loss: 3.863377
Epoch 1848 | Loss: 3.859448
Epoch 1849 | Loss: 3.853089
Epoch 1850 | Loss: 3.857748
Epoch 1851 | Loss: 3.858131
Epoch 1852 | Loss: 3.850520
Epoch 1853 | Loss: 3.859637
Epoch 1854 | Loss: 3.850571
Epoch 1855 | Loss: 3.848352
Epoch 1856 | Loss: 3.852352
Epoch 1857 | Loss: 3.863172
Epoch 1858 | Loss: 3.845457
Epoch 1859 | Loss: 3.843040
Epoch 1860 | Loss: 3.835659
Epoch 1861 | Loss: 3.839720
Epoch 1862 | Loss: 3.845763
Epoch 1863 | Loss: 3.843224
Epoch 1864 | Loss: 3.837253
Epoch 1865 | Loss: 3.831455
Epoch 1866 | Loss: 3.833033
Epoch 1867 | Loss: 3.839409
Epoch 1868 | Loss: 3.832951
Epoch 1869 | Loss: 3.834291
Epoch 1870 | Loss: 3.848488
Epoch 1871 | Loss: 3.840730
Epoch 1872 | Loss: 3.839935
Epoch 1873 | Loss: 3.847086
Epoch 1874 | Loss: 3.835516
Epoch 1875 | Loss: 3.828253
Epoch 1876 | Loss: 3.841317
Epoch 1877 | Loss: 3.837186
Epoch 1878 | Loss: 3.837507
Epoch 1879 | Loss: 3.836771
Epoch 1880 | Loss: 3.822441
Epoch 1881 | Loss: 3.834775
Epoch 1882 | Loss: 3.826010
Epoch 1883 | Loss: 3.823496
Epoch 1884 | Loss: 3.816585
Epoch 1885 | Loss: 3.826147
Epoch 1886 | Loss: 3.829290
Epoch 1887 | Loss: 3.828757
Epoch 1888 | Loss: 3.837456
Epoch 1889 | Loss: 3.833156
Epoch 1890 | Loss: 3.819384
Epoch 1891 | Loss: 3.816326
Epoch 1892 | Loss: 3.821100
Epoch 1893 | Loss: 3.826888
Epoch 1894 | Loss: 3.815253
Epoch 1895 | Loss: 3.828115
Epoch 1896 | Loss: 3.867482
Epoch 1897 | Loss: 3.829298
Epoch 1898 | Loss: 3.815204
Epoch 1899 | Loss: 3.812399
Epoch 1900 | Loss: 3.823349
Epoch 1901 | Loss: 3.836744
Epoch 1902 | Loss: 3.845479
Epoch 1903 | Loss: 3.814209
Epoch 1904 | Loss: 3.808825
Epoch 1905 | Loss: 3.808616
Epoch 1906 | Loss: 3.810210
Epoch 1907 | Loss: 3.805655
Epoch 1908 | Loss: 3.809857
Epoch 1909 | Loss: 3.808372
Epoch 1910 | Loss: 3.801899
Epoch 1911 | Loss: 3.804755
Epoch 1912 | Loss: 3.825190
Epoch 1913 | Loss: 3.806157
Epoch 1914 | Loss: 3.807236
Epoch 1915 | Loss: 3.808902
Epoch 1916 | Loss: 3.819229
Epoch 1917 | Loss: 3.811878
Epoch 1918 | Loss: 3.806359
Epoch 1919 | Loss: 3.807150
Epoch 1920 | Loss: 3.817257
Epoch 1921 | Loss: 3.803613
Epoch 1922 | Loss: 3.796283
Epoch 1923 | Loss: 3.791450
Epoch 1924 | Loss: 3.812085
Epoch 1925 | Loss: 3.798174
Epoch 1926 | Loss: 3.794711
Epoch 1927 | Loss: 3.805590
Epoch 1928 | Loss: 3.786812
Epoch 1929 | Loss: 3.788240
Epoch 1930 | Loss: 3.786082
Epoch 1931 | Loss: 3.793813
Epoch 1932 | Loss: 3.812913
Epoch 1933 | Loss: 3.822264
Epoch 1934 | Loss: 3.805178
Epoch 1935 | Loss: 3.790491
Epoch 1936 | Loss: 3.779325
Epoch 1937 | Loss: 3.807848
Epoch 1938 | Loss: 3.833633
Epoch 1939 | Loss: 3.858416
Epoch 1940 | Loss: 3.813902
Epoch 1941 | Loss: 3.781565
Epoch 1942 | Loss: 3.790284
Epoch 1943 | Loss: 3.789086
Epoch 1944 | Loss: 3.795544
Epoch 1945 | Loss: 3.802593
Epoch 1946 | Loss: 3.806317
Epoch 1947 | Loss: 3.807930
Epoch 1948 | Loss: 3.787849
Epoch 1949 | Loss: 3.791581
Epoch 1950 | Loss: 3.799775
Epoch 1951 | Loss: 3.775999
Epoch 1952 | Loss: 3.770752
Epoch 1953 | Loss: 3.766813
Epoch 1954 | Loss: 3.770028
Epoch 1955 | Loss: 3.766318
Epoch 1956 | Loss: 3.766886
Epoch 1957 | Loss: 3.764769
Epoch 1958 | Loss: 3.769496
Epoch 1959 | Loss: 3.773479
Epoch 1960 | Loss: 3.759610
Epoch 1961 | Loss: 3.765294
Epoch 1962 | Loss: 3.767562
Epoch 1963 | Loss: 3.767368
Epoch 1964 | Loss: 3.759189
Epoch 1965 | Loss: 3.765005
Epoch 1966 | Loss: 3.770398
Epoch 1967 | Loss: 3.772067
Epoch 1968 | Loss: 3.765490
Epoch 1969 | Loss: 3.766469
Epoch 1970 | Loss: 3.763250
Epoch 1971 | Loss: 3.761415
Epoch 1972 | Loss: 3.755634
Epoch 1973 | Loss: 3.756639
Epoch 1974 | Loss: 3.755449
Epoch 1975 | Loss: 3.765335
Epoch 1976 | Loss: 3.756794
Epoch 1977 | Loss: 3.755308
Epoch 1978 | Loss: 3.752850
Epoch 1979 | Loss: 3.758012
Epoch 1980 | Loss: 3.777253
Epoch 1981 | Loss: 3.776124
Epoch 1982 | Loss: 3.754809
Epoch 1983 | Loss: 3.767637
Epoch 1984 | Loss: 3.762845
Epoch 1985 | Loss: 3.745344
Epoch 1986 | Loss: 3.756064
Epoch 1987 | Loss: 3.769533
Epoch 1988 | Loss: 3.773630
Epoch 1989 | Loss: 3.779672
Epoch 1990 | Loss: 3.752701
Epoch 1991 | Loss: 3.755677
Epoch 1992 | Loss: 3.752794
Epoch 1993 | Loss: 3.750191
Epoch 1994 | Loss: 3.745704
Epoch 1995 | Loss: 3.743587
Epoch 1996 | Loss: 3.741282
Epoch 1997 | Loss: 3.745695
Epoch 1998 | Loss: 3.741771
Epoch 1999 | Loss: 3.744125
Epoch 2000 | Loss: 3.738684
/data5/store1/wry-u22/anaconda3/envs/py311/lib/python3.11/site-packages/torch_geometric/deprecation.py:26: UserWarning: 'data.DataLoader' is deprecated, use 'loader.DataLoader' instead
  warnings.warn(out)

Test Results:
  MAE Energy Loss: 0.001096
  MAE Force Loss : 0.016686
