nohup: 忽略输入
/data5/store1/wry-u22/anaconda3/envs/py311/lib/python3.11/site-packages/torch_geometric/deprecation.py:26: UserWarning: 'data.DataLoader' is deprecated, use 'loader.DataLoader' instead
  warnings.warn(out)
cuda
Epoch   1 | Loss: 128.369087
Epoch   2 | Loss: 123.261963
Epoch   3 | Loss: 123.219189
Epoch   4 | Loss: 123.425142
Epoch   5 | Loss: 122.752985
Epoch   6 | Loss: 122.584040
Epoch   7 | Loss: 122.760771
Epoch   8 | Loss: 122.697113
Epoch   9 | Loss: 122.617443
Epoch  10 | Loss: 122.523394
Epoch  11 | Loss: 122.660326
Epoch  12 | Loss: 122.573389
Epoch  13 | Loss: 122.583218
Epoch  14 | Loss: 122.415884
Epoch  15 | Loss: 122.604046
Epoch  16 | Loss: 122.456156
Epoch  17 | Loss: 122.504734
Epoch  18 | Loss: 122.522385
Epoch  19 | Loss: 122.579197
Epoch  20 | Loss: 122.568491
Epoch  21 | Loss: 122.501976
Epoch  22 | Loss: 122.562290
Epoch  23 | Loss: 122.597429
Epoch  24 | Loss: 122.464737
Epoch  25 | Loss: 122.365646
Epoch  26 | Loss: 122.397032
Epoch  27 | Loss: 122.334805
Epoch  28 | Loss: 122.357483
Epoch  29 | Loss: 122.142786
Epoch  30 | Loss: 122.065029
Epoch  31 | Loss: 121.963387
Epoch  32 | Loss: 121.988783
Epoch  33 | Loss: 121.959824
Epoch  34 | Loss: 121.957422
Epoch  35 | Loss: 121.833462
Epoch  36 | Loss: 121.729141
Epoch  37 | Loss: 121.504158
Epoch  38 | Loss: 121.283550
Epoch  39 | Loss: 120.609392
Epoch  40 | Loss: 119.392736
Epoch  41 | Loss: 116.641859
Epoch  42 | Loss: 111.529448
Epoch  43 | Loss: 103.296942
Epoch  44 | Loss: 94.525599
Epoch  45 | Loss: 87.292164
Epoch  46 | Loss: 83.023140
Epoch  47 | Loss: 80.425758
Epoch  48 | Loss: 77.219143
Epoch  49 | Loss: 73.883562
Epoch  50 | Loss: 70.816011
Epoch  51 | Loss: 68.312574
Epoch  52 | Loss: 65.168115
Epoch  53 | Loss: 61.780683
Epoch  54 | Loss: 58.284094
Epoch  55 | Loss: 54.960030
Epoch  56 | Loss: 52.240129
Epoch  57 | Loss: 50.253013
Epoch  58 | Loss: 47.917114
Epoch  59 | Loss: 45.466716
Epoch  60 | Loss: 45.391819
Epoch  61 | Loss: 43.042466
Epoch  62 | Loss: 41.764067
Epoch  63 | Loss: 40.329057
Epoch  64 | Loss: 39.007374
Epoch  65 | Loss: 38.595328
Epoch  66 | Loss: 37.587049
Epoch  67 | Loss: 36.790932
Epoch  68 | Loss: 36.228336
Epoch  69 | Loss: 36.019526
Epoch  70 | Loss: 35.764078
Epoch  71 | Loss: 34.866295
Epoch  72 | Loss: 34.440829
Epoch  73 | Loss: 33.864012
Epoch  74 | Loss: 33.434290
Epoch  75 | Loss: 33.423177
Epoch  76 | Loss: 32.896949
Epoch  77 | Loss: 32.567391
Epoch  78 | Loss: 32.695594
Epoch  79 | Loss: 32.128788
Epoch  80 | Loss: 32.487151
Epoch  81 | Loss: 31.598193
Epoch  82 | Loss: 30.984087
Epoch  83 | Loss: 30.709282
Epoch  84 | Loss: 30.581425
Epoch  85 | Loss: 30.296869
Epoch  86 | Loss: 30.061584
Epoch  87 | Loss: 29.793805
Epoch  88 | Loss: 29.550327
Epoch  89 | Loss: 29.306278
Epoch  90 | Loss: 29.123823
Epoch  91 | Loss: 28.917188
Epoch  92 | Loss: 28.967995
Epoch  93 | Loss: 29.018734
Epoch  94 | Loss: 28.964691
Epoch  95 | Loss: 28.963590
Epoch  96 | Loss: 28.382972
Epoch  97 | Loss: 28.694054
Epoch  98 | Loss: 28.494887
Epoch  99 | Loss: 28.462595
Epoch 100 | Loss: 27.737352
Epoch 101 | Loss: 27.258678
Epoch 102 | Loss: 27.192934
Epoch 103 | Loss: 27.156650
Epoch 104 | Loss: 26.839354
Epoch 105 | Loss: 26.754727
Epoch 106 | Loss: 26.614508
Epoch 107 | Loss: 26.568395
Epoch 108 | Loss: 26.484982
Epoch 109 | Loss: 26.441515
Epoch 110 | Loss: 26.219338
Epoch 111 | Loss: 25.956596
Epoch 112 | Loss: 25.912923
Epoch 113 | Loss: 25.755378
Epoch 114 | Loss: 25.766467
Epoch 115 | Loss: 25.554940
Epoch 116 | Loss: 25.395016
Epoch 117 | Loss: 25.213346
Epoch 118 | Loss: 25.146016
Epoch 119 | Loss: 25.158544
Epoch 120 | Loss: 25.076595
Epoch 121 | Loss: 24.755864
Epoch 122 | Loss: 24.730273
Epoch 123 | Loss: 24.887023
Epoch 124 | Loss: 24.562249
Epoch 125 | Loss: 24.569643
Epoch 126 | Loss: 24.469767
Epoch 127 | Loss: 24.275401
Epoch 128 | Loss: 24.400968
Epoch 129 | Loss: 24.463861
Epoch 130 | Loss: 24.403958
Epoch 131 | Loss: 24.133129
Epoch 132 | Loss: 23.947828
Epoch 133 | Loss: 23.793394
Epoch 134 | Loss: 23.693717
Epoch 135 | Loss: 23.465535
Epoch 136 | Loss: 23.342252
Epoch 137 | Loss: 23.266562
Epoch 138 | Loss: 23.149919
Epoch 139 | Loss: 23.012959
Epoch 140 | Loss: 22.913607
Epoch 141 | Loss: 22.813602
Epoch 142 | Loss: 22.755817
Epoch 143 | Loss: 22.726641
Epoch 144 | Loss: 22.781143
Epoch 145 | Loss: 22.563731
Epoch 146 | Loss: 22.452695
Epoch 147 | Loss: 22.344738
Epoch 148 | Loss: 22.370796
Epoch 149 | Loss: 22.293464
Epoch 150 | Loss: 22.128825
Epoch 151 | Loss: 22.056798
Epoch 152 | Loss: 22.029814
Epoch 153 | Loss: 22.057522
Epoch 154 | Loss: 22.137719
Epoch 155 | Loss: 21.756986
Epoch 156 | Loss: 21.677835
Epoch 157 | Loss: 21.690625
Epoch 158 | Loss: 21.510292
Epoch 159 | Loss: 21.471848
Epoch 160 | Loss: 21.379130
Epoch 161 | Loss: 21.357577
Epoch 162 | Loss: 21.369027
Epoch 163 | Loss: 21.197374
Epoch 164 | Loss: 21.106062
Epoch 165 | Loss: 21.095670
Epoch 166 | Loss: 21.066904
Epoch 167 | Loss: 20.958475
Epoch 168 | Loss: 20.907934
Epoch 169 | Loss: 20.827494
Epoch 170 | Loss: 20.870105
Epoch 171 | Loss: 20.853113
Epoch 172 | Loss: 20.874354
Epoch 173 | Loss: 20.912810
Epoch 174 | Loss: 20.643377
Epoch 175 | Loss: 20.540065
Epoch 176 | Loss: 20.460753
Epoch 177 | Loss: 20.482096
Epoch 178 | Loss: 20.400181
Epoch 179 | Loss: 20.365564
Epoch 180 | Loss: 20.302610
Epoch 181 | Loss: 20.257624
Epoch 182 | Loss: 20.206270
Epoch 183 | Loss: 20.161675
Epoch 184 | Loss: 20.103127
Epoch 185 | Loss: 20.209116
Epoch 186 | Loss: 20.269400
Epoch 187 | Loss: 20.122100
Epoch 188 | Loss: 20.191315
Epoch 189 | Loss: 20.086363
Epoch 190 | Loss: 19.873102
Epoch 191 | Loss: 19.829885
Epoch 192 | Loss: 19.797316
Epoch 193 | Loss: 19.752733
Epoch 194 | Loss: 19.901565
Epoch 195 | Loss: 20.019206
Epoch 196 | Loss: 19.769425
Epoch 197 | Loss: 19.657949
Epoch 198 | Loss: 19.574211
Epoch 199 | Loss: 19.628962
Epoch 200 | Loss: 19.580840
Epoch 201 | Loss: 19.515340
Epoch 202 | Loss: 19.442281
Epoch 203 | Loss: 19.425132
Epoch 204 | Loss: 19.458917
Epoch 205 | Loss: 19.406502
Epoch 206 | Loss: 19.350236
Epoch 207 | Loss: 19.279864
Epoch 208 | Loss: 19.253492
Epoch 209 | Loss: 19.266346
Epoch 210 | Loss: 19.271250
Epoch 211 | Loss: 19.218660
Epoch 212 | Loss: 19.171355
Epoch 213 | Loss: 19.114274
Epoch 214 | Loss: 19.249633
Epoch 215 | Loss: 19.328105
Epoch 216 | Loss: 19.247638
Epoch 217 | Loss: 19.124290
Epoch 218 | Loss: 19.062349
Epoch 219 | Loss: 19.034372
Epoch 220 | Loss: 18.919714
Epoch 221 | Loss: 19.017836
Epoch 222 | Loss: 18.982075
Epoch 223 | Loss: 18.985062
Epoch 224 | Loss: 18.959574
Epoch 225 | Loss: 18.848655
Epoch 226 | Loss: 18.805000
Epoch 227 | Loss: 18.796089
Epoch 228 | Loss: 18.928525
Epoch 229 | Loss: 18.812736
Epoch 230 | Loss: 18.727609
Epoch 231 | Loss: 18.753499
Epoch 232 | Loss: 18.705921
Epoch 233 | Loss: 18.678402
Epoch 234 | Loss: 18.688169
Epoch 235 | Loss: 18.701384
Epoch 236 | Loss: 18.619135
Epoch 237 | Loss: 18.507417
Epoch 238 | Loss: 18.480186
Epoch 239 | Loss: 18.432958
Epoch 240 | Loss: 18.406016
Epoch 241 | Loss: 18.364852
Epoch 242 | Loss: 18.386576
Epoch 243 | Loss: 18.417080
Epoch 244 | Loss: 18.351223
Epoch 245 | Loss: 18.309293
Epoch 246 | Loss: 18.355537
Epoch 247 | Loss: 18.411427
Epoch 248 | Loss: 18.359102
Epoch 249 | Loss: 18.228424
Epoch 250 | Loss: 18.243624
Epoch 251 | Loss: 18.187973
Epoch 252 | Loss: 18.148059
Epoch 253 | Loss: 18.180053
Epoch 254 | Loss: 18.161764
Epoch 255 | Loss: 18.123692
Epoch 256 | Loss: 18.082292
Epoch 257 | Loss: 18.069868
Epoch 258 | Loss: 18.003238
Epoch 259 | Loss: 17.982540
Epoch 260 | Loss: 17.964801
Epoch 261 | Loss: 17.973145
Epoch 262 | Loss: 18.026698
Epoch 263 | Loss: 18.041068
Epoch 264 | Loss: 17.954589
Epoch 265 | Loss: 17.932974
Epoch 266 | Loss: 18.008314
Epoch 267 | Loss: 17.924361
Epoch 268 | Loss: 17.843536
Epoch 269 | Loss: 17.837723
Epoch 270 | Loss: 17.847442
Epoch 271 | Loss: 17.770223
Epoch 272 | Loss: 17.747290
Epoch 273 | Loss: 17.736889
Epoch 274 | Loss: 17.731939
Epoch 275 | Loss: 17.666213
Epoch 276 | Loss: 17.658587
Epoch 277 | Loss: 17.676044
Epoch 278 | Loss: 17.619914
Epoch 279 | Loss: 17.587093
Epoch 280 | Loss: 17.598245
Epoch 281 | Loss: 17.578331
Epoch 282 | Loss: 17.534731
Epoch 283 | Loss: 17.523360
Epoch 284 | Loss: 17.493165
Epoch 285 | Loss: 17.467901
Epoch 286 | Loss: 17.457689
Epoch 287 | Loss: 17.443471
Epoch 288 | Loss: 17.415871
Epoch 289 | Loss: 17.402702
Epoch 290 | Loss: 17.381159
Epoch 291 | Loss: 17.379526
Epoch 292 | Loss: 17.367891
Epoch 293 | Loss: 17.335889
Epoch 294 | Loss: 17.307272
Epoch 295 | Loss: 17.322271
Epoch 296 | Loss: 17.289118
Epoch 297 | Loss: 17.247007
Epoch 298 | Loss: 17.226272
Epoch 299 | Loss: 17.218620
Epoch 300 | Loss: 17.205791
Epoch 301 | Loss: 17.176168
Epoch 302 | Loss: 17.184096
Epoch 303 | Loss: 17.177921
Epoch 304 | Loss: 17.181537
Epoch 305 | Loss: 17.178996
Epoch 306 | Loss: 17.096579
Epoch 307 | Loss: 17.109101
Epoch 308 | Loss: 17.151762
Epoch 309 | Loss: 17.098318
Epoch 310 | Loss: 17.113974
Epoch 311 | Loss: 17.157611
Epoch 312 | Loss: 17.030426
Epoch 313 | Loss: 17.059531
Epoch 314 | Loss: 16.976703
Epoch 315 | Loss: 16.930393
Epoch 316 | Loss: 16.935246
Epoch 317 | Loss: 16.901435
Epoch 318 | Loss: 16.873336
Epoch 319 | Loss: 16.867370
Epoch 320 | Loss: 16.924369
Epoch 321 | Loss: 16.846614
Epoch 322 | Loss: 16.796719
Epoch 323 | Loss: 16.795251
Epoch 324 | Loss: 16.780524
Epoch 325 | Loss: 16.773137
Epoch 326 | Loss: 16.770491
Epoch 327 | Loss: 16.745958
Epoch 328 | Loss: 16.756929
Epoch 329 | Loss: 16.775084
Epoch 330 | Loss: 16.747802
Epoch 331 | Loss: 16.711442
Epoch 332 | Loss: 16.675344
Epoch 333 | Loss: 16.630492
Epoch 334 | Loss: 16.633548
Epoch 335 | Loss: 16.632338
Epoch 336 | Loss: 16.622572
Epoch 337 | Loss: 16.562658
Epoch 338 | Loss: 16.558295
Epoch 339 | Loss: 16.546848
Epoch 340 | Loss: 16.543194
Epoch 341 | Loss: 16.537178
Epoch 342 | Loss: 16.513959
Epoch 343 | Loss: 16.494110
Epoch 344 | Loss: 16.514105
Epoch 345 | Loss: 16.479473
Epoch 346 | Loss: 16.430774
Epoch 347 | Loss: 16.426000
Epoch 348 | Loss: 16.432006
Epoch 349 | Loss: 16.440437
Epoch 350 | Loss: 16.366177
Epoch 351 | Loss: 16.402221
Epoch 352 | Loss: 16.334925
Epoch 353 | Loss: 16.321378
Epoch 354 | Loss: 16.317723
Epoch 355 | Loss: 16.299285
Epoch 356 | Loss: 16.293913
Epoch 357 | Loss: 16.271875
Epoch 358 | Loss: 16.241992
Epoch 359 | Loss: 16.255274
Epoch 360 | Loss: 16.230344
Epoch 361 | Loss: 16.204293
Epoch 362 | Loss: 16.206142
Epoch 363 | Loss: 16.192161
Epoch 364 | Loss: 16.212032
Epoch 365 | Loss: 16.176814
Epoch 366 | Loss: 16.149776
Epoch 367 | Loss: 16.119138
Epoch 368 | Loss: 16.099291
Epoch 369 | Loss: 16.129722
Epoch 370 | Loss: 16.068760
Epoch 371 | Loss: 16.090119
Epoch 372 | Loss: 16.049273
Epoch 373 | Loss: 16.061241
Epoch 374 | Loss: 16.029054
Epoch 375 | Loss: 16.045349
Epoch 376 | Loss: 16.043296
Epoch 377 | Loss: 15.980995
Epoch 378 | Loss: 15.968382
Epoch 379 | Loss: 15.968896
Epoch 380 | Loss: 15.930538
Epoch 381 | Loss: 15.913712
Epoch 382 | Loss: 15.929877
Epoch 383 | Loss: 15.926340
Epoch 384 | Loss: 15.879817
Epoch 385 | Loss: 15.866181
Epoch 386 | Loss: 15.841812
Epoch 387 | Loss: 15.838105
Epoch 388 | Loss: 15.838596
Epoch 389 | Loss: 15.809584
Epoch 390 | Loss: 15.817643
Epoch 391 | Loss: 15.840779
Epoch 392 | Loss: 15.826662
Epoch 393 | Loss: 15.768440
Epoch 394 | Loss: 15.743898
Epoch 395 | Loss: 15.731035
Epoch 396 | Loss: 15.719553
Epoch 397 | Loss: 15.704111
Epoch 398 | Loss: 15.688824
Epoch 399 | Loss: 15.701754
Epoch 400 | Loss: 15.682825
/data5/store1/wry-u22/anaconda3/envs/py311/lib/python3.11/site-packages/torch_geometric/deprecation.py:26: UserWarning: 'data.DataLoader' is deprecated, use 'loader.DataLoader' instead
  warnings.warn(out)

Test Results:
  MAE Energy Loss: 0.002705
  MAE Force Loss : 0.029491
