/data5/store1/wry-u22/anaconda3/envs/py311/lib/python3.11/site-packages/torch_geometric/deprecation.py:26: UserWarning: 'data.DataLoader' is deprecated, use 'loader.DataLoader' instead
  warnings.warn(out)
cuda
Epoch   1 | Loss: 1060.899872
Epoch   2 | Loss: 1060.961105
Epoch   3 | Loss: 1060.855598
Epoch   4 | Loss: 1060.902557
Epoch   5 | Loss: 1060.543144
Epoch   6 | Loss: 1060.272507
Epoch   7 | Loss: 1061.620300
Epoch   8 | Loss: 1061.083832
Epoch   9 | Loss: 1058.666885
Epoch  10 | Loss: 1057.891304
Epoch  11 | Loss: 1050.784500
Epoch  12 | Loss: 1027.386185
Epoch  13 | Loss: 945.653946
Epoch  14 | Loss: 900.447586
Epoch  15 | Loss: 873.447861
Epoch  16 | Loss: 836.094254
Epoch  17 | Loss: 801.650932
Epoch  18 | Loss: 767.789696
Epoch  19 | Loss: 737.224770
Epoch  20 | Loss: 713.881485
Epoch  21 | Loss: 682.935242
Epoch  22 | Loss: 651.592003
Epoch  23 | Loss: 629.455956
Epoch  24 | Loss: 598.473396
Epoch  25 | Loss: 572.660004
Epoch  26 | Loss: 554.838951
Epoch  27 | Loss: 551.011215
Epoch  28 | Loss: 540.077034
Epoch  29 | Loss: 527.049179
Epoch  30 | Loss: 514.166634
Epoch  31 | Loss: 520.360802
Epoch  32 | Loss: 497.140636
Epoch  33 | Loss: 483.400116
Epoch  34 | Loss: 476.797626
Epoch  35 | Loss: 468.313644
Epoch  36 | Loss: 455.189205
Epoch  37 | Loss: 451.159042
Epoch  38 | Loss: 441.023712
Epoch  39 | Loss: 434.528702
Epoch  40 | Loss: 425.927849
Epoch  41 | Loss: 421.647537
Epoch  42 | Loss: 410.184174
Epoch  43 | Loss: 408.513336
Epoch  44 | Loss: 400.425800
Epoch  45 | Loss: 385.242931
Epoch  46 | Loss: 383.511242
Epoch  47 | Loss: 376.403446
Epoch  48 | Loss: 373.255661
Epoch  49 | Loss: 367.751057
Epoch  50 | Loss: 355.375282
Epoch  51 | Loss: 355.554935
Epoch  52 | Loss: 354.156078
Epoch  53 | Loss: 343.197193
Epoch  54 | Loss: 339.608372
Epoch  55 | Loss: 344.539646
Epoch  56 | Loss: 343.987751
Epoch  57 | Loss: 318.879013
Epoch  58 | Loss: 315.150539
Epoch  59 | Loss: 306.272068
Epoch  60 | Loss: 299.716953
Epoch  61 | Loss: 296.956738
Epoch  62 | Loss: 294.086842
Epoch  63 | Loss: 294.132309
Epoch  64 | Loss: 313.863888
Epoch  65 | Loss: 306.464157
Epoch  66 | Loss: 286.096947
Epoch  67 | Loss: 281.895840
Epoch  68 | Loss: 281.755718
Epoch  69 | Loss: 290.415855
Epoch  70 | Loss: 272.226553
Epoch  71 | Loss: 257.885277
Epoch  72 | Loss: 252.762640
Epoch  73 | Loss: 251.846476
Epoch  74 | Loss: 245.685898
Epoch  75 | Loss: 242.707176
Epoch  76 | Loss: 243.056738
Epoch  77 | Loss: 235.217976
Epoch  78 | Loss: 237.460625
Epoch  79 | Loss: 236.766607
Epoch  80 | Loss: 231.573002
Epoch  81 | Loss: 234.650562
Epoch  82 | Loss: 234.626242
Epoch  83 | Loss: 235.182272
Epoch  84 | Loss: 234.786495
Epoch  85 | Loss: 224.079628
Epoch  86 | Loss: 220.735590
Epoch  87 | Loss: 217.026087
Epoch  88 | Loss: 217.404585
Epoch  89 | Loss: 213.693151
Epoch  90 | Loss: 214.207098
Epoch  91 | Loss: 218.272791
Epoch  92 | Loss: 213.966644
Epoch  93 | Loss: 216.678354
Epoch  94 | Loss: 218.825001
Epoch  95 | Loss: 217.559162
Epoch  96 | Loss: 215.732410
Epoch  97 | Loss: 209.880589
Epoch  98 | Loss: 206.716761
Epoch  99 | Loss: 207.218554
Epoch 100 | Loss: 203.725760
Epoch 101 | Loss: 201.497776
Epoch 102 | Loss: 210.347792
Epoch 103 | Loss: 206.804882
Epoch 104 | Loss: 201.482298
Epoch 105 | Loss: 198.560471
Epoch 106 | Loss: 199.043152
Epoch 107 | Loss: 196.686226
Epoch 108 | Loss: 195.756863
Epoch 109 | Loss: 201.213064
Epoch 110 | Loss: 205.764166
Epoch 111 | Loss: 199.120661
Epoch 112 | Loss: 193.138693
Epoch 113 | Loss: 193.545715
Epoch 114 | Loss: 192.925671
Epoch 115 | Loss: 194.105513
Epoch 116 | Loss: 190.584379
Epoch 117 | Loss: 190.196533
Epoch 118 | Loss: 191.209249
Epoch 119 | Loss: 190.560955
Epoch 120 | Loss: 189.180176
Epoch 121 | Loss: 198.381475
Epoch 122 | Loss: 193.191914
Epoch 123 | Loss: 192.412373
Epoch 124 | Loss: 192.862602
Epoch 125 | Loss: 193.900280
Epoch 126 | Loss: 202.289351
Epoch 127 | Loss: 193.015217
Epoch 128 | Loss: 189.726547
Epoch 129 | Loss: 191.611912
Epoch 130 | Loss: 187.322067
Epoch 131 | Loss: 190.697262
Epoch 132 | Loss: 186.852215
Epoch 133 | Loss: 186.315479
Epoch 134 | Loss: 181.622475
Epoch 135 | Loss: 182.026327
Epoch 136 | Loss: 185.077007
Epoch 137 | Loss: 200.733221
Epoch 138 | Loss: 190.466095
Epoch 139 | Loss: 183.153284
Epoch 140 | Loss: 184.558783
Epoch 141 | Loss: 181.558535
Epoch 142 | Loss: 179.020935
Epoch 143 | Loss: 180.493576
Epoch 144 | Loss: 178.368801
Epoch 145 | Loss: 179.690987
Epoch 146 | Loss: 178.963305
Epoch 147 | Loss: 183.734165
Epoch 148 | Loss: 182.458986
Epoch 149 | Loss: 176.787642
Epoch 150 | Loss: 180.396900
Epoch 151 | Loss: 182.354948
Epoch 152 | Loss: 179.177864
Epoch 153 | Loss: 175.407053
Epoch 154 | Loss: 173.826241
Epoch 155 | Loss: 173.359772
Epoch 156 | Loss: 178.076305
Epoch 157 | Loss: 176.965511
Epoch 158 | Loss: 173.323112
Epoch 159 | Loss: 172.528728
Epoch 160 | Loss: 171.201683
Epoch 161 | Loss: 178.428492
Epoch 162 | Loss: 174.986719
Epoch 163 | Loss: 171.381439
Epoch 164 | Loss: 168.826876
Epoch 165 | Loss: 169.840099
Epoch 166 | Loss: 169.834145
Epoch 167 | Loss: 174.997484
Epoch 168 | Loss: 171.670546
Epoch 169 | Loss: 173.481062
Epoch 170 | Loss: 172.399410
Epoch 171 | Loss: 169.230089
Epoch 172 | Loss: 170.049614
Epoch 173 | Loss: 170.061167
Epoch 174 | Loss: 168.086676
Epoch 175 | Loss: 168.818289
Epoch 176 | Loss: 169.212990
Epoch 177 | Loss: 172.752733
Epoch 178 | Loss: 167.111443
Epoch 179 | Loss: 165.225517
Epoch 180 | Loss: 167.129032
Epoch 181 | Loss: 166.325174
Epoch 182 | Loss: 165.800486
Epoch 183 | Loss: 164.224424
Epoch 184 | Loss: 163.675440
Epoch 185 | Loss: 162.672071
Epoch 186 | Loss: 161.822208
Epoch 187 | Loss: 161.782948
Epoch 188 | Loss: 162.079899
Epoch 189 | Loss: 163.430065
Epoch 190 | Loss: 170.858114
Epoch 191 | Loss: 171.105635
Epoch 192 | Loss: 167.275866
Epoch 193 | Loss: 160.924377
Epoch 194 | Loss: 161.223118
Epoch 195 | Loss: 162.886723
Epoch 196 | Loss: 161.464802
Epoch 197 | Loss: 164.814779
Epoch 198 | Loss: 164.852196
Epoch 199 | Loss: 161.203466
Epoch 200 | Loss: 158.493101
Epoch 201 | Loss: 162.114519
Epoch 202 | Loss: 158.642174
Epoch 203 | Loss: 160.100021
Epoch 204 | Loss: 162.051409
Epoch 205 | Loss: 157.093786
Epoch 206 | Loss: 156.710205
Epoch 207 | Loss: 157.243458
Epoch 208 | Loss: 156.590591
Epoch 209 | Loss: 155.859465
Epoch 210 | Loss: 158.287355
Epoch 211 | Loss: 158.355297
Epoch 212 | Loss: 158.031630
Epoch 213 | Loss: 155.783155
Epoch 214 | Loss: 158.393925
Epoch 215 | Loss: 156.177452
Epoch 216 | Loss: 161.383560
Epoch 217 | Loss: 159.900345
Epoch 218 | Loss: 154.303448
Epoch 219 | Loss: 155.636272
Epoch 220 | Loss: 158.387505
Epoch 221 | Loss: 161.243958
Epoch 222 | Loss: 160.095243
Epoch 223 | Loss: 155.385220
Epoch 224 | Loss: 156.074516
Epoch 225 | Loss: 155.245420
Epoch 226 | Loss: 151.343241
Epoch 227 | Loss: 151.320824
Epoch 228 | Loss: 152.305323
Epoch 229 | Loss: 158.687199
Epoch 230 | Loss: 159.464550
Epoch 231 | Loss: 157.372492
Epoch 232 | Loss: 152.769020
Epoch 233 | Loss: 154.962425
Epoch 234 | Loss: 152.330379
Epoch 235 | Loss: 150.972763
Epoch 236 | Loss: 153.949350
Epoch 237 | Loss: 153.977388
Epoch 238 | Loss: 154.751389
Epoch 239 | Loss: 157.702497
Epoch 240 | Loss: 153.540396
Epoch 241 | Loss: 150.344330
Epoch 242 | Loss: 149.060822
Epoch 243 | Loss: 151.561768
Epoch 244 | Loss: 152.371328
Epoch 245 | Loss: 147.804836
Epoch 246 | Loss: 146.884348
Epoch 247 | Loss: 147.380457
Epoch 248 | Loss: 145.926950
Epoch 249 | Loss: 145.708652
Epoch 250 | Loss: 147.240072
Epoch 251 | Loss: 147.374437
Epoch 252 | Loss: 145.264402
Epoch 253 | Loss: 145.851097
Epoch 254 | Loss: 145.298388
Epoch 255 | Loss: 148.626047
Epoch 256 | Loss: 150.226311
Epoch 257 | Loss: 144.255842
Epoch 258 | Loss: 149.135059
Epoch 259 | Loss: 144.082216
Epoch 260 | Loss: 144.643234
Epoch 261 | Loss: 144.397554
Epoch 262 | Loss: 145.007381
Epoch 263 | Loss: 146.820398
Epoch 264 | Loss: 144.717922
Epoch 265 | Loss: 144.206261
Epoch 266 | Loss: 146.041912
Epoch 267 | Loss: 144.639637
Epoch 268 | Loss: 143.122929
Epoch 269 | Loss: 143.049519
Epoch 270 | Loss: 140.814447
Epoch 271 | Loss: 140.706490
Epoch 272 | Loss: 143.214203
Epoch 273 | Loss: 145.586315
Epoch 274 | Loss: 143.620466
Epoch 275 | Loss: 141.769474
Epoch 276 | Loss: 142.112604
Epoch 277 | Loss: 141.988718
Epoch 278 | Loss: 140.310476
Epoch 279 | Loss: 139.775179
Epoch 280 | Loss: 140.604080
Epoch 281 | Loss: 140.670586
Epoch 282 | Loss: 139.494122
Epoch 283 | Loss: 138.388752
Epoch 284 | Loss: 137.849701
Epoch 285 | Loss: 141.221508
Epoch 286 | Loss: 138.454023
Epoch 287 | Loss: 138.392918
Epoch 288 | Loss: 137.145292
Epoch 289 | Loss: 138.376575
Epoch 290 | Loss: 137.005022
Epoch 291 | Loss: 138.746855
Epoch 292 | Loss: 139.587616
Epoch 293 | Loss: 138.130342
Epoch 294 | Loss: 136.178278
Epoch 295 | Loss: 136.759249
Epoch 296 | Loss: 135.454521
Epoch 297 | Loss: 135.659370
Epoch 298 | Loss: 137.937025
Epoch 299 | Loss: 135.803122
Epoch 300 | Loss: 137.190613
Epoch 301 | Loss: 140.447681
Epoch 302 | Loss: 136.966051
Epoch 303 | Loss: 133.667091
Epoch 304 | Loss: 135.504097
Epoch 305 | Loss: 135.787175
Epoch 306 | Loss: 136.540007
Epoch 307 | Loss: 132.878901
Epoch 308 | Loss: 132.504405
Epoch 309 | Loss: 134.930521
Epoch 310 | Loss: 131.859812
Epoch 311 | Loss: 132.828999
Epoch 312 | Loss: 135.268436
Epoch 313 | Loss: 140.518936
Epoch 314 | Loss: 148.765118
Epoch 315 | Loss: 141.830376
Epoch 316 | Loss: 137.067747
Epoch 317 | Loss: 130.217357
Epoch 318 | Loss: 131.023321
Epoch 319 | Loss: 138.957800
Epoch 320 | Loss: 135.754438
Epoch 321 | Loss: 130.756133
Epoch 322 | Loss: 129.025026
Epoch 323 | Loss: 131.396725
Epoch 324 | Loss: 129.827456
Epoch 325 | Loss: 134.406907
Epoch 326 | Loss: 132.891289
Epoch 327 | Loss: 129.519072
Epoch 328 | Loss: 128.072107
Epoch 329 | Loss: 129.469215
Epoch 330 | Loss: 131.779803
Epoch 331 | Loss: 130.632377
Epoch 332 | Loss: 132.169051
Epoch 333 | Loss: 131.406483
Epoch 334 | Loss: 132.669432
Epoch 335 | Loss: 126.274668
Epoch 336 | Loss: 128.747913
Epoch 337 | Loss: 130.461757
Epoch 338 | Loss: 127.971981
Epoch 339 | Loss: 126.591675
Epoch 340 | Loss: 126.898350
Epoch 341 | Loss: 129.189790
Epoch 342 | Loss: 129.168787
Epoch 343 | Loss: 127.418689
Epoch 344 | Loss: 129.920776
Epoch 345 | Loss: 127.896279
Epoch 346 | Loss: 126.930717
Epoch 347 | Loss: 127.264709
Epoch 348 | Loss: 130.202317
Epoch 349 | Loss: 125.688714
Epoch 350 | Loss: 123.835769
Epoch 351 | Loss: 125.676423
Epoch 352 | Loss: 124.594432
Epoch 353 | Loss: 126.402135
Epoch 354 | Loss: 125.197636
Epoch 355 | Loss: 124.332122
Epoch 356 | Loss: 122.771797
Epoch 357 | Loss: 122.744650
Epoch 358 | Loss: 123.445162
Epoch 359 | Loss: 125.097795
Epoch 360 | Loss: 127.208102
Epoch 361 | Loss: 124.654035
Epoch 362 | Loss: 127.544062
Epoch 363 | Loss: 132.213759
Epoch 364 | Loss: 134.310877
Epoch 365 | Loss: 123.245197
Epoch 366 | Loss: 121.254869
Epoch 367 | Loss: 120.868341
Epoch 368 | Loss: 120.469240
Epoch 369 | Loss: 120.207333
Epoch 370 | Loss: 120.607827
Epoch 371 | Loss: 122.042850
Epoch 372 | Loss: 121.497002
Epoch 373 | Loss: 122.291445
Epoch 374 | Loss: 121.853601
Epoch 375 | Loss: 124.890606
Epoch 376 | Loss: 121.728149
Epoch 377 | Loss: 119.119825
Epoch 378 | Loss: 119.374062
Epoch 379 | Loss: 120.771326
Epoch 380 | Loss: 118.145036
Epoch 381 | Loss: 117.482957
Epoch 382 | Loss: 117.663701
Epoch 383 | Loss: 120.005121
Epoch 384 | Loss: 120.544411
Epoch 385 | Loss: 126.181499
Epoch 386 | Loss: 122.320543
Epoch 387 | Loss: 119.885153
Epoch 388 | Loss: 117.204056
Epoch 389 | Loss: 117.118541
Epoch 390 | Loss: 116.886658
Epoch 391 | Loss: 116.605113
Epoch 392 | Loss: 116.559096
Epoch 393 | Loss: 115.437401
Epoch 394 | Loss: 115.392245
Epoch 395 | Loss: 116.128014
Epoch 396 | Loss: 117.555664
Epoch 397 | Loss: 117.054199
Epoch 398 | Loss: 115.274104
Epoch 399 | Loss: 115.332725
Epoch 400 | Loss: 115.809898
Epoch 401 | Loss: 114.599620
Epoch 402 | Loss: 116.714275
Epoch 403 | Loss: 116.458933
Epoch 404 | Loss: 114.026722
Epoch 405 | Loss: 116.709034
Epoch 406 | Loss: 117.399352
Epoch 407 | Loss: 116.827917
Epoch 408 | Loss: 112.817990
Epoch 409 | Loss: 114.329765
Epoch 410 | Loss: 113.644720
Epoch 411 | Loss: 112.787093
Epoch 412 | Loss: 111.859043
Epoch 413 | Loss: 114.614511
Epoch 414 | Loss: 114.766714
Epoch 415 | Loss: 111.971207
Epoch 416 | Loss: 111.617711
Epoch 417 | Loss: 111.763043
Epoch 418 | Loss: 112.310598
Epoch 419 | Loss: 112.450157
Epoch 420 | Loss: 111.338981
Epoch 421 | Loss: 110.611442
Epoch 422 | Loss: 110.887095
Epoch 423 | Loss: 113.536278
Epoch 424 | Loss: 112.033489
Epoch 425 | Loss: 109.535481
Epoch 426 | Loss: 110.810675
Epoch 427 | Loss: 108.867472
Epoch 428 | Loss: 109.128426
Epoch 429 | Loss: 113.268370
Epoch 430 | Loss: 108.468457
Epoch 431 | Loss: 108.020240
Epoch 432 | Loss: 107.816784
Epoch 433 | Loss: 111.986283
Epoch 434 | Loss: 109.835272
Epoch 435 | Loss: 106.488720
Epoch 436 | Loss: 108.081588
Epoch 437 | Loss: 108.115476
Epoch 438 | Loss: 107.304457
Epoch 439 | Loss: 106.498786
Epoch 440 | Loss: 108.107471
Epoch 441 | Loss: 108.479254
Epoch 442 | Loss: 108.194977
Epoch 443 | Loss: 105.362185
Epoch 444 | Loss: 107.757376
Epoch 445 | Loss: 105.076333
Epoch 446 | Loss: 105.456882
Epoch 447 | Loss: 105.527070
Epoch 448 | Loss: 107.206015
Epoch 449 | Loss: 105.122606
Epoch 450 | Loss: 107.861575
Epoch 451 | Loss: 108.504341
Epoch 452 | Loss: 104.515286
Epoch 453 | Loss: 109.455235
Epoch 454 | Loss: 104.775461
Epoch 455 | Loss: 104.855656
Epoch 456 | Loss: 103.649899
Epoch 457 | Loss: 106.407525
Epoch 458 | Loss: 106.693445
Epoch 459 | Loss: 102.699931
Epoch 460 | Loss: 103.872702
Epoch 461 | Loss: 104.063969
Epoch 462 | Loss: 104.163787
Epoch 463 | Loss: 102.162431
Epoch 464 | Loss: 103.462870
Epoch 465 | Loss: 101.639516
Epoch 466 | Loss: 100.792267
Epoch 467 | Loss: 101.923559
Epoch 468 | Loss: 101.560437
Epoch 469 | Loss: 102.730791
Epoch 470 | Loss: 101.696806
Epoch 471 | Loss: 108.682335
Epoch 472 | Loss: 106.987656
Epoch 473 | Loss: 101.921192
Epoch 474 | Loss: 102.878452
Epoch 475 | Loss: 99.807441
Epoch 476 | Loss: 99.518310
Epoch 477 | Loss: 100.725341
Epoch 478 | Loss: 102.134720
Epoch 479 | Loss: 99.926130
Epoch 480 | Loss: 100.874815
Epoch 481 | Loss: 105.599467
Epoch 482 | Loss: 104.645640
Epoch 483 | Loss: 104.818200
Epoch 484 | Loss: 101.211179
Epoch 485 | Loss: 98.810930
Epoch 486 | Loss: 99.788418
Epoch 487 | Loss: 97.246061
Epoch 488 | Loss: 97.712707
Epoch 489 | Loss: 97.811511
Epoch 490 | Loss: 100.134847
Epoch 491 | Loss: 101.389101
Epoch 492 | Loss: 99.394258
Epoch 493 | Loss: 97.523818
Epoch 494 | Loss: 97.377945
Epoch 495 | Loss: 96.966908
Epoch 496 | Loss: 96.859119
Epoch 497 | Loss: 95.648457
Epoch 498 | Loss: 95.379139
Epoch 499 | Loss: 95.427163
Epoch 500 | Loss: 95.787673
Epoch 501 | Loss: 97.024003
Epoch 502 | Loss: 97.392205
Epoch 503 | Loss: 98.448698
Epoch 504 | Loss: 94.948208
Epoch 505 | Loss: 95.032565
Epoch 506 | Loss: 95.491197
Epoch 507 | Loss: 95.195666
Epoch 508 | Loss: 97.315715
Epoch 509 | Loss: 97.660961
Epoch 510 | Loss: 97.574933
Epoch 511 | Loss: 96.474928
Epoch 512 | Loss: 98.334728
Epoch 513 | Loss: 96.703895
Epoch 514 | Loss: 96.641945
Epoch 515 | Loss: 95.373415
Epoch 516 | Loss: 94.375734
Epoch 517 | Loss: 96.001643
Epoch 518 | Loss: 93.675917
Epoch 519 | Loss: 93.616690
Epoch 520 | Loss: 93.373560
Epoch 521 | Loss: 95.211119
Epoch 522 | Loss: 94.005672
Epoch 523 | Loss: 95.362737
Epoch 524 | Loss: 92.202324
Epoch 525 | Loss: 91.429598
Epoch 526 | Loss: 91.442909
Epoch 527 | Loss: 92.011562
Epoch 528 | Loss: 91.414890
Epoch 529 | Loss: 92.451726
Epoch 530 | Loss: 92.928157
Epoch 531 | Loss: 90.365135
Epoch 532 | Loss: 90.435699
Epoch 533 | Loss: 91.008002
Epoch 534 | Loss: 95.571424
Epoch 535 | Loss: 95.963495
Epoch 536 | Loss: 91.474087
Epoch 537 | Loss: 89.465192
Epoch 538 | Loss: 89.936411
Epoch 539 | Loss: 89.533347
Epoch 540 | Loss: 90.932029
Epoch 541 | Loss: 91.531218
Epoch 542 | Loss: 90.194048
Epoch 543 | Loss: 88.698392
Epoch 544 | Loss: 89.070415
Epoch 545 | Loss: 89.740804
Epoch 546 | Loss: 92.577869
Epoch 547 | Loss: 90.761456
Epoch 548 | Loss: 92.445396
Epoch 549 | Loss: 88.138240
Epoch 550 | Loss: 88.502897
Epoch 551 | Loss: 90.592230
Epoch 552 | Loss: 89.391052
Epoch 553 | Loss: 88.600967
Epoch 554 | Loss: 90.710645
Epoch 555 | Loss: 90.548304
Epoch 556 | Loss: 89.641792
Epoch 557 | Loss: 92.052289
Epoch 558 | Loss: 89.437813
Epoch 559 | Loss: 91.991291
Epoch 560 | Loss: 87.622601
Epoch 561 | Loss: 87.166137
Epoch 562 | Loss: 88.102824
Epoch 563 | Loss: 86.891634
Epoch 564 | Loss: 87.975423
Epoch 565 | Loss: 87.100941
Epoch 566 | Loss: 88.135083
Epoch 567 | Loss: 88.985842
Epoch 568 | Loss: 87.866188
Epoch 569 | Loss: 89.298973
Epoch 570 | Loss: 88.104018
Epoch 571 | Loss: 87.490560
Epoch 572 | Loss: 88.027326
Epoch 573 | Loss: 86.432308
Epoch 574 | Loss: 88.490913
Epoch 575 | Loss: 86.631831
Epoch 576 | Loss: 87.518072
Epoch 577 | Loss: 86.656173
Epoch 578 | Loss: 86.271718
Epoch 579 | Loss: 85.865632
Epoch 580 | Loss: 87.837382
Epoch 581 | Loss: 88.185981
Epoch 582 | Loss: 90.080997
Epoch 583 | Loss: 87.888937
Epoch 584 | Loss: 86.429133
Epoch 585 | Loss: 84.660083
Epoch 586 | Loss: 84.319077
Epoch 587 | Loss: 85.023137
Epoch 588 | Loss: 85.678373
Epoch 589 | Loss: 85.473675
Epoch 590 | Loss: 89.721503
Epoch 591 | Loss: 86.017888
Epoch 592 | Loss: 87.087207
Epoch 593 | Loss: 87.549809
Epoch 594 | Loss: 87.581100
Epoch 595 | Loss: 86.211219
Epoch 596 | Loss: 84.206788
Epoch 597 | Loss: 84.528860
Epoch 598 | Loss: 83.406451
Epoch 599 | Loss: 83.921503
Epoch 600 | Loss: 83.704863
/data5/store1/wry-u22/anaconda3/envs/py311/lib/python3.11/site-packages/torch_geometric/deprecation.py:26: UserWarning: 'data.DataLoader' is deprecated, use 'loader.DataLoader' instead
  warnings.warn(out)

Test Results:
  MAE Energy Loss: 0.011582
  MAE Force Loss : 0.073104
