nohup: 忽略输入
/data5/store1/wry-u22/anaconda3/envs/py311/lib/python3.11/site-packages/torch_geometric/deprecation.py:26: UserWarning: 'data.DataLoader' is deprecated, use 'loader.DataLoader' instead
  warnings.warn(out)
cuda
Epoch   1 | Loss: 956.125580
Epoch   2 | Loss: 946.148857
Epoch   3 | Loss: 940.834641
Epoch   4 | Loss: 939.267761
Epoch   5 | Loss: 939.861084
Epoch   6 | Loss: 940.324890
Epoch   7 | Loss: 937.941032
Epoch   8 | Loss: 940.326332
Epoch   9 | Loss: 938.313332
Epoch  10 | Loss: 937.914940
Epoch  11 | Loss: 939.723595
Epoch  12 | Loss: 938.980057
Epoch  13 | Loss: 938.275032
Epoch  14 | Loss: 936.856735
Epoch  15 | Loss: 936.748520
Epoch  16 | Loss: 936.735649
Epoch  17 | Loss: 935.361847
Epoch  18 | Loss: 932.511894
Epoch  19 | Loss: 928.475136
Epoch  20 | Loss: 919.120041
Epoch  21 | Loss: 907.140404
Epoch  22 | Loss: 900.316704
Epoch  23 | Loss: 883.317497
Epoch  24 | Loss: 856.493996
Epoch  25 | Loss: 813.053398
Epoch  26 | Loss: 769.331841
Epoch  27 | Loss: 732.889839
Epoch  28 | Loss: 698.467720
Epoch  29 | Loss: 671.587326
Epoch  30 | Loss: 646.590988
Epoch  31 | Loss: 627.324852
Epoch  32 | Loss: 606.857994
Epoch  33 | Loss: 587.116249
Epoch  34 | Loss: 571.058311
Epoch  35 | Loss: 549.243752
Epoch  36 | Loss: 530.982277
Epoch  37 | Loss: 507.657970
Epoch  38 | Loss: 484.704510
Epoch  39 | Loss: 462.391579
Epoch  40 | Loss: 441.188118
Epoch  41 | Loss: 424.202591
Epoch  42 | Loss: 408.398415
Epoch  43 | Loss: 392.175846
Epoch  44 | Loss: 376.474457
Epoch  45 | Loss: 360.856323
Epoch  46 | Loss: 347.887466
Epoch  47 | Loss: 332.326023
Epoch  48 | Loss: 319.932831
Epoch  49 | Loss: 307.906723
Epoch  50 | Loss: 296.634468
Epoch  51 | Loss: 288.447727
Epoch  52 | Loss: 278.693787
Epoch  53 | Loss: 270.633085
Epoch  54 | Loss: 263.193594
Epoch  55 | Loss: 255.450619
Epoch  56 | Loss: 249.865786
Epoch  57 | Loss: 244.161516
Epoch  58 | Loss: 239.151564
Epoch  59 | Loss: 235.569046
Epoch  60 | Loss: 228.317581
Epoch  61 | Loss: 224.042103
Epoch  62 | Loss: 219.744495
Epoch  63 | Loss: 215.829954
Epoch  64 | Loss: 213.431616
Epoch  65 | Loss: 209.678114
Epoch  66 | Loss: 206.343475
Epoch  67 | Loss: 206.552883
Epoch  68 | Loss: 203.555805
Epoch  69 | Loss: 200.992952
Epoch  70 | Loss: 195.352549
Epoch  71 | Loss: 191.557926
Epoch  72 | Loss: 191.130157
Epoch  73 | Loss: 187.816818
Epoch  74 | Loss: 187.592266
Epoch  75 | Loss: 184.938511
Epoch  76 | Loss: 182.141884
Epoch  77 | Loss: 180.201435
Epoch  78 | Loss: 177.909325
Epoch  79 | Loss: 175.868586
Epoch  80 | Loss: 174.341585
Epoch  81 | Loss: 172.359871
Epoch  82 | Loss: 170.873098
Epoch  83 | Loss: 169.158808
Epoch  84 | Loss: 167.567808
Epoch  85 | Loss: 166.696642
Epoch  86 | Loss: 165.388798
Epoch  87 | Loss: 164.273720
Epoch  88 | Loss: 165.332335
Epoch  89 | Loss: 161.725426
Epoch  90 | Loss: 160.760180
Epoch  91 | Loss: 158.292887
Epoch  92 | Loss: 157.465658
Epoch  93 | Loss: 156.475985
Epoch  94 | Loss: 154.867010
Epoch  95 | Loss: 152.791712
Epoch  96 | Loss: 151.458296
Epoch  97 | Loss: 150.931255
Epoch  98 | Loss: 149.363720
Epoch  99 | Loss: 147.827990
Epoch 100 | Loss: 146.498281
Epoch 101 | Loss: 145.266462
Epoch 102 | Loss: 144.135857
Epoch 103 | Loss: 143.090427
Epoch 104 | Loss: 141.919828
Epoch 105 | Loss: 141.801876
Epoch 106 | Loss: 140.123898
Epoch 107 | Loss: 138.515928
Epoch 108 | Loss: 137.933735
Epoch 109 | Loss: 136.822611
Epoch 110 | Loss: 135.426999
Epoch 111 | Loss: 134.553927
Epoch 112 | Loss: 133.691502
Epoch 113 | Loss: 132.919806
Epoch 114 | Loss: 131.768841
Epoch 115 | Loss: 130.856687
Epoch 116 | Loss: 129.969039
Epoch 117 | Loss: 132.398263
Epoch 118 | Loss: 132.392625
Epoch 119 | Loss: 128.395383
Epoch 120 | Loss: 125.956236
Epoch 121 | Loss: 125.296077
Epoch 122 | Loss: 124.855733
Epoch 123 | Loss: 123.927179
Epoch 124 | Loss: 123.512696
Epoch 125 | Loss: 122.125328
Epoch 126 | Loss: 121.496717
Epoch 127 | Loss: 120.775290
Epoch 128 | Loss: 120.640162
Epoch 129 | Loss: 119.780263
Epoch 130 | Loss: 118.655050
Epoch 131 | Loss: 117.953129
Epoch 132 | Loss: 117.022532
Epoch 133 | Loss: 117.326659
Epoch 134 | Loss: 116.215715
Epoch 135 | Loss: 115.494911
Epoch 136 | Loss: 115.546620
Epoch 137 | Loss: 114.695809
Epoch 138 | Loss: 114.385892
Epoch 139 | Loss: 113.621353
Epoch 140 | Loss: 113.199715
Epoch 141 | Loss: 112.503300
Epoch 142 | Loss: 111.109347
Epoch 143 | Loss: 111.024060
Epoch 144 | Loss: 110.376826
Epoch 145 | Loss: 109.833476
Epoch 146 | Loss: 109.127796
Epoch 147 | Loss: 108.945728
Epoch 148 | Loss: 108.270374
Epoch 149 | Loss: 109.052397
Epoch 150 | Loss: 109.044374
Epoch 151 | Loss: 107.876479
Epoch 152 | Loss: 106.545878
Epoch 153 | Loss: 106.119493
Epoch 154 | Loss: 105.781342
Epoch 155 | Loss: 105.424929
Epoch 156 | Loss: 104.288551
Epoch 157 | Loss: 103.898918
Epoch 158 | Loss: 103.371793
Epoch 159 | Loss: 102.670749
Epoch 160 | Loss: 103.304642
Epoch 161 | Loss: 102.487025
Epoch 162 | Loss: 101.898065
Epoch 163 | Loss: 101.881763
Epoch 164 | Loss: 100.909207
Epoch 165 | Loss: 100.518122
Epoch 166 | Loss: 100.040144
Epoch 167 | Loss: 99.845250
Epoch 168 | Loss: 99.390832
Epoch 169 | Loss: 99.582463
Epoch 170 | Loss: 99.061664
Epoch 171 | Loss: 99.007632
Epoch 172 | Loss: 99.656957
Epoch 173 | Loss: 99.110946
Epoch 174 | Loss: 97.398487
Epoch 175 | Loss: 96.406226
Epoch 176 | Loss: 95.666103
Epoch 177 | Loss: 95.677001
Epoch 178 | Loss: 95.668481
Epoch 179 | Loss: 94.678953
Epoch 180 | Loss: 94.470587
Epoch 181 | Loss: 94.218431
Epoch 182 | Loss: 93.479413
Epoch 183 | Loss: 93.218361
Epoch 184 | Loss: 93.719978
Epoch 185 | Loss: 93.143056
Epoch 186 | Loss: 92.605005
Epoch 187 | Loss: 91.933446
Epoch 188 | Loss: 92.063035
Epoch 189 | Loss: 91.593595
Epoch 190 | Loss: 90.651477
Epoch 191 | Loss: 90.404847
Epoch 192 | Loss: 89.843773
Epoch 193 | Loss: 89.899898
Epoch 194 | Loss: 89.409904
Epoch 195 | Loss: 89.184794
Epoch 196 | Loss: 88.476233
Epoch 197 | Loss: 87.945961
Epoch 198 | Loss: 87.950967
Epoch 199 | Loss: 88.297184
Epoch 200 | Loss: 88.096132
Epoch 201 | Loss: 87.136245
Epoch 202 | Loss: 86.558405
Epoch 203 | Loss: 86.280824
Epoch 204 | Loss: 85.835505
Epoch 205 | Loss: 85.429332
Epoch 206 | Loss: 85.934364
Epoch 207 | Loss: 85.826712
Epoch 208 | Loss: 84.737832
Epoch 209 | Loss: 84.487815
Epoch 210 | Loss: 84.161993
Epoch 211 | Loss: 83.879213
Epoch 212 | Loss: 83.168599
Epoch 213 | Loss: 83.695381
Epoch 214 | Loss: 83.205666
Epoch 215 | Loss: 83.560284
Epoch 216 | Loss: 82.226366
Epoch 217 | Loss: 82.112640
Epoch 218 | Loss: 81.507246
Epoch 219 | Loss: 81.501302
Epoch 220 | Loss: 81.002917
Epoch 221 | Loss: 81.060852
Epoch 222 | Loss: 80.395818
Epoch 223 | Loss: 80.473228
Epoch 224 | Loss: 79.957470
Epoch 225 | Loss: 80.545020
Epoch 226 | Loss: 80.601087
Epoch 227 | Loss: 79.069584
Epoch 228 | Loss: 79.117676
Epoch 229 | Loss: 78.716797
Epoch 230 | Loss: 80.206120
Epoch 231 | Loss: 80.524131
Epoch 232 | Loss: 78.793961
Epoch 233 | Loss: 78.729263
Epoch 234 | Loss: 78.904305
Epoch 235 | Loss: 77.692221
Epoch 236 | Loss: 76.922313
Epoch 237 | Loss: 76.535757
Epoch 238 | Loss: 76.742958
Epoch 239 | Loss: 76.241782
Epoch 240 | Loss: 75.872985
Epoch 241 | Loss: 75.686756
Epoch 242 | Loss: 75.453121
Epoch 243 | Loss: 75.538408
Epoch 244 | Loss: 75.444534
Epoch 245 | Loss: 75.032810
Epoch 246 | Loss: 74.310590
Epoch 247 | Loss: 74.298064
Epoch 248 | Loss: 74.055488
Epoch 249 | Loss: 74.021230
Epoch 250 | Loss: 73.856338
Epoch 251 | Loss: 74.083037
Epoch 252 | Loss: 73.533924
Epoch 253 | Loss: 73.218554
Epoch 254 | Loss: 73.396487
Epoch 255 | Loss: 73.019370
Epoch 256 | Loss: 73.008563
Epoch 257 | Loss: 72.557352
Epoch 258 | Loss: 73.583313
Epoch 259 | Loss: 73.192236
Epoch 260 | Loss: 73.220603
Epoch 261 | Loss: 72.225007
Epoch 262 | Loss: 71.684648
Epoch 263 | Loss: 71.152755
Epoch 264 | Loss: 71.289750
Epoch 265 | Loss: 70.866984
Epoch 266 | Loss: 70.552114
Epoch 267 | Loss: 70.410939
Epoch 268 | Loss: 70.033797
Epoch 269 | Loss: 69.934443
Epoch 270 | Loss: 69.709824
Epoch 271 | Loss: 70.043932
Epoch 272 | Loss: 69.615410
Epoch 273 | Loss: 69.372257
Epoch 274 | Loss: 69.246213
Epoch 275 | Loss: 68.927746
Epoch 276 | Loss: 68.478236
Epoch 277 | Loss: 68.291408
Epoch 278 | Loss: 68.201526
Epoch 279 | Loss: 68.380153
Epoch 280 | Loss: 68.317325
Epoch 281 | Loss: 67.716710
Epoch 282 | Loss: 67.543153
Epoch 283 | Loss: 67.485548
Epoch 284 | Loss: 67.268672
Epoch 285 | Loss: 67.215037
Epoch 286 | Loss: 66.939008
Epoch 287 | Loss: 66.744105
Epoch 288 | Loss: 66.398384
Epoch 289 | Loss: 66.298236
Epoch 290 | Loss: 66.242984
Epoch 291 | Loss: 66.144150
Epoch 292 | Loss: 66.044233
Epoch 293 | Loss: 65.723623
Epoch 294 | Loss: 65.808724
Epoch 295 | Loss: 65.207476
Epoch 296 | Loss: 64.992724
Epoch 297 | Loss: 65.129144
Epoch 298 | Loss: 65.356637
Epoch 299 | Loss: 65.464755
Epoch 300 | Loss: 64.957461
Epoch 301 | Loss: 64.757785
Epoch 302 | Loss: 64.681444
Epoch 303 | Loss: 64.550509
Epoch 304 | Loss: 64.105637
Epoch 305 | Loss: 64.148730
Epoch 306 | Loss: 64.002133
Epoch 307 | Loss: 63.916188
Epoch 308 | Loss: 63.655189
Epoch 309 | Loss: 63.459126
Epoch 310 | Loss: 62.877029
Epoch 311 | Loss: 62.906060
Epoch 312 | Loss: 62.783607
Epoch 313 | Loss: 62.483980
Epoch 314 | Loss: 62.519640
Epoch 315 | Loss: 62.503416
Epoch 316 | Loss: 62.300416
Epoch 317 | Loss: 62.456384
Epoch 318 | Loss: 63.158881
Epoch 319 | Loss: 62.367645
Epoch 320 | Loss: 62.039650
Epoch 321 | Loss: 61.600662
Epoch 322 | Loss: 61.305759
Epoch 323 | Loss: 61.282413
Epoch 324 | Loss: 61.520657
Epoch 325 | Loss: 61.458116
Epoch 326 | Loss: 61.049620
Epoch 327 | Loss: 60.905008
Epoch 328 | Loss: 60.537324
Epoch 329 | Loss: 60.598653
Epoch 330 | Loss: 60.405866
Epoch 331 | Loss: 60.231812
Epoch 332 | Loss: 61.100259
Epoch 333 | Loss: 61.668655
Epoch 334 | Loss: 60.879315
Epoch 335 | Loss: 60.009786
Epoch 336 | Loss: 59.961291
Epoch 337 | Loss: 59.660884
Epoch 338 | Loss: 59.381505
Epoch 339 | Loss: 59.108683
Epoch 340 | Loss: 59.575474
Epoch 341 | Loss: 59.189384
Epoch 342 | Loss: 58.737378
Epoch 343 | Loss: 58.651359
Epoch 344 | Loss: 58.785213
Epoch 345 | Loss: 58.386814
Epoch 346 | Loss: 58.407492
Epoch 347 | Loss: 58.882098
Epoch 348 | Loss: 59.132635
Epoch 349 | Loss: 59.281987
Epoch 350 | Loss: 58.434022
Epoch 351 | Loss: 57.954364
Epoch 352 | Loss: 57.822024
Epoch 353 | Loss: 57.838819
Epoch 354 | Loss: 58.591262
Epoch 355 | Loss: 58.165898
Epoch 356 | Loss: 57.042468
Epoch 357 | Loss: 57.345802
Epoch 358 | Loss: 56.933841
Epoch 359 | Loss: 57.017379
Epoch 360 | Loss: 57.553263
Epoch 361 | Loss: 58.126057
Epoch 362 | Loss: 57.021138
Epoch 363 | Loss: 57.704786
Epoch 364 | Loss: 58.481545
Epoch 365 | Loss: 57.105954
Epoch 366 | Loss: 56.952240
Epoch 367 | Loss: 56.291638
Epoch 368 | Loss: 56.495353
Epoch 369 | Loss: 56.203210
Epoch 370 | Loss: 55.820323
Epoch 371 | Loss: 56.289845
Epoch 372 | Loss: 55.774683
Epoch 373 | Loss: 55.491476
Epoch 374 | Loss: 55.440781
Epoch 375 | Loss: 55.389573
Epoch 376 | Loss: 55.323679
Epoch 377 | Loss: 54.923026
Epoch 378 | Loss: 55.059454
Epoch 379 | Loss: 54.803144
Epoch 380 | Loss: 54.630093
Epoch 381 | Loss: 54.508771
Epoch 382 | Loss: 54.606665
Epoch 383 | Loss: 54.678668
Epoch 384 | Loss: 54.590305
Epoch 385 | Loss: 54.745224
Epoch 386 | Loss: 55.136007
Epoch 387 | Loss: 54.613035
Epoch 388 | Loss: 54.488944
Epoch 389 | Loss: 54.506181
Epoch 390 | Loss: 53.765843
Epoch 391 | Loss: 53.808217
Epoch 392 | Loss: 54.000245
Epoch 393 | Loss: 53.570233
Epoch 394 | Loss: 53.744054
Epoch 395 | Loss: 53.205019
Epoch 396 | Loss: 53.296099
Epoch 397 | Loss: 53.111158
Epoch 398 | Loss: 53.184184
Epoch 399 | Loss: 52.913625
Epoch 400 | Loss: 52.903182
Epoch 401 | Loss: 52.959229
Epoch 402 | Loss: 52.856895
Epoch 403 | Loss: 53.076845
Epoch 404 | Loss: 52.599246
Epoch 405 | Loss: 52.606924
Epoch 406 | Loss: 52.708254
Epoch 407 | Loss: 52.895879
Epoch 408 | Loss: 52.574410
Epoch 409 | Loss: 52.337965
Epoch 410 | Loss: 53.273156
Epoch 411 | Loss: 53.569515
Epoch 412 | Loss: 52.223722
Epoch 413 | Loss: 51.961827
Epoch 414 | Loss: 51.819113
Epoch 415 | Loss: 51.528653
Epoch 416 | Loss: 51.382813
Epoch 417 | Loss: 51.449509
Epoch 418 | Loss: 51.304575
Epoch 419 | Loss: 51.573221
Epoch 420 | Loss: 51.196389
Epoch 421 | Loss: 51.127376
Epoch 422 | Loss: 51.069119
Epoch 423 | Loss: 50.845492
Epoch 424 | Loss: 50.876084
Epoch 425 | Loss: 51.429599
Epoch 426 | Loss: 51.081643
Epoch 427 | Loss: 50.820187
Epoch 428 | Loss: 50.664828
Epoch 429 | Loss: 50.527015
Epoch 430 | Loss: 50.370652
Epoch 431 | Loss: 50.443807
Epoch 432 | Loss: 50.473815
Epoch 433 | Loss: 50.219306
Epoch 434 | Loss: 50.144819
Epoch 435 | Loss: 50.176784
Epoch 436 | Loss: 49.883688
Epoch 437 | Loss: 49.982229
Epoch 438 | Loss: 49.786171
Epoch 439 | Loss: 49.554022
Epoch 440 | Loss: 49.594212
Epoch 441 | Loss: 49.745618
Epoch 442 | Loss: 49.876470
Epoch 443 | Loss: 49.800436
Epoch 444 | Loss: 49.545750
Epoch 445 | Loss: 49.422231
Epoch 446 | Loss: 49.343378
Epoch 447 | Loss: 49.487028
Epoch 448 | Loss: 49.151270
Epoch 449 | Loss: 48.923085
Epoch 450 | Loss: 48.859550
Epoch 451 | Loss: 48.894342
Epoch 452 | Loss: 49.109831
Epoch 453 | Loss: 48.753358
Epoch 454 | Loss: 48.645259
Epoch 455 | Loss: 48.749951
Epoch 456 | Loss: 48.536948
Epoch 457 | Loss: 48.622121
Epoch 458 | Loss: 48.969082
Epoch 459 | Loss: 48.912943
Epoch 460 | Loss: 48.984612
Epoch 461 | Loss: 48.070579
Epoch 462 | Loss: 47.902379
Epoch 463 | Loss: 48.452868
Epoch 464 | Loss: 49.016969
Epoch 465 | Loss: 48.007580
Epoch 466 | Loss: 48.067609
Epoch 467 | Loss: 48.698724
Epoch 468 | Loss: 48.473966
Epoch 469 | Loss: 48.571489
Epoch 470 | Loss: 48.021536
Epoch 471 | Loss: 47.515108
Epoch 472 | Loss: 47.341903
Epoch 473 | Loss: 47.318342
Epoch 474 | Loss: 47.526602
Epoch 475 | Loss: 47.096719
Epoch 476 | Loss: 47.152101
Epoch 477 | Loss: 47.644166
Epoch 478 | Loss: 47.286332
Epoch 479 | Loss: 47.554980
Epoch 480 | Loss: 48.044510
Epoch 481 | Loss: 47.314827
Epoch 482 | Loss: 46.855211
Epoch 483 | Loss: 46.906918
Epoch 484 | Loss: 47.029269
Epoch 485 | Loss: 46.598119
Epoch 486 | Loss: 46.470511
Epoch 487 | Loss: 46.429945
Epoch 488 | Loss: 46.386515
Epoch 489 | Loss: 46.330186
Epoch 490 | Loss: 46.149964
Epoch 491 | Loss: 46.167236
Epoch 492 | Loss: 46.175486
Epoch 493 | Loss: 46.048387
Epoch 494 | Loss: 46.006883
Epoch 495 | Loss: 45.763658
Epoch 496 | Loss: 45.894898
Epoch 497 | Loss: 46.169508
Epoch 498 | Loss: 45.730480
Epoch 499 | Loss: 45.816274
Epoch 500 | Loss: 45.920468
Epoch 501 | Loss: 45.556570
Epoch 502 | Loss: 45.563877
Epoch 503 | Loss: 45.669974
Epoch 504 | Loss: 45.318547
Epoch 505 | Loss: 45.474379
Epoch 506 | Loss: 45.533578
Epoch 507 | Loss: 45.178332
Epoch 508 | Loss: 45.412322
Epoch 509 | Loss: 45.505204
Epoch 510 | Loss: 45.376016
Epoch 511 | Loss: 45.608888
Epoch 512 | Loss: 45.548583
Epoch 513 | Loss: 45.236567
Epoch 514 | Loss: 45.193012
Epoch 515 | Loss: 45.128673
Epoch 516 | Loss: 45.168358
Epoch 517 | Loss: 45.274329
Epoch 518 | Loss: 45.703503
Epoch 519 | Loss: 44.890819
Epoch 520 | Loss: 44.881558
Epoch 521 | Loss: 44.599990
Epoch 522 | Loss: 44.637126
Epoch 523 | Loss: 44.676123
Epoch 524 | Loss: 44.487739
Epoch 525 | Loss: 44.621777
Epoch 526 | Loss: 44.587189
Epoch 527 | Loss: 44.434464
Epoch 528 | Loss: 44.543452
Epoch 529 | Loss: 44.157468
Epoch 530 | Loss: 44.162199
Epoch 531 | Loss: 44.475880
Epoch 532 | Loss: 44.217597
Epoch 533 | Loss: 44.347442
Epoch 534 | Loss: 44.047770
Epoch 535 | Loss: 44.238891
Epoch 536 | Loss: 43.851243
Epoch 537 | Loss: 43.978868
Epoch 538 | Loss: 44.035812
Epoch 539 | Loss: 44.058296
Epoch 540 | Loss: 43.922319
Epoch 541 | Loss: 43.710822
Epoch 542 | Loss: 43.905904
Epoch 543 | Loss: 43.367342
Epoch 544 | Loss: 43.364532
Epoch 545 | Loss: 43.427951
Epoch 546 | Loss: 43.465154
Epoch 547 | Loss: 43.366983
Epoch 548 | Loss: 43.590689
Epoch 549 | Loss: 43.336063
Epoch 550 | Loss: 43.204120
Epoch 551 | Loss: 42.954818
Epoch 552 | Loss: 43.213267
Epoch 553 | Loss: 43.022773
Epoch 554 | Loss: 42.905643
Epoch 555 | Loss: 42.955719
Epoch 556 | Loss: 42.730212
Epoch 557 | Loss: 43.213632
Epoch 558 | Loss: 43.860858
Epoch 559 | Loss: 43.669462
Epoch 560 | Loss: 42.867954
Epoch 561 | Loss: 42.801788
Epoch 562 | Loss: 42.802792
Epoch 563 | Loss: 42.558846
Epoch 564 | Loss: 42.653604
Epoch 565 | Loss: 42.731133
Epoch 566 | Loss: 42.827779
Epoch 567 | Loss: 42.648179
Epoch 568 | Loss: 42.495557
Epoch 569 | Loss: 42.514888
Epoch 570 | Loss: 42.512678
Epoch 571 | Loss: 42.942038
Epoch 572 | Loss: 42.455370
Epoch 573 | Loss: 41.988533
Epoch 574 | Loss: 41.946270
Epoch 575 | Loss: 42.085335
Epoch 576 | Loss: 42.105475
Epoch 577 | Loss: 41.986151
Epoch 578 | Loss: 42.009914
Epoch 579 | Loss: 42.121686
Epoch 580 | Loss: 42.071617
Epoch 581 | Loss: 41.794591
Epoch 582 | Loss: 41.632110
Epoch 583 | Loss: 41.574208
Epoch 584 | Loss: 41.648208
Epoch 585 | Loss: 41.578850
Epoch 586 | Loss: 41.531533
Epoch 587 | Loss: 41.502753
Epoch 588 | Loss: 41.642440
Epoch 589 | Loss: 41.772896
Epoch 590 | Loss: 41.712929
Epoch 591 | Loss: 41.538370
Epoch 592 | Loss: 41.639666
Epoch 593 | Loss: 41.806836
Epoch 594 | Loss: 41.462028
Epoch 595 | Loss: 41.407396
Epoch 596 | Loss: 41.742667
Epoch 597 | Loss: 41.898450
Epoch 598 | Loss: 41.876947
Epoch 599 | Loss: 41.361617
Epoch 600 | Loss: 41.314945
/data5/store1/wry-u22/anaconda3/envs/py311/lib/python3.11/site-packages/torch_geometric/deprecation.py:26: UserWarning: 'data.DataLoader' is deprecated, use 'loader.DataLoader' instead
  warnings.warn(out)

Test Results:
  MAE Energy Loss: 0.005606
  MAE Force Loss : 0.055920
