nohup: 忽略输入
/data5/store1/wry-u22/anaconda3/envs/py311/lib/python3.11/site-packages/torch_geometric/deprecation.py:26: UserWarning: 'data.DataLoader' is deprecated, use 'loader.DataLoader' instead
  warnings.warn(out)
cuda
Epoch   1 | Loss: 1249.129196
Epoch   2 | Loss: 1215.529556
Epoch   3 | Loss: 1212.579590
Epoch   4 | Loss: 1212.328613
Epoch   5 | Loss: 1211.117188
Epoch   6 | Loss: 1213.777664
Epoch   7 | Loss: 1210.817169
Epoch   8 | Loss: 1213.504913
Epoch   9 | Loss: 1211.814560
Epoch  10 | Loss: 1210.406998
Epoch  11 | Loss: 1209.586411
Epoch  12 | Loss: 1211.485580
Epoch  13 | Loss: 1210.059052
Epoch  14 | Loss: 1208.198273
Epoch  15 | Loss: 1194.676376
Epoch  16 | Loss: 1120.419113
Epoch  17 | Loss: 1023.999405
Epoch  18 | Loss: 960.751602
Epoch  19 | Loss: 881.978661
Epoch  20 | Loss: 816.962364
Epoch  21 | Loss: 788.257446
Epoch  22 | Loss: 746.610748
Epoch  23 | Loss: 718.462585
Epoch  24 | Loss: 686.556450
Epoch  25 | Loss: 654.394608
Epoch  26 | Loss: 614.346298
Epoch  27 | Loss: 562.787643
Epoch  28 | Loss: 510.370625
Epoch  29 | Loss: 467.228584
Epoch  30 | Loss: 428.174568
Epoch  31 | Loss: 401.862141
Epoch  32 | Loss: 386.742371
Epoch  33 | Loss: 397.988300
Epoch  34 | Loss: 371.929192
Epoch  35 | Loss: 353.540520
Epoch  36 | Loss: 347.185081
Epoch  37 | Loss: 340.966454
Epoch  38 | Loss: 337.651764
Epoch  39 | Loss: 327.172829
Epoch  40 | Loss: 321.124165
Epoch  41 | Loss: 321.338810
Epoch  42 | Loss: 309.476322
Epoch  43 | Loss: 302.639362
Epoch  44 | Loss: 296.819168
Epoch  45 | Loss: 293.628689
Epoch  46 | Loss: 288.382637
Epoch  47 | Loss: 282.024288
Epoch  48 | Loss: 281.113640
Epoch  49 | Loss: 274.842457
Epoch  50 | Loss: 275.222851
Epoch  51 | Loss: 264.495626
Epoch  52 | Loss: 265.534679
Epoch  53 | Loss: 265.710835
Epoch  54 | Loss: 255.657946
Epoch  55 | Loss: 250.144829
Epoch  56 | Loss: 244.320095
Epoch  57 | Loss: 240.169935
Epoch  58 | Loss: 241.828159
Epoch  59 | Loss: 243.409878
Epoch  60 | Loss: 232.010038
Epoch  61 | Loss: 231.872248
Epoch  62 | Loss: 224.862209
Epoch  63 | Loss: 223.270720
Epoch  64 | Loss: 220.827904
Epoch  65 | Loss: 218.782497
Epoch  66 | Loss: 214.478935
Epoch  67 | Loss: 212.689022
Epoch  68 | Loss: 213.716719
Epoch  69 | Loss: 219.918848
Epoch  70 | Loss: 207.084490
Epoch  71 | Loss: 205.062853
Epoch  72 | Loss: 199.282776
Epoch  73 | Loss: 197.944521
Epoch  74 | Loss: 201.775566
Epoch  75 | Loss: 193.127064
Epoch  76 | Loss: 189.565657
Epoch  77 | Loss: 188.997025
Epoch  78 | Loss: 186.726215
Epoch  79 | Loss: 183.722822
Epoch  80 | Loss: 181.006994
Epoch  81 | Loss: 178.847519
Epoch  82 | Loss: 175.313646
Epoch  83 | Loss: 173.750095
Epoch  84 | Loss: 172.009796
Epoch  85 | Loss: 169.769518
Epoch  86 | Loss: 170.755856
Epoch  87 | Loss: 167.477520
Epoch  88 | Loss: 168.637711
Epoch  89 | Loss: 165.164322
Epoch  90 | Loss: 161.772829
Epoch  91 | Loss: 159.803930
Epoch  92 | Loss: 159.239040
Epoch  93 | Loss: 157.023726
Epoch  94 | Loss: 155.931026
Epoch  95 | Loss: 156.577749
Epoch  96 | Loss: 154.487253
Epoch  97 | Loss: 150.786192
Epoch  98 | Loss: 148.642511
Epoch  99 | Loss: 146.118639
Epoch 100 | Loss: 145.636719
Epoch 101 | Loss: 143.478825
Epoch 102 | Loss: 141.487584
Epoch 103 | Loss: 140.800545
Epoch 104 | Loss: 141.878281
Epoch 105 | Loss: 142.691141
Epoch 106 | Loss: 139.494087
Epoch 107 | Loss: 136.493160
Epoch 108 | Loss: 134.677139
Epoch 109 | Loss: 132.685965
Epoch 110 | Loss: 132.601755
Epoch 111 | Loss: 132.055280
Epoch 112 | Loss: 130.701216
Epoch 113 | Loss: 131.037680
Epoch 114 | Loss: 128.970213
Epoch 115 | Loss: 126.408054
Epoch 116 | Loss: 126.049301
Epoch 117 | Loss: 124.935320
Epoch 118 | Loss: 123.286796
Epoch 119 | Loss: 122.544270
Epoch 120 | Loss: 122.789003
Epoch 121 | Loss: 121.253610
Epoch 122 | Loss: 120.524083
Epoch 123 | Loss: 120.271118
Epoch 124 | Loss: 118.389203
Epoch 125 | Loss: 119.117604
Epoch 126 | Loss: 120.382551
Epoch 127 | Loss: 120.808567
Epoch 128 | Loss: 115.310713
Epoch 129 | Loss: 114.230411
Epoch 130 | Loss: 115.524432
Epoch 131 | Loss: 117.419351
Epoch 132 | Loss: 116.586959
Epoch 133 | Loss: 113.529821
Epoch 134 | Loss: 112.330827
Epoch 135 | Loss: 111.109347
Epoch 136 | Loss: 111.190820
Epoch 137 | Loss: 111.218770
Epoch 138 | Loss: 109.006285
Epoch 139 | Loss: 108.583948
Epoch 140 | Loss: 108.648485
Epoch 141 | Loss: 109.141421
Epoch 142 | Loss: 109.696681
Epoch 143 | Loss: 106.402404
Epoch 144 | Loss: 105.314736
Epoch 145 | Loss: 104.635962
Epoch 146 | Loss: 104.524734
Epoch 147 | Loss: 104.095479
Epoch 148 | Loss: 103.261707
Epoch 149 | Loss: 103.051071
Epoch 150 | Loss: 102.773925
Epoch 151 | Loss: 101.913187
Epoch 152 | Loss: 101.899335
Epoch 153 | Loss: 101.037476
Epoch 154 | Loss: 101.146141
Epoch 155 | Loss: 100.141824
Epoch 156 | Loss: 99.950441
Epoch 157 | Loss: 100.245451
Epoch 158 | Loss: 98.724582
Epoch 159 | Loss: 98.479467
Epoch 160 | Loss: 99.974347
Epoch 161 | Loss: 99.726495
Epoch 162 | Loss: 97.855807
Epoch 163 | Loss: 97.147859
Epoch 164 | Loss: 98.621712
Epoch 165 | Loss: 97.908243
Epoch 166 | Loss: 95.719356
Epoch 167 | Loss: 96.160628
Epoch 168 | Loss: 95.633357
Epoch 169 | Loss: 95.071259
Epoch 170 | Loss: 94.609996
Epoch 171 | Loss: 95.061579
Epoch 172 | Loss: 94.765237
Epoch 173 | Loss: 93.935325
Epoch 174 | Loss: 93.293566
Epoch 175 | Loss: 92.625668
Epoch 176 | Loss: 95.257067
Epoch 177 | Loss: 94.520218
Epoch 178 | Loss: 96.085050
Epoch 179 | Loss: 96.643937
Epoch 180 | Loss: 98.176045
Epoch 181 | Loss: 92.907521
Epoch 182 | Loss: 90.565235
Epoch 183 | Loss: 90.993123
Epoch 184 | Loss: 90.510629
Epoch 185 | Loss: 91.671488
Epoch 186 | Loss: 89.758072
Epoch 187 | Loss: 89.505929
Epoch 188 | Loss: 91.763776
Epoch 189 | Loss: 92.366225
Epoch 190 | Loss: 92.576709
Epoch 191 | Loss: 90.004218
Epoch 192 | Loss: 88.129295
Epoch 193 | Loss: 87.067368
Epoch 194 | Loss: 86.892393
Epoch 195 | Loss: 86.505770
Epoch 196 | Loss: 86.447227
Epoch 197 | Loss: 86.919227
Epoch 198 | Loss: 86.366086
Epoch 199 | Loss: 85.730611
Epoch 200 | Loss: 85.713457
Epoch 201 | Loss: 85.383359
Epoch 202 | Loss: 84.929705
Epoch 203 | Loss: 84.722706
Epoch 204 | Loss: 84.347333
Epoch 205 | Loss: 85.279923
Epoch 206 | Loss: 84.866086
Epoch 207 | Loss: 83.721260
Epoch 208 | Loss: 83.710273
Epoch 209 | Loss: 84.270149
Epoch 210 | Loss: 84.151500
Epoch 211 | Loss: 83.529620
Epoch 212 | Loss: 84.414668
Epoch 213 | Loss: 82.986220
Epoch 214 | Loss: 83.397617
Epoch 215 | Loss: 83.674009
Epoch 216 | Loss: 82.366805
Epoch 217 | Loss: 81.652300
Epoch 218 | Loss: 80.922681
Epoch 219 | Loss: 81.352296
Epoch 220 | Loss: 82.281287
Epoch 221 | Loss: 80.745041
Epoch 222 | Loss: 79.929740
Epoch 223 | Loss: 80.278502
Epoch 224 | Loss: 80.690597
Epoch 225 | Loss: 80.770986
Epoch 226 | Loss: 81.416725
Epoch 227 | Loss: 81.605454
Epoch 228 | Loss: 80.233303
Epoch 229 | Loss: 79.751192
Epoch 230 | Loss: 79.413093
Epoch 231 | Loss: 78.785611
Epoch 232 | Loss: 78.191587
Epoch 233 | Loss: 77.843264
Epoch 234 | Loss: 77.482506
Epoch 235 | Loss: 77.335008
Epoch 236 | Loss: 77.523015
Epoch 237 | Loss: 77.926523
Epoch 238 | Loss: 78.578947
Epoch 239 | Loss: 78.706432
Epoch 240 | Loss: 77.683752
Epoch 241 | Loss: 77.529965
Epoch 242 | Loss: 76.401318
Epoch 243 | Loss: 75.988112
Epoch 244 | Loss: 76.049097
Epoch 245 | Loss: 76.804102
Epoch 246 | Loss: 75.439236
Epoch 247 | Loss: 75.139950
Epoch 248 | Loss: 75.171559
Epoch 249 | Loss: 74.847110
Epoch 250 | Loss: 75.269194
Epoch 251 | Loss: 75.757381
Epoch 252 | Loss: 74.574908
Epoch 253 | Loss: 75.493655
Epoch 254 | Loss: 74.485814
Epoch 255 | Loss: 74.571690
Epoch 256 | Loss: 73.877593
Epoch 257 | Loss: 73.762276
Epoch 258 | Loss: 73.477067
Epoch 259 | Loss: 73.314128
Epoch 260 | Loss: 73.430741
Epoch 261 | Loss: 72.981138
Epoch 262 | Loss: 72.691046
Epoch 263 | Loss: 73.021373
Epoch 264 | Loss: 72.545521
Epoch 265 | Loss: 72.332006
Epoch 266 | Loss: 73.184788
Epoch 267 | Loss: 73.225643
Epoch 268 | Loss: 72.331456
Epoch 269 | Loss: 72.159552
Epoch 270 | Loss: 72.815206
Epoch 271 | Loss: 71.883051
Epoch 272 | Loss: 72.212878
Epoch 273 | Loss: 71.049307
Epoch 274 | Loss: 71.020801
Epoch 275 | Loss: 71.089261
Epoch 276 | Loss: 71.590530
Epoch 277 | Loss: 70.472394
Epoch 278 | Loss: 70.542501
Epoch 279 | Loss: 70.178666
Epoch 280 | Loss: 70.236879
Epoch 281 | Loss: 69.859548
Epoch 282 | Loss: 70.098942
Epoch 283 | Loss: 69.682547
Epoch 284 | Loss: 69.674448
Epoch 285 | Loss: 69.344522
Epoch 286 | Loss: 69.478205
Epoch 287 | Loss: 69.266270
Epoch 288 | Loss: 69.416065
Epoch 289 | Loss: 69.055614
Epoch 290 | Loss: 69.195287
Epoch 291 | Loss: 69.101299
Epoch 292 | Loss: 68.874636
Epoch 293 | Loss: 68.647747
Epoch 294 | Loss: 68.189981
Epoch 295 | Loss: 68.270789
Epoch 296 | Loss: 67.975944
Epoch 297 | Loss: 67.693214
Epoch 298 | Loss: 67.758945
Epoch 299 | Loss: 67.518608
Epoch 300 | Loss: 67.528061
Epoch 301 | Loss: 67.339230
Epoch 302 | Loss: 67.253176
Epoch 303 | Loss: 67.550114
Epoch 304 | Loss: 67.187002
Epoch 305 | Loss: 67.209558
Epoch 306 | Loss: 66.938608
Epoch 307 | Loss: 67.005898
Epoch 308 | Loss: 66.751865
Epoch 309 | Loss: 66.307094
Epoch 310 | Loss: 66.328808
Epoch 311 | Loss: 66.466443
Epoch 312 | Loss: 66.204369
Epoch 313 | Loss: 66.120900
Epoch 314 | Loss: 65.749204
Epoch 315 | Loss: 65.632298
Epoch 316 | Loss: 65.666664
Epoch 317 | Loss: 65.696362
Epoch 318 | Loss: 65.412192
Epoch 319 | Loss: 65.184253
Epoch 320 | Loss: 65.496244
Epoch 321 | Loss: 65.083599
Epoch 322 | Loss: 64.936230
Epoch 323 | Loss: 64.699661
Epoch 324 | Loss: 65.113123
Epoch 325 | Loss: 64.934256
Epoch 326 | Loss: 64.892781
Epoch 327 | Loss: 65.430648
Epoch 328 | Loss: 65.218781
Epoch 329 | Loss: 64.543811
Epoch 330 | Loss: 64.686086
Epoch 331 | Loss: 64.385685
Epoch 332 | Loss: 64.400393
Epoch 333 | Loss: 64.373446
Epoch 334 | Loss: 63.825323
Epoch 335 | Loss: 65.144364
Epoch 336 | Loss: 65.210353
Epoch 337 | Loss: 63.831272
Epoch 338 | Loss: 63.647665
Epoch 339 | Loss: 63.372038
Epoch 340 | Loss: 62.994838
Epoch 341 | Loss: 63.023665
Epoch 342 | Loss: 62.853259
Epoch 343 | Loss: 62.688210
Epoch 344 | Loss: 62.839900
Epoch 345 | Loss: 62.512644
Epoch 346 | Loss: 62.843685
Epoch 347 | Loss: 62.659707
Epoch 348 | Loss: 62.910141
Epoch 349 | Loss: 62.474058
Epoch 350 | Loss: 62.065460
Epoch 351 | Loss: 61.947992
Epoch 352 | Loss: 62.184997
Epoch 353 | Loss: 61.946690
Epoch 354 | Loss: 61.841488
Epoch 355 | Loss: 61.648092
Epoch 356 | Loss: 61.950456
Epoch 357 | Loss: 61.762654
Epoch 358 | Loss: 61.498044
Epoch 359 | Loss: 61.379798
Epoch 360 | Loss: 61.595599
Epoch 361 | Loss: 61.293167
Epoch 362 | Loss: 61.154743
Epoch 363 | Loss: 61.245904
Epoch 364 | Loss: 61.280231
Epoch 365 | Loss: 61.001850
Epoch 366 | Loss: 60.691736
Epoch 367 | Loss: 60.784667
Epoch 368 | Loss: 61.773302
Epoch 369 | Loss: 60.778151
Epoch 370 | Loss: 60.669025
Epoch 371 | Loss: 60.606454
Epoch 372 | Loss: 60.173620
Epoch 373 | Loss: 60.173991
Epoch 374 | Loss: 60.274053
Epoch 375 | Loss: 60.694058
Epoch 376 | Loss: 60.165071
Epoch 377 | Loss: 59.847991
Epoch 378 | Loss: 59.952428
Epoch 379 | Loss: 60.006575
Epoch 380 | Loss: 59.491327
Epoch 381 | Loss: 59.427032
Epoch 382 | Loss: 59.481731
Epoch 383 | Loss: 59.859999
Epoch 384 | Loss: 59.489499
Epoch 385 | Loss: 59.163785
Epoch 386 | Loss: 59.231685
Epoch 387 | Loss: 59.787009
Epoch 388 | Loss: 59.582041
Epoch 389 | Loss: 59.677201
Epoch 390 | Loss: 58.929141
Epoch 391 | Loss: 58.708330
Epoch 392 | Loss: 58.921200
Epoch 393 | Loss: 58.789375
Epoch 394 | Loss: 58.774364
Epoch 395 | Loss: 58.505526
Epoch 396 | Loss: 58.753762
Epoch 397 | Loss: 58.457303
Epoch 398 | Loss: 58.294814
Epoch 399 | Loss: 58.211777
Epoch 400 | Loss: 58.149230
/data5/store1/wry-u22/anaconda3/envs/py311/lib/python3.11/site-packages/torch_geometric/deprecation.py:26: UserWarning: 'data.DataLoader' is deprecated, use 'loader.DataLoader' instead
  warnings.warn(out)

Test Results:
  MAE Energy Loss: 0.004943
  MAE Force Loss : 0.022735
