nohup: 忽略输入
/data5/store1/wry-u22/anaconda3/envs/py311/lib/python3.11/site-packages/torch_geometric/deprecation.py:26: UserWarning: 'data.DataLoader' is deprecated, use 'loader.DataLoader' instead
  warnings.warn(out)
cuda
Epoch   1 | Loss: 1275.140976
Epoch   2 | Loss: 1275.395386
Epoch   3 | Loss: 1272.028397
Epoch   4 | Loss: 1275.544250
Epoch   5 | Loss: 1275.336685
Epoch   6 | Loss: 1275.059982
Epoch   7 | Loss: 1275.490051
Epoch   8 | Loss: 1273.700806
Epoch   9 | Loss: 1275.941071
Epoch  10 | Loss: 1274.687302
Epoch  11 | Loss: 1272.715668
Epoch  12 | Loss: 1273.597733
Epoch  13 | Loss: 1272.985992
Epoch  14 | Loss: 1271.804047
Epoch  15 | Loss: 1273.573700
Epoch  16 | Loss: 1272.912506
Epoch  17 | Loss: 1269.824203
Epoch  18 | Loss: 1269.186874
Epoch  19 | Loss: 1263.161255
Epoch  20 | Loss: 1255.623932
Epoch  21 | Loss: 1244.261612
Epoch  22 | Loss: 1230.094223
Epoch  23 | Loss: 1193.098434
Epoch  24 | Loss: 1149.379181
Epoch  25 | Loss: 1134.603302
Epoch  26 | Loss: 1108.919876
Epoch  27 | Loss: 1103.649323
Epoch  28 | Loss: 1098.326050
Epoch  29 | Loss: 1094.162811
Epoch  30 | Loss: 1089.090683
Epoch  31 | Loss: 1087.708099
Epoch  32 | Loss: 1090.252426
Epoch  33 | Loss: 1080.604034
Epoch  34 | Loss: 1078.193695
Epoch  35 | Loss: 1073.551575
Epoch  36 | Loss: 1069.019043
Epoch  37 | Loss: 1069.531372
Epoch  38 | Loss: 1065.448952
Epoch  39 | Loss: 1064.658195
Epoch  40 | Loss: 1072.784729
Epoch  41 | Loss: 1064.794281
Epoch  42 | Loss: 1061.993347
Epoch  43 | Loss: 1054.477829
Epoch  44 | Loss: 1048.678886
Epoch  45 | Loss: 1049.893517
Epoch  46 | Loss: 1057.161583
Epoch  47 | Loss: 1056.308998
Epoch  48 | Loss: 1043.562782
Epoch  49 | Loss: 1047.008118
Epoch  50 | Loss: 1037.093773
Epoch  51 | Loss: 1035.092606
Epoch  52 | Loss: 1038.580597
Epoch  53 | Loss: 1028.661751
Epoch  54 | Loss: 1022.516624
Epoch  55 | Loss: 1017.305153
Epoch  56 | Loss: 1013.186897
Epoch  57 | Loss: 1011.412514
Epoch  58 | Loss: 1006.177528
Epoch  59 | Loss: 996.427635
Epoch  60 | Loss: 997.920242
Epoch  61 | Loss: 988.716682
Epoch  62 | Loss: 978.529335
Epoch  63 | Loss: 975.814072
Epoch  64 | Loss: 964.772484
Epoch  65 | Loss: 957.246185
Epoch  66 | Loss: 954.498466
Epoch  67 | Loss: 953.340561
Epoch  68 | Loss: 945.355171
Epoch  69 | Loss: 928.650230
Epoch  70 | Loss: 924.242050
Epoch  71 | Loss: 911.586990
Epoch  72 | Loss: 903.251175
Epoch  73 | Loss: 893.617134
Epoch  74 | Loss: 889.770508
Epoch  75 | Loss: 892.093369
Epoch  76 | Loss: 883.218498
Epoch  77 | Loss: 876.312111
Epoch  78 | Loss: 873.714844
Epoch  79 | Loss: 863.971504
Epoch  80 | Loss: 859.435501
Epoch  81 | Loss: 857.790184
Epoch  82 | Loss: 851.361069
Epoch  83 | Loss: 847.100494
Epoch  84 | Loss: 843.038017
Epoch  85 | Loss: 837.797485
Epoch  86 | Loss: 840.847984
Epoch  87 | Loss: 836.933228
Epoch  88 | Loss: 831.088142
Epoch  89 | Loss: 827.363686
Epoch  90 | Loss: 817.657478
Epoch  91 | Loss: 813.680717
Epoch  92 | Loss: 810.252151
Epoch  93 | Loss: 814.099976
Epoch  94 | Loss: 811.457069
Epoch  95 | Loss: 809.331589
Epoch  96 | Loss: 795.589851
Epoch  97 | Loss: 795.873444
Epoch  98 | Loss: 793.336517
Epoch  99 | Loss: 803.557587
Epoch 100 | Loss: 805.862617
Epoch 101 | Loss: 791.260391
Epoch 102 | Loss: 780.541451
Epoch 103 | Loss: 776.056732
Epoch 104 | Loss: 772.322693
Epoch 105 | Loss: 769.520882
Epoch 106 | Loss: 767.797012
Epoch 107 | Loss: 764.426613
Epoch 108 | Loss: 765.362221
Epoch 109 | Loss: 762.190750
Epoch 110 | Loss: 754.971527
Epoch 111 | Loss: 758.711243
Epoch 112 | Loss: 756.905235
Epoch 113 | Loss: 760.612869
Epoch 114 | Loss: 750.712151
Epoch 115 | Loss: 748.527840
Epoch 116 | Loss: 750.478966
Epoch 117 | Loss: 742.944435
Epoch 118 | Loss: 741.442505
Epoch 119 | Loss: 741.860741
Epoch 120 | Loss: 738.552582
Epoch 121 | Loss: 734.124092
Epoch 122 | Loss: 738.715515
Epoch 123 | Loss: 736.098488
Epoch 124 | Loss: 734.650780
Epoch 125 | Loss: 732.378670
Epoch 126 | Loss: 733.128853
Epoch 127 | Loss: 724.759598
Epoch 128 | Loss: 725.785248
Epoch 129 | Loss: 730.965729
Epoch 130 | Loss: 722.411819
Epoch 131 | Loss: 719.762230
Epoch 132 | Loss: 720.046768
Epoch 133 | Loss: 718.723083
Epoch 134 | Loss: 714.115875
Epoch 135 | Loss: 714.156845
Epoch 136 | Loss: 715.026108
Epoch 137 | Loss: 722.219696
Epoch 138 | Loss: 724.976387
Epoch 139 | Loss: 716.978775
Epoch 140 | Loss: 716.703835
Epoch 141 | Loss: 722.269936
Epoch 142 | Loss: 706.281136
Epoch 143 | Loss: 709.018936
Epoch 144 | Loss: 728.755951
Epoch 145 | Loss: 721.543892
Epoch 146 | Loss: 708.845848
Epoch 147 | Loss: 703.920975
Epoch 148 | Loss: 705.291374
Epoch 149 | Loss: 704.755508
Epoch 150 | Loss: 709.738441
Epoch 151 | Loss: 728.668625
Epoch 152 | Loss: 721.913498
Epoch 153 | Loss: 702.669426
Epoch 154 | Loss: 701.814804
Epoch 155 | Loss: 697.892456
Epoch 156 | Loss: 696.786011
Epoch 157 | Loss: 701.647163
Epoch 158 | Loss: 700.929207
Epoch 159 | Loss: 696.181793
Epoch 160 | Loss: 696.221802
Epoch 161 | Loss: 698.577751
Epoch 162 | Loss: 693.367981
Epoch 163 | Loss: 690.404297
Epoch 164 | Loss: 699.578011
Epoch 165 | Loss: 693.951195
Epoch 166 | Loss: 693.100693
Epoch 167 | Loss: 691.765556
Epoch 168 | Loss: 686.474960
Epoch 169 | Loss: 691.647156
Epoch 170 | Loss: 685.638260
Epoch 171 | Loss: 686.593887
Epoch 172 | Loss: 699.082191
Epoch 173 | Loss: 687.937790
Epoch 174 | Loss: 688.274551
Epoch 175 | Loss: 689.404541
Epoch 176 | Loss: 693.633499
Epoch 177 | Loss: 685.872437
Epoch 178 | Loss: 680.738800
Epoch 179 | Loss: 683.490013
Epoch 180 | Loss: 679.520851
Epoch 181 | Loss: 676.906342
Epoch 182 | Loss: 682.760025
Epoch 183 | Loss: 684.490379
Epoch 184 | Loss: 680.149178
Epoch 185 | Loss: 675.005753
Epoch 186 | Loss: 673.666237
Epoch 187 | Loss: 681.730522
Epoch 188 | Loss: 675.875137
Epoch 189 | Loss: 680.077805
Epoch 190 | Loss: 675.200424
Epoch 191 | Loss: 672.446655
Epoch 192 | Loss: 684.842667
Epoch 193 | Loss: 673.245979
Epoch 194 | Loss: 675.911766
Epoch 195 | Loss: 687.298973
Epoch 196 | Loss: 670.077316
Epoch 197 | Loss: 673.158051
Epoch 198 | Loss: 669.597664
Epoch 199 | Loss: 671.728813
Epoch 200 | Loss: 666.715370
Epoch 201 | Loss: 679.974487
Epoch 202 | Loss: 666.718033
Epoch 203 | Loss: 671.805069
Epoch 204 | Loss: 667.548325
Epoch 205 | Loss: 663.053268
Epoch 206 | Loss: 661.936958
Epoch 207 | Loss: 662.878265
Epoch 208 | Loss: 664.697350
Epoch 209 | Loss: 668.722099
Epoch 210 | Loss: 660.018196
Epoch 211 | Loss: 658.378006
Epoch 212 | Loss: 657.170624
Epoch 213 | Loss: 657.724464
Epoch 214 | Loss: 657.465790
Epoch 215 | Loss: 666.927689
Epoch 216 | Loss: 670.000359
Epoch 217 | Loss: 665.087456
Epoch 218 | Loss: 660.627289
Epoch 219 | Loss: 655.086243
Epoch 220 | Loss: 652.478714
Epoch 221 | Loss: 654.989822
Epoch 222 | Loss: 654.550690
Epoch 223 | Loss: 649.312988
Epoch 224 | Loss: 647.512093
Epoch 225 | Loss: 646.274300
Epoch 226 | Loss: 652.491982
Epoch 227 | Loss: 649.233109
Epoch 228 | Loss: 646.476921
Epoch 229 | Loss: 651.832512
Epoch 230 | Loss: 662.303146
Epoch 231 | Loss: 646.000580
Epoch 232 | Loss: 643.710106
Epoch 233 | Loss: 642.998230
Epoch 234 | Loss: 647.566422
Epoch 235 | Loss: 644.125954
Epoch 236 | Loss: 640.581078
Epoch 237 | Loss: 644.522011
Epoch 238 | Loss: 639.692268
Epoch 239 | Loss: 638.224365
Epoch 240 | Loss: 641.947899
Epoch 241 | Loss: 638.786758
Epoch 242 | Loss: 640.900597
Epoch 243 | Loss: 640.872734
Epoch 244 | Loss: 637.840782
Epoch 245 | Loss: 653.370705
Epoch 246 | Loss: 639.875061
Epoch 247 | Loss: 638.321327
Epoch 248 | Loss: 631.719093
Epoch 249 | Loss: 631.881096
Epoch 250 | Loss: 631.357613
Epoch 251 | Loss: 643.730957
Epoch 252 | Loss: 637.838821
Epoch 253 | Loss: 639.160233
Epoch 254 | Loss: 635.303703
Epoch 255 | Loss: 628.388344
Epoch 256 | Loss: 628.093948
Epoch 257 | Loss: 626.833611
Epoch 258 | Loss: 639.916084
Epoch 259 | Loss: 633.964256
Epoch 260 | Loss: 642.195518
Epoch 261 | Loss: 633.006668
Epoch 262 | Loss: 632.386665
Epoch 263 | Loss: 623.714394
Epoch 264 | Loss: 624.120438
Epoch 265 | Loss: 629.472893
Epoch 266 | Loss: 626.196075
Epoch 267 | Loss: 634.403633
Epoch 268 | Loss: 637.406097
Epoch 269 | Loss: 628.919571
Epoch 270 | Loss: 621.706627
Epoch 271 | Loss: 628.340515
Epoch 272 | Loss: 622.728958
Epoch 273 | Loss: 621.717598
Epoch 274 | Loss: 616.966370
Epoch 275 | Loss: 622.082756
Epoch 276 | Loss: 615.083809
Epoch 277 | Loss: 640.301872
Epoch 278 | Loss: 639.251793
Epoch 279 | Loss: 633.359810
Epoch 280 | Loss: 617.381203
Epoch 281 | Loss: 616.707588
Epoch 282 | Loss: 612.514221
Epoch 283 | Loss: 614.763977
Epoch 284 | Loss: 624.726898
Epoch 285 | Loss: 620.529137
Epoch 286 | Loss: 616.526756
Epoch 287 | Loss: 618.320435
Epoch 288 | Loss: 619.986206
Epoch 289 | Loss: 609.350319
Epoch 290 | Loss: 610.716583
Epoch 291 | Loss: 608.377266
Epoch 292 | Loss: 609.464363
Epoch 293 | Loss: 608.504807
Epoch 294 | Loss: 603.897675
Epoch 295 | Loss: 610.140175
Epoch 296 | Loss: 608.512741
Epoch 297 | Loss: 608.816643
Epoch 298 | Loss: 606.365952
Epoch 299 | Loss: 601.993195
Epoch 300 | Loss: 604.120209
Epoch 301 | Loss: 608.296669
Epoch 302 | Loss: 601.796181
Epoch 303 | Loss: 599.284027
Epoch 304 | Loss: 601.736229
Epoch 305 | Loss: 602.942581
Epoch 306 | Loss: 602.161171
Epoch 307 | Loss: 600.941185
Epoch 308 | Loss: 604.563316
Epoch 309 | Loss: 599.732063
Epoch 310 | Loss: 599.370842
Epoch 311 | Loss: 603.597626
Epoch 312 | Loss: 598.075172
Epoch 313 | Loss: 595.633507
Epoch 314 | Loss: 600.359055
Epoch 315 | Loss: 592.402977
Epoch 316 | Loss: 590.957802
Epoch 317 | Loss: 593.398972
Epoch 318 | Loss: 596.447685
Epoch 319 | Loss: 593.255501
Epoch 320 | Loss: 591.664139
Epoch 321 | Loss: 598.973343
Epoch 322 | Loss: 591.801079
Epoch 323 | Loss: 587.645302
Epoch 324 | Loss: 592.212051
Epoch 325 | Loss: 591.523521
Epoch 326 | Loss: 595.313583
Epoch 327 | Loss: 592.586685
Epoch 328 | Loss: 592.600044
Epoch 329 | Loss: 599.618210
Epoch 330 | Loss: 586.001129
Epoch 331 | Loss: 586.648972
Epoch 332 | Loss: 600.514557
Epoch 333 | Loss: 595.997261
Epoch 334 | Loss: 588.723572
Epoch 335 | Loss: 587.614616
Epoch 336 | Loss: 586.172737
Epoch 337 | Loss: 589.389206
Epoch 338 | Loss: 594.614044
Epoch 339 | Loss: 601.801712
Epoch 340 | Loss: 585.698036
Epoch 341 | Loss: 584.085648
Epoch 342 | Loss: 586.420296
Epoch 343 | Loss: 583.827942
Epoch 344 | Loss: 584.037727
Epoch 345 | Loss: 591.848114
Epoch 346 | Loss: 581.977936
Epoch 347 | Loss: 584.124725
Epoch 348 | Loss: 579.826523
Epoch 349 | Loss: 578.187126
Epoch 350 | Loss: 580.477409
Epoch 351 | Loss: 579.241524
Epoch 352 | Loss: 585.234818
Epoch 353 | Loss: 578.009033
Epoch 354 | Loss: 580.873352
Epoch 355 | Loss: 581.415550
Epoch 356 | Loss: 598.821243
Epoch 357 | Loss: 597.820923
Epoch 358 | Loss: 582.026489
Epoch 359 | Loss: 577.588112
Epoch 360 | Loss: 575.941185
Epoch 361 | Loss: 576.247589
Epoch 362 | Loss: 580.435196
Epoch 363 | Loss: 583.102257
Epoch 364 | Loss: 575.429375
Epoch 365 | Loss: 576.979630
Epoch 366 | Loss: 582.782814
Epoch 367 | Loss: 576.466194
Epoch 368 | Loss: 581.954788
Epoch 369 | Loss: 575.047363
Epoch 370 | Loss: 585.730537
Epoch 371 | Loss: 585.140602
Epoch 372 | Loss: 573.221474
Epoch 373 | Loss: 574.216095
Epoch 374 | Loss: 575.242180
Epoch 375 | Loss: 580.901360
Epoch 376 | Loss: 571.909348
Epoch 377 | Loss: 570.990051
Epoch 378 | Loss: 576.527000
Epoch 379 | Loss: 578.435593
Epoch 380 | Loss: 574.439804
Epoch 381 | Loss: 570.247780
Epoch 382 | Loss: 573.251297
Epoch 383 | Loss: 571.742836
Epoch 384 | Loss: 569.563332
Epoch 385 | Loss: 569.383377
Epoch 386 | Loss: 570.628738
Epoch 387 | Loss: 570.883392
Epoch 388 | Loss: 569.219254
Epoch 389 | Loss: 569.843369
Epoch 390 | Loss: 576.938568
Epoch 391 | Loss: 570.518867
Epoch 392 | Loss: 569.856895
Epoch 393 | Loss: 578.183640
Epoch 394 | Loss: 586.549011
Epoch 395 | Loss: 572.671135
Epoch 396 | Loss: 576.909241
Epoch 397 | Loss: 571.969604
Epoch 398 | Loss: 566.913437
Epoch 399 | Loss: 568.426025
Epoch 400 | Loss: 569.093338
Epoch 401 | Loss: 566.511330
Epoch 402 | Loss: 564.857674
Epoch 403 | Loss: 576.925079
Epoch 404 | Loss: 584.496735
Epoch 405 | Loss: 580.367851
Epoch 406 | Loss: 566.355309
Epoch 407 | Loss: 569.210823
Epoch 408 | Loss: 570.956894
Epoch 409 | Loss: 578.491364
Epoch 410 | Loss: 567.743629
Epoch 411 | Loss: 569.689545
Epoch 412 | Loss: 569.721893
Epoch 413 | Loss: 573.375237
Epoch 414 | Loss: 571.195137
Epoch 415 | Loss: 572.729439
Epoch 416 | Loss: 564.224449
Epoch 417 | Loss: 563.267548
Epoch 418 | Loss: 563.706955
Epoch 419 | Loss: 567.889091
Epoch 420 | Loss: 562.672783
Epoch 421 | Loss: 563.446083
Epoch 422 | Loss: 562.241814
Epoch 423 | Loss: 563.738281
Epoch 424 | Loss: 564.137367
Epoch 425 | Loss: 564.839142
Epoch 426 | Loss: 563.442703
Epoch 427 | Loss: 565.437012
Epoch 428 | Loss: 563.260201
Epoch 429 | Loss: 568.921349
Epoch 430 | Loss: 560.900291
Epoch 431 | Loss: 563.136749
Epoch 432 | Loss: 570.187485
Epoch 433 | Loss: 573.459770
Epoch 434 | Loss: 573.213013
Epoch 435 | Loss: 573.906052
Epoch 436 | Loss: 581.776138
Epoch 437 | Loss: 563.596436
Epoch 438 | Loss: 561.988655
Epoch 439 | Loss: 572.386879
Epoch 440 | Loss: 561.876503
Epoch 441 | Loss: 559.390121
Epoch 442 | Loss: 563.379631
Epoch 443 | Loss: 568.274536
Epoch 444 | Loss: 565.626820
Epoch 445 | Loss: 557.845993
Epoch 446 | Loss: 567.761925
Epoch 447 | Loss: 562.951698
Epoch 448 | Loss: 560.547546
Epoch 449 | Loss: 569.860123
Epoch 450 | Loss: 574.347534
Epoch 451 | Loss: 576.391312
Epoch 452 | Loss: 578.261169
Epoch 453 | Loss: 595.119492
Epoch 454 | Loss: 577.793098
Epoch 455 | Loss: 562.370811
Epoch 456 | Loss: 559.015549
Epoch 457 | Loss: 557.908501
Epoch 458 | Loss: 571.096512
Epoch 459 | Loss: 560.867989
Epoch 460 | Loss: 558.605591
Epoch 461 | Loss: 554.618958
Epoch 462 | Loss: 557.182922
Epoch 463 | Loss: 558.252129
Epoch 464 | Loss: 558.802475
Epoch 465 | Loss: 559.927185
Epoch 466 | Loss: 557.568878
Epoch 467 | Loss: 556.112297
Epoch 468 | Loss: 556.347961
Epoch 469 | Loss: 556.282082
Epoch 470 | Loss: 556.007408
Epoch 471 | Loss: 554.398796
Epoch 472 | Loss: 556.345711
Epoch 473 | Loss: 563.883301
Epoch 474 | Loss: 569.722061
Epoch 475 | Loss: 558.097588
Epoch 476 | Loss: 556.770958
Epoch 477 | Loss: 558.836899
Epoch 478 | Loss: 555.595734
Epoch 479 | Loss: 555.006889
Epoch 480 | Loss: 553.865074
Epoch 481 | Loss: 559.769958
Epoch 482 | Loss: 552.919128
Epoch 483 | Loss: 553.063728
Epoch 484 | Loss: 554.101398
Epoch 485 | Loss: 552.943855
Epoch 486 | Loss: 556.053459
Epoch 487 | Loss: 559.360207
Epoch 488 | Loss: 556.712471
Epoch 489 | Loss: 558.302963
Epoch 490 | Loss: 559.359085
Epoch 491 | Loss: 560.883041
Epoch 492 | Loss: 554.400341
Epoch 493 | Loss: 557.798851
Epoch 494 | Loss: 557.155693
Epoch 495 | Loss: 559.711548
Epoch 496 | Loss: 556.669189
Epoch 497 | Loss: 551.730141
Epoch 498 | Loss: 550.568748
Epoch 499 | Loss: 552.327354
Epoch 500 | Loss: 560.021950
Epoch 501 | Loss: 571.681847
Epoch 502 | Loss: 558.880020
Epoch 503 | Loss: 557.144089
Epoch 504 | Loss: 558.927780
Epoch 505 | Loss: 565.771652
Epoch 506 | Loss: 560.565853
Epoch 507 | Loss: 552.715469
Epoch 508 | Loss: 552.481331
Epoch 509 | Loss: 553.973396
Epoch 510 | Loss: 552.292267
Epoch 511 | Loss: 551.386154
Epoch 512 | Loss: 551.456924
Epoch 513 | Loss: 554.366631
Epoch 514 | Loss: 550.445076
Epoch 515 | Loss: 548.977440
Epoch 516 | Loss: 551.871346
Epoch 517 | Loss: 549.606499
Epoch 518 | Loss: 551.127396
Epoch 519 | Loss: 552.913864
Epoch 520 | Loss: 555.678238
Epoch 521 | Loss: 549.645050
Epoch 522 | Loss: 554.797005
Epoch 523 | Loss: 562.964714
Epoch 524 | Loss: 553.796570
Epoch 525 | Loss: 561.970055
Epoch 526 | Loss: 555.764702
Epoch 527 | Loss: 561.039734
Epoch 528 | Loss: 559.963562
Epoch 529 | Loss: 556.100410
Epoch 530 | Loss: 551.078667
Epoch 531 | Loss: 549.890549
Epoch 532 | Loss: 552.995049
Epoch 533 | Loss: 548.771355
Epoch 534 | Loss: 547.414871
Epoch 535 | Loss: 546.652138
Epoch 536 | Loss: 546.682110
Epoch 537 | Loss: 547.522491
Epoch 538 | Loss: 548.153706
Epoch 539 | Loss: 551.693169
Epoch 540 | Loss: 548.775940
Epoch 541 | Loss: 547.459778
Epoch 542 | Loss: 551.357231
Epoch 543 | Loss: 547.222191
Epoch 544 | Loss: 547.392563
Epoch 545 | Loss: 547.653923
Epoch 546 | Loss: 551.906715
Epoch 547 | Loss: 552.377167
Epoch 548 | Loss: 551.156574
Epoch 549 | Loss: 549.836121
Epoch 550 | Loss: 555.492889
Epoch 551 | Loss: 555.812607
Epoch 552 | Loss: 557.400139
Epoch 553 | Loss: 552.872070
Epoch 554 | Loss: 545.983650
Epoch 555 | Loss: 547.328178
Epoch 556 | Loss: 545.493217
Epoch 557 | Loss: 547.627693
Epoch 558 | Loss: 550.749428
Epoch 559 | Loss: 548.029259
Epoch 560 | Loss: 543.826355
Epoch 561 | Loss: 547.733162
Epoch 562 | Loss: 545.607201
Epoch 563 | Loss: 543.539642
Epoch 564 | Loss: 547.308647
Epoch 565 | Loss: 547.635162
Epoch 566 | Loss: 544.568398
Epoch 567 | Loss: 545.721352
Epoch 568 | Loss: 545.103485
Epoch 569 | Loss: 543.647766
Epoch 570 | Loss: 546.898552
Epoch 571 | Loss: 543.506477
Epoch 572 | Loss: 546.415535
Epoch 573 | Loss: 543.340714
Epoch 574 | Loss: 544.759575
Epoch 575 | Loss: 544.655930
Epoch 576 | Loss: 543.400398
Epoch 577 | Loss: 547.647804
Epoch 578 | Loss: 544.966209
Epoch 579 | Loss: 544.745232
Epoch 580 | Loss: 540.859535
Epoch 581 | Loss: 553.169331
Epoch 582 | Loss: 546.940445
Epoch 583 | Loss: 544.148338
Epoch 584 | Loss: 547.422417
Epoch 585 | Loss: 546.823601
Epoch 586 | Loss: 548.089058
Epoch 587 | Loss: 552.785835
Epoch 588 | Loss: 544.444653
Epoch 589 | Loss: 542.207306
Epoch 590 | Loss: 549.095398
Epoch 591 | Loss: 545.672722
Epoch 592 | Loss: 544.046379
Epoch 593 | Loss: 547.518120
Epoch 594 | Loss: 542.161285
Epoch 595 | Loss: 541.695709
Epoch 596 | Loss: 542.821358
Epoch 597 | Loss: 565.023186
Epoch 598 | Loss: 545.354500
Epoch 599 | Loss: 541.260139
Epoch 600 | Loss: 541.168247
/data5/store1/wry-u22/anaconda3/envs/py311/lib/python3.11/site-packages/torch_geometric/deprecation.py:26: UserWarning: 'data.DataLoader' is deprecated, use 'loader.DataLoader' instead
  warnings.warn(out)

Test Results:
  MAE Energy Loss: 0.038988
  MAE Force Loss : 0.153786
