/data5/store1/wry-u22/anaconda3/envs/py311/lib/python3.11/site-packages/torch_geometric/deprecation.py:26: UserWarning: 'data.DataLoader' is deprecated, use 'loader.DataLoader' instead
  warnings.warn(out)
cuda
Epoch   1 | Loss: 145.232414
Epoch   2 | Loss: 135.631863
Epoch   3 | Loss: 127.849186
Epoch   4 | Loss: 123.662924
Epoch   5 | Loss: 124.092051
Epoch   6 | Loss: 124.596706
Epoch   7 | Loss: 123.592731
Epoch   8 | Loss: 123.223339
Epoch   9 | Loss: 123.268995
Epoch  10 | Loss: 123.364433
Epoch  11 | Loss: 123.305994
Epoch  12 | Loss: 123.218250
Epoch  13 | Loss: 123.133266
Epoch  14 | Loss: 123.157379
Epoch  15 | Loss: 123.211010
Epoch  16 | Loss: 123.213886
Epoch  17 | Loss: 123.120502
Epoch  18 | Loss: 123.172920
Epoch  19 | Loss: 123.168064
Epoch  20 | Loss: 123.134783
Epoch  21 | Loss: 123.047462
Epoch  22 | Loss: 123.101944
Epoch  23 | Loss: 123.081659
Epoch  24 | Loss: 123.124308
Epoch  25 | Loss: 123.077925
Epoch  26 | Loss: 123.090584
Epoch  27 | Loss: 123.098602
Epoch  28 | Loss: 123.167336
Epoch  29 | Loss: 123.129381
Epoch  30 | Loss: 123.146206
Epoch  31 | Loss: 123.080158
Epoch  32 | Loss: 123.104486
Epoch  33 | Loss: 123.095638
Epoch  34 | Loss: 123.075914
Epoch  35 | Loss: 123.044275
Epoch  36 | Loss: 123.115910
Epoch  37 | Loss: 122.977837
Epoch  38 | Loss: 122.825325
Epoch  39 | Loss: 122.777950
Epoch  40 | Loss: 122.792576
Epoch  41 | Loss: 122.688251
Epoch  42 | Loss: 122.665031
Epoch  43 | Loss: 122.403564
Epoch  44 | Loss: 122.467798
Epoch  45 | Loss: 122.300898
Epoch  46 | Loss: 122.280722
Epoch  47 | Loss: 122.125744
Epoch  48 | Loss: 121.751135
Epoch  49 | Loss: 121.165577
Epoch  50 | Loss: 120.506035
Epoch  51 | Loss: 119.712172
Epoch  52 | Loss: 118.175985
Epoch  53 | Loss: 116.420439
Epoch  54 | Loss: 114.611767
Epoch  55 | Loss: 111.592228
Epoch  56 | Loss: 109.380016
Epoch  57 | Loss: 106.588425
Epoch  58 | Loss: 105.004940
Epoch  59 | Loss: 103.209229
Epoch  60 | Loss: 102.027172
Epoch  61 | Loss: 100.766476
Epoch  62 | Loss: 99.883841
Epoch  63 | Loss: 99.023014
Epoch  64 | Loss: 98.007793
Epoch  65 | Loss: 97.129610
Epoch  66 | Loss: 96.100653
Epoch  67 | Loss: 94.850407
Epoch  68 | Loss: 93.646090
Epoch  69 | Loss: 91.666010
Epoch  70 | Loss: 88.928829
Epoch  71 | Loss: 84.999662
Epoch  72 | Loss: 79.096462
Epoch  73 | Loss: 75.335653
Epoch  74 | Loss: 70.923552
Epoch  75 | Loss: 68.818184
Epoch  76 | Loss: 67.071880
Epoch  77 | Loss: 66.164255
Epoch  78 | Loss: 63.775891
Epoch  79 | Loss: 62.754506
Epoch  80 | Loss: 61.165953
Epoch  81 | Loss: 59.984433
Epoch  82 | Loss: 58.981043
Epoch  83 | Loss: 58.244927
Epoch  84 | Loss: 57.583862
Epoch  85 | Loss: 56.762639
Epoch  86 | Loss: 56.106730
Epoch  87 | Loss: 55.525475
Epoch  88 | Loss: 55.025339
Epoch  89 | Loss: 54.413750
Epoch  90 | Loss: 54.352879
Epoch  91 | Loss: 53.579526
Epoch  92 | Loss: 52.912543
Epoch  93 | Loss: 52.431718
Epoch  94 | Loss: 52.046891
Epoch  95 | Loss: 51.901328
Epoch  96 | Loss: 51.448035
Epoch  97 | Loss: 51.080545
Epoch  98 | Loss: 50.726371
Epoch  99 | Loss: 50.044038
Epoch 100 | Loss: 49.290649
Epoch 101 | Loss: 49.099839
Epoch 102 | Loss: 49.192136
Epoch 103 | Loss: 48.202497
Epoch 104 | Loss: 47.866314
Epoch 105 | Loss: 47.408189
Epoch 106 | Loss: 47.057944
Epoch 107 | Loss: 47.078096
Epoch 108 | Loss: 47.254210
Epoch 109 | Loss: 46.566280
Epoch 110 | Loss: 45.902162
Epoch 111 | Loss: 45.356929
Epoch 112 | Loss: 44.870301
Epoch 113 | Loss: 44.476501
Epoch 114 | Loss: 43.964621
Epoch 115 | Loss: 43.942897
Epoch 116 | Loss: 43.788606
Epoch 117 | Loss: 43.746763
Epoch 118 | Loss: 42.843003
Epoch 119 | Loss: 42.396749
Epoch 120 | Loss: 42.182089
Epoch 121 | Loss: 41.683555
Epoch 122 | Loss: 41.136025
Epoch 123 | Loss: 40.432272
Epoch 124 | Loss: 40.090317
Epoch 125 | Loss: 39.802362
Epoch 126 | Loss: 39.371458
Epoch 127 | Loss: 39.068638
Epoch 128 | Loss: 38.685668
Epoch 129 | Loss: 38.197346
Epoch 130 | Loss: 37.852967
Epoch 131 | Loss: 37.684443
Epoch 132 | Loss: 37.411082
Epoch 133 | Loss: 36.800209
Epoch 134 | Loss: 36.322451
Epoch 135 | Loss: 35.798387
Epoch 136 | Loss: 35.560246
Epoch 137 | Loss: 35.307743
Epoch 138 | Loss: 34.927725
Epoch 139 | Loss: 34.788223
Epoch 140 | Loss: 34.326260
Epoch 141 | Loss: 34.171007
Epoch 142 | Loss: 33.815214
Epoch 143 | Loss: 33.316166
Epoch 144 | Loss: 33.090353
Epoch 145 | Loss: 32.882421
Epoch 146 | Loss: 32.633197
Epoch 147 | Loss: 32.417229
Epoch 148 | Loss: 32.104147
Epoch 149 | Loss: 31.870067
Epoch 150 | Loss: 31.681616
Epoch 151 | Loss: 31.654721
Epoch 152 | Loss: 31.276536
Epoch 153 | Loss: 31.081260
Epoch 154 | Loss: 30.854277
Epoch 155 | Loss: 30.675347
Epoch 156 | Loss: 30.848397
Epoch 157 | Loss: 31.085065
Epoch 158 | Loss: 30.244084
Epoch 159 | Loss: 30.227618
Epoch 160 | Loss: 29.882617
Epoch 161 | Loss: 29.732821
Epoch 162 | Loss: 29.627548
Epoch 163 | Loss: 29.625449
Epoch 164 | Loss: 29.468594
Epoch 165 | Loss: 29.266552
Epoch 166 | Loss: 29.166976
Epoch 167 | Loss: 29.065955
Epoch 168 | Loss: 29.196566
Epoch 169 | Loss: 29.410635
Epoch 170 | Loss: 30.029661
Epoch 171 | Loss: 29.188351
Epoch 172 | Loss: 29.569234
Epoch 173 | Loss: 29.007533
Epoch 174 | Loss: 28.770632
Epoch 175 | Loss: 28.889717
Epoch 176 | Loss: 28.408978
Epoch 177 | Loss: 28.255636
Epoch 178 | Loss: 28.324168
Epoch 179 | Loss: 28.395435
Epoch 180 | Loss: 28.207361
Epoch 181 | Loss: 28.126740
Epoch 182 | Loss: 27.783209
Epoch 183 | Loss: 27.666050
Epoch 184 | Loss: 27.693297
Epoch 185 | Loss: 27.541180
Epoch 186 | Loss: 27.496896
Epoch 187 | Loss: 27.400611
Epoch 188 | Loss: 27.351288
Epoch 189 | Loss: 27.414520
Epoch 190 | Loss: 27.456809
Epoch 191 | Loss: 27.629610
Epoch 192 | Loss: 27.759637
Epoch 193 | Loss: 27.502308
Epoch 194 | Loss: 27.477269
Epoch 195 | Loss: 27.196259
Epoch 196 | Loss: 26.991995
Epoch 197 | Loss: 26.887886
Epoch 198 | Loss: 26.868419
Epoch 199 | Loss: 26.773311
Epoch 200 | Loss: 26.776817
Epoch 201 | Loss: 27.034032
Epoch 202 | Loss: 26.654361
Epoch 203 | Loss: 26.489440
Epoch 204 | Loss: 26.405357
Epoch 205 | Loss: 26.343224
Epoch 206 | Loss: 26.300180
Epoch 207 | Loss: 26.302280
Epoch 208 | Loss: 26.219257
Epoch 209 | Loss: 26.158468
Epoch 210 | Loss: 26.240403
Epoch 211 | Loss: 26.169864
Epoch 212 | Loss: 26.060437
Epoch 213 | Loss: 26.178906
Epoch 214 | Loss: 26.055316
Epoch 215 | Loss: 25.941854
Epoch 216 | Loss: 25.853360
Epoch 217 | Loss: 25.754413
Epoch 218 | Loss: 25.793193
Epoch 219 | Loss: 25.789840
Epoch 220 | Loss: 25.627420
Epoch 221 | Loss: 25.595492
Epoch 222 | Loss: 25.558375
Epoch 223 | Loss: 25.519108
Epoch 224 | Loss: 25.515862
Epoch 225 | Loss: 25.416551
Epoch 226 | Loss: 25.429694
Epoch 227 | Loss: 25.483580
Epoch 228 | Loss: 25.379854
Epoch 229 | Loss: 25.238790
Epoch 230 | Loss: 25.306993
Epoch 231 | Loss: 25.227327
Epoch 232 | Loss: 25.358312
Epoch 233 | Loss: 25.259811
Epoch 234 | Loss: 25.085366
Epoch 235 | Loss: 25.175312
Epoch 236 | Loss: 24.971444
Epoch 237 | Loss: 25.008511
Epoch 238 | Loss: 25.209037
Epoch 239 | Loss: 25.395325
Epoch 240 | Loss: 25.055240
Epoch 241 | Loss: 24.831793
Epoch 242 | Loss: 24.757376
Epoch 243 | Loss: 25.013746
Epoch 244 | Loss: 24.746943
Epoch 245 | Loss: 24.724887
Epoch 246 | Loss: 24.624433
Epoch 247 | Loss: 24.530811
Epoch 248 | Loss: 24.510411
Epoch 249 | Loss: 24.503544
Epoch 250 | Loss: 24.386021
Epoch 251 | Loss: 24.349370
Epoch 252 | Loss: 24.346545
Epoch 253 | Loss: 24.272680
Epoch 254 | Loss: 24.262737
Epoch 255 | Loss: 24.233365
Epoch 256 | Loss: 24.202826
Epoch 257 | Loss: 24.144927
Epoch 258 | Loss: 24.181376
Epoch 259 | Loss: 24.128026
Epoch 260 | Loss: 24.049344
Epoch 261 | Loss: 24.072435
Epoch 262 | Loss: 24.170424
Epoch 263 | Loss: 24.191577
Epoch 264 | Loss: 24.185154
Epoch 265 | Loss: 24.060402
Epoch 266 | Loss: 24.118927
Epoch 267 | Loss: 24.050694
Epoch 268 | Loss: 23.866763
Epoch 269 | Loss: 24.032969
Epoch 270 | Loss: 23.960902
Epoch 271 | Loss: 23.789323
Epoch 272 | Loss: 23.770366
Epoch 273 | Loss: 23.695517
Epoch 274 | Loss: 23.601490
Epoch 275 | Loss: 23.524248
Epoch 276 | Loss: 23.546231
Epoch 277 | Loss: 23.478076
Epoch 278 | Loss: 23.443879
Epoch 279 | Loss: 23.431358
Epoch 280 | Loss: 23.406059
Epoch 281 | Loss: 23.395879
Epoch 282 | Loss: 23.376815
Epoch 283 | Loss: 23.390060
Epoch 284 | Loss: 23.313365
Epoch 285 | Loss: 23.323217
Epoch 286 | Loss: 23.374074
Epoch 287 | Loss: 23.324839
Epoch 288 | Loss: 23.403111
Epoch 289 | Loss: 23.568005
Epoch 290 | Loss: 23.365027
Epoch 291 | Loss: 23.168522
Epoch 292 | Loss: 23.144024
Epoch 293 | Loss: 23.026726
Epoch 294 | Loss: 23.068196
Epoch 295 | Loss: 23.041458
Epoch 296 | Loss: 23.115279
Epoch 297 | Loss: 23.029831
Epoch 298 | Loss: 22.911665
Epoch 299 | Loss: 22.872767
Epoch 300 | Loss: 22.830175
Epoch 301 | Loss: 22.785113
Epoch 302 | Loss: 22.863328
Epoch 303 | Loss: 22.792010
Epoch 304 | Loss: 22.719445
Epoch 305 | Loss: 22.713078
Epoch 306 | Loss: 22.762896
Epoch 307 | Loss: 22.811850
Epoch 308 | Loss: 22.846940
Epoch 309 | Loss: 22.667994
Epoch 310 | Loss: 22.582054
Epoch 311 | Loss: 22.614544
Epoch 312 | Loss: 22.577131
Epoch 313 | Loss: 22.527706
Epoch 314 | Loss: 22.570808
Epoch 315 | Loss: 22.493545
Epoch 316 | Loss: 22.468348
Epoch 317 | Loss: 22.403760
Epoch 318 | Loss: 22.419980
Epoch 319 | Loss: 22.371615
Epoch 320 | Loss: 22.439515
Epoch 321 | Loss: 22.559237
Epoch 322 | Loss: 22.456124
Epoch 323 | Loss: 22.364994
Epoch 324 | Loss: 22.319730
Epoch 325 | Loss: 22.304173
Epoch 326 | Loss: 22.249831
Epoch 327 | Loss: 22.307987
Epoch 328 | Loss: 22.253489
Epoch 329 | Loss: 22.254355
Epoch 330 | Loss: 22.289133
Epoch 331 | Loss: 22.154189
Epoch 332 | Loss: 22.149153
Epoch 333 | Loss: 22.067127
Epoch 334 | Loss: 22.030797
Epoch 335 | Loss: 22.046425
Epoch 336 | Loss: 22.017254
Epoch 337 | Loss: 21.989898
Epoch 338 | Loss: 21.947984
Epoch 339 | Loss: 21.935751
Epoch 340 | Loss: 21.983706
Epoch 341 | Loss: 21.920109
Epoch 342 | Loss: 21.926710
Epoch 343 | Loss: 21.961932
Epoch 344 | Loss: 22.042884
Epoch 345 | Loss: 21.888788
Epoch 346 | Loss: 21.904784
Epoch 347 | Loss: 21.823904
Epoch 348 | Loss: 21.824126
Epoch 349 | Loss: 21.744451
Epoch 350 | Loss: 21.705212
Epoch 351 | Loss: 21.692870
Epoch 352 | Loss: 21.680633
Epoch 353 | Loss: 21.686629
Epoch 354 | Loss: 21.691231
Epoch 355 | Loss: 21.758717
Epoch 356 | Loss: 21.665965
Epoch 357 | Loss: 21.581998
Epoch 358 | Loss: 21.551924
Epoch 359 | Loss: 21.553585
Epoch 360 | Loss: 21.554806
Epoch 361 | Loss: 21.538908
Epoch 362 | Loss: 21.496204
Epoch 363 | Loss: 21.478172
Epoch 364 | Loss: 21.509123
Epoch 365 | Loss: 21.485527
Epoch 366 | Loss: 21.423716
Epoch 367 | Loss: 21.410835
Epoch 368 | Loss: 21.408011
Epoch 369 | Loss: 21.403602
Epoch 370 | Loss: 21.411317
Epoch 371 | Loss: 21.335468
Epoch 372 | Loss: 21.367403
Epoch 373 | Loss: 21.320190
Epoch 374 | Loss: 21.377985
Epoch 375 | Loss: 21.317846
Epoch 376 | Loss: 21.350359
Epoch 377 | Loss: 21.322316
Epoch 378 | Loss: 21.217352
Epoch 379 | Loss: 21.246206
Epoch 380 | Loss: 21.273180
Epoch 381 | Loss: 21.222015
Epoch 382 | Loss: 21.297536
Epoch 383 | Loss: 21.296043
Epoch 384 | Loss: 21.310624
Epoch 385 | Loss: 21.174270
Epoch 386 | Loss: 21.135406
Epoch 387 | Loss: 21.129438
Epoch 388 | Loss: 21.101091
Epoch 389 | Loss: 21.084850
Epoch 390 | Loss: 21.048731
Epoch 391 | Loss: 21.062865
Epoch 392 | Loss: 21.051550
Epoch 393 | Loss: 21.019842
Epoch 394 | Loss: 20.985370
Epoch 395 | Loss: 20.985503
Epoch 396 | Loss: 21.076028
Epoch 397 | Loss: 20.979236
Epoch 398 | Loss: 21.011880
Epoch 399 | Loss: 20.937998
Epoch 400 | Loss: 20.885090
/data5/store1/wry-u22/anaconda3/envs/py311/lib/python3.11/site-packages/torch_geometric/deprecation.py:26: UserWarning: 'data.DataLoader' is deprecated, use 'loader.DataLoader' instead
  warnings.warn(out)

Test Results:
  MAE Energy Loss: 0.003604
  MAE Force Loss : 0.034660
