nohup: 忽略输入
/data5/store1/wry-u22/anaconda3/envs/py311/lib/python3.11/site-packages/torch_geometric/deprecation.py:26: UserWarning: 'data.DataLoader' is deprecated, use 'loader.DataLoader' instead
  warnings.warn(out)
cuda
Epoch   1 | Loss: 768.425499
Epoch   2 | Loss: 770.101906
Epoch   3 | Loss: 768.275406
Epoch   4 | Loss: 767.519936
Epoch   5 | Loss: 767.334953
Epoch   6 | Loss: 768.807869
Epoch   7 | Loss: 768.758194
Epoch   8 | Loss: 769.061096
Epoch   9 | Loss: 768.626526
Epoch  10 | Loss: 767.108398
Epoch  11 | Loss: 766.702499
Epoch  12 | Loss: 766.859070
Epoch  13 | Loss: 764.216148
Epoch  14 | Loss: 758.200279
Epoch  15 | Loss: 750.440063
Epoch  16 | Loss: 715.544998
Epoch  17 | Loss: 670.416641
Epoch  18 | Loss: 645.660126
Epoch  19 | Loss: 612.003082
Epoch  20 | Loss: 567.570137
Epoch  21 | Loss: 521.341541
Epoch  22 | Loss: 482.059074
Epoch  23 | Loss: 446.220219
Epoch  24 | Loss: 418.021465
Epoch  25 | Loss: 399.163319
Epoch  26 | Loss: 380.273266
Epoch  27 | Loss: 366.365585
Epoch  28 | Loss: 353.538849
Epoch  29 | Loss: 341.843639
Epoch  30 | Loss: 329.301098
Epoch  31 | Loss: 317.652100
Epoch  32 | Loss: 305.754623
Epoch  33 | Loss: 295.063026
Epoch  34 | Loss: 282.657337
Epoch  35 | Loss: 270.787708
Epoch  36 | Loss: 259.138775
Epoch  37 | Loss: 249.354572
Epoch  38 | Loss: 243.304014
Epoch  39 | Loss: 232.671862
Epoch  40 | Loss: 225.164291
Epoch  41 | Loss: 216.679060
Epoch  42 | Loss: 210.391665
Epoch  43 | Loss: 203.910133
Epoch  44 | Loss: 199.197182
Epoch  45 | Loss: 195.018820
Epoch  46 | Loss: 189.864309
Epoch  47 | Loss: 185.180849
Epoch  48 | Loss: 182.122257
Epoch  49 | Loss: 179.169971
Epoch  50 | Loss: 175.506624
Epoch  51 | Loss: 173.432974
Epoch  52 | Loss: 170.281208
Epoch  53 | Loss: 167.041336
Epoch  54 | Loss: 164.881609
Epoch  55 | Loss: 162.586479
Epoch  56 | Loss: 160.534550
Epoch  57 | Loss: 159.017773
Epoch  58 | Loss: 156.702257
Epoch  59 | Loss: 154.506163
Epoch  60 | Loss: 152.616402
Epoch  61 | Loss: 151.017628
Epoch  62 | Loss: 150.538530
Epoch  63 | Loss: 149.289637
Epoch  64 | Loss: 146.825378
Epoch  65 | Loss: 145.365978
Epoch  66 | Loss: 145.108423
Epoch  67 | Loss: 143.341934
Epoch  68 | Loss: 141.352283
Epoch  69 | Loss: 141.044064
Epoch  70 | Loss: 139.723314
Epoch  71 | Loss: 138.046387
Epoch  72 | Loss: 136.591869
Epoch  73 | Loss: 135.659356
Epoch  74 | Loss: 134.802202
Epoch  75 | Loss: 133.808711
Epoch  76 | Loss: 132.721682
Epoch  77 | Loss: 131.138734
Epoch  78 | Loss: 130.316236
Epoch  79 | Loss: 129.455140
Epoch  80 | Loss: 128.540246
Epoch  81 | Loss: 127.758184
Epoch  82 | Loss: 126.412831
Epoch  83 | Loss: 125.497904
Epoch  84 | Loss: 124.748982
Epoch  85 | Loss: 123.678246
Epoch  86 | Loss: 123.082756
Epoch  87 | Loss: 122.760220
Epoch  88 | Loss: 121.573109
Epoch  89 | Loss: 120.594110
Epoch  90 | Loss: 119.824530
Epoch  91 | Loss: 118.618720
Epoch  92 | Loss: 117.986878
Epoch  93 | Loss: 117.196708
Epoch  94 | Loss: 116.884100
Epoch  95 | Loss: 116.125099
Epoch  96 | Loss: 115.647971
Epoch  97 | Loss: 114.219762
Epoch  98 | Loss: 113.385198
Epoch  99 | Loss: 112.691876
Epoch 100 | Loss: 112.590312
Epoch 101 | Loss: 112.035809
Epoch 102 | Loss: 110.737814
Epoch 103 | Loss: 109.894825
Epoch 104 | Loss: 109.451414
Epoch 105 | Loss: 109.510562
Epoch 106 | Loss: 108.931322
Epoch 107 | Loss: 108.192853
Epoch 108 | Loss: 107.210906
Epoch 109 | Loss: 106.758120
Epoch 110 | Loss: 106.798810
Epoch 111 | Loss: 106.443008
Epoch 112 | Loss: 105.202985
Epoch 113 | Loss: 104.806001
Epoch 114 | Loss: 104.321852
Epoch 115 | Loss: 103.434294
Epoch 116 | Loss: 102.645777
Epoch 117 | Loss: 102.588792
Epoch 118 | Loss: 102.135689
Epoch 119 | Loss: 101.625896
Epoch 120 | Loss: 101.100020
Epoch 121 | Loss: 100.734282
Epoch 122 | Loss: 99.718395
Epoch 123 | Loss: 99.482353
Epoch 124 | Loss: 99.167766
Epoch 125 | Loss: 99.004527
Epoch 126 | Loss: 98.659763
Epoch 127 | Loss: 98.112079
Epoch 128 | Loss: 97.505582
Epoch 129 | Loss: 97.271984
Epoch 130 | Loss: 96.703848
Epoch 131 | Loss: 96.133973
Epoch 132 | Loss: 95.630857
Epoch 133 | Loss: 95.072183
Epoch 134 | Loss: 94.779520
Epoch 135 | Loss: 94.494629
Epoch 136 | Loss: 94.196145
Epoch 137 | Loss: 93.535114
Epoch 138 | Loss: 93.292295
Epoch 139 | Loss: 92.941219
Epoch 140 | Loss: 92.255336
Epoch 141 | Loss: 91.973448
Epoch 142 | Loss: 91.931019
Epoch 143 | Loss: 91.665757
Epoch 144 | Loss: 91.011643
Epoch 145 | Loss: 90.892474
Epoch 146 | Loss: 90.405581
Epoch 147 | Loss: 90.496565
Epoch 148 | Loss: 89.810829
Epoch 149 | Loss: 89.406898
Epoch 150 | Loss: 88.879778
Epoch 151 | Loss: 88.660143
Epoch 152 | Loss: 88.369244
Epoch 153 | Loss: 87.739622
Epoch 154 | Loss: 87.689560
Epoch 155 | Loss: 87.370797
Epoch 156 | Loss: 87.076016
Epoch 157 | Loss: 87.199510
Epoch 158 | Loss: 87.661147
Epoch 159 | Loss: 87.150428
Epoch 160 | Loss: 86.843915
Epoch 161 | Loss: 85.666956
Epoch 162 | Loss: 85.123601
Epoch 163 | Loss: 85.445415
Epoch 164 | Loss: 84.975131
Epoch 165 | Loss: 84.745366
Epoch 166 | Loss: 83.929705
Epoch 167 | Loss: 83.626998
Epoch 168 | Loss: 83.343323
Epoch 169 | Loss: 83.123878
Epoch 170 | Loss: 82.820628
Epoch 171 | Loss: 82.437791
Epoch 172 | Loss: 82.131475
Epoch 173 | Loss: 81.551532
Epoch 174 | Loss: 81.526313
Epoch 175 | Loss: 81.209591
Epoch 176 | Loss: 81.268670
Epoch 177 | Loss: 81.182237
Epoch 178 | Loss: 80.717402
Epoch 179 | Loss: 80.376122
Epoch 180 | Loss: 79.938643
Epoch 181 | Loss: 79.909554
Epoch 182 | Loss: 79.779426
Epoch 183 | Loss: 79.439721
Epoch 184 | Loss: 78.931762
Epoch 185 | Loss: 78.477352
Epoch 186 | Loss: 77.829915
Epoch 187 | Loss: 77.516989
Epoch 188 | Loss: 77.449661
Epoch 189 | Loss: 76.946001
Epoch 190 | Loss: 76.809430
Epoch 191 | Loss: 76.633336
Epoch 192 | Loss: 76.087996
Epoch 193 | Loss: 75.868942
Epoch 194 | Loss: 75.866817
Epoch 195 | Loss: 75.210332
Epoch 196 | Loss: 74.993660
Epoch 197 | Loss: 74.516155
Epoch 198 | Loss: 74.306962
Epoch 199 | Loss: 74.046371
Epoch 200 | Loss: 74.025631
Epoch 201 | Loss: 73.936518
Epoch 202 | Loss: 73.349824
Epoch 203 | Loss: 72.911681
Epoch 204 | Loss: 72.810033
Epoch 205 | Loss: 72.454087
Epoch 206 | Loss: 72.236520
Epoch 207 | Loss: 71.987125
Epoch 208 | Loss: 71.671739
Epoch 209 | Loss: 71.526814
Epoch 210 | Loss: 71.353737
Epoch 211 | Loss: 70.722384
Epoch 212 | Loss: 70.494768
Epoch 213 | Loss: 70.455091
Epoch 214 | Loss: 70.086963
Epoch 215 | Loss: 69.971549
Epoch 216 | Loss: 70.016649
Epoch 217 | Loss: 69.324306
Epoch 218 | Loss: 69.149228
Epoch 219 | Loss: 68.900269
Epoch 220 | Loss: 68.635879
Epoch 221 | Loss: 68.147377
Epoch 222 | Loss: 67.805589
Epoch 223 | Loss: 67.646617
Epoch 224 | Loss: 67.360635
Epoch 225 | Loss: 67.140612
Epoch 226 | Loss: 66.936167
Epoch 227 | Loss: 66.707454
Epoch 228 | Loss: 66.419171
Epoch 229 | Loss: 66.123699
Epoch 230 | Loss: 65.980183
Epoch 231 | Loss: 65.466174
Epoch 232 | Loss: 65.319917
Epoch 233 | Loss: 65.211929
Epoch 234 | Loss: 64.882870
Epoch 235 | Loss: 64.587902
Epoch 236 | Loss: 64.186452
Epoch 237 | Loss: 64.060807
Epoch 238 | Loss: 63.860464
Epoch 239 | Loss: 63.492213
Epoch 240 | Loss: 63.251159
Epoch 241 | Loss: 63.104945
Epoch 242 | Loss: 63.043745
Epoch 243 | Loss: 62.898342
Epoch 244 | Loss: 62.193190
Epoch 245 | Loss: 62.064259
Epoch 246 | Loss: 61.840950
Epoch 247 | Loss: 61.648335
Epoch 248 | Loss: 61.365694
Epoch 249 | Loss: 61.154173
Epoch 250 | Loss: 60.969526
Epoch 251 | Loss: 60.545078
Epoch 252 | Loss: 60.324948
Epoch 253 | Loss: 60.218767
Epoch 254 | Loss: 60.193321
Epoch 255 | Loss: 60.097940
Epoch 256 | Loss: 59.621944
Epoch 257 | Loss: 59.025654
Epoch 258 | Loss: 58.755884
Epoch 259 | Loss: 58.590652
Epoch 260 | Loss: 58.713300
Epoch 261 | Loss: 58.257948
Epoch 262 | Loss: 57.763826
Epoch 263 | Loss: 57.644896
Epoch 264 | Loss: 57.393779
Epoch 265 | Loss: 57.008414
Epoch 266 | Loss: 56.855232
Epoch 267 | Loss: 56.595547
Epoch 268 | Loss: 56.376349
Epoch 269 | Loss: 56.334730
Epoch 270 | Loss: 56.074973
Epoch 271 | Loss: 55.636834
Epoch 272 | Loss: 55.632985
Epoch 273 | Loss: 55.228094
Epoch 274 | Loss: 54.913249
Epoch 275 | Loss: 54.775484
Epoch 276 | Loss: 54.741967
Epoch 277 | Loss: 54.568866
Epoch 278 | Loss: 54.227991
Epoch 279 | Loss: 54.006100
Epoch 280 | Loss: 53.867711
Epoch 281 | Loss: 53.214300
Epoch 282 | Loss: 53.144580
Epoch 283 | Loss: 52.948682
Epoch 284 | Loss: 52.597642
Epoch 285 | Loss: 52.489271
Epoch 286 | Loss: 52.402289
Epoch 287 | Loss: 51.951453
Epoch 288 | Loss: 52.228698
Epoch 289 | Loss: 51.894345
Epoch 290 | Loss: 51.873013
Epoch 291 | Loss: 51.603399
Epoch 292 | Loss: 51.112614
Epoch 293 | Loss: 50.950823
Epoch 294 | Loss: 50.666708
Epoch 295 | Loss: 50.061035
Epoch 296 | Loss: 49.900611
Epoch 297 | Loss: 49.878948
Epoch 298 | Loss: 49.639791
Epoch 299 | Loss: 49.275684
Epoch 300 | Loss: 49.185581
Epoch 301 | Loss: 48.940865
Epoch 302 | Loss: 48.624040
Epoch 303 | Loss: 48.507891
Epoch 304 | Loss: 48.316249
Epoch 305 | Loss: 48.096523
Epoch 306 | Loss: 47.759978
Epoch 307 | Loss: 47.590264
Epoch 308 | Loss: 47.392805
Epoch 309 | Loss: 47.165801
Epoch 310 | Loss: 46.876244
Epoch 311 | Loss: 46.613006
Epoch 312 | Loss: 46.626315
Epoch 313 | Loss: 46.513587
Epoch 314 | Loss: 46.292684
Epoch 315 | Loss: 46.263913
Epoch 316 | Loss: 45.758638
Epoch 317 | Loss: 45.458461
Epoch 318 | Loss: 45.169077
Epoch 319 | Loss: 44.964043
Epoch 320 | Loss: 44.943765
Epoch 321 | Loss: 44.606771
Epoch 322 | Loss: 44.621065
Epoch 323 | Loss: 44.293973
Epoch 324 | Loss: 44.088982
Epoch 325 | Loss: 43.953262
Epoch 326 | Loss: 43.752386
Epoch 327 | Loss: 43.368588
Epoch 328 | Loss: 43.188995
Epoch 329 | Loss: 42.960027
Epoch 330 | Loss: 42.750874
Epoch 331 | Loss: 42.848585
Epoch 332 | Loss: 42.618166
Epoch 333 | Loss: 42.876146
Epoch 334 | Loss: 42.399366
Epoch 335 | Loss: 42.302879
Epoch 336 | Loss: 41.807825
Epoch 337 | Loss: 41.487622
Epoch 338 | Loss: 41.352221
Epoch 339 | Loss: 41.263736
Epoch 340 | Loss: 40.916402
Epoch 341 | Loss: 40.743424
Epoch 342 | Loss: 40.473016
Epoch 343 | Loss: 40.354362
Epoch 344 | Loss: 40.166439
Epoch 345 | Loss: 39.960656
Epoch 346 | Loss: 39.836519
Epoch 347 | Loss: 39.578069
Epoch 348 | Loss: 39.375208
Epoch 349 | Loss: 39.192554
Epoch 350 | Loss: 39.117474
Epoch 351 | Loss: 38.807889
Epoch 352 | Loss: 38.751365
Epoch 353 | Loss: 38.529757
Epoch 354 | Loss: 38.442499
Epoch 355 | Loss: 38.370183
Epoch 356 | Loss: 37.969724
Epoch 357 | Loss: 37.946614
Epoch 358 | Loss: 37.697137
Epoch 359 | Loss: 37.747171
Epoch 360 | Loss: 37.493641
Epoch 361 | Loss: 37.299438
Epoch 362 | Loss: 36.962940
Epoch 363 | Loss: 36.995435
Epoch 364 | Loss: 36.740592
Epoch 365 | Loss: 36.554864
Epoch 366 | Loss: 36.431602
Epoch 367 | Loss: 36.411391
Epoch 368 | Loss: 36.384639
Epoch 369 | Loss: 36.577532
Epoch 370 | Loss: 36.389290
Epoch 371 | Loss: 36.186544
Epoch 372 | Loss: 35.779757
Epoch 373 | Loss: 35.934526
Epoch 374 | Loss: 35.616905
Epoch 375 | Loss: 35.435336
Epoch 376 | Loss: 35.113175
Epoch 377 | Loss: 34.962428
Epoch 378 | Loss: 34.919017
Epoch 379 | Loss: 34.585231
Epoch 380 | Loss: 34.710753
Epoch 381 | Loss: 34.566734
Epoch 382 | Loss: 34.422897
Epoch 383 | Loss: 34.444113
Epoch 384 | Loss: 34.108075
Epoch 385 | Loss: 33.784824
Epoch 386 | Loss: 33.673613
Epoch 387 | Loss: 33.594439
Epoch 388 | Loss: 33.484303
Epoch 389 | Loss: 33.533859
Epoch 390 | Loss: 33.420210
Epoch 391 | Loss: 33.251784
Epoch 392 | Loss: 33.105674
Epoch 393 | Loss: 33.100645
Epoch 394 | Loss: 32.833767
Epoch 395 | Loss: 32.682131
Epoch 396 | Loss: 32.556512
Epoch 397 | Loss: 32.470472
Epoch 398 | Loss: 32.382542
Epoch 399 | Loss: 32.384263
Epoch 400 | Loss: 32.209525
Epoch 401 | Loss: 32.151259
Epoch 402 | Loss: 32.006875
Epoch 403 | Loss: 31.710023
Epoch 404 | Loss: 31.658469
Epoch 405 | Loss: 31.535250
Epoch 406 | Loss: 31.449219
Epoch 407 | Loss: 31.301316
Epoch 408 | Loss: 31.191087
Epoch 409 | Loss: 31.245524
Epoch 410 | Loss: 31.261652
Epoch 411 | Loss: 30.949811
Epoch 412 | Loss: 30.880252
Epoch 413 | Loss: 30.761453
Epoch 414 | Loss: 30.673212
Epoch 415 | Loss: 30.729782
Epoch 416 | Loss: 30.597243
Epoch 417 | Loss: 30.374727
Epoch 418 | Loss: 30.257751
Epoch 419 | Loss: 30.213979
Epoch 420 | Loss: 30.160105
Epoch 421 | Loss: 30.161194
Epoch 422 | Loss: 29.922400
Epoch 423 | Loss: 29.806125
Epoch 424 | Loss: 29.824782
Epoch 425 | Loss: 29.801106
Epoch 426 | Loss: 29.650859
Epoch 427 | Loss: 29.853438
Epoch 428 | Loss: 29.557627
Epoch 429 | Loss: 29.336223
Epoch 430 | Loss: 29.261206
Epoch 431 | Loss: 29.210253
Epoch 432 | Loss: 29.121235
Epoch 433 | Loss: 28.957329
Epoch 434 | Loss: 28.894558
Epoch 435 | Loss: 28.816909
Epoch 436 | Loss: 28.661382
Epoch 437 | Loss: 28.708453
Epoch 438 | Loss: 28.646508
Epoch 439 | Loss: 28.547267
Epoch 440 | Loss: 28.432581
Epoch 441 | Loss: 28.380710
Epoch 442 | Loss: 28.519169
Epoch 443 | Loss: 28.275355
Epoch 444 | Loss: 28.084501
Epoch 445 | Loss: 28.005911
Epoch 446 | Loss: 27.864152
Epoch 447 | Loss: 27.824326
Epoch 448 | Loss: 27.793571
Epoch 449 | Loss: 27.725054
Epoch 450 | Loss: 27.705398
Epoch 451 | Loss: 27.493888
Epoch 452 | Loss: 27.508656
Epoch 453 | Loss: 27.498465
Epoch 454 | Loss: 27.383477
Epoch 455 | Loss: 27.328823
Epoch 456 | Loss: 27.282197
Epoch 457 | Loss: 27.307318
Epoch 458 | Loss: 27.103335
Epoch 459 | Loss: 26.947126
Epoch 460 | Loss: 26.925846
Epoch 461 | Loss: 26.870286
Epoch 462 | Loss: 26.843775
Epoch 463 | Loss: 27.177847
Epoch 464 | Loss: 26.904104
Epoch 465 | Loss: 26.696046
Epoch 466 | Loss: 26.573529
Epoch 467 | Loss: 26.462520
Epoch 468 | Loss: 26.531616
Epoch 469 | Loss: 26.423940
Epoch 470 | Loss: 26.346262
Epoch 471 | Loss: 26.178486
Epoch 472 | Loss: 26.184669
Epoch 473 | Loss: 26.215875
Epoch 474 | Loss: 26.119205
Epoch 475 | Loss: 25.999475
Epoch 476 | Loss: 25.984612
Epoch 477 | Loss: 26.131244
Epoch 478 | Loss: 26.239590
Epoch 479 | Loss: 25.858065
Epoch 480 | Loss: 25.658320
Epoch 481 | Loss: 25.732404
Epoch 482 | Loss: 25.621493
Epoch 483 | Loss: 25.514929
Epoch 484 | Loss: 25.452153
Epoch 485 | Loss: 25.300522
Epoch 486 | Loss: 25.252668
Epoch 487 | Loss: 25.229742
Epoch 488 | Loss: 25.192503
Epoch 489 | Loss: 25.096698
Epoch 490 | Loss: 25.183175
Epoch 491 | Loss: 25.140320
Epoch 492 | Loss: 25.140750
Epoch 493 | Loss: 25.126013
Epoch 494 | Loss: 25.212055
Epoch 495 | Loss: 25.106419
Epoch 496 | Loss: 25.120489
Epoch 497 | Loss: 24.894157
Epoch 498 | Loss: 24.687814
Epoch 499 | Loss: 24.586702
Epoch 500 | Loss: 24.491110
Epoch 501 | Loss: 24.613165
Epoch 502 | Loss: 24.496687
Epoch 503 | Loss: 24.550631
Epoch 504 | Loss: 24.362592
Epoch 505 | Loss: 24.334518
Epoch 506 | Loss: 24.222636
Epoch 507 | Loss: 24.179944
Epoch 508 | Loss: 24.114260
Epoch 509 | Loss: 24.091386
Epoch 510 | Loss: 23.961882
Epoch 511 | Loss: 24.017878
Epoch 512 | Loss: 23.991404
Epoch 513 | Loss: 23.967768
Epoch 514 | Loss: 23.983547
Epoch 515 | Loss: 23.957782
Epoch 516 | Loss: 23.824157
Epoch 517 | Loss: 23.731366
Epoch 518 | Loss: 23.680531
Epoch 519 | Loss: 23.814116
Epoch 520 | Loss: 23.652762
Epoch 521 | Loss: 23.493026
Epoch 522 | Loss: 23.565258
Epoch 523 | Loss: 23.452760
Epoch 524 | Loss: 23.381238
Epoch 525 | Loss: 23.334335
Epoch 526 | Loss: 23.334260
Epoch 527 | Loss: 23.251812
Epoch 528 | Loss: 23.207045
Epoch 529 | Loss: 23.128544
Epoch 530 | Loss: 23.357953
Epoch 531 | Loss: 23.228801
Epoch 532 | Loss: 23.108429
Epoch 533 | Loss: 23.085586
Epoch 534 | Loss: 23.034079
Epoch 535 | Loss: 22.961753
Epoch 536 | Loss: 22.894392
Epoch 537 | Loss: 23.042386
Epoch 538 | Loss: 23.054749
Epoch 539 | Loss: 22.832634
Epoch 540 | Loss: 22.841238
Epoch 541 | Loss: 22.779676
Epoch 542 | Loss: 22.682149
Epoch 543 | Loss: 22.596900
Epoch 544 | Loss: 22.584135
Epoch 545 | Loss: 22.803739
Epoch 546 | Loss: 22.728776
Epoch 547 | Loss: 22.579505
Epoch 548 | Loss: 22.378104
Epoch 549 | Loss: 22.328258
Epoch 550 | Loss: 22.395918
Epoch 551 | Loss: 22.257149
Epoch 552 | Loss: 22.186719
Epoch 553 | Loss: 22.265451
Epoch 554 | Loss: 22.383886
Epoch 555 | Loss: 22.212692
Epoch 556 | Loss: 22.358898
Epoch 557 | Loss: 22.097440
Epoch 558 | Loss: 22.103065
Epoch 559 | Loss: 22.003843
Epoch 560 | Loss: 21.917190
Epoch 561 | Loss: 21.910004
Epoch 562 | Loss: 21.885652
Epoch 563 | Loss: 21.861695
Epoch 564 | Loss: 21.769277
Epoch 565 | Loss: 21.718902
Epoch 566 | Loss: 21.938690
Epoch 567 | Loss: 21.721383
Epoch 568 | Loss: 21.703942
Epoch 569 | Loss: 21.630975
Epoch 570 | Loss: 21.528594
Epoch 571 | Loss: 21.558866
Epoch 572 | Loss: 21.605729
Epoch 573 | Loss: 21.516141
Epoch 574 | Loss: 21.453245
Epoch 575 | Loss: 21.394413
Epoch 576 | Loss: 21.484772
Epoch 577 | Loss: 21.511749
Epoch 578 | Loss: 21.568703
Epoch 579 | Loss: 21.335566
Epoch 580 | Loss: 21.261226
Epoch 581 | Loss: 21.295201
Epoch 582 | Loss: 21.199604
Epoch 583 | Loss: 21.141633
Epoch 584 | Loss: 21.034487
Epoch 585 | Loss: 21.013195
Epoch 586 | Loss: 21.033946
Epoch 587 | Loss: 20.972531
Epoch 588 | Loss: 20.999050
Epoch 589 | Loss: 21.015279
Epoch 590 | Loss: 20.919389
Epoch 591 | Loss: 20.867252
Epoch 592 | Loss: 20.833643
Epoch 593 | Loss: 20.828721
Epoch 594 | Loss: 20.818032
Epoch 595 | Loss: 20.896643
Epoch 596 | Loss: 20.930293
Epoch 597 | Loss: 20.879111
Epoch 598 | Loss: 20.787445
Epoch 599 | Loss: 20.810439
Epoch 600 | Loss: 20.742354
/data5/store1/wry-u22/anaconda3/envs/py311/lib/python3.11/site-packages/torch_geometric/deprecation.py:26: UserWarning: 'data.DataLoader' is deprecated, use 'loader.DataLoader' instead
  warnings.warn(out)

Test Results:
  MAE Energy Loss: 0.002866
  MAE Force Loss : 0.040785
0
  MAE Force Loss : 0.059464
