nohup: 忽略输入
/data5/store1/wry-u22/anaconda3/envs/py311/lib/python3.11/site-packages/torch_geometric/deprecation.py:26: UserWarning: 'data.DataLoader' is deprecated, use 'loader.DataLoader' instead
  warnings.warn(out)
cuda
Epoch   1 | Loss: nan
Epoch   2 | Loss: nan
Epoch   3 | Loss: nan
Epoch   4 | Loss: nan
Epoch   5 | Loss: nan
Epoch   6 | Loss: nan
Epoch   7 | Loss: nan
Epoch   8 | Loss: nan
Epoch   9 | Loss: nan
Epoch  10 | Loss: nan
Epoch  11 | Loss: nan
Epoch  12 | Loss: nan
Epoch  13 | Loss: nan
Epoch  14 | Loss: nan
Epoch  15 | Loss: nan
Epoch  16 | Loss: nan
Epoch  17 | Loss: nan
Epoch  18 | Loss: nan
Epoch  19 | Loss: nan
Epoch  20 | Loss: nan
Epoch  21 | Loss: nan
Epoch  22 | Loss: nan
Epoch  23 | Loss: nan
Epoch  24 | Loss: nan
Epoch  25 | Loss: nan
Epoch  26 | Loss: nan
Epoch  27 | Loss: nan
Epoch  28 | Loss: nan
Epoch  29 | Loss: nan
Epoch  30 | Loss: nan
Epoch  31 | Loss: nan
Epoch  32 | Loss: nan
Epoch  33 | Loss: nan
Epoch  34 | Loss: nan
Epoch  35 | Loss: nan
Epoch  36 | Loss: nan
Epoch  37 | Loss: nan
Epoch  38 | Loss: nan
Epoch  39 | Loss: nan
Epoch  40 | Loss: nan
Epoch  41 | Loss: nan
Epoch  42 | Loss: nan
Epoch  43 | Loss: nan
Epoch  44 | Loss: nan
Epoch  45 | Loss: nan
Epoch  46 | Loss: nan
Epoch  47 | Loss: nan
Epoch  48 | Loss: nan
Epoch  49 | Loss: nan
Epoch  50 | Loss: nan
Epoch  51 | Loss: nan
Epoch  52 | Loss: nan
Epoch  53 | Loss: nan
Epoch  54 | Loss: nan
Epoch  55 | Loss: nan
Epoch  56 | Loss: nan
Epoch  57 | Loss: nan
Epoch  58 | Loss: nan
Epoch  59 | Loss: nan
Epoch  60 | Loss: nan
Epoch  61 | Loss: nan
Epoch  62 | Loss: nan
Epoch  63 | Loss: nan
Epoch  64 | Loss: nan
Epoch  65 | Loss: nan
Epoch  66 | Loss: nan
Epoch  67 | Loss: nan
Epoch  68 | Loss: nan
Epoch  69 | Loss: nan
Epoch  70 | Loss: nan
Epoch  71 | Loss: nan
Epoch  72 | Loss: nan
Epoch  73 | Loss: nan
Epoch  74 | Loss: nan
Epoch  75 | Loss: nan
Epoch  76 | Loss: nan
Epoch  77 | Loss: nan
Epoch  78 | Loss: nan
Epoch  79 | Loss: nan
Epoch  80 | Loss: nan
Epoch  81 | Loss: nan
Epoch  82 | Loss: nan
Epoch  83 | Loss: nan
Epoch  84 | Loss: nan
Epoch  85 | Loss: nan
Epoch  86 | Loss: nan
Epoch  87 | Loss: nan
Epoch  88 | Loss: nan
Epoch  89 | Loss: nan
Epoch  90 | Loss: nan
Epoch  91 | Loss: nan
Epoch  92 | Loss: nan
Epoch  93 | Loss: nan
Epoch  94 | Loss: nan
Epoch  95 | Loss: nan
Epoch  96 | Loss: nan
Epoch  97 | Loss: nan
Epoch  98 | Loss: nan
Epoch  99 | Loss: nan
Epoch 100 | Loss: nan
Epoch 101 | Loss: nan
Epoch 102 | Loss: nan
Epoch 103 | Loss: nan
Epoch 104 | Loss: nan
Epoch 105 | Loss: nan
Epoch 106 | Loss: nan
Epoch 107 | Loss: nan
Epoch 108 | Loss: nan
Epoch 109 | Loss: nan
Epoch 110 | Loss: nan
Epoch 111 | Loss: nan
Epoch 112 | Loss: nan
Epoch 113 | Loss: nan
Epoch 114 | Loss: nan
Epoch 115 | Loss: nan
Epoch 116 | Loss: nan
Epoch 117 | Loss: nan
Epoch 118 | Loss: nan
Epoch 119 | Loss: nan
Epoch 120 | Loss: nan
Epoch 121 | Loss: nan
Epoch 122 | Loss: nan
Epoch 123 | Loss: nan
Epoch 124 | Loss: nan
Epoch 125 | Loss: nan
Epoch 126 | Loss: nan
Epoch 127 | Loss: nan
Epoch 128 | Loss: nan
Epoch 129 | Loss: nan
Epoch 130 | Loss: nan
Epoch 131 | Loss: nan
Epoch 132 | Loss: nan
Epoch 133 | Loss: nan
Epoch 134 | Loss: nan
Epoch 135 | Loss: nan
Epoch 136 | Loss: nan
Epoch 137 | Loss: nan
Epoch 138 | Loss: nan
Epoch 139 | Loss: nan
Epoch 140 | Loss: nan
Epoch 141 | Loss: nan
Epoch 142 | Loss: nan
Epoch 143 | Loss: nan
Epoch 144 | Loss: nan
Epoch 145 | Loss: nan
Epoch 146 | Loss: nan
Epoch 147 | Loss: nan
Epoch 148 | Loss: nan
Epoch 149 | Loss: nan
Epoch 150 | Loss: nan
Epoch 151 | Loss: nan
Epoch 152 | Loss: nan
Epoch 153 | Loss: nan
Epoch 154 | Loss: nan
Epoch 155 | Loss: nan
Epoch 156 | Loss: nan
Epoch 157 | Loss: nan
Epoch 158 | Loss: nan
Epoch 159 | Loss: nan
Epoch 160 | Loss: nan
Epoch 161 | Loss: nan
Epoch 162 | Loss: nan
Epoch 163 | Loss: nan
Epoch 164 | Loss: nan
Epoch 165 | Loss: nan
Epoch 166 | Loss: nan
Epoch 167 | Loss: nan
Epoch 168 | Loss: nan
Epoch 169 | Loss: nan
Epoch 170 | Loss: nan
Epoch 171 | Loss: nan
Epoch 172 | Loss: nan
Epoch 173 | Loss: nan
Epoch 174 | Loss: nan
Epoch 175 | Loss: nan
Epoch 176 | Loss: nan
Epoch 177 | Loss: nan
Epoch 178 | Loss: nan
Epoch 179 | Loss: nan
Epoch 180 | Loss: nan
Epoch 181 | Loss: nan
Epoch 182 | Loss: nan
Epoch 183 | Loss: nan
Epoch 184 | Loss: nan
Epoch 185 | Loss: nan
Epoch 186 | Loss: nan
Epoch 187 | Loss: nan
Epoch 188 | Loss: nan
Epoch 189 | Loss: nan
Epoch 190 | Loss: nan
Epoch 191 | Loss: nan
Epoch 192 | Loss: nan
Epoch 193 | Loss: nan
Epoch 194 | Loss: nan
Epoch 195 | Loss: nan
Epoch 196 | Loss: nan
Epoch 197 | Loss: nan
Epoch 198 | Loss: nan
Epoch 199 | Loss: nan
Epoch 200 | Loss: nan
Epoch 201 | Loss: nan
Epoch 202 | Loss: nan
Epoch 203 | Loss: nan
Epoch 204 | Loss: nan
Epoch 205 | Loss: nan
Epoch 206 | Loss: nan
Epoch 207 | Loss: nan
Epoch 208 | Loss: nan
Epoch 209 | Loss: nan
Epoch 210 | Loss: nan
Epoch 211 | Loss: nan
Epoch 212 | Loss: nan
Epoch 213 | Loss: nan
Epoch 214 | Loss: nan
Epoch 215 | Loss: nan
Epoch 216 | Loss: nan
Epoch 217 | Loss: nan
Epoch 218 | Loss: nan
Epoch 219 | Loss: nan
Epoch 220 | Loss: nan
Epoch 221 | Loss: nan
Epoch 222 | Loss: nan
Epoch 223 | Loss: nan
Epoch 224 | Loss: nan
Epoch 225 | Loss: nan
Epoch 226 | Loss: nan
Epoch 227 | Loss: nan
Epoch 228 | Loss: nan
Epoch 229 | Loss: nan
Epoch 230 | Loss: nan
Epoch 231 | Loss: nan
Epoch 232 | Loss: nan
Epoch 233 | Loss: nan
Epoch 234 | Loss: nan
Epoch 235 | Loss: nan
Epoch 236 | Loss: nan
Epoch 237 | Loss: nan
Epoch 238 | Loss: nan
Epoch 239 | Loss: nan
Epoch 240 | Loss: nan
Epoch 241 | Loss: nan
Epoch 242 | Loss: nan
Epoch 243 | Loss: nan
Epoch 244 | Loss: nan
Epoch 245 | Loss: nan
Epoch 246 | Loss: nan
Epoch 247 | Loss: nan
Epoch 248 | Loss: nan
Epoch 249 | Loss: nan
Epoch 250 | Loss: nan
Epoch 251 | Loss: nan
Epoch 252 | Loss: nan
Epoch 253 | Loss: nan
Epoch 254 | Loss: nan
Epoch 255 | Loss: nan
Epoch 256 | Loss: nan
Epoch 257 | Loss: nan
Epoch 258 | Loss: nan
Epoch 259 | Loss: nan
Epoch 260 | Loss: nan
Epoch 261 | Loss: nan
Epoch 262 | Loss: nan
Epoch 263 | Loss: nan
Epoch 264 | Loss: nan
Epoch 265 | Loss: nan
Epoch 266 | Loss: nan
Epoch 267 | Loss: nan
Epoch 268 | Loss: nan
Epoch 269 | Loss: nan
Epoch 270 | Loss: nan
Epoch 271 | Loss: nan
Epoch 272 | Loss: nan
Epoch 273 | Loss: nan
Epoch 274 | Loss: nan
Epoch 275 | Loss: nan
Epoch 276 | Loss: nan
Epoch 277 | Loss: nan
Epoch 278 | Loss: nan
Epoch 279 | Loss: nan
Epoch 280 | Loss: nan
Epoch 281 | Loss: nan
Epoch 282 | Loss: nan
Epoch 283 | Loss: nan
Epoch 284 | Loss: nan
Epoch 285 | Loss: nan
Epoch 286 | Loss: nan
Epoch 287 | Loss: nan
Epoch 288 | Loss: nan
Epoch 289 | Loss: nan
Epoch 290 | Loss: nan
Epoch 291 | Loss: nan
Epoch 292 | Loss: nan
Epoch 293 | Loss: nan
Epoch 294 | Loss: nan
Epoch 295 | Loss: nan
Epoch 296 | Loss: nan
Epoch 297 | Loss: nan
Epoch 298 | Loss: nan
Epoch 299 | Loss: nan
Epoch 300 | Loss: nan
Epoch 301 | Loss: nan
Epoch 302 | Loss: nan
Epoch 303 | Loss: nan
Epoch 304 | Loss: nan
Epoch 305 | Loss: nan
Epoch 306 | Loss: nan
Epoch 307 | Loss: nan
Epoch 308 | Loss: nan
Epoch 309 | Loss: nan
Epoch 310 | Loss: nan
Epoch 311 | Loss: nan
Epoch 312 | Loss: nan
Epoch 313 | Loss: nan
Epoch 314 | Loss: nan
Epoch 315 | Loss: nan
Epoch 316 | Loss: nan
Epoch 317 | Loss: nan
Epoch 318 | Loss: nan
Epoch 319 | Loss: nan
Epoch 320 | Loss: nan
Epoch 321 | Loss: nan
Epoch 322 | Loss: nan
Epoch 323 | Loss: nan
Epoch 324 | Loss: nan
Epoch 325 | Loss: nan
Epoch 326 | Loss: nan
Epoch 327 | Loss: nan
Epoch 328 | Loss: nan
Epoch 329 | Loss: nan
Epoch 330 | Loss: nan
Epoch 331 | Loss: nan
Epoch 332 | Loss: nan
Epoch 333 | Loss: nan
Epoch 334 | Loss: nan
Epoch 335 | Loss: nan
Epoch 336 | Loss: nan
Epoch 337 | Loss: nan
Epoch 338 | Loss: nan
Epoch 339 | Loss: nan
Epoch 340 | Loss: nan
Epoch 341 | Loss: nan
Epoch 342 | Loss: nan
Epoch 343 | Loss: nan
Epoch 344 | Loss: nan
Epoch 345 | Loss: nan
Epoch 346 | Loss: nan
Epoch 347 | Loss: nan
Epoch 348 | Loss: nan
Epoch 349 | Loss: nan
Epoch 350 | Loss: nan
Epoch 351 | Loss: nan
Epoch 352 | Loss: nan
Epoch 353 | Loss: nan
Epoch 354 | Loss: nan
Epoch 355 | Loss: nan
Epoch 356 | Loss: nan
Epoch 357 | Loss: nan
Epoch 358 | Loss: nan
Epoch 359 | Loss: nan
Epoch 360 | Loss: nan
Epoch 361 | Loss: nan
Epoch 362 | Loss: nan
Epoch 363 | Loss: nan
Epoch 364 | Loss: nan
Epoch 365 | Loss: nan
Epoch 366 | Loss: nan
Epoch 367 | Loss: nan
Epoch 368 | Loss: nan
Epoch 369 | Loss: nan
Epoch 370 | Loss: nan
Epoch 371 | Loss: nan
Epoch 372 | Loss: nan
Epoch 373 | Loss: nan
Epoch 374 | Loss: nan
Epoch 375 | Loss: nan
Epoch 376 | Loss: nan
Epoch 377 | Loss: nan
Epoch 378 | Loss: nan
Epoch 379 | Loss: nan
Epoch 380 | Loss: nan
Epoch 381 | Loss: nan
Epoch 382 | Loss: nan
Epoch 383 | Loss: nan
Epoch 384 | Loss: nan
Epoch 385 | Loss: nan
Epoch 386 | Loss: nan
Epoch 387 | Loss: nan
Epoch 388 | Loss: nan
Epoch 389 | Loss: nan
Epoch 390 | Loss: nan
Epoch 391 | Loss: nan
Epoch 392 | Loss: nan
Epoch 393 | Loss: nan
Epoch 394 | Loss: nan
Epoch 395 | Loss: nan
Epoch 396 | Loss: nan
Epoch 397 | Loss: nan
Epoch 398 | Loss: nan
Epoch 399 | Loss: nan
Epoch 400 | Loss: nan
Epoch 401 | Loss: nan
Epoch 402 | Loss: nan
Epoch 403 | Loss: nan
Epoch 404 | Loss: nan
Epoch 405 | Loss: nan
Epoch 406 | Loss: nan
Epoch 407 | Loss: nan
Epoch 408 | Loss: nan
Epoch 409 | Loss: nan
Epoch 410 | Loss: nan
Epoch 411 | Loss: nan
Epoch 412 | Loss: nan
Epoch 413 | Loss: nan
Epoch 414 | Loss: nan
Epoch 415 | Loss: nan
Epoch 416 | Loss: nan
Epoch 417 | Loss: nan
Epoch 418 | Loss: nan
Epoch 419 | Loss: nan
Epoch 420 | Loss: nan
Epoch 421 | Loss: nan
Epoch 422 | Loss: nan
Epoch 423 | Loss: nan
Epoch 424 | Loss: nan
Epoch 425 | Loss: nan
Epoch 426 | Loss: nan
Epoch 427 | Loss: nan
Epoch 428 | Loss: nan
Epoch 429 | Loss: nan
Epoch 430 | Loss: nan
Epoch 431 | Loss: nan
Epoch 432 | Loss: nan
Epoch 433 | Loss: nan
Epoch 434 | Loss: nan
Epoch 435 | Loss: nan
Epoch 436 | Loss: nan
Epoch 437 | Loss: nan
Epoch 438 | Loss: nan
Epoch 439 | Loss: nan
Epoch 440 | Loss: nan
Epoch 441 | Loss: nan
Epoch 442 | Loss: nan
Epoch 443 | Loss: nan
Epoch 444 | Loss: nan
Epoch 445 | Loss: nan
Epoch 446 | Loss: nan
Epoch 447 | Loss: nan
Epoch 448 | Loss: nan
Epoch 449 | Loss: nan
Epoch 450 | Loss: nan
Epoch 451 | Loss: nan
Epoch 452 | Loss: nan
Epoch 453 | Loss: nan
Epoch 454 | Loss: nan
Epoch 455 | Loss: nan
Epoch 456 | Loss: nan
Epoch 457 | Loss: nan
Epoch 458 | Loss: nan
Epoch 459 | Loss: nan
Epoch 460 | Loss: nan
Epoch 461 | Loss: nan
Epoch 462 | Loss: nan
Epoch 463 | Loss: nan
Epoch 464 | Loss: nan
Epoch 465 | Loss: nan
Epoch 466 | Loss: nan
Epoch 467 | Loss: nan
Epoch 468 | Loss: nan
Epoch 469 | Loss: nan
Epoch 470 | Loss: nan
Epoch 471 | Loss: nan
Epoch 472 | Loss: nan
Epoch 473 | Loss: nan
Epoch 474 | Loss: nan
Epoch 475 | Loss: nan
Epoch 476 | Loss: nan
Epoch 477 | Loss: nan
Epoch 478 | Loss: nan
Epoch 479 | Loss: nan
Epoch 480 | Loss: nan
Epoch 481 | Loss: nan
Epoch 482 | Loss: nan
Epoch 483 | Loss: nan
Epoch 484 | Loss: nan
Epoch 485 | Loss: nan
Epoch 486 | Loss: nan
Epoch 487 | Loss: nan
Epoch 488 | Loss: nan
Epoch 489 | Loss: nan
Epoch 490 | Loss: nan
Epoch 491 | Loss: nan
Epoch 492 | Loss: nan
Epoch 493 | Loss: nan
Epoch 494 | Loss: nan
Epoch 495 | Loss: nan
Epoch 496 | Loss: nan
Epoch 497 | Loss: nan
Epoch 498 | Loss: nan
Epoch 499 | Loss: nan
Epoch 500 | Loss: nan
Epoch 501 | Loss: nan
Epoch 502 | Loss: nan
Epoch 503 | Loss: nan
Epoch 504 | Loss: nan
Epoch 505 | Loss: nan
Epoch 506 | Loss: nan
Epoch 507 | Loss: nan
Epoch 508 | Loss: nan
Epoch 509 | Loss: nan
Epoch 510 | Loss: nan
Epoch 511 | Loss: nan
Epoch 512 | Loss: nan
Epoch 513 | Loss: nan
Epoch 514 | Loss: nan
Epoch 515 | Loss: nan
Epoch 516 | Loss: nan
Epoch 517 | Loss: nan
Epoch 518 | Loss: nan
Epoch 519 | Loss: nan
Epoch 520 | Loss: nan
Epoch 521 | Loss: nan
Epoch 522 | Loss: nan
Epoch 523 | Loss: nan
Epoch 524 | Loss: nan
Epoch 525 | Loss: nan
Epoch 526 | Loss: nan
Epoch 527 | Loss: nan
Epoch 528 | Loss: nan
Epoch 529 | Loss: nan
Epoch 530 | Loss: nan
Epoch 531 | Loss: nan
Epoch 532 | Loss: nan
Epoch 533 | Loss: nan
Epoch 534 | Loss: nan
Epoch 535 | Loss: nan
Epoch 536 | Loss: nan
Epoch 537 | Loss: nan
Epoch 538 | Loss: nan
Epoch 539 | Loss: nan
Epoch 540 | Loss: nan
Epoch 541 | Loss: nan
Epoch 542 | Loss: nan
Epoch 543 | Loss: nan
Epoch 544 | Loss: nan
Epoch 545 | Loss: nan
Epoch 546 | Loss: nan
Epoch 547 | Loss: nan
Epoch 548 | Loss: nan
Epoch 549 | Loss: nan
Epoch 550 | Loss: nan
Epoch 551 | Loss: nan
Epoch 552 | Loss: nan
Epoch 553 | Loss: nan
Epoch 554 | Loss: nan
Epoch 555 | Loss: nan
Epoch 556 | Loss: nan
Epoch 557 | Loss: nan
Epoch 558 | Loss: nan
Epoch 559 | Loss: nan
Epoch 560 | Loss: nan
Epoch 561 | Loss: nan
Epoch 562 | Loss: nan
Epoch 563 | Loss: nan
Epoch 564 | Loss: nan
Epoch 565 | Loss: nan
Epoch 566 | Loss: nan
Epoch 567 | Loss: nan
Epoch 568 | Loss: nan
Epoch 569 | Loss: nan
Epoch 570 | Loss: nan
Epoch 571 | Loss: nan
Epoch 572 | Loss: nan
Epoch 573 | Loss: nan
Epoch 574 | Loss: nan
Epoch 575 | Loss: nan
Epoch 576 | Loss: nan
Epoch 577 | Loss: nan
Epoch 578 | Loss: nan
Epoch 579 | Loss: nan
Epoch 580 | Loss: nan
Epoch 581 | Loss: nan
Epoch 582 | Loss: nan
Epoch 583 | Loss: nan
Epoch 584 | Loss: nan
Epoch 585 | Loss: nan
Epoch 586 | Loss: nan
Epoch 587 | Loss: nan
Epoch 588 | Loss: nan
Epoch 589 | Loss: nan
Epoch 590 | Loss: nan
Epoch 591 | Loss: nan
Epoch 592 | Loss: nan
Epoch 593 | Loss: nan
Epoch 594 | Loss: nan
Epoch 595 | Loss: nan
Epoch 596 | Loss: nan
Epoch 597 | Loss: nan
Epoch 598 | Loss: nan
Epoch 599 | Loss: nan
Epoch 600 | Loss: nan
Traceback (most recent call last):
  File "/data5/store1/wry/E3/nuquip_full.py", line 204, in <module>
    plt.ylim(top=max(train_loss_per_epoch[totel_times:totel_times+times])*1.2, bottom=min(min(train_loss_per_epoch[totel_times:totel_times+times])-0.5,0))
  File "/data5/store1/wry-u22/anaconda3/envs/py311/lib/python3.11/site-packages/matplotlib/pyplot.py", line 2162, in ylim
    ret = ax.set_ylim(*args, **kwargs)
          ^^^^^^^^^^^^^^^^^^^^^^^^^^^^
  File "/data5/store1/wry-u22/anaconda3/envs/py311/lib/python3.11/site-packages/matplotlib/axes/_base.py", line 4052, in set_ylim
    return self.yaxis._set_lim(bottom, top, emit=emit, auto=auto)
           ^^^^^^^^^^^^^^^^^^^^^^^^^^^^^^^^^^^^^^^^^^^^^^^^^^^^^^
  File "/data5/store1/wry-u22/anaconda3/envs/py311/lib/python3.11/site-packages/matplotlib/axis.py", line 1216, in _set_lim
    v0 = self.axes._validate_converted_limits(v0, self.convert_units)
         ^^^^^^^^^^^^^^^^^^^^^^^^^^^^^^^^^^^^^^^^^^^^^^^^^^^^^^^^^^^^
  File "/data5/store1/wry-u22/anaconda3/envs/py311/lib/python3.11/site-packages/matplotlib/axes/_base.py", line 3739, in _validate_converted_limits
    raise ValueError("Axis limits cannot be NaN or Inf")
ValueError: Axis limits cannot be NaN or Inf
