/data5/store1/wry-u22/anaconda3/envs/py311/lib/python3.11/site-packages/torch_geometric/deprecation.py:26: UserWarning: 'data.DataLoader' is deprecated, use 'loader.DataLoader' instead
  warnings.warn(out)
cuda
Epoch   1 | Loss: 1255.776138
Epoch   2 | Loss: 1261.171524
Epoch   3 | Loss: 1255.432129
Epoch   4 | Loss: 1257.792664
Epoch   5 | Loss: 1254.652573
Epoch   6 | Loss: 1260.229111
Epoch   7 | Loss: 1260.355133
Epoch   8 | Loss: 1254.436020
Epoch   9 | Loss: 1256.815598
Epoch  10 | Loss: 1256.737534
Epoch  11 | Loss: 1255.333664
Epoch  12 | Loss: 1256.778000
Epoch  13 | Loss: 1256.084244
Epoch  14 | Loss: 1250.640411
Epoch  15 | Loss: 1248.795151
Epoch  16 | Loss: 1238.252289
Epoch  17 | Loss: 1213.493561
Epoch  18 | Loss: 1169.386429
Epoch  19 | Loss: 1151.648621
Epoch  20 | Loss: 1095.562576
Epoch  21 | Loss: 1068.057022
Epoch  22 | Loss: 1042.494049
Epoch  23 | Loss: 1015.762199
Epoch  24 | Loss: 986.385551
Epoch  25 | Loss: 958.596107
Epoch  26 | Loss: 926.217392
Epoch  27 | Loss: 882.798851
Epoch  28 | Loss: 848.593552
Epoch  29 | Loss: 819.028183
Epoch  30 | Loss: 795.960526
Epoch  31 | Loss: 772.399971
Epoch  32 | Loss: 753.854347
Epoch  33 | Loss: 740.421432
Epoch  34 | Loss: 718.844299
Epoch  35 | Loss: 709.324760
Epoch  36 | Loss: 701.409195
Epoch  37 | Loss: 695.897423
Epoch  38 | Loss: 677.967888
Epoch  39 | Loss: 660.937119
Epoch  40 | Loss: 654.540672
Epoch  41 | Loss: 645.264053
Epoch  42 | Loss: 633.177811
Epoch  43 | Loss: 622.937561
Epoch  44 | Loss: 606.738922
Epoch  45 | Loss: 593.650658
Epoch  46 | Loss: 583.649658
Epoch  47 | Loss: 579.294655
Epoch  48 | Loss: 567.393478
Epoch  49 | Loss: 562.269211
Epoch  50 | Loss: 553.013306
Epoch  51 | Loss: 541.990509
Epoch  52 | Loss: 542.205826
Epoch  53 | Loss: 535.822891
Epoch  54 | Loss: 528.438782
Epoch  55 | Loss: 523.062149
Epoch  56 | Loss: 516.426254
Epoch  57 | Loss: 511.641403
Epoch  58 | Loss: 508.964649
Epoch  59 | Loss: 502.346355
Epoch  60 | Loss: 496.416286
Epoch  61 | Loss: 493.262009
Epoch  62 | Loss: 489.068058
Epoch  63 | Loss: 484.155621
Epoch  64 | Loss: 483.355679
Epoch  65 | Loss: 477.752121
Epoch  66 | Loss: 473.914043
Epoch  67 | Loss: 475.359543
Epoch  68 | Loss: 475.805069
Epoch  69 | Loss: 470.401878
Epoch  70 | Loss: 461.422970
Epoch  71 | Loss: 459.620079
Epoch  72 | Loss: 455.493469
Epoch  73 | Loss: 451.101006
Epoch  74 | Loss: 449.270237
Epoch  75 | Loss: 445.014538
Epoch  76 | Loss: 444.741684
Epoch  77 | Loss: 438.390873
Epoch  78 | Loss: 437.120449
Epoch  79 | Loss: 433.217266
Epoch  80 | Loss: 433.956230
Epoch  81 | Loss: 425.916214
Epoch  82 | Loss: 425.594181
Epoch  83 | Loss: 421.467213
Epoch  84 | Loss: 418.298454
Epoch  85 | Loss: 420.075420
Epoch  86 | Loss: 422.208206
Epoch  87 | Loss: 412.420002
Epoch  88 | Loss: 408.490742
Epoch  89 | Loss: 405.853832
Epoch  90 | Loss: 403.138878
Epoch  91 | Loss: 405.085709
Epoch  92 | Loss: 400.297691
Epoch  93 | Loss: 398.337875
Epoch  94 | Loss: 395.795464
Epoch  95 | Loss: 392.429958
Epoch  96 | Loss: 390.505753
Epoch  97 | Loss: 396.081406
Epoch  98 | Loss: 389.767574
Epoch  99 | Loss: 384.349949
Epoch 100 | Loss: 384.852024
Epoch 101 | Loss: 391.996151
Epoch 102 | Loss: 387.770893
Epoch 103 | Loss: 377.979637
Epoch 104 | Loss: 375.309811
Epoch 105 | Loss: 372.196880
Epoch 106 | Loss: 372.954796
Epoch 107 | Loss: 373.468781
Epoch 108 | Loss: 370.013584
Epoch 109 | Loss: 367.229034
Epoch 110 | Loss: 363.985855
Epoch 111 | Loss: 362.256580
Epoch 112 | Loss: 363.959522
Epoch 113 | Loss: 357.954212
Epoch 114 | Loss: 357.952606
Epoch 115 | Loss: 353.834610
Epoch 116 | Loss: 351.499237
Epoch 117 | Loss: 349.535751
Epoch 118 | Loss: 347.445423
Epoch 119 | Loss: 344.220955
Epoch 120 | Loss: 341.890743
Epoch 121 | Loss: 340.412277
Epoch 122 | Loss: 341.812016
Epoch 123 | Loss: 343.759563
Epoch 124 | Loss: 342.322987
Epoch 125 | Loss: 338.466656
Epoch 126 | Loss: 337.799786
Epoch 127 | Loss: 336.185486
Epoch 128 | Loss: 336.285248
Epoch 129 | Loss: 328.670330
Epoch 130 | Loss: 329.089771
Epoch 131 | Loss: 326.255390
Epoch 132 | Loss: 320.322933
Epoch 133 | Loss: 319.707542
Epoch 134 | Loss: 316.689796
Epoch 135 | Loss: 315.411945
Epoch 136 | Loss: 313.498169
Epoch 137 | Loss: 310.959713
Epoch 138 | Loss: 308.770813
Epoch 139 | Loss: 307.059494
Epoch 140 | Loss: 304.762638
Epoch 141 | Loss: 305.004341
Epoch 142 | Loss: 307.675804
Epoch 143 | Loss: 307.625832
Epoch 144 | Loss: 301.985107
Epoch 145 | Loss: 296.871346
Epoch 146 | Loss: 295.363708
Epoch 147 | Loss: 297.490837
Epoch 148 | Loss: 295.759014
Epoch 149 | Loss: 292.048538
Epoch 150 | Loss: 287.818489
Epoch 151 | Loss: 288.460606
Epoch 152 | Loss: 286.375351
Epoch 153 | Loss: 284.017754
Epoch 154 | Loss: 281.944347
Epoch 155 | Loss: 282.078316
Epoch 156 | Loss: 280.824333
Epoch 157 | Loss: 278.666668
Epoch 158 | Loss: 279.759167
Epoch 159 | Loss: 279.425274
Epoch 160 | Loss: 281.647446
Epoch 161 | Loss: 282.494820
Epoch 162 | Loss: 277.115040
Epoch 163 | Loss: 274.435200
Epoch 164 | Loss: 272.752300
Epoch 165 | Loss: 269.763512
Epoch 166 | Loss: 268.811378
Epoch 167 | Loss: 267.458843
Epoch 168 | Loss: 266.423447
Epoch 169 | Loss: 268.197918
Epoch 170 | Loss: 265.004673
Epoch 171 | Loss: 264.175201
Epoch 172 | Loss: 264.818693
Epoch 173 | Loss: 262.190920
Epoch 174 | Loss: 260.806675
Epoch 175 | Loss: 261.228107
Epoch 176 | Loss: 259.798590
Epoch 177 | Loss: 257.758318
Epoch 178 | Loss: 257.190243
Epoch 179 | Loss: 260.052389
Epoch 180 | Loss: 260.099972
Epoch 181 | Loss: 259.011911
Epoch 182 | Loss: 253.928890
Epoch 183 | Loss: 252.606306
Epoch 184 | Loss: 251.681625
Epoch 185 | Loss: 251.577925
Epoch 186 | Loss: 251.717607
Epoch 187 | Loss: 249.401499
Epoch 188 | Loss: 249.192907
Epoch 189 | Loss: 247.763700
Epoch 190 | Loss: 246.612869
Epoch 191 | Loss: 246.165592
Epoch 192 | Loss: 247.203365
Epoch 193 | Loss: 245.050858
Epoch 194 | Loss: 243.563063
Epoch 195 | Loss: 243.070539
Epoch 196 | Loss: 242.016891
Epoch 197 | Loss: 241.620028
Epoch 198 | Loss: 241.167622
Epoch 199 | Loss: 243.289179
Epoch 200 | Loss: 241.547886
Epoch 201 | Loss: 239.441175
Epoch 202 | Loss: 237.938210
Epoch 203 | Loss: 237.314796
Epoch 204 | Loss: 238.270550
Epoch 205 | Loss: 243.451031
Epoch 206 | Loss: 244.278868
Epoch 207 | Loss: 238.829508
Epoch 208 | Loss: 236.524876
Epoch 209 | Loss: 233.935648
Epoch 210 | Loss: 232.521921
Epoch 211 | Loss: 231.378345
Epoch 212 | Loss: 230.893917
Epoch 213 | Loss: 230.676577
Epoch 214 | Loss: 229.795700
Epoch 215 | Loss: 230.176029
Epoch 216 | Loss: 229.179096
Epoch 217 | Loss: 227.988632
Epoch 218 | Loss: 227.387838
Epoch 219 | Loss: 230.595613
Epoch 220 | Loss: 229.587172
Epoch 221 | Loss: 227.697649
Epoch 222 | Loss: 226.132334
Epoch 223 | Loss: 224.811127
Epoch 224 | Loss: 226.939842
Epoch 225 | Loss: 225.586916
Epoch 226 | Loss: 226.842010
Epoch 227 | Loss: 225.823727
Epoch 228 | Loss: 225.093920
Epoch 229 | Loss: 225.821218
Epoch 230 | Loss: 224.431723
Epoch 231 | Loss: 222.901340
Epoch 232 | Loss: 222.054714
Epoch 233 | Loss: 222.654951
Epoch 234 | Loss: 220.832092
Epoch 235 | Loss: 219.773220
Epoch 236 | Loss: 220.808153
Epoch 237 | Loss: 218.831995
Epoch 238 | Loss: 218.647123
Epoch 239 | Loss: 218.578779
Epoch 240 | Loss: 218.853336
Epoch 241 | Loss: 219.362373
Epoch 242 | Loss: 221.069557
Epoch 243 | Loss: 218.311243
Epoch 244 | Loss: 219.698133
Epoch 245 | Loss: 219.974022
Epoch 246 | Loss: 218.848576
Epoch 247 | Loss: 216.795958
Epoch 248 | Loss: 215.566975
Epoch 249 | Loss: 216.006968
Epoch 250 | Loss: 216.597866
Epoch 251 | Loss: 214.347221
Epoch 252 | Loss: 213.245113
Epoch 253 | Loss: 213.314756
Epoch 254 | Loss: 215.008074
Epoch 255 | Loss: 215.478024
Epoch 256 | Loss: 213.932213
Epoch 257 | Loss: 211.137606
Epoch 258 | Loss: 211.272528
Epoch 259 | Loss: 210.375746
Epoch 260 | Loss: 210.673061
Epoch 261 | Loss: 209.663509
Epoch 262 | Loss: 209.176674
Epoch 263 | Loss: 209.336386
Epoch 264 | Loss: 209.142824
Epoch 265 | Loss: 209.422483
Epoch 266 | Loss: 209.176975
Epoch 267 | Loss: 209.152971
Epoch 268 | Loss: 208.638794
Epoch 269 | Loss: 207.721478
Epoch 270 | Loss: 209.910404
Epoch 271 | Loss: 213.952703
Epoch 272 | Loss: 213.113619
Epoch 273 | Loss: 207.490028
Epoch 274 | Loss: 206.145046
Epoch 275 | Loss: 204.593344
Epoch 276 | Loss: 204.937456
Epoch 277 | Loss: 206.635860
Epoch 278 | Loss: 209.043423
Epoch 279 | Loss: 208.621403
Epoch 280 | Loss: 205.440729
Epoch 281 | Loss: 208.181662
Epoch 282 | Loss: 204.512213
Epoch 283 | Loss: 203.516584
Epoch 284 | Loss: 203.529842
Epoch 285 | Loss: 201.792168
Epoch 286 | Loss: 200.868418
Epoch 287 | Loss: 202.590843
Epoch 288 | Loss: 203.902378
Epoch 289 | Loss: 206.008886
Epoch 290 | Loss: 202.173119
Epoch 291 | Loss: 200.793903
Epoch 292 | Loss: 199.831232
Epoch 293 | Loss: 199.118420
Epoch 294 | Loss: 199.390137
Epoch 295 | Loss: 199.479998
Epoch 296 | Loss: 199.212057
Epoch 297 | Loss: 198.808346
Epoch 298 | Loss: 197.970295
Epoch 299 | Loss: 200.251245
Epoch 300 | Loss: 200.838232
Epoch 301 | Loss: 198.103945
Epoch 302 | Loss: 197.615761
Epoch 303 | Loss: 197.534695
Epoch 304 | Loss: 200.821100
Epoch 305 | Loss: 207.783497
Epoch 306 | Loss: 207.780632
Epoch 307 | Loss: 203.140942
Epoch 308 | Loss: 198.128113
Epoch 309 | Loss: 198.713856
Epoch 310 | Loss: 197.677509
Epoch 311 | Loss: 195.884382
Epoch 312 | Loss: 196.359627
Epoch 313 | Loss: 195.505932
Epoch 314 | Loss: 194.194994
Epoch 315 | Loss: 196.170666
Epoch 316 | Loss: 195.623203
Epoch 317 | Loss: 193.546047
Epoch 318 | Loss: 192.902393
Epoch 319 | Loss: 194.054373
Epoch 320 | Loss: 192.362642
Epoch 321 | Loss: 192.669714
Epoch 322 | Loss: 194.412642
Epoch 323 | Loss: 192.307663
Epoch 324 | Loss: 193.797573
Epoch 325 | Loss: 191.689117
Epoch 326 | Loss: 190.575558
Epoch 327 | Loss: 190.960428
Epoch 328 | Loss: 190.147545
Epoch 329 | Loss: 191.123743
Epoch 330 | Loss: 192.781792
Epoch 331 | Loss: 191.257143
Epoch 332 | Loss: 191.674170
Epoch 333 | Loss: 190.779676
Epoch 334 | Loss: 189.017275
Epoch 335 | Loss: 189.662073
Epoch 336 | Loss: 189.204365
Epoch 337 | Loss: 189.546923
Epoch 338 | Loss: 188.629841
Epoch 339 | Loss: 188.863962
Epoch 340 | Loss: 188.490877
Epoch 341 | Loss: 188.525726
Epoch 342 | Loss: 188.247431
Epoch 343 | Loss: 187.276287
Epoch 344 | Loss: 187.076614
Epoch 345 | Loss: 186.739933
Epoch 346 | Loss: 187.108782
Epoch 347 | Loss: 186.859623
Epoch 348 | Loss: 189.251934
Epoch 349 | Loss: 190.957731
Epoch 350 | Loss: 189.767429
Epoch 351 | Loss: 190.058792
Epoch 352 | Loss: 187.689135
Epoch 353 | Loss: 187.054922
Epoch 354 | Loss: 185.365372
Epoch 355 | Loss: 185.265989
Epoch 356 | Loss: 186.392447
Epoch 357 | Loss: 186.762697
Epoch 358 | Loss: 186.219551
Epoch 359 | Loss: 188.995556
Epoch 360 | Loss: 185.815489
Epoch 361 | Loss: 186.217840
Epoch 362 | Loss: 184.605915
Epoch 363 | Loss: 183.771721
Epoch 364 | Loss: 183.911026
Epoch 365 | Loss: 183.775307
Epoch 366 | Loss: 184.974550
Epoch 367 | Loss: 187.396793
Epoch 368 | Loss: 187.312628
Epoch 369 | Loss: 185.060356
Epoch 370 | Loss: 184.762314
Epoch 371 | Loss: 186.520081
Epoch 372 | Loss: 184.508688
Epoch 373 | Loss: 183.821367
Epoch 374 | Loss: 182.845379
Epoch 375 | Loss: 183.002760
Epoch 376 | Loss: 182.428766
Epoch 377 | Loss: 182.225685
Epoch 378 | Loss: 182.300652
Epoch 379 | Loss: 182.549093
Epoch 380 | Loss: 182.339767
Epoch 381 | Loss: 187.134193
Epoch 382 | Loss: 182.726440
Epoch 383 | Loss: 180.701883
Epoch 384 | Loss: 183.192465
Epoch 385 | Loss: 180.754129
Epoch 386 | Loss: 180.509855
Epoch 387 | Loss: 180.576990
Epoch 388 | Loss: 179.441141
Epoch 389 | Loss: 181.397034
Epoch 390 | Loss: 184.060675
Epoch 391 | Loss: 182.705288
Epoch 392 | Loss: 180.587013
Epoch 393 | Loss: 179.776981
Epoch 394 | Loss: 179.371992
Epoch 395 | Loss: 179.857681
Epoch 396 | Loss: 179.349133
Epoch 397 | Loss: 178.015944
Epoch 398 | Loss: 177.695093
Epoch 399 | Loss: 178.283165
Epoch 400 | Loss: 178.873219
Epoch 401 | Loss: 179.007734
Epoch 402 | Loss: 178.604561
Epoch 403 | Loss: 177.539585
Epoch 404 | Loss: 177.912519
Epoch 405 | Loss: 177.495361
Epoch 406 | Loss: 176.935354
Epoch 407 | Loss: 176.832937
Epoch 408 | Loss: 177.018393
Epoch 409 | Loss: 176.954784
Epoch 410 | Loss: 176.469505
Epoch 411 | Loss: 176.653822
Epoch 412 | Loss: 176.858101
Epoch 413 | Loss: 177.280958
Epoch 414 | Loss: 176.833965
Epoch 415 | Loss: 176.244717
Epoch 416 | Loss: 176.537474
Epoch 417 | Loss: 176.381462
Epoch 418 | Loss: 175.553312
Epoch 419 | Loss: 175.630207
Epoch 420 | Loss: 177.889507
Epoch 421 | Loss: 175.638550
Epoch 422 | Loss: 175.052820
Epoch 423 | Loss: 176.319830
Epoch 424 | Loss: 176.266138
Epoch 425 | Loss: 175.423885
Epoch 426 | Loss: 175.341789
Epoch 427 | Loss: 177.274891
Epoch 428 | Loss: 175.872385
Epoch 429 | Loss: 174.349314
Epoch 430 | Loss: 173.940205
Epoch 431 | Loss: 177.363644
Epoch 432 | Loss: 174.651352
Epoch 433 | Loss: 173.816807
Epoch 434 | Loss: 173.882959
Epoch 435 | Loss: 173.251705
Epoch 436 | Loss: 172.986486
Epoch 437 | Loss: 172.728731
Epoch 438 | Loss: 172.539492
Epoch 439 | Loss: 172.881977
Epoch 440 | Loss: 172.945293
Epoch 441 | Loss: 172.387072
Epoch 442 | Loss: 172.183865
Epoch 443 | Loss: 172.705767
Epoch 444 | Loss: 174.138685
Epoch 445 | Loss: 174.162697
Epoch 446 | Loss: 174.154627
Epoch 447 | Loss: 172.890081
Epoch 448 | Loss: 173.081367
Epoch 449 | Loss: 173.345671
Epoch 450 | Loss: 171.090832
Epoch 451 | Loss: 171.247438
Epoch 452 | Loss: 171.519482
Epoch 453 | Loss: 172.121939
Epoch 454 | Loss: 170.986834
Epoch 455 | Loss: 172.676178
Epoch 456 | Loss: 171.920103
Epoch 457 | Loss: 172.052814
Epoch 458 | Loss: 171.819510
Epoch 459 | Loss: 170.481951
Epoch 460 | Loss: 170.126762
Epoch 461 | Loss: 170.810211
Epoch 462 | Loss: 171.742914
Epoch 463 | Loss: 170.127251
Epoch 464 | Loss: 170.241055
Epoch 465 | Loss: 170.215956
Epoch 466 | Loss: 170.504778
Epoch 467 | Loss: 171.672640
Epoch 468 | Loss: 170.138130
Epoch 469 | Loss: 170.185066
Epoch 470 | Loss: 173.549322
Epoch 471 | Loss: 169.575954
Epoch 472 | Loss: 169.512104
Epoch 473 | Loss: 168.814430
Epoch 474 | Loss: 169.012119
Epoch 475 | Loss: 168.839441
Epoch 476 | Loss: 168.206310
Epoch 477 | Loss: 171.685198
Epoch 478 | Loss: 170.731775
Epoch 479 | Loss: 169.138081
Epoch 480 | Loss: 168.724850
Epoch 481 | Loss: 169.558208
Epoch 482 | Loss: 168.862410
Epoch 483 | Loss: 167.822020
Epoch 484 | Loss: 167.035116
Epoch 485 | Loss: 167.417345
Epoch 486 | Loss: 167.556026
Epoch 487 | Loss: 167.560257
Epoch 488 | Loss: 167.679718
Epoch 489 | Loss: 167.077564
Epoch 490 | Loss: 168.238152
Epoch 491 | Loss: 169.841152
Epoch 492 | Loss: 171.704815
Epoch 493 | Loss: 168.843180
Epoch 494 | Loss: 168.288893
Epoch 495 | Loss: 168.618353
Epoch 496 | Loss: 166.800261
Epoch 497 | Loss: 166.991528
Epoch 498 | Loss: 166.634785
Epoch 499 | Loss: 166.321457
Epoch 500 | Loss: 166.756279
Epoch 501 | Loss: 166.306673
Epoch 502 | Loss: 166.024141
Epoch 503 | Loss: 165.818005
Epoch 504 | Loss: 165.594091
Epoch 505 | Loss: 166.382681
Epoch 506 | Loss: 166.317327
Epoch 507 | Loss: 166.009151
Epoch 508 | Loss: 166.105722
Epoch 509 | Loss: 166.560045
Epoch 510 | Loss: 165.686516
Epoch 511 | Loss: 164.920345
Epoch 512 | Loss: 164.947695
Epoch 513 | Loss: 164.699121
Epoch 514 | Loss: 164.762140
Epoch 515 | Loss: 165.474014
Epoch 516 | Loss: 165.478033
Epoch 517 | Loss: 165.785505
Epoch 518 | Loss: 167.353455
Epoch 519 | Loss: 165.566614
Epoch 520 | Loss: 163.712082
Epoch 521 | Loss: 164.183168
Epoch 522 | Loss: 163.824390
Epoch 523 | Loss: 163.513775
Epoch 524 | Loss: 163.537401
Epoch 525 | Loss: 163.479780
Epoch 526 | Loss: 163.890621
Epoch 527 | Loss: 163.504997
Epoch 528 | Loss: 163.536783
Epoch 529 | Loss: 163.471546
Epoch 530 | Loss: 163.504789
Epoch 531 | Loss: 164.827579
Epoch 532 | Loss: 165.908833
Epoch 533 | Loss: 166.037678
Epoch 534 | Loss: 168.716196
Epoch 535 | Loss: 164.624136
Epoch 536 | Loss: 163.030817
Epoch 537 | Loss: 162.950312
Epoch 538 | Loss: 163.248316
Epoch 539 | Loss: 163.264791
Epoch 540 | Loss: 163.476149
Epoch 541 | Loss: 162.919710
Epoch 542 | Loss: 162.604591
Epoch 543 | Loss: 162.716629
Epoch 544 | Loss: 162.798311
Epoch 545 | Loss: 163.199156
Epoch 546 | Loss: 162.120502
Epoch 547 | Loss: 162.045559
Epoch 548 | Loss: 162.420975
Epoch 549 | Loss: 161.891335
Epoch 550 | Loss: 163.008295
Epoch 551 | Loss: 162.022024
Epoch 552 | Loss: 161.945431
Epoch 553 | Loss: 162.423918
Epoch 554 | Loss: 162.041557
Epoch 555 | Loss: 161.634886
Epoch 556 | Loss: 162.246986
Epoch 557 | Loss: 160.793484
Epoch 558 | Loss: 160.833948
Epoch 559 | Loss: 161.011574
Epoch 560 | Loss: 161.268852
Epoch 561 | Loss: 161.340364
Epoch 562 | Loss: 161.044245
Epoch 563 | Loss: 160.458054
Epoch 564 | Loss: 160.950228
Epoch 565 | Loss: 160.842009
Epoch 566 | Loss: 161.128065
Epoch 567 | Loss: 161.178875
Epoch 568 | Loss: 161.181301
Epoch 569 | Loss: 161.588573
Epoch 570 | Loss: 161.974983
Epoch 571 | Loss: 161.064487
Epoch 572 | Loss: 160.310669
Epoch 573 | Loss: 159.747881
Epoch 574 | Loss: 161.250217
Epoch 575 | Loss: 160.954853
Epoch 576 | Loss: 161.360371
Epoch 577 | Loss: 159.449537
Epoch 578 | Loss: 159.562101
Epoch 579 | Loss: 159.327305
Epoch 580 | Loss: 160.963219
Epoch 581 | Loss: 160.344791
Epoch 582 | Loss: 160.949677
Epoch 583 | Loss: 161.947309
Epoch 584 | Loss: 160.023508
Epoch 585 | Loss: 159.419884
Epoch 586 | Loss: 158.820208
Epoch 587 | Loss: 158.936584
Epoch 588 | Loss: 158.965231
Epoch 589 | Loss: 160.023752
Epoch 590 | Loss: 159.529682
Epoch 591 | Loss: 161.570175
Epoch 592 | Loss: 160.317919
Epoch 593 | Loss: 163.829561
Epoch 594 | Loss: 161.305433
Epoch 595 | Loss: 158.919348
Epoch 596 | Loss: 158.144144
Epoch 597 | Loss: 158.043716
Epoch 598 | Loss: 159.244665
Epoch 599 | Loss: 159.716532
Epoch 600 | Loss: 158.860064
/data5/store1/wry-u22/anaconda3/envs/py311/lib/python3.11/site-packages/torch_geometric/deprecation.py:26: UserWarning: 'data.DataLoader' is deprecated, use 'loader.DataLoader' instead
  warnings.warn(out)

Test Results:
  MAE Energy Loss: 0.013302
  MAE Force Loss : 0.099853
